
 RUN  v4.1.11 /Users/kjopek/Workspace/poe-setup-scripts

 ❯ packages/docx/src/table-active-grid.test.ts (6 tests | 6 failed) 283ms
   × inspects the active table grid without fabricating fallback columns 63ms
   × inspects active omitted slots wrapped at properties 46ms
   × inspects active omitted slots wrapped at before 43ms
   × inspects active omitted slots wrapped at after 46ms
   × uses the selected fallback grid when a choice namespace is unsupported 41ms
   × resolves an active grid under a renamed word namespace 43ms
FAIL packages/docx/src/table-active-grid.test.ts > inspects the active table grid without fabricating fallback columns
RangeError: Table dimensions must be positive.
 ❯ DocumentBudget.table packages/docx/src/budget.ts:116:40
    114|     this.check("tableRows", rows);
    115|     this.check("tableColumns", columns);
    116|     if (rows < 1 || columns < 1) throw new InvalidValueError("Table di…
       |                                        ^
    117|     if (rows > Math.floor(this.limits.tableCells / columns))
    118|       throw new ResourceLimitError("Document tableCells limit exceeded…
 ❯ inspectDocumentTable packages/docx/src/table-read.ts:44:10
 ❯ packages/docx/src/table-active-grid.test.ts:12:20

⎯⎯⎯⎯⎯⎯⎯⎯⎯⎯⎯⎯⎯⎯⎯⎯⎯⎯⎯⎯⎯⎯⎯⎯⎯⎯⎯⎯⎯⎯
Serialized Error: { code: 'usage' }
FAIL packages/docx/src/table-active-grid.test.ts > inspects active omitted slots wrapped at properties
Error: The selection has no valid target.
 ❯ LocationIndex.cell packages/docx/src/location-index.ts:407:24
    405|     }
    406|     const target = grid.get(cellLabel(row, column));
    407|     if (!target) throw new SelectionError("missing-selection");
       |                        ^
    408|     const key = addressKey({ ...table, path: this.#paths.get(target)! …
    409|     const entry = this.byAddress.get(key)?.find(e => e.kind === "cell"…
 ❯ DocumentLocations.cell packages/docx/src/locations.ts:211:39
 ❯ packages/docx/src/table-read.ts:56:33
 ❯ inspectDocumentTable packages/docx/src/table-read.ts:46:24
 ❯ packages/docx/src/table-active-grid.test.ts:24:20

⎯⎯⎯⎯⎯⎯⎯⎯⎯⎯⎯⎯⎯⎯⎯⎯⎯⎯⎯⎯⎯⎯⎯⎯⎯⎯⎯⎯⎯⎯
Serialized Error: { code: 'missing-selection', candidates: [] }
FAIL packages/docx/src/table-active-grid.test.ts > inspects active omitted slots wrapped at before
Error: The selection has no valid target.
 ❯ LocationIndex.cell packages/docx/src/location-index.ts:407:24
    405|     }
    406|     const target = grid.get(cellLabel(row, column));
    407|     if (!target) throw new SelectionError("missing-selection");
       |                        ^
    408|     const key = addressKey({ ...table, path: this.#paths.get(target)! …
    409|     const entry = this.byAddress.get(key)?.find(e => e.kind === "cell"…
 ❯ DocumentLocations.cell packages/docx/src/locations.ts:211:39
 ❯ packages/docx/src/table-read.ts:56:33
 ❯ inspectDocumentTable packages/docx/src/table-read.ts:46:24
 ❯ packages/docx/src/table-active-grid.test.ts:24:20

⎯⎯⎯⎯⎯⎯⎯⎯⎯⎯⎯⎯⎯⎯⎯⎯⎯⎯⎯⎯⎯⎯⎯⎯⎯⎯⎯⎯⎯⎯
Serialized Error: { code: 'missing-selection', candidates: [] }
FAIL packages/docx/src/table-active-grid.test.ts > inspects active omitted slots wrapped at after
Error: The selection has no valid target.
 ❯ LocationIndex.cell packages/docx/src/location-index.ts:407:24
    405|     }
    406|     const target = grid.get(cellLabel(row, column));
    407|     if (!target) throw new SelectionError("missing-selection");
       |                        ^
    408|     const key = addressKey({ ...table, path: this.#paths.get(target)! …
    409|     const entry = this.byAddress.get(key)?.find(e => e.kind === "cell"…
 ❯ DocumentLocations.cell packages/docx/src/locations.ts:211:39
 ❯ packages/docx/src/table-read.ts:56:33
 ❯ inspectDocumentTable packages/docx/src/table-read.ts:46:24
 ❯ packages/docx/src/table-active-grid.test.ts:24:20

⎯⎯⎯⎯⎯⎯⎯⎯⎯⎯⎯⎯⎯⎯⎯⎯⎯⎯⎯⎯⎯⎯⎯⎯⎯⎯⎯⎯⎯⎯
Serialized Error: { code: 'missing-selection', candidates: [] }
FAIL packages/docx/src/table-active-grid.test.ts > uses the selected fallback grid when a choice namespace is unsupported
RangeError: Table dimensions must be positive.
 ❯ DocumentBudget.table packages/docx/src/budget.ts:116:40
    114|     this.check("tableRows", rows);
    115|     this.check("tableColumns", columns);
    116|     if (rows < 1 || columns < 1) throw new InvalidValueError("Table di…
       |                                        ^
    117|     if (rows > Math.floor(this.limits.tableCells / columns))
    118|       throw new ResourceLimitError("Document tableCells limit exceeded…
 ❯ inspectDocumentTable packages/docx/src/table-read.ts:44:10
 ❯ packages/docx/src/table-active-grid.test.ts:32:20

⎯⎯⎯⎯⎯⎯⎯⎯⎯⎯⎯⎯⎯⎯⎯⎯⎯⎯⎯⎯⎯⎯⎯⎯⎯⎯⎯⎯⎯⎯
Serialized Error: { code: 'usage' }
FAIL packages/docx/src/table-active-grid.test.ts > resolves an active grid under a renamed word namespace
RangeError: Table dimensions must be positive.
 ❯ DocumentBudget.table packages/docx/src/budget.ts:116:40
    114|     this.check("tableRows", rows);
    115|     this.check("tableColumns", columns);
    116|     if (rows < 1 || columns < 1) throw new InvalidValueError("Table di…
       |                                        ^
    117|     if (rows > Math.floor(this.limits.tableCells / columns))
    118|       throw new ResourceLimitError("Document tableCells limit exceeded…
 ❯ inspectDocumentTable packages/docx/src/table-read.ts:44:10
 ❯ packages/docx/src/table-active-grid.test.ts:39:20

⎯⎯⎯⎯⎯⎯⎯⎯⎯⎯⎯⎯⎯⎯⎯⎯⎯⎯⎯⎯⎯⎯⎯⎯⎯⎯⎯⎯⎯⎯
Serialized Error: { code: 'usage' }

⎯⎯⎯⎯⎯⎯⎯ Failed Tests 6 ⎯⎯⎯⎯⎯⎯⎯

 FAIL  packages/docx/src/table-active-grid.test.ts > inspects the active table grid without fabricating fallback columns
RangeError: Table dimensions must be positive.
 ❯ DocumentBudget.table packages/docx/src/budget.ts:116:40
    114|     this.check("tableRows", rows);
    115|     this.check("tableColumns", columns);
    116|     if (rows < 1 || columns < 1) throw new InvalidValueError("Table di…
       |                                        ^
    117|     if (rows > Math.floor(this.limits.tableCells / columns))
    118|       throw new ResourceLimitError("Document tableCells limit exceeded…
 ❯ inspectDocumentTable packages/docx/src/table-read.ts:44:10
 ❯ packages/docx/src/table-active-grid.test.ts:12:20

⎯⎯⎯⎯⎯⎯⎯⎯⎯⎯⎯⎯⎯⎯⎯⎯⎯⎯⎯⎯⎯⎯⎯⎯[1/6]⎯

 FAIL  packages/docx/src/table-active-grid.test.ts > inspects active omitted slots wrapped at properties
 FAIL  packages/docx/src/table-active-grid.test.ts > inspects active omitted slots wrapped at before
 FAIL  packages/docx/src/table-active-grid.test.ts > inspects active omitted slots wrapped at after
Error: The selection has no valid target.
 ❯ LocationIndex.cell packages/docx/src/location-index.ts:407:24
    405|     }
    406|     const target = grid.get(cellLabel(row, column));
    407|     if (!target) throw new SelectionError("missing-selection");
       |                        ^
    408|     const key = addressKey({ ...table, path: this.#paths.get(target)! …
    409|     const entry = this.byAddress.get(key)?.find(e => e.kind === "cell"…
 ❯ DocumentLocations.cell packages/docx/src/locations.ts:211:39
 ❯ packages/docx/src/table-read.ts:56:33
 ❯ inspectDocumentTable packages/docx/src/table-read.ts:46:24
 ❯ packages/docx/src/table-active-grid.test.ts:24:20

⎯⎯⎯⎯⎯⎯⎯⎯⎯⎯⎯⎯⎯⎯⎯⎯⎯⎯⎯⎯⎯⎯⎯⎯[2/6]⎯

 FAIL  packages/docx/src/table-active-grid.test.ts > uses the selected fallback grid when a choice namespace is unsupported
RangeError: Table dimensions must be positive.
 ❯ DocumentBudget.table packages/docx/src/budget.ts:116:40
    114|     this.check("tableRows", rows);
    115|     this.check("tableColumns", columns);
    116|     if (rows < 1 || columns < 1) throw new InvalidValueError("Table di…
       |                                        ^
    117|     if (rows > Math.floor(this.limits.tableCells / columns))
    118|       throw new ResourceLimitError("Document tableCells limit exceeded…
 ❯ inspectDocumentTable packages/docx/src/table-read.ts:44:10
 ❯ packages/docx/src/table-active-grid.test.ts:32:20

⎯⎯⎯⎯⎯⎯⎯⎯⎯⎯⎯⎯⎯⎯⎯⎯⎯⎯⎯⎯⎯⎯⎯⎯[3/6]⎯

 FAIL  packages/docx/src/table-active-grid.test.ts > resolves an active grid under a renamed word namespace
RangeError: Table dimensions must be positive.
 ❯ DocumentBudget.table packages/docx/src/budget.ts:116:40
    114|     this.check("tableRows", rows);
    115|     this.check("tableColumns", columns);
    116|     if (rows < 1 || columns < 1) throw new InvalidValueError("Table di…
       |                                        ^
    117|     if (rows > Math.floor(this.limits.tableCells / columns))
    118|       throw new ResourceLimitError("Document tableCells limit exceeded…
 ❯ inspectDocumentTable packages/docx/src/table-read.ts:44:10
 ❯ packages/docx/src/table-active-grid.test.ts:39:20

⎯⎯⎯⎯⎯⎯⎯⎯⎯⎯⎯⎯⎯⎯⎯⎯⎯⎯⎯⎯⎯⎯⎯⎯[4/6]⎯


 Test Files  1 failed (1)
      Tests  6 failed (6)
   Start at  14:34:37
   Duration  2.23s (transform 1.48s, setup 56ms, import 1.77s, tests 283ms, environment 0ms)

