TAP version 13
# Subtest: docx tables get reads selected grids and spanning owners from binary stdin
ok 1 - docx tables get reads selected grids and spanning owners from binary stdin
  ---
  duration_ms: 286.82125
  type: 'test'
  ...
# Subtest: docx tables get distinguishes active omitted slots from physical cells
ok 2 - docx tables get distinguishes active omitted slots from physical cells
  ---
  duration_ms: 480.61675
  type: 'test'
  ...
# Subtest: docx tables add builds an explicit empty grid and preserves section owners
ok 3 - docx tables add builds an explicit empty grid and preserves section owners
  ---
  duration_ms: 229.353833
  type: 'test'
  ...
# Subtest: docx tables add applies fixed widths and explicit row policies
ok 4 - docx tables add applies fixed widths and explicit row policies
  ---
  duration_ms: 153.636875
  type: 'test'
  ...
# Subtest: docx tables add admits Unicode nested content with terminal cell paragraphs
ok 5 - docx tables add admits Unicode nested content with terminal cell paragraphs
  ---
  duration_ms: 154.574334
  type: 'test'
  ...
# Subtest: docx invalid table requests preserve source and existing output
ok 6 - docx invalid table requests preserve source and existing output
  ---
  duration_ms: 103.7815
  type: 'test'
  ...
# Subtest: docx nested table insertion respects inherited table cell margins
ok 7 - docx nested table insertion respects inherited table cell margins
  ---
  duration_ms: 210.18025
  type: 'test'
  ...
# Subtest: docx nested table insertion gives per-cell zero margins precedence over table defaults
ok 8 - docx nested table insertion gives per-cell zero margins precedence over table defaults
  ---
  duration_ms: 208.138875
  type: 'test'
  ...
# Subtest: docx table cell replacement keeps exact values and formatting edits keep text
ok 9 - docx table cell replacement keeps exact values and formatting edits keep text
  ---
  duration_ms: 363.053167
  type: 'test'
  ...
# Subtest: docx table row and column insertion uses one-based positions and explicit removal
ok 10 - docx table row and column insertion uses one-based positions and explicit removal
  ---
  duration_ms: 504.645583
  type: 'test'
  ...
# Subtest: docx invalid table edits reject before publication to source or existing output
ok 11 - docx invalid table edits reject before publication to source or existing output
  ---
  duration_ms: 273.719125
  type: 'test'
  ...
# Subtest: docx merge and split preserve cell data with explicit policies through shell publication
ok 12 - docx merge and split preserve cell data with explicit policies through shell publication
  ---
  duration_ms: 359.020791
  type: 'test'
  ...
# Subtest: docx links preserve source on output publication and distinguish unwrapping from content deletion
ok 13 - docx links preserve source on output publication and distinguish unwrapping from content deletion
  ---
  duration_ms: 517.699583
  type: 'test'
  ...
# Subtest: docx invalid link mutations preserve forced output and source bytes
ok 14 - docx invalid link mutations preserve forced output and source bytes
  ---
  duration_ms: 103.461708
  type: 'test'
  ...
# Subtest: docx link targets remain inert through shell creation inspection editing and removal
ok 15 - docx link targets remain inert through shell creation inspection editing and removal
  ---
  duration_ms: 285.117792
  type: 'test'
  ...
1..15
# tests 15
# suites 0
# pass 15
# fail 0
# cancelled 0
# skipped 0
# todo 0
# duration_ms 5011.484042
