
> docx@0.0.1 test
> cd ../.. && vitest run packages/docx


 RUN  v4.1.11 /Users/kjopek/Workspace/poe-setup-scripts

 ✓ packages/docx/src/dialect.test.ts (30 tests) 10252ms
   ✓ rejects mixed strict related-part namespaces and relationships  480ms
   ✓ rejects mixed transitional related-part namespaces and relationships  515ms
   ✓ rejects strict active mixed elements and attributes  687ms
   ✓ rejects transitional active mixed elements and attributes  695ms
   ✓ rejects invalid strict document roots and body cardinality  654ms
   ✓ rejects invalid transitional document roots and body cardinality  663ms
   ✓ preserves strict inactive alternate content and opaque payloads  408ms
   ✓ preserves transitional inactive alternate content and opaque payloads  403ms
   ✓ maps every XML editing primitive in strict without prefix rewriting  387ms
   ✓ maps every XML editing primitive in transitional without prefix rewriting  386ms
   ✓ rejects active Strict VML while retaining Transitional VML opaquely  479ms
   ✓ creates explicit strict packages with neutral deterministic defaults  381ms
   ✓ creates explicit transitional packages with neutral deterministic defaults  326ms
   ✓ checks strict active drawing namespaces and graphic-data identifiers  637ms
   ✓ checks transitional active drawing namespaces and graphic-data identifiers  648ms
 ✓ packages/docx/src/image-replacement.test.ts (33 tests) 10348ms
   ✓ rebinds only the chosen occurrence unless shared intent is explicit (false)  395ms
   ✓ rebinds only the chosen occurrence unless shared intent is explicit (true)  365ms
   ✓ retires a sole source relationship and part while preserving exact replacement bytes  312ms
   ✓ preserves dormant package incoming references during replacement (false)  427ms
   ✓ preserves dormant package incoming references during replacement (true)  420ms
   ✓ updates shared image owners across body and header stories  413ms
   ✓ retains fragments on dormant shared incoming relationships  398ms
   ✓ changes only declared extents and fit crop for stretch  376ms
   ✓ targets owner relationships when different resource types have equal basenames  407ms
   ✓ preserves exact existing anchor, crop, wrap and alternative text on default replacement  399ms
   ✓ retains inactive raw XML uses of the old owner relationship  368ms
   ✓ retains zero-incoming media whose outgoing relationship metadata must remain coherent  381ms
   ✓ escapes admitted package folder characters in new content type declarations  323ms
   ✓ treats a leading-dot filename as a recognized final suffix assertion  307ms
 ✓ packages/docx/src/control-bindings.test.ts (34 tests) 7901ms
   ✓ synchronizes singleton store and differently tagged aliases for "New"  334ms
   ✓ synchronizes singleton store and differently tagged aliases for ""  315ms
   ✓ synchronizes singleton store and differently tagged aliases for "<&\r\n"  324ms
   ✓ reuses an empty scalar leaf for a subsequent binding  397ms
   ✓ preserves unrelated external custom XML properties beside an internal binding store  328ms
   ✓ rejects nonsingleton scalar leaves and numeric type mismatch  323ms
   ✓ retains a different-store unsupported glossary declaration byte-identically during binding  348ms
 ✓ packages/docx/src/comment-extensions.test.ts (32 tests) 8861ms
   ✓ preserves every extension byte on unrelated text replacement  320ms
   ✓ edits a resolved parent or reply while retaining paragraph IDs and metadata (1)  449ms
   ✓ edits a resolved parent or reply while retaining paragraph IDs and metadata (2)  440ms
   ✓ removes a leaf reply and its ID records without changing parent resolution or shared people  426ms
   ✓ removes the whole selected thread and retains people only when a revision still owns them (false)  391ms
   ✓ removes the whole selected thread and retains people only when a revision still owns them (true)  375ms
   ✓ preserves unknown metadata owned by an unselected comment  337ms
   ✓ preserves an anchored thread in the Strict dialect through SDK and CLI edits  873ms
   ✓ accepts the maximum paragraph identity without rewriting its representation  338ms
   ✓ retains people owned by an extension revision (conflictIns)  406ms
   ✓ retains people owned by an extension revision (conflictDel)  410ms
 ✓ packages/docx/src/font-resources.test.ts (15 tests) 3644ms
   ✓ preserves font bytes, theme extensions and multilingual references through typed edits and text replacement  533ms
   ✓ does not use orphaned or external themes to satisfy package references  376ms
   ✓ retains inherited theme absence in live formatting views and preserves resources on save  335ms
   ✓ uses the document text-color mapping when checking theme slots  331ms
 ✓ packages/docx/src/table-merge-variants.test.ts (63 tests) 6799ms
 ✓ packages/docx/src/inspection.test.ts (31 tests) 3674ms
 ✓ packages/docx/src/sanitize.test.ts (17 tests) 5043ms
   ✓ enumerates fixed-order effects and retains local links and unrelated text  775ms
   ✓ cleans the owned empty relationship part of a removed embedded leaf  362ms
   ✓ removes the last embedded target and its explicit content type together  327ms
   ✓ retains embedded targets that still have another incoming binding  352ms
   ✓ removes classic comment identities and all owned markers preserving labels  308ms
   ✓ preserves original and destination on final mixed publication failure  723ms
   ✓ refuses compound object carriers after earlier staged actions without publication  323ms
 ✓ packages/docx/src/sections.test.ts (28 tests) 3738ms
   ✓ preserves all header/footer variants through global policy enable and disable (false)  660ms
   ✓ preserves all header/footer variants through global policy enable and disable (true)  652ms
 ✓ packages/docx/src/notes.test.ts (25 tests) 3549ms
   ✓ inserts footnotes and endnotes with independent reserved IDs (false)  324ms
 ✓ packages/docx/src/text-replace.test.ts (38 tests) 4477ms
 ✓ packages/docx/src/stories.test.ts (17 tests) 4272ms
   ✓ creates all headers variants and deletes an initial definition without removing later owners  644ms
   ✓ creates all footers variants and deletes an initial definition without removing later owners  629ms
   ✓ copies story-relative image and external relationships while retaining media used elsewhere  436ms
   ✓ reuses scoped paragraph and text operations after localizing a rich story  509ms
 ✓ packages/docx/src/xml-parts.test.ts (40 tests) 4641ms
 ✓ packages/docx/src/publication.test.ts (56 tests) 3958ms
     ✓ creates through the SDK with conflict preservation, force and owned output intent  342ms
 ✓ packages/docx/src/paragraph-edit.test.ts (47 tests) 4926ms
 ✓ packages/docx/src/image-insertion.test.ts (39 tests) 5786ms
   ✓ preserves an existing native pair and noncanonical retained writer URI during unrelated insertion  371ms
   ✓ uses unique body and selected cell containers without choosing an existing paragraph  676ms
 ✓ packages/docx/src/image-layout.test.ts (37 tests) 4777ms
   ✓ edits native axes, distances and stacking with exact media/relationship preservation  421ms
 ✓ packages/docx/src/lists.test.ts (27 tests) 4351ms
   ✓ creates nine bounded levels and continues a compatible list in its dialect (false)  301ms
   ✓ reuses only a complete matching definition, allocates separate instances for explicit starts  316ms
   ✓ rejects style cycles, level mismatches and stale locations  403ms
   ✓ creates a mixed ordered and bullet list without changing a level already used by existing items  512ms
   ✓ isolates mixed-level authoring from other instances sharing the original abstract  312ms
 ✓ packages/docx/src/diff.test.ts (15 tests) 3810ms
   ✓ compares payloads independently of compression, order, dates and ZIP comments  373ms
   ✓ ignores XML prefix and attribute spelling order but retains whitespace, order and IDs  448ms
   ✓ selects annotation stories and preserves logical table structure  518ms
   ✓ returns equality, difference and trouble through explicit memfs inputs without writes  348ms
   ✓ preserves semantic XML order, adjacent character data and meaningful attribute values  410ms
   ✓ compares logical run splits and detects selected image and annotation identity changes  646ms
 ✓ packages/docx/src/comments.test.ts (19 tests) 3974ms
   ✓ creates multi-run comments in table cells with explicit identity (false)  331ms
   ✓ edits and deletes one of multiple comments while preserving unrelated annotations exactly  578ms
   ✓ preserves explicit null initials, returns fresh staged locations and supports all removal  339ms
   ✓ counts preceding hyperlink text before choosing comment endpoints  319ms
 ✓ packages/docx/src/template.test.ts (30 tests) 4021ms
   ✓ expands explicit row template arrays and retains empty refillable items  390ms
   ✓ expands explicit block template arrays and retains empty refillable items  336ms
   ✓ expands nested declared sections and remaps contained bookmark references per item  342ms
   ✓ supports nested row templates in sections, empty children and varied prior item counts  602ms
   ✓ preserves nested inline PNG media while remapping drawing IDs and owner-local relationships  378ms
 ✓ packages/docx/src/styles-model-boundaries.test.ts (257 tests) 3417ms
   ✓ reads and sets latent default default_to_hidden with strict boolean semantics  326ms
   ✓ reads and sets latent default default_to_locked with strict boolean semantics  317ms
   ✓ reads and sets latent default default_to_quick_style with strict boolean semantics  330ms
   ✓ reads and sets latent default default_to_unhide_when_used with strict boolean semantics  322ms
 ✓ packages/docx/src/package.test.ts (66 tests) 3646ms
 ✓ packages/docx/src/images.test.ts (26 tests) 4181ms
   ✓ preserves original inert emf bytes during unrelated image insertion  413ms
   ✓ preserves original inert wdp bytes during unrelated image insertion  405ms
   ✓ groups original repeated image owners with linear location copying  414ms
 ✓ packages/docx/src/links.test.ts (36 tests) 3613ms
   ✓ reports same-target edits as no change and rejects ranges, protected wrappers and exhausted budgets  412ms
 ✓ packages/docx/src/table-merge.test.ts (30 tests) 4073ms
   ✓ joins a rectangular span in row order and aliases all covered coordinates  356ms
   ✓ combines existing horizontal and vertical spans without dropping nested blocks  737ms
   ✓ splits into equal rectangular subspans without changing the stored grid  367ms
 ✓ packages/docx/src/document-properties.test.ts (27 tests) 3529ms
 ✓ packages/docx/src/styles.test.ts (16 tests) 3705ms
   ✓ creates and edits a paragraph style without changing unedited metadata  442ms
   ✓ creates and edits a character style without changing unedited metadata  417ms
   ✓ creates and edits a table style without changing unedited metadata  435ms
   ✓ repeats default and relationship assignments without namespace collisions or byte churn  419ms
 ✓ packages/docx/src/removal.test.ts (31 tests) 4961ms
   ✓ retains every shared media byte and relationship during unrelated run removal  1119ms
 ✓ packages/docx/src/revision-decisions.test.ts (29 tests) 3536ms
   ✓ executes supported text revision accept through the real command engine  315ms
   ✓ executes supported text revision reject through the real command engine  315ms
   ✓ decides split-run tracked replacement by accept with faithful visible text  369ms
 ✓ packages/docx/src/pack.test.ts (28 tests) 2868ms
 ✓ packages/docx/src/controls.test.ts (38 tests) 2569ms
 ✓ packages/docx/src/table-edit.test.ts (28 tests) 2399ms
 ✓ packages/docx/src/bookmarks.test.ts (22 tests) 2377ms
 ✓ packages/docx/src/fields.test.ts (32 tests) 2539ms
 ✓ packages/docx/src/extract.test.ts (29 tests) 2565ms
 ✓ packages/docx/src/create.test.ts (15 tests) 2574ms
   ✓ creates deterministic independently reopened docx packages in both dialects  414ms
   ✓ creates deterministic independently reopened dotx packages in both dialects  385ms
   ✓ keeps an original conflicting title and outline style and reuses generated heading identities  365ms
 ✓ packages/docx/src/dummy-text.test.ts (10 tests) 2422ms
   ✓ repeats seeded output byte for byte and restarts the sequence per paragraph  508ms
   ✓ retains every unselected package member including hidden metadata and image bytes  570ms
 ✓ packages/docx/src/signatures.test.ts (15 tests) 2380ms
 ✓ packages/docx/src/field-structures.test.ts (9 tests) 2160ms
   ✓ creates bounded fields with separate inert instructions and caches (false)  501ms
   ✓ creates bounded fields with separate inert instructions and caches (true)  439ms
   ✓ creates referenced bookmarks and renames generated REF/PAGEREF operands without touching caches  330ms
 ✓ packages/docx/src/locations.test.ts (35 tests) 2012ms
 ✓ packages/docx/src/simple-selection.test.ts (30 tests) 2010ms
 ✓ packages/docx/src/run-format.test.ts (22 tests) 1956ms
 ✓ packages/docx/src/equations.test.ts (30 tests) 1883ms
 ✓ packages/docx/src/revisions.test.ts (30 tests) 1799ms
 ✓ packages/docx/src/charts.test.ts (20 tests) 1699ms
 ✓ packages/docx/src/objects.test.ts (21 tests) 1644ms
 ✓ packages/docx/src/admission.test.ts (21 tests) 1602ms
 ✓ packages/docx/src/tracked-text.test.ts (13 tests) 1514ms
 ✓ packages/docx/src/control-repeat.test.ts (17 tests) 1490ms
   ✓ clears choice/date values and resets declared checkbox glyph in a reusable empty item  305ms
 ✓ packages/docx/src/diagrams.test.ts (23 tests) 1479ms
 ✓ packages/docx/src/text.test.ts (18 tests) 1310ms
   ✓ orders all story scopes and deduplicates shared parts  436ms
 ✓ packages/docx/src/shape-edit.test.ts (21 tests) 1322ms
 ✓ packages/docx/src/image-replacement-command.test.ts (8 tests) 1219ms
 ✓ packages/docx/tests/fixtures/documents.test.ts (23 tests) 1218ms
(node:72434) Warning: The 'NO_COLOR' env is ignored due to the 'FORCE_COLOR' env being set.
(Use `node --trace-warnings ...` to show where the warning was created)
 ✓ packages/docx/tests/assertions.test.ts (23 tests) 1181ms
     ✓ rejects dangling styles, numbering, note IDs and unmatched bookmark ranges  338ms
 ✓ packages/docx/src/batch.test.ts (18 tests) 1143ms
 ✓ packages/docx/src/style-formatting.test.ts (11 tests) 1131ms
 ✓ packages/docx/src/table-construction.test.ts (25 tests) 1114ms
 ✓ packages/docx/src/control-clone.test.ts (11 tests) 1084ms
   ✓ remaps drawing occurrence IDs and relationships while retaining shared original media bytes  398ms
 ✓ packages/docx/src/images-command.test.ts (13 tests) 1009ms
 ✓ packages/docx/src/ancillary-resources.test.ts (6 tests) 983ms
 ✓ packages/docx/src/settings.test.ts (14 tests) 933ms
 ✓ packages/docx/src/io.test.ts (19 tests) 928ms
 ✓ packages/docx/src/discovery-completeness.test.ts (11 tests) 838ms
   ✓ links every declaration to format requirements and usable detailed help  310ms
 ✓ packages/docx/src/inspection-command.test.ts (11 tests) 752ms
 ✓ packages/docx/src/control-picture.test.ts (10 tests) 699ms
 ✓ packages/docx/src/xml-write.test.ts (42 tests) 698ms
 ✓ packages/docx/src/diagram-observations.test.ts (18 tests) 701ms
   ✓ public physical inventory recognizes exact shape expanded pairs in dialect false  353ms
   ✓ public physical inventory recognizes exact shape expanded pairs in dialect true  331ms
 ✓ packages/docx/src/properties-command.test.ts (10 tests) 652ms
 ✓ packages/docx/src/xml-command.test.ts (9 tests) 664ms
 ✓ packages/docx/src/styles-command.test.ts (13 tests) 547ms
 ✓ packages/docx/src/styles-model.test.ts (9 tests) 649ms
 ✓ packages/docx/src/pack-uri-batch.test.ts (13 tests) 530ms
 ✓ packages/docx/src/fields-command.test.ts (15 tests) 530ms
 ✓ packages/docx/src/stories-command.test.ts (5 tests) 491ms
 ✓ packages/docx/src/ancillary-resources-command.test.ts (8 tests) 507ms
 ✓ packages/docx/src/budget.test.ts (19 tests) 461ms
 ✓ packages/docx/src/image-insertion-command.test.ts (8 tests) 476ms
 ✓ packages/docx/src/style-model-batch.test.ts (9 tests) 439ms
 ✓ packages/docx/src/bookmarks-command.test.ts (4 tests) 457ms
   ✓ creates, lists, renames and removes a table-contained multi-run bookmark through the CLI  374ms
 ✓ packages/docx/src/archive.test.ts (16 tests) 421ms
 ✓ packages/docx/src/sanitize-command.test.ts (3 tests) 458ms
 ✓ packages/docx/src/create-command.test.ts (3 tests) 358ms
 ✓ packages/docx/src/text-command.test.ts (5 tests) 398ms
 ✓ packages/docx/src/style-formatting-command.test.ts (4 tests) 364ms
 ✓ packages/docx/src/text-box-locations.test.ts (7 tests) 331ms
 ✓ packages/docx/src/equations-command.test.ts (6 tests) 323ms
 ✓ packages/docx/src/table-active-grid.test.ts (34 tests) 1850ms
 ✓ packages/docx/src/diagrams-command.test.ts (5 tests) 334ms
 ✓ packages/docx/src/table-read.test.ts (6 tests) 325ms
 ✓ packages/docx/src/archive-write.test.ts (11 tests) 310ms
 ✓ packages/docx/src/links-command.test.ts (7 tests) 428ms
   ✓ uses the same link SDK through direct CLI creation, listing, edit and explicit content deletion  417ms
 ✓ packages/docx/src/objects-command.test.ts (3 tests) 302ms
 ✓ packages/docx/src/review-style-model.test.ts (6 tests) 301ms
 ✓ packages/docx/src/validation.test.ts (54 tests) 279ms
 ✓ packages/docx/src/style-model-command.test.ts (4 tests) 265ms
 ✓ packages/docx/src/discovery.test.ts (20 tests) 217ms
 ✓ packages/docx/src/highlight-xml-contract.test.ts (19 tests) 237ms
 ✓ packages/docx/src/signatures-command.test.ts (3 tests) 233ms
 ✓ packages/docx/src/document-session.test.ts (6 tests) 235ms
 ✓ packages/docx/src/image-layout-command.test.ts (1 test) 211ms
 ✓ packages/docx/src/formatting-model-boundaries.test.ts (36 tests) 166ms
 ✓ packages/docx/src/image-batch-operations.test.ts (5 tests) 188ms
 ✓ packages/docx/src/notes-boundaries.test.ts (2 tests) 194ms
 ✓ packages/docx/src/charts-command.test.ts (3 tests) 169ms
 ✓ packages/docx/src/run-format-command.test.ts (5 tests) 172ms
 ✓ packages/docx/src/font-tabs.test.ts (37 tests) 190ms
 ✓ packages/docx/src/control-template-command.test.ts (1 test) 141ms
 ✓ packages/docx/src/document-write-budget.test.ts (3 tests) 131ms
 ✓ packages/docx/src/shapes-command.test.ts (1 test) 122ms
 ✓ packages/docx/src/command.test.ts (58 tests) 97ms
 ✓ packages/docx/src/style-formatting-schema.test.ts (24 tests) 92ms
 ✓ packages/docx/src/package-write-budget.test.ts (3 tests) 100ms
 ✓ packages/docx/src/operation-json-schema.test.ts (7 tests) 95ms
 ✓ packages/docx/src/raster-operation-contract.test.ts (7 tests) 106ms
 ✓ packages/docx/src/tracked-text-command.test.ts (8 tests) 109ms
 ✓ packages/docx/src/image-operation-contract.test.ts (6 tests) 98ms
 ✓ packages/docx/src/formatting-model.test.ts (33 tests) 82ms
 ✓ packages/docx/src/batch-discovery.test.ts (2 tests) 47ms
 ✓ packages/docx/src/property-values.test.ts (1 test) 44ms
 ✓ packages/docx/src/batch-admission.test.ts (7 tests) 40ms
 ✓ packages/docx/src/binding-ownership.test.ts (1 test) 43ms
 ✓ packages/docx/src/compatibility.test.ts (53 tests) 35ms
 ✓ packages/docx/src/xml-sequence-cases.test.ts (22 tests) 34ms
 ✓ packages/docx/src/bookmark-references.test.ts (26 tests) 20ms
 ✓ packages/docx/src/chart-values.test.ts (32 tests) 35ms
 ✓ packages/docx/src/svg-image.test.ts (62 tests) 26ms
 ✓ packages/docx/src/image-model.test.ts (40 tests) 28ms
 ✓ packages/docx/src/revision-decisions-command.test.ts (6 tests) 24ms
 ✓ packages/docx/src/raster-characterization-cases.test.ts (45 tests) 14ms
 ✓ packages/docx/src/run-properties.test.ts (3 tests) 18ms
 ✓ packages/docx/src/property-operation-contract.test.ts (7 tests) 17ms
 ✓ packages/docx/src/package-xml.test.ts (48 tests) 19ms
 ✓ packages/docx/src/formatting-values.test.ts (7 tests) 16ms
 ✓ packages/docx/src/svg-fallback-operation-contract.test.ts (3 tests) 14ms
 ✓ packages/docx/src/package-resources-command.test.ts (9 tests) 15ms
 ✓ packages/docx/src/notes-discovery.test.ts (2 tests) 15ms
 ✓ packages/docx/src/image-model-input.test.ts (14 tests) 16ms
 ✓ packages/docx/src/control-values-command.test.ts (7 tests) 14ms
 ✓ packages/docx/src/image-replacement-operation-contract.test.ts (3 tests) 13ms
 ✓ packages/docx/src/capability-failure-contract.test.ts (2 tests) 14ms
 ✓ packages/docx/src/equation-operation-contract.test.ts (3 tests) 16ms
 ✓ packages/docx/src/pack-uri.test.ts (36 tests) 12ms
 ✓ packages/docx/src/shape-carriers.test.ts (10 tests) 13ms
 ✓ packages/docx/src/command-edge.test.ts (22 tests) 16ms
 ✓ packages/docx/src/shape-operation-contract.test.ts (2 tests) 9ms
 ✓ packages/docx/src/control-records-command.test.ts (5 tests) 12ms
 ✓ packages/docx/src/command-option-rules.test.ts (76 tests) 10ms
 ✓ packages/docx/src/image-layout-operation-contract.test.ts (3 tests) 10ms
 ✓ packages/docx/src/raster-header.test.ts (13 tests) 11ms
 ✓ packages/docx/src/diagram-operation-contract.test.ts (3 tests) 12ms
 ✓ packages/docx/src/command-properties.test.ts (51 tests) 11ms
 ✓ packages/docx/src/equation-fragments.test.ts (15 tests) 9ms
 ✓ packages/docx/src/object-operation-contract.test.ts (2 tests) 8ms
 ✓ packages/docx/src/packing-vfs-admission.test.ts (7 tests) 7ms
 ✓ packages/docx/src/equation-properties.test.ts (12 tests) 9ms
 ✓ packages/docx/src/chart-operation-contract.test.ts (2 tests) 9ms
 ✓ packages/docx/src/operation-schema.test.ts (19 tests) 8ms
 ✓ packages/docx/src/argument-json.test.ts (13 tests) 6ms
 ✓ packages/docx/src/document-part-roles.test.ts (1 test) 7ms
 ✓ packages/docx/src/pack-inventory-negative-index.test.ts (3 tests) 4ms
 ✓ packages/docx/src/operation-types.test.ts (14 tests) 3ms

 Test Files  163 passed (163)
      Tests  3279 passed (3279)
   Start at  14:35:58
   Duration  139.26s (transform 5.20s, setup 1.63s, import 36.81s, tests 227.27s, environment 9ms)

