
 RUN  v4.1.11 /Users/kjopek/Workspace/poe-code-language-delivery

 ✓ packages/safe-js/src/interp/legacy-arguments.test.ts (9 tests) 295ms
 ❯ packages/safe-js/src/interp/globals/dynamic-block-functions.test.ts (26 tests | 3 failed) 692ms
   ✓ matches native block-function binding behavior: if(true){function f(){return 7}}return f() 57ms
   ✓ matches native block-function binding behavior: if(false){function f(){return 7}}return [typeof f,Object.hasOwn(globalThis,'f')] 35ms
   ✓ matches native block-function binding behavior: let before=typeof f;if(true){function f(){return 7}}return [before,f()] 36ms
   ✓ matches native block-function binding behavior: var f=1;if(false){function f(){return 7}}return f 26ms
   ✓ matches native block-function binding behavior: var f=1;if(true){function f(){return 7}}return f() 25ms
   ✓ matches native block-function binding behavior: let f=1;if(true){function f(){return 7}}return f 26ms
   ✓ matches native block-function binding behavior: {let f=1;{function f(){return 7}}}return typeof f 28ms
   ✓ matches native block-function binding behavior: {function f(){return 1}}{function f(){return 2}}return f() 22ms
   ✓ matches native block-function binding behavior: for(let i=0;i<2;i++){function f(){return i}}return f() 31ms
   ✓ matches native block-function binding behavior: {function f(){return 7}f=3}return typeof f 22ms
   ✓ matches native block-function binding behavior: 'use strict';{function f(){return 7}}return typeof f 20ms
   ✓ matches native block-function binding behavior: {function* f(){yield 7}}return typeof f 20ms
   ✓ matches native block-function binding behavior: {async function f(){return 7}}return typeof f 21ms
   ✓ matches native block-function binding behavior: try{throw 1}catch(f){{function f(){return 7}}}return typeof f 26ms
   ✓ matches native block-function binding behavior: try{throw {f:1}}catch({f}){{function f(){return 7}}}return typeof f 21ms
   × matches native block-function binding behavior: {function arguments(){return 7}}return typeof arguments 24ms
   ✓ matches native block-function binding behavior: switch(1){case 1:function f(){return 7}}return f() 21ms
   ✓ matches native block-function binding behavior: let f=1;switch(1){case 1:function f(){return 7}}return f 21ms
   ✓ matches native block-function binding behavior: function walk(n){if(n===0)return 0;{function f(){return n}}const child=walk(n-1);return child+f()}return walk(3) 37ms
   ✓ matches native block-function binding behavior: try{f}catch(error){return error.name}if(false){function f(){}}return typeof f 19ms
   ✓ does not replace formal parameter f 19ms
   ✓ does not replace formal parameter f=3 19ms
   ✓ does not replace formal parameter {f}={f:3} 22ms
   × preserves initial arguments before a legacy declaration with  23ms
   × preserves initial arguments before a legacy declaration with a=1 24ms
   ✓ accounts for data captured by a function escaping its block 42ms
FAIL packages/safe-js/src/interp/globals/dynamic-block-functions.test.ts > matches native block-function binding behavior: {function arguments(){return 7}}return typeof arguments
AssertionError: expected { ok: true, …(3) } to match object { ok: true, returnValue: 'function' }
(12 matching properties omitted from actual)

- Expected
+ Received

  {
    "ok": true,
-   "returnValue": "function",
+   "returnValue": "object",
  }

 ❯ packages/safe-js/src/interp/globals/dynamic-block-functions.test.ts:30:29
     28|   const source = `return Function(${JSON.stringify(body)})()`;
     29|   const expected = runInNewContext(`(function(){${source}})()`);
     30|   expect(await run(source)).toMatchObject({ok: true, returnValue: expe…
       |                             ^
     31| });
     32|

FAIL packages/safe-js/src/interp/globals/dynamic-block-functions.test.ts > preserves initial arguments before a legacy declaration with 
AssertionError: expected { ok: true, …(3) } to match object { ok: true, returnValue: [ …(2) ] }
(12 matching properties omitted from actual)

- Expected
+ Received

  {
    "ok": true,
    "returnValue": [
      "object",
-     "function",
+     "object",
    ],
  }

 ❯ packages/safe-js/src/interp/globals/dynamic-block-functions.test.ts:41:29
     39|   const body = "const before=typeof arguments;{function arguments(){re…
     40|   const source = `return Function(${JSON.stringify(parameter)},${JSON.…
     41|   expect(await run(source)).toMatchObject({ok: true, returnValue: runI…
       |                             ^
     42| });
     43|

FAIL packages/safe-js/src/interp/globals/dynamic-block-functions.test.ts > preserves initial arguments before a legacy declaration with a=1
AssertionError: expected { ok: true, …(3) } to match object { ok: true, returnValue: [ …(2) ] }
(12 matching properties omitted from actual)

- Expected
+ Received

  {
    "ok": true,
    "returnValue": [
      "object",
-     "function",
+     "object",
    ],
  }

 ❯ packages/safe-js/src/interp/globals/dynamic-block-functions.test.ts:41:29
     39|   const body = "const before=typeof arguments;{function arguments(){re…
     40|   const source = `return Function(${JSON.stringify(parameter)},${JSON.…
     41|   expect(await run(source)).toMatchObject({ok: true, returnValue: runI…
       |                             ^
     42| });
     43|

 ✓ packages/safe-js/src/interp/arguments.test.ts (14 tests) 372ms

⎯⎯⎯⎯⎯⎯⎯ Failed Tests 3 ⎯⎯⎯⎯⎯⎯⎯

 FAIL  packages/safe-js/src/interp/globals/dynamic-block-functions.test.ts > matches native block-function binding behavior: {function arguments(){return 7}}return typeof arguments
AssertionError: expected { ok: true, …(3) } to match object { ok: true, returnValue: 'function' }
(12 matching properties omitted from actual)

- Expected
+ Received

  {
    "ok": true,
-   "returnValue": "function",
+   "returnValue": "object",
  }

 ❯ packages/safe-js/src/interp/globals/dynamic-block-functions.test.ts:30:29
     28|   const source = `return Function(${JSON.stringify(body)})()`;
     29|   const expected = runInNewContext(`(function(){${source}})()`);
     30|   expect(await run(source)).toMatchObject({ok: true, returnValue: expe…
       |                             ^
     31| });
     32|

⎯⎯⎯⎯⎯⎯⎯⎯⎯⎯⎯⎯⎯⎯⎯⎯⎯⎯⎯⎯⎯⎯⎯⎯[1/3]⎯

 FAIL  packages/safe-js/src/interp/globals/dynamic-block-functions.test.ts > preserves initial arguments before a legacy declaration with 
 FAIL  packages/safe-js/src/interp/globals/dynamic-block-functions.test.ts > preserves initial arguments before a legacy declaration with a=1
AssertionError: expected { ok: true, …(3) } to match object { ok: true, returnValue: [ …(2) ] }
(12 matching properties omitted from actual)

- Expected
+ Received

  {
    "ok": true,
    "returnValue": [
      "object",
-     "function",
+     "object",
    ],
  }

 ❯ packages/safe-js/src/interp/globals/dynamic-block-functions.test.ts:41:29
     39|   const body = "const before=typeof arguments;{function arguments(){re…
     40|   const source = `return Function(${JSON.stringify(parameter)},${JSON.…
     41|   expect(await run(source)).toMatchObject({ok: true, returnValue: runI…
       |                             ^
     42| });
     43|

⎯⎯⎯⎯⎯⎯⎯⎯⎯⎯⎯⎯⎯⎯⎯⎯⎯⎯⎯⎯⎯⎯⎯⎯[2/3]⎯


 Test Files  1 failed | 2 passed (3)
      Tests  3 failed | 46 passed (49)
   Start at  12:07:25
   Duration  3.98s (transform 3.76s, setup 102ms, import 5.57s, tests 1.36s, environment 0ms)

