TAP version 13
# Subtest: hidden borrowed byteOffset source Buffer=false width=1
ok 1 - hidden borrowed byteOffset source Buffer=false width=1
  ---
  duration_ms: 9.854166
  type: 'test'
  ...
# Subtest: hidden borrowed byteOffset source Buffer=false width=2
ok 2 - hidden borrowed byteOffset source Buffer=false width=2
  ---
  duration_ms: 5.346584
  type: 'test'
  ...
# Subtest: hidden borrowed byteOffset source Buffer=false width=5
ok 3 - hidden borrowed byteOffset source Buffer=false width=5
  ---
  duration_ms: 5.747875
  type: 'test'
  ...
# Subtest: hidden borrowed byteOffset source Buffer=false width=17
ok 4 - hidden borrowed byteOffset source Buffer=false width=17
  ---
  duration_ms: 4.597041
  type: 'test'
  ...
# Subtest: hidden borrowed byteOffset source Buffer=true width=1
not ok 5 - hidden borrowed byteOffset source Buffer=true width=1
  ---
  duration_ms: 5.713875
  type: 'test'
  location: '/private/tmp/safe-bash-sort-performance-dXHa3m/harness/independent-hidden.mjs:35:72'
  failureType: 'testCodeFailure'
  error: |-
    Expected values to be strictly deep-equal:
    + actual - expected
    
      {
        status: 0,
        stderr: Buffer(0) [Uint8Array] [],
        stdout: Buffer(20) [Uint8Array] [
    -     97,
    -     108,
    -     112,
    -     104,
    -     97,
          10,
    -     98,
    -     101,
    -     116,
    -     97,
          10,
    -     122,
    -     101,
    -     116,
    -     97,
          10,
    -     233,
    -     155,
    -     170,
          10,
    +     10,
    +     10,
    +     10,
    +     10,
    +     10,
    +     10,
    +     10,
    +     10,
    +     10,
    +     10,
    +     10,
    +     81,
    +     81,
    +     81,
    +     81,
    +     10
        ]
      }
    
  code: 'ERR_ASSERTION'
  name: 'AssertionError'
  expected:
    status: 0
    stdout:
      0: 97
      1: 108
      2: 112
      3: 104
      4: 97
      5: 10
      6: 98
      7: 101
      8: 116
      9: 97
      10: 10
      11: 122
      12: 101
      13: 116
      14: 97
      15: 10
      16: 233
      17: 155
      18: 170
      19: 10
    stderr:
  actual:
    status: 0
    stdout:
      0: 10
      1: 10
      2: 10
      3: 10
      4: 10
      5: 10
      6: 10
      7: 10
      8: 10
      9: 10
      10: 10
      11: 10
      12: 10
      13: 10
      14: 10
      15: 81
      16: 81
      17: 81
      18: 81
      19: 10
    stderr:
  operator: 'deepStrictEqual'
  stack: |-
    TestContext.<anonymous> (file:///private/tmp/safe-bash-sort-performance-dXHa3m/harness/independent-hidden.mjs:37:10)
    async Test.run (node:internal/test_runner/test:1054:7)
    async Test.processPendingSubtests (node:internal/test_runner/test:744:7)
  ...
# Subtest: hidden borrowed byteOffset source Buffer=true width=2
not ok 6 - hidden borrowed byteOffset source Buffer=true width=2
  ---
  duration_ms: 5.47375
  type: 'test'
  location: '/private/tmp/safe-bash-sort-performance-dXHa3m/harness/independent-hidden.mjs:35:72'
  failureType: 'testCodeFailure'
  error: |-
    Expected values to be strictly deep-equal:
    + actual - expected
    
      {
        status: 0,
        stderr: Buffer(0) [Uint8Array] [],
    +   stdout: Buffer(26) [Uint8Array] [
    +     10,
    -   stdout: Buffer(20) [Uint8Array] [
          97,
    +     10,
    -     108,
    -     112,
    -     104,
          97,
          10,
    +     81,
    +     81,
    +     81,
    +     81,
    +     10,
    -     98,
    -     101,
    -     116,
          97,
          10,
    -     122,
    -     101,
    -     116,
          97,
          10,
    +     98,
    +     10,
    +     98,
    +     10,
    +     98,
    +     10,
          233,
    -     155,
    -     170,
          10,
    +     233,
    +     10,
    +     233,
    +     10
        ]
      }
    
  code: 'ERR_ASSERTION'
  name: 'AssertionError'
  expected:
    status: 0
    stdout:
      0: 97
      1: 108
      2: 112
      3: 104
      4: 97
      5: 10
      6: 98
      7: 101
      8: 116
      9: 97
      10: 10
      11: 122
      12: 101
      13: 116
      14: 97
      15: 10
      16: 233
      17: 155
      18: 170
      19: 10
    stderr:
  actual:
    status: 0
    stdout:
      0: 10
      1: 97
      2: 10
      3: 97
      4: 10
      5: 81
      6: 81
      7: 81
      8: 81
      9: 10
      10: 97
      11: 10
      12: 97
      13: 10
      14: 98
      15: 10
      16: 98
      17: 10
      18: 98
      19: 10
      20: 233
      21: 10
      22: 233
      23: 10
      24: 233
      25: 10
    stderr:
  operator: 'deepStrictEqual'
  stack: |-
    TestContext.<anonymous> (file:///private/tmp/safe-bash-sort-performance-dXHa3m/harness/independent-hidden.mjs:37:10)
    async Test.run (node:internal/test_runner/test:1054:7)
    async Test.processPendingSubtests (node:internal/test_runner/test:744:7)
  ...
# Subtest: hidden borrowed byteOffset source Buffer=true width=5
not ok 7 - hidden borrowed byteOffset source Buffer=true width=5
  ---
  duration_ms: 4.700375
  type: 'test'
  location: '/private/tmp/safe-bash-sort-performance-dXHa3m/harness/independent-hidden.mjs:35:72'
  failureType: 'testCodeFailure'
  error: |-
    Expected values to be strictly deep-equal:
    + actual - expected
    
      {
        status: 0,
        stderr: Buffer(0) [Uint8Array] [],
    +   stdout: Buffer(26) [Uint8Array] [
    -   stdout: Buffer(20) [Uint8Array] [
    -     97,
    -     108,
    -     112,
    -     104,
    -     97,
          10,
          98,
          101,
          116,
          97,
          10,
    +     10,
    +     233,
    +     155,
    +     170,
    +     10,
    +     10,
    +     81,
    +     81,
    +     81,
    +     81,
    +     10,
          122,
          101,
          116,
          97,
          10,
    
  code: 'ERR_ASSERTION'
  name: 'AssertionError'
  expected:
    status: 0
    stdout:
      0: 97
      1: 108
      2: 112
      3: 104
      4: 97
      5: 10
      6: 98
      7: 101
      8: 116
      9: 97
      10: 10
      11: 122
      12: 101
      13: 116
      14: 97
      15: 10
      16: 233
      17: 155
      18: 170
      19: 10
    stderr:
  actual:
    status: 0
    stdout:
      0: 10
      1: 98
      2: 101
      3: 116
      4: 97
      5: 10
      6: 10
      7: 233
      8: 155
      9: 170
      10: 10
      11: 10
      12: 81
      13: 81
      14: 81
      15: 81
      16: 10
      17: 122
      18: 101
      19: 116
      20: 97
      21: 10
      22: 233
      23: 155
      24: 170
      25: 10
    stderr:
  operator: 'deepStrictEqual'
  stack: |-
    TestContext.<anonymous> (file:///private/tmp/safe-bash-sort-performance-dXHa3m/harness/independent-hidden.mjs:37:10)
    async Test.run (node:internal/test_runner/test:1054:7)
    async Test.processPendingSubtests (node:internal/test_runner/test:744:7)
  ...
# Subtest: hidden borrowed byteOffset source Buffer=true width=17
not ok 8 - hidden borrowed byteOffset source Buffer=true width=17
  ---
  duration_ms: 5.318958
  type: 'test'
  location: '/private/tmp/safe-bash-sort-performance-dXHa3m/harness/independent-hidden.mjs:35:72'
  failureType: 'testCodeFailure'
  error: |-
    Expected values to be strictly deep-equal:
    + actual - expected
    
      {
        status: 0,
        stderr: Buffer(0) [Uint8Array] [],
    +   stdout: Buffer(26) [Uint8Array] [
    +     81,
    +     81,
    +     81,
    +     81,
    +     10,
    +     88,
    +     88,
    +     112,
    +     104,
    -   stdout: Buffer(20) [Uint8Array] [
          97,
    +     10,
    +     97,
          108,
          112,
          104,
          97,
          10,
    -     98,
    -     101,
    -     116,
    -     97,
    -     10,
          122,
          101,
          116,
          97,
          10,
    
  code: 'ERR_ASSERTION'
  name: 'AssertionError'
  expected:
    status: 0
    stdout:
      0: 97
      1: 108
      2: 112
      3: 104
      4: 97
      5: 10
      6: 98
      7: 101
      8: 116
      9: 97
      10: 10
      11: 122
      12: 101
      13: 116
      14: 97
      15: 10
      16: 233
      17: 155
      18: 170
      19: 10
    stderr:
  actual:
    status: 0
    stdout:
      0: 81
      1: 81
      2: 81
      3: 81
      4: 10
      5: 88
      6: 88
      7: 112
      8: 104
      9: 97
      10: 10
      11: 97
      12: 108
      13: 112
      14: 104
      15: 97
      16: 10
      17: 122
      18: 101
      19: 116
      20: 97
      21: 10
      22: 233
      23: 155
      24: 170
      25: 10
    stderr:
  operator: 'deepStrictEqual'
  stack: |-
    TestContext.<anonymous> (file:///private/tmp/safe-bash-sort-performance-dXHa3m/harness/independent-hidden.mjs:37:10)
    async Test.run (node:internal/test_runner/test:1054:7)
    async Test.processPendingSubtests (node:internal/test_runner/test:744:7)
  ...
# Subtest: hidden public named VFS borrowed Buffer 
not ok 9 - hidden public named VFS borrowed Buffer 
  ---
  duration_ms: 9.637375
  type: 'test'
  location: '/private/tmp/safe-bash-sort-performance-dXHa3m/harness/independent-hidden.mjs:42:4'
  failureType: 'testCodeFailure'
  error: |-
    Expected values to be strictly deep-equal:
    + actual - expected
    
      Buffer(6) [Uint8Array] [
    -   97,
    -   49,
        10,
    -   98,
        49,
        10,
    +   10,
    +   97,
    +   10
      ]
    
  code: 'ERR_ASSERTION'
  name: 'AssertionError'
  expected:
    0: 97
    1: 49
    2: 10
    3: 98
    4: 49
    5: 10
  actual:
    0: 10
    1: 49
    2: 10
    3: 10
    4: 97
    5: 10
  operator: 'deepStrictEqual'
  stack: |-
    TestContext.<anonymous> (file:///private/tmp/safe-bash-sort-performance-dXHa3m/harness/independent-hidden.mjs:52:17)
    async Test.run (node:internal/test_runner/test:1054:7)
    async Test.processPendingSubtests (node:internal/test_runner/test:744:7)
  ...
# Subtest: hidden public named VFS borrowed Buffer -z
not ok 10 - hidden public named VFS borrowed Buffer -z
  ---
  duration_ms: 6.095584
  type: 'test'
  location: '/private/tmp/safe-bash-sort-performance-dXHa3m/harness/independent-hidden.mjs:42:4'
  failureType: 'testCodeFailure'
  error: |-
    Expected values to be strictly deep-equal:
    + actual - expected
    
      Buffer(6) [Uint8Array] [
    -   97,
    -   49,
        0,
    -   98,
        49,
        0,
    +   0,
    +   97,
    +   0
      ]
    
  code: 'ERR_ASSERTION'
  name: 'AssertionError'
  expected:
    0: 97
    1: 49
    2: 0
    3: 98
    4: 49
    5: 0
  actual:
    0: 0
    1: 49
    2: 0
    3: 0
    4: 97
    5: 0
  operator: 'deepStrictEqual'
  stack: |-
    TestContext.<anonymous> (file:///private/tmp/safe-bash-sort-performance-dXHa3m/harness/independent-hidden.mjs:52:17)
    async Test.run (node:internal/test_runner/test:1054:7)
    async Test.processPendingSubtests (node:internal/test_runner/test:744:7)
  ...
# Subtest: hidden public named VFS borrowed Buffer -n,-s
not ok 11 - hidden public named VFS borrowed Buffer -n,-s
  ---
  duration_ms: 5.556667
  type: 'test'
  location: '/private/tmp/safe-bash-sort-performance-dXHa3m/harness/independent-hidden.mjs:42:4'
  failureType: 'testCodeFailure'
  error: |-
    Expected values to be strictly deep-equal:
    + actual - expected
    
      Buffer(14) [Uint8Array] [
    +   10,
        45,
    +   10,
    +   45,
    +   10,
    +   10,
    -   49,
    -   32,
        97,
        10,
    +   97,
    -   51,
    -   32,
    -   121,
        10,
    +   81,
    +   81,
    +   81,
    -   50,
    -   48,
    -   32,
    -   122,
        10
      ]
    
  code: 'ERR_ASSERTION'
  name: 'AssertionError'
  expected:
    0: 45
    1: 49
    2: 32
    3: 97
    4: 10
    5: 51
    6: 32
    7: 121
    8: 10
    9: 50
    10: 48
    11: 32
    12: 122
    13: 10
  actual:
    0: 10
    1: 45
    2: 10
    3: 45
    4: 10
    5: 10
    6: 97
    7: 10
    8: 97
    9: 10
    10: 81
    11: 81
    12: 81
    13: 10
  operator: 'deepStrictEqual'
  stack: |-
    TestContext.<anonymous> (file:///private/tmp/safe-bash-sort-performance-dXHa3m/harness/independent-hidden.mjs:52:17)
    async Test.run (node:internal/test_runner/test:1054:7)
    async Test.processPendingSubtests (node:internal/test_runner/test:744:7)
  ...
# Subtest: hidden public named VFS borrowed Buffer -u
not ok 12 - hidden public named VFS borrowed Buffer -u
  ---
  duration_ms: 6.316541
  type: 'test'
  location: '/private/tmp/safe-bash-sort-performance-dXHa3m/harness/independent-hidden.mjs:42:4'
  failureType: 'testCodeFailure'
  error: |-
    Expected values to be strictly deep-equal:
    + actual - expected
    
      Buffer(8) [Uint8Array] [
        97,
    +   10,
    -   108,
    -   112,
    -   104,
        97,
        10,
    +   97,
    +   10,
        122,
        10
      ]
    
  code: 'ERR_ASSERTION'
  name: 'AssertionError'
  expected:
    0: 97
    1: 108
    2: 112
    3: 104
    4: 97
    5: 10
    6: 122
    7: 10
  actual:
    0: 97
    1: 10
    2: 97
    3: 10
    4: 97
    5: 10
    6: 122
    7: 10
  operator: 'deepStrictEqual'
  stack: |-
    TestContext.<anonymous> (file:///private/tmp/safe-bash-sort-performance-dXHa3m/harness/independent-hidden.mjs:52:17)
    async Test.run (node:internal/test_runner/test:1054:7)
    async Test.processPendingSubtests (node:internal/test_runner/test:744:7)
  ...
# Subtest: hidden public named VFS borrowed Buffer -o,/work/output
not ok 13 - hidden public named VFS borrowed Buffer -o,/work/output
  ---
  duration_ms: 5.552667
  type: 'test'
  location: '/private/tmp/safe-bash-sort-performance-dXHa3m/harness/independent-hidden.mjs:42:4'
  failureType: 'testCodeFailure'
  error: |-
    Expected values to be strictly deep-equal:
    + actual - expected
    
      Buffer(14) [Uint8Array] [
    +   10,
    -   108,
    -   111,
    -   110,
    -   103,
    -   45,
        97,
        10,
    +   97,
    +   10,
    +   97,
    +   10,
    +   10,
        108,
    -   111,
    -   110,
    -   103,
    -   45,
    -   122,
        10,
    +   108,
    +   10,
    +   108,
    +   10
      ]
    
  code: 'ERR_ASSERTION'
  name: 'AssertionError'
  expected:
    0: 108
    1: 111
    2: 110
    3: 103
    4: 45
    5: 97
    6: 10
    7: 108
    8: 111
    9: 110
    10: 103
    11: 45
    12: 122
    13: 10
  actual:
    0: 10
    1: 97
    2: 10
    3: 97
    4: 10
    5: 97
    6: 10
    7: 10
    8: 108
    9: 10
    10: 108
    11: 10
    12: 108
    13: 10
  operator: 'deepStrictEqual'
  stack: |-
    TestContext.<anonymous> (file:///private/tmp/safe-bash-sort-performance-dXHa3m/harness/independent-hidden.mjs:51:80)
    async Test.run (node:internal/test_runner/test:1054:7)
    async Test.processPendingSubtests (node:internal/test_runner/test:744:7)
  ...
# Subtest: hidden public stdin ownership is already protected by ShellInput
ok 14 - hidden public stdin ownership is already protected by ShellInput
  ---
  duration_ms: 0.651791
  type: 'test'
  ...
# Subtest: hidden check mode borrowed spanning Buffer remains separately measured
ok 15 - hidden check mode borrowed spanning Buffer remains separately measured
  ---
  duration_ms: 6.711292
  type: 'test'
  ...
# Subtest: hidden native byte/numeric/empty [] ff0a000ac0800a800aff
ok 16 - hidden native byte/numeric/empty [] ff0a000ac0800a800aff
  ---
  duration_ms: 4.766167
  type: 'test'
  ...
# Subtest: hidden native byte/numeric/empty ["-zru"] e99baa00f09f988000ee80800
ok 17 - hidden native byte/numeric/empty ["-zru"] e99baa00f09f988000ee80800
  ---
  duration_ms: 4.870375
  type: 'test'
  ...
# Subtest: hidden native byte/numeric/empty ["-ns"] 2d303030302066697273740a3
ok 18 - hidden native byte/numeric/empty ["-ns"] 2d303030302066697273740a3
  ---
  duration_ms: 5.469291
  type: 'test'
  ...
# Subtest: hidden native byte/numeric/empty ["-t:","-k2,2nr","-k1,1"] 7a3a320a613a320a783a31300
ok 19 - hidden native byte/numeric/empty ["-t:","-k2,2nr","-k1,1"] 7a3a320a613a320a783a31300
  ---
  duration_ms: 5.531
  type: 'test'
  ...
# Subtest: hidden native byte/numeric/empty ["-bf","-s"] 2020610a20410a09420a20620
ok 20 - hidden native byte/numeric/empty ["-bf","-s"] 2020610a20410a09420a20620
  ---
  duration_ms: 4.907292
  type: 'test'
  ...
# Subtest: hidden native byte/numeric/empty [] 
ok 21 - hidden native byte/numeric/empty [] 
  ---
  duration_ms: 4.334542
  type: 'test'
  ...
# Subtest: hidden native byte/numeric/empty [] 0a0a
ok 22 - hidden native byte/numeric/empty [] 0a0a
  ---
  duration_ms: 4.636667
  type: 'test'
  ...
# Subtest: hidden native byte/numeric/empty ["-z"] 000000
ok 23 - hidden native byte/numeric/empty ["-z"] 000000
  ---
  duration_ms: 5.303542
  type: 'test'
  ...
# Subtest: hidden exact total-byte limit boundary excess=0
ok 24 - hidden exact total-byte limit boundary excess=0
  ---
  duration_ms: 83.539208
  type: 'test'
  ...
# Subtest: hidden exact total-byte limit boundary excess=1
not ok 25 - hidden exact total-byte limit boundary excess=1
  ---
  duration_ms: 132.840167
  type: 'test'
  location: '/private/tmp/safe-bash-sort-performance-dXHa3m/harness/independent-hidden.mjs:76:29'
  failureType: 'testCodeFailure'
  error: |-
    Expected values to be strictly equal:
    
    2 !== 1
    
  code: 'ERR_ASSERTION'
  name: 'AssertionError'
  expected: 1
  actual: 2
  operator: 'strictEqual'
  stack: |-
    TestContext.<anonymous> (file:///private/tmp/safe-bash-sort-performance-dXHa3m/harness/independent-hidden.mjs:81:23)
    async Test.run (node:internal/test_runner/test:1054:7)
    async Test.processPendingSubtests (node:internal/test_runner/test:744:7)
  ...
# Subtest: hidden source error after retained records preserves output file
ok 26 - hidden source error after retained records preserves output file
  ---
  duration_ms: 0.308125
  type: 'test'
  ...
# Subtest: hidden missing later file never publishes retained earlier records
ok 27 - hidden missing later file never publishes retained earlier records
  ---
  duration_ms: 0.229417
  type: 'test'
  ...
# Subtest: hidden pending input cancellation keeps reason and observes late rejection
ok 28 - hidden pending input cancellation keeps reason and observes late rejection
  ---
  duration_ms: 7.686208
  type: 'test'
  ...
# Subtest: hidden empty-chunk cancellation stops further pulls before publication
ok 29 - hidden empty-chunk cancellation stops further pulls before publication
  ---
  duration_ms: 0.498541
  type: 'test'
  ...
# Subtest: hidden output is owned and backpressured after all input admission
ok 30 - hidden output is owned and backpressured after all input admission
  ---
  duration_ms: 85.452167
  type: 'test'
  ...
1..30
# tests 30
# suites 0
# pass 20
# fail 10
# cancelled 0
# skipped 0
# todo 0
# duration_ms 578.462375
