{
  "exports": [
    "ACCESS_MODES",
    "CommandRegistry",
    "CurlError",
    "FsError",
    "MemoryFileSystem",
    "MockS3Client",
    "MountFileSystem",
    "OverlayFileSystem",
    "ReadOnlyFileSystem",
    "RealFileSystem",
    "S3FileSystem",
    "S3RenameError",
    "S3ServiceError",
    "SafeJsCommandLimitError",
    "Shell",
    "ShellLimitError",
    "ShellSyntaxError",
    "WebDavFileSystem",
    "agentCommands",
    "assertPathWithin",
    "basename",
    "byteCommands",
    "collectBytes",
    "collectText",
    "composeMiddleware",
    "createAgentCommands",
    "createByteCommands",
    "createBytePipe",
    "createCurlCommand",
    "createCurlCommands",
    "createDiffPatchCommands",
    "createMemoryFileSystem",
    "createMetadataCommands",
    "createMountFileSystem",
    "createNetworkCommands",
    "createNodeFsBridge",
    "createNodeHttpTransport",
    "createOverlayFileSystem",
    "createReadOnlyFileSystem",
    "createRealFileSystem",
    "createS3Transport",
    "createSafeJsCommands",
    "createSearchCommands",
    "createStandardCommands",
    "createStructuredCommands",
    "createTextProgramCommands",
    "curlCommands",
    "defaultJqLimits",
    "defaultNetworkLimits",
    "defaultSafeJsLimits",
    "diffPatchCommands",
    "dirname",
    "encodeCopySource",
    "extname",
    "isAbsolutePath",
    "isErrnoCode",
    "isFsError",
    "isPathWithin",
    "joinPath",
    "makeSafeJsFsModule",
    "makeSafeJsShellModule",
    "metadataCommands",
    "networkCommands",
    "normalizePath",
    "parseShell",
    "pipeBytes",
    "posixPath",
    "readBytes",
    "relativePath",
    "resolvePath",
    "safeJsCommands",
    "searchCommands",
    "standardCommands",
    "structuredCommands",
    "textProgramCommands",
    "toByteSource",
    "toFsError",
    "validateExitCode",
    "validatePath",
    "writeBytes",
    "writeText"
  ],
  "defaultCommandCount": 52,
  "defaultCommands": [
    "[",
    "awk",
    "base32",
    "base64",
    "basename",
    "cat",
    "chmod",
    "cksum",
    "cp",
    "cut",
    "diff",
    "dirname",
    "echo",
    "env",
    "false",
    "find",
    "grep",
    "gunzip",
    "gzip",
    "head",
    "jq",
    "ln",
    "ls",
    "md5sum",
    "mkdir",
    "mktemp",
    "mv",
    "od",
    "patch",
    "printf",
    "pwd",
    "readlink",
    "realpath",
    "rg",
    "rm",
    "rmdir",
    "sed",
    "sha1sum",
    "sha256sum",
    "sort",
    "stat",
    "tail",
    "tee",
    "test",
    "touch",
    "tr",
    "true",
    "uniq",
    "wc",
    "xargs",
    "xxd",
    "zcat"
  ],
  "optionalCurlExport": "function",
  "optionalSafeJsExport": "function",
  "tsxResolved": "/private/tmp/safe-bash-current-integration-69dbdy0m/source/node_modules/tsx/dist/loader.mjs",
  "typescriptResolved": "/private/tmp/safe-bash-current-integration-69dbdy0m/source/node_modules/typescript/lib/typescript.js",
  "comparatorResolved": "/private/tmp/safe-bash-current-integration-69dbdy0m/source/benchmarks/node_modules/just-bash/dist/bundle/index.cjs"
}
