
 RUN  v4.1.11 /Users/kjopek/Workspace/poe-code

 ❯ packages/safe-js/test/conformance/prototype-setter-function-name.test.ts (11 tests | 6 failed) 233ms
   × does not infer a prototype setter name for function () {} 44ms
   × does not infer a prototype setter name for () => 1 20ms
   × does not infer a prototype setter name for async function () {} 20ms
   × does not infer a prototype setter name for function* () {} 21ms
   × does not infer a prototype setter name for async function* () {} 20ms
   × does not infer a prototype setter name for class {} 19ms
   ✓ does not infer a prototype setter name for function explicit() {} 20ms
   ✓ retains ordinary property name inference: ({["__proto__"]: function () {}}).__proto__.name 17ms
   ✓ retains ordinary property name inference: ({__proto__() {}}).__proto__.name 19ms
   ✓ retains ordinary property name inference: Object.getOwnPropertyDescriptor({get __proto__() {}}, "__proto__").get.name 17ms
   ✓ retains ordinary property name inference: Object.getOwnPropertyDescriptor({set __proto__(value) {}}, "__proto__").set.name 16ms
FAIL packages/safe-js/test/conformance/prototype-setter-function-name.test.ts > does not infer a prototype setter name for function () {}
AssertionError: expected { Object (status, value) } to deeply equal { status: 'normal', value: '' }

- Expected
+ Received

  {
    "status": "normal",
-   "value": "",
+   "value": "__proto__",
  }

 ❯ packages/safe-js/test/conformance/prototype-setter-function-name.test.ts:16:8
     14|   try {
     15|     expect(await realm.evaluate(`Object.getPrototypeOf({__proto__: ${e…
     16|       .toEqual({ status: "normal", value: name });
       |        ^
     17|   } finally { await realm.dispose(); }
     18| });

FAIL packages/safe-js/test/conformance/prototype-setter-function-name.test.ts > does not infer a prototype setter name for () => 1
AssertionError: expected { Object (status, value) } to deeply equal { status: 'normal', value: '' }

- Expected
+ Received

  {
    "status": "normal",
-   "value": "",
+   "value": "__proto__",
  }

 ❯ packages/safe-js/test/conformance/prototype-setter-function-name.test.ts:16:8
     14|   try {
     15|     expect(await realm.evaluate(`Object.getPrototypeOf({__proto__: ${e…
     16|       .toEqual({ status: "normal", value: name });
       |        ^
     17|   } finally { await realm.dispose(); }
     18| });

FAIL packages/safe-js/test/conformance/prototype-setter-function-name.test.ts > does not infer a prototype setter name for async function () {}
AssertionError: expected { Object (status, value) } to deeply equal { status: 'normal', value: '' }

- Expected
+ Received

  {
    "status": "normal",
-   "value": "",
+   "value": "__proto__",
  }

 ❯ packages/safe-js/test/conformance/prototype-setter-function-name.test.ts:16:8
     14|   try {
     15|     expect(await realm.evaluate(`Object.getPrototypeOf({__proto__: ${e…
     16|       .toEqual({ status: "normal", value: name });
       |        ^
     17|   } finally { await realm.dispose(); }
     18| });

FAIL packages/safe-js/test/conformance/prototype-setter-function-name.test.ts > does not infer a prototype setter name for function* () {}
AssertionError: expected { Object (status, value) } to deeply equal { status: 'normal', value: '' }

- Expected
+ Received

  {
    "status": "normal",
-   "value": "",
+   "value": "__proto__",
  }

 ❯ packages/safe-js/test/conformance/prototype-setter-function-name.test.ts:16:8
     14|   try {
     15|     expect(await realm.evaluate(`Object.getPrototypeOf({__proto__: ${e…
     16|       .toEqual({ status: "normal", value: name });
       |        ^
     17|   } finally { await realm.dispose(); }
     18| });

FAIL packages/safe-js/test/conformance/prototype-setter-function-name.test.ts > does not infer a prototype setter name for async function* () {}
AssertionError: expected { Object (status, value) } to deeply equal { status: 'normal', value: '' }

- Expected
+ Received

  {
    "status": "normal",
-   "value": "",
+   "value": "__proto__",
  }

 ❯ packages/safe-js/test/conformance/prototype-setter-function-name.test.ts:16:8
     14|   try {
     15|     expect(await realm.evaluate(`Object.getPrototypeOf({__proto__: ${e…
     16|       .toEqual({ status: "normal", value: name });
       |        ^
     17|   } finally { await realm.dispose(); }
     18| });

FAIL packages/safe-js/test/conformance/prototype-setter-function-name.test.ts > does not infer a prototype setter name for class {}
AssertionError: expected { Object (status, value) } to deeply equal { status: 'normal', value: '' }

- Expected
+ Received

  {
    "status": "normal",
-   "value": "",
+   "value": "__proto__",
  }

 ❯ packages/safe-js/test/conformance/prototype-setter-function-name.test.ts:16:8
     14|   try {
     15|     expect(await realm.evaluate(`Object.getPrototypeOf({__proto__: ${e…
     16|       .toEqual({ status: "normal", value: name });
       |        ^
     17|   } finally { await realm.dispose(); }
     18| });


⎯⎯⎯⎯⎯⎯⎯ Failed Tests 6 ⎯⎯⎯⎯⎯⎯⎯

 FAIL  packages/safe-js/test/conformance/prototype-setter-function-name.test.ts > does not infer a prototype setter name for function () {}
 FAIL  packages/safe-js/test/conformance/prototype-setter-function-name.test.ts > does not infer a prototype setter name for () => 1
 FAIL  packages/safe-js/test/conformance/prototype-setter-function-name.test.ts > does not infer a prototype setter name for async function () {}
 FAIL  packages/safe-js/test/conformance/prototype-setter-function-name.test.ts > does not infer a prototype setter name for function* () {}
 FAIL  packages/safe-js/test/conformance/prototype-setter-function-name.test.ts > does not infer a prototype setter name for async function* () {}
 FAIL  packages/safe-js/test/conformance/prototype-setter-function-name.test.ts > does not infer a prototype setter name for class {}
AssertionError: expected { Object (status, value) } to deeply equal { status: 'normal', value: '' }

- Expected
+ Received

  {
    "status": "normal",
-   "value": "",
+   "value": "__proto__",
  }

 ❯ packages/safe-js/test/conformance/prototype-setter-function-name.test.ts:16:8
     14|   try {
     15|     expect(await realm.evaluate(`Object.getPrototypeOf({__proto__: ${e…
     16|       .toEqual({ status: "normal", value: name });
       |        ^
     17|   } finally { await realm.dispose(); }
     18| });

⎯⎯⎯⎯⎯⎯⎯⎯⎯⎯⎯⎯⎯⎯⎯⎯⎯⎯⎯⎯⎯⎯⎯⎯[1/6]⎯


 Test Files  1 failed (1)
      Tests  6 failed | 5 passed (11)
   Start at  10:04:58
   Duration  2.20s (transform 1.47s, setup 38ms, import 1.84s, tests 233ms, environment 0ms)

