
> docx@0.0.1 test
> cd ../.. && vitest run packages/docx


 RUN  v4.1.11 /Users/kjopek/Workspace/poe-setup-scripts

 ✓ packages/docx/src/image-replacement.test.ts (33 tests) 10681ms
   ✓ rebinds only the chosen occurrence unless shared intent is explicit (false)  381ms
   ✓ rebinds only the chosen occurrence unless shared intent is explicit (true)  372ms
   ✓ rejects replacement inside an admitted tracked insertion before source acquisition  311ms
   ✓ retires a sole source relationship and part while preserving exact replacement bytes  348ms
   ✓ preserves dormant package incoming references during replacement (false)  431ms
   ✓ preserves dormant package incoming references during replacement (true)  423ms
   ✓ updates shared image owners across body and header stories  441ms
   ✓ refuses opaque extension carriers before replacement acquisition  304ms
   ✓ retains fragments on dormant shared incoming relationships  416ms
   ✓ writes coherent exact replacement bytes and canonical format declarations for png  311ms
   ✓ writes coherent exact replacement bytes and canonical format declarations for jpeg  313ms
   ✓ writes coherent exact replacement bytes and canonical format declarations for gif  314ms
   ✓ writes coherent exact replacement bytes and canonical format declarations for bmp  312ms
   ✓ writes coherent exact replacement bytes and canonical format declarations for tiff  311ms
   ✓ changes only declared extents and fit crop for contain  315ms
   ✓ changes only declared extents and fit crop for cover  312ms
   ✓ changes only declared extents and fit crop for stretch  316ms
   ✓ targets owner relationships when different resource types have equal basenames  420ms
   ✓ preserves exact existing anchor, crop, wrap and alternative text on default replacement  409ms
   ✓ refuses alternate carrier before replacement source acquisition  301ms
   ✓ uses independent physical DPI ratio for one declared dimension  306ms
   ✓ owns producer reused stream chunks and registers cleanup before source open  309ms
   ✓ retains inactive raw XML uses of the old owner relationship  381ms
   ✓ retains zero-incoming media whose outgoing relationship metadata must remain coherent  408ms
   ✓ escapes admitted package folder characters in new content type declarations  348ms
   ✓ treats a leading-dot filename as a recognized final suffix assertion  315ms
 ✓ packages/docx/src/dialect.test.ts (30 tests) 10579ms
   ✓ rejects mixed strict related-part namespaces and relationships  491ms
   ✓ rejects mixed transitional related-part namespaces and relationships  505ms
   ✓ rejects strict active mixed elements and attributes  685ms
   ✓ rejects transitional active mixed elements and attributes  686ms
   ✓ rejects invalid strict document roots and body cardinality  687ms
   ✓ rejects invalid transitional document roots and body cardinality  675ms
   ✓ preserves strict inactive alternate content and opaque payloads  425ms
   ✓ preserves transitional inactive alternate content and opaque payloads  429ms
   ✓ maps every XML editing primitive in strict without prefix rewriting  405ms
   ✓ maps every XML editing primitive in transitional without prefix rewriting  408ms
   ✓ rejects active Strict VML while retaining Transitional VML opaquely  457ms
   ✓ creates explicit strict packages with neutral deterministic defaults  398ms
   ✓ creates explicit transitional packages with neutral deterministic defaults  390ms
   ✓ checks strict active drawing namespaces and graphic-data identifiers  676ms
   ✓ checks transitional active drawing namespaces and graphic-data identifiers  680ms
 ✓ packages/docx/src/workflow-behavior-variants.test.ts (534 tests) 23608ms
 ✓ packages/docx/src/comment-extensions.test.ts (32 tests) 8964ms
   ✓ edits a resolved parent or reply while retaining paragraph IDs and metadata (1)  436ms
   ✓ edits a resolved parent or reply while retaining paragraph IDs and metadata (2)  430ms
   ✓ removes a leaf reply and its ID records without changing parent resolution or shared people  427ms
   ✓ removes the whole selected thread and retains people only when a revision still owns them (false)  391ms
   ✓ removes the whole selected thread and retains people only when a revision still owns them (true)  387ms
   ✓ preserves unknown metadata owned by an unselected comment  348ms
   ✓ preserves an anchored thread in the Strict dialect through SDK and CLI edits  877ms
   ✓ accepts the maximum paragraph identity without rewriting its representation  347ms
   ✓ retains people owned by an extension revision (conflictIns)  420ms
   ✓ retains people owned by an extension revision (conflictDel)  428ms
 ✓ packages/docx/src/control-bindings.test.ts (34 tests) 7975ms
   ✓ synchronizes singleton store and differently tagged aliases for "New"  319ms
   ✓ synchronizes singleton store and differently tagged aliases for ""  307ms
   ✓ synchronizes singleton store and differently tagged aliases for "<&\r\n"  310ms
   ✓ reuses an empty scalar leaf for a subsequent binding  378ms
   ✓ preserves unrelated external custom XML properties beside an internal binding store  346ms
   ✓ rejects nonsingleton scalar leaves and numeric type mismatch  332ms
   ✓ retains a different-store unsupported glossary declaration byte-identically during binding  356ms
 ✓ packages/docx/src/table-behavior-variants.test.ts (199 tests) 7567ms
 ✓ packages/docx/src/table-merge-variants.test.ts (63 tests) 6873ms
 ✓ packages/docx/src/guide-whole-api-workflows.test.ts (18 tests) 5495ms
   ✓ executes original 'quickstart' workflow through public model, SDK and CLI with independent reloaded assertions  601ms
   ✓ executes original 'header-zones' workflow through public model, SDK and CLI with independent reloaded assertions  342ms
   ✓ executes original 'rich-comment' workflow through public model, SDK and CLI with independent reloaded assertions  571ms
   ✓ executes original 'table-grid' workflow through public model, SDK and CLI with independent reloaded assertions  346ms
   ✓ executes original 'style-inheritance' workflow through public model, SDK and CLI with independent reloaded assertions  551ms
   ✓ executes original 'inline-picture' workflow through public model, SDK and CLI with independent reloaded assertions  325ms
   ✓ executes original 'paragraph-formatting' workflow through public model, SDK and CLI with independent reloaded assertions  369ms
   ✓ executes original 'style-identification' workflow through public model, SDK and CLI with independent reloaded assertions  314ms
 ✓ packages/docx/src/style-workflow-variants.test.ts (116 tests) 5970ms
 ✓ packages/docx/src/package-behavior-variants.test.ts (130 tests) 4768ms
 ✓ packages/docx/src/sanitize.test.ts (17 tests) 5084ms
   ✓ enumerates fixed-order effects and retains local links and unrelated text  757ms
   ✓ cleans the owned empty relationship part of a removed embedded leaf  361ms
   ✓ removes the last embedded target and its explicit content type together  336ms
   ✓ retains embedded targets that still have another incoming binding  360ms
   ✓ removes classic comment identities and all owned markers preserving labels  312ms
   ✓ preserves original and destination on final mixed publication failure  712ms
   ✓ refuses compound object carriers after earlier staged actions without publication  329ms
 ✓ packages/docx/src/text-replace.test.ts (38 tests) 4601ms
 ✓ packages/docx/src/xml-parts.test.ts (40 tests) 4548ms
 ✓ packages/docx/src/paragraph-edit.test.ts (47 tests) 4365ms
 ✓ packages/docx/src/image-insertion.test.ts (39 tests) 4377ms
 ✓ packages/docx/src/publication.test.ts (56 tests) 4257ms
     ✓ creates through the SDK with conflict preservation, force and owned output intent  384ms
 ✓ packages/docx/src/image-layout.test.ts (37 tests) 4132ms
 ✓ packages/docx/src/stories.test.ts (17 tests) 3951ms
   ✓ creates all headers variants and deletes an initial definition without removing later owners  660ms
   ✓ creates all footers variants and deletes an initial definition without removing later owners  664ms
   ✓ copies story-relative image and external relationships while retaining media used elsewhere  434ms
 ✓ packages/docx/src/lists.test.ts (27 tests) 4084ms
   ✓ reuses only a complete matching definition, allocates separate instances for explicit starts  307ms
   ✓ rejects style cycles, level mismatches and stale locations  372ms
   ✓ creates a mixed ordered and bullet list without changing a level already used by existing items  494ms
   ✓ isolates mixed-level authoring from other instances sharing the original abstract  312ms
 ✓ packages/docx/src/comments.test.ts (19 tests) 3856ms
   ✓ creates multi-run comments in table cells with explicit identity (false)  300ms
   ✓ edits and deletes one of multiple comments while preserving unrelated annotations exactly  556ms
   ✓ preserves explicit null initials, returns fresh staged locations and supports all removal  319ms
   ✓ counts preceding hyperlink text before choosing comment endpoints  319ms
 ✓ packages/docx/src/font-resources.test.ts (15 tests) 3838ms
   ✓ preserves font bytes, theme extensions and multilingual references through typed edits and text replacement  543ms
   ✓ does not use orphaned or external themes to satisfy package references  404ms
   ✓ retains inherited theme absence in live formatting views and preserves resources on save  366ms
   ✓ rejects rebinding embedded font relationships but allows unchanged font-table XML  317ms
   ✓ uses the document text-color mapping when checking theme slots  353ms
   ✓ honors case-insensitive content types when resolving and protecting fonts  307ms
 ✓ packages/docx/src/images.test.ts (26 tests) 3763ms
   ✓ preserves original inert emf bytes during unrelated image insertion  370ms
   ✓ preserves original inert wdp bytes during unrelated image insertion  340ms
   ✓ groups original repeated image owners with linear location copying  385ms
 ✓ packages/docx/src/diff.test.ts (15 tests) 3799ms
   ✓ compares payloads independently of compression, order, dates and ZIP comments  328ms
   ✓ ignores XML prefix and attribute spelling order but retains whitespace, order and IDs  448ms
   ✓ selects annotation stories and preserves logical table structure  516ms
   ✓ returns equality, difference and trouble through explicit memfs inputs without writes  329ms
   ✓ preserves semantic XML order, adjacent character data and meaningful attribute values  403ms
   ✓ compares logical run splits and detects selected image and annotation identity changes  636ms
 ✓ packages/docx/src/sections.test.ts (28 tests) 3701ms
   ✓ preserves all header/footer variants through global policy enable and disable (false)  655ms
   ✓ preserves all header/footer variants through global policy enable and disable (true)  657ms
 ✓ packages/docx/src/inspection.test.ts (31 tests) 3749ms
 ✓ packages/docx/src/notes.test.ts (25 tests) 3576ms
   ✓ keeps note images and relationships through scoped edits and deletion  318ms
 ✓ packages/docx/src/template.test.ts (30 tests) 3665ms
   ✓ expands explicit row template arrays and retains empty refillable items  329ms
   ✓ expands explicit block template arrays and retains empty refillable items  305ms
   ✓ expands nested declared sections and remaps contained bookmark references per item  315ms
   ✓ supports nested row templates in sections, empty children and varied prior item counts  519ms
   ✓ preserves nested inline PNG media while remapping drawing IDs and owner-local relationships  335ms
 ✓ packages/docx/src/package.test.ts (66 tests) 3586ms
 ✓ packages/docx/src/table-merge.test.ts (30 tests) 3543ms
   ✓ joins a rectangular span in row order and aliases all covered coordinates  326ms
   ✓ combines existing horizontal and vertical spans without dropping nested blocks  502ms
   ✓ splits into equal rectangular subspans without changing the stored grid  362ms
 ✓ packages/docx/src/styles-model-boundaries.test.ts (257 tests) 3409ms
   ✓ reads and sets latent default default_to_hidden with strict boolean semantics  332ms
   ✓ reads and sets latent default default_to_locked with strict boolean semantics  330ms
   ✓ reads and sets latent default default_to_quick_style with strict boolean semantics  335ms
   ✓ reads and sets latent default default_to_unhide_when_used with strict boolean semantics  338ms
 ✓ packages/docx/src/document-properties.test.ts (27 tests) 3488ms
 ✓ packages/docx/src/styles.test.ts (16 tests) 2915ms
   ✓ creates and edits a paragraph style without changing unedited metadata  423ms
   ✓ creates and edits a character style without changing unedited metadata  404ms
   ✓ creates and edits a table style without changing unedited metadata  396ms
 ✓ packages/docx/src/links.test.ts (36 tests) 3180ms
 ✓ packages/docx/src/pack.test.ts (28 tests) 2822ms
 ✓ packages/docx/src/removal.test.ts (31 tests) 2826ms
   ✓ retains every shared media byte and relationship during unrelated run removal  590ms
 ✓ packages/docx/src/revision-decisions.test.ts (29 tests) 2740ms
 ✓ packages/docx/src/controls.test.ts (38 tests) 2541ms
 ✓ packages/docx/src/fields.test.ts (32 tests) 2493ms
 ✓ packages/docx/src/extract.test.ts (29 tests) 2505ms
 ✓ packages/docx/src/table-edit.test.ts (28 tests) 2407ms
 ✓ packages/docx/src/create.test.ts (15 tests) 2424ms
   ✓ creates deterministic independently reopened docx packages in both dialects  403ms
   ✓ creates deterministic independently reopened dotx packages in both dialects  374ms
   ✓ keeps an original conflicting title and outline style and reuses generated heading identities  347ms
 ✓ packages/docx/src/signatures.test.ts (15 tests) 2303ms
 ✓ packages/docx/src/bookmarks.test.ts (22 tests) 2377ms
 ✓ packages/docx/src/field-structures.test.ts (9 tests) 2082ms
   ✓ creates bounded fields with separate inert instructions and caches (false)  469ms
   ✓ creates bounded fields with separate inert instructions and caches (true)  424ms
   ✓ creates referenced bookmarks and renames generated REF/PAGEREF operands without touching caches  324ms
 ✓ packages/docx/src/dummy-text.test.ts (10 tests) 2282ms
   ✓ repeats seeded output byte for byte and restarts the sequence per paragraph  423ms
   ✓ retains every unselected package member including hidden metadata and image bytes  573ms
 ✓ packages/docx/src/simple-selection.test.ts (30 tests) 2039ms
 ✓ packages/docx/src/run-format.test.ts (22 tests) 2031ms
 ✓ packages/docx/src/locations.test.ts (35 tests) 1985ms
 ✓ packages/docx/src/equations.test.ts (30 tests) 1901ms
 ✓ packages/docx/src/table-active-grid.test.ts (34 tests) 1924ms
 ✓ packages/docx/src/media-graph-regression.test.ts (9 tests) 1900ms
   ✓ keeps occurrence ownership through replacement and later crop edits (false)  378ms
   ✓ keeps occurrence ownership through replacement and later crop edits (true)  318ms
   ✓ preserves inert svg-pair resources through inline insertion and refuses their replacement before acquisition  352ms
 ✓ packages/docx/src/charts.test.ts (20 tests) 1765ms
 ✓ packages/docx/src/revisions.test.ts (30 tests) 1818ms
 ✓ packages/docx/src/objects.test.ts (21 tests) 1691ms
 ✓ packages/docx/src/admission.test.ts (21 tests) 1692ms
 ✓ packages/docx/src/diagrams.test.ts (23 tests) 1552ms
 ✓ packages/docx/src/tracked-text.test.ts (13 tests) 1551ms
 ✓ packages/docx/src/async-model-capabilities.test.ts (23 tests) 1506ms
 ✓ packages/docx/src/control-repeat.test.ts (17 tests) 1561ms
   ✓ clears choice/date values and resets declared checkbox glyph in a reusable empty item  319ms
 ✓ packages/docx/tests/public-shell.test.ts (1 test) 1429ms
   ✓ runs built public SDK and shell consumers outside source aliases  1428ms
 ✓ packages/docx/src/diff-input-ownership.test.ts (12 tests) 1517ms
 ✓ packages/docx/src/shape-edit.test.ts (21 tests) 1351ms
 ✓ packages/docx/src/text.test.ts (18 tests) 1346ms
   ✓ orders all story scopes and deduplicates shared parts  455ms
 ✓ packages/docx/tests/fixtures/documents.test.ts (23 tests) 1304ms
 ✓ packages/docx/src/run-break-contract.test.ts (18 tests) 1260ms
(node:63747) Warning: The 'NO_COLOR' env is ignored due to the 'FORCE_COLOR' env being set.
(Use `node --trace-warnings ...` to show where the warning was created)
 ✓ packages/docx/tests/assertions.test.ts (23 tests) 1219ms
     ✓ rejects dangling styles, numbering, note IDs and unmatched bookmark ranges  353ms
 ✓ packages/docx/src/image-replacement-command.test.ts (8 tests) 1237ms
 ✓ packages/docx/src/section-model.test.ts (27 tests) 1221ms
 ✓ packages/docx/src/style-formatting.test.ts (11 tests) 1174ms
 ✓ packages/docx/src/table-construction.test.ts (25 tests) 1124ms
 ✓ packages/docx/src/batch.test.ts (18 tests) 1123ms
 ✓ packages/docx/tests/cross-format-cli.test.ts (58 tests) 1105ms
 ✓ packages/docx/src/io.test.ts (19 tests) 1108ms
 ✓ packages/docx/src/control-clone.test.ts (11 tests) 1087ms
   ✓ remaps drawing occurrence IDs and relationships while retaining shared original media bytes  401ms
 ✓ packages/docx/src/ancillary-resources.test.ts (6 tests) 1030ms
 ✓ packages/docx/src/package-view.test.ts (12 tests) 1067ms
 ✓ packages/docx/src/images-command.test.ts (13 tests) 1022ms
 ✓ packages/docx/src/package-view-resources.test.ts (10 tests) 987ms
 ✓ packages/docx/src/settings.test.ts (14 tests) 929ms
 ✓ packages/docx/src/paragraph-insertion-contract.test.ts (14 tests) 830ms
 ✓ packages/docx/src/inspection-command.test.ts (11 tests) 759ms
 ✓ packages/docx/src/xml-element-view.test.ts (13 tests) 820ms
 ✓ packages/docx/src/styles-model.test.ts (9 tests) 765ms
 ✓ packages/docx/src/document-model.test.ts (7 tests) 750ms
 ✓ packages/docx/src/diagram-observations.test.ts (18 tests) 714ms
   ✓ public physical inventory recognizes exact shape expanded pairs in dialect false  365ms
   ✓ public physical inventory recognizes exact shape expanded pairs in dialect true  339ms
 ✓ packages/docx/src/discovery-completeness.test.ts (11 tests) 747ms
 ✓ packages/docx/src/xml-write.test.ts (42 tests) 690ms
 ✓ packages/docx/src/control-picture.test.ts (10 tests) 711ms
 ✓ packages/docx/src/relationship-deletion-references.test.ts (10 tests) 677ms
 ✓ packages/docx/src/xml-command.test.ts (9 tests) 691ms
 ✓ packages/docx/src/xml-behavior-variants.test.ts (70 tests) 624ms
 ✓ packages/docx/src/properties-command.test.ts (10 tests) 690ms
 ✓ packages/docx/src/large-profile.test.ts (6 tests) 575ms
 ✓ packages/docx/src/styles-command.test.ts (13 tests) 550ms
 ✓ packages/docx/src/pack-uri-batch.test.ts (13 tests) 535ms
 ✓ packages/docx/src/adversarial-input.test.ts (49 tests) 532ms
 ✓ packages/docx/src/ancillary-resources-command.test.ts (8 tests) 533ms
 ✓ packages/docx/src/fields-command.test.ts (15 tests) 521ms
 ✓ packages/docx/src/command-cancellation-contract.test.ts (10 tests) 503ms
 ✓ packages/docx/src/budget.test.ts (19 tests) 494ms
 ✓ packages/docx/src/stories-command.test.ts (5 tests) 482ms
 ✓ packages/docx/src/image-insertion-command.test.ts (8 tests) 478ms
 ✓ packages/docx/src/document-workflow-boundaries.test.ts (4 tests) 497ms
 ✓ packages/docx/src/corpus-structure-regression.test.ts (4 tests) 458ms
 ✓ packages/docx/src/style-model-batch.test.ts (9 tests) 454ms
 ✓ packages/docx/src/inline-shape-model.test.ts (3 tests) 456ms
 ✓ packages/docx/src/sanitize-command.test.ts (3 tests) 445ms
 ✓ packages/docx/src/bookmarks-command.test.ts (4 tests) 450ms
   ✓ creates, lists, renames and removes a table-contained multi-run bookmark through the CLI  367ms
 ✓ packages/docx/src/collection-value-protocols.test.ts (21 tests) 406ms
 ✓ packages/docx/src/archive.test.ts (16 tests) 442ms
 ✓ packages/docx/src/numbering-model-workflow.test.ts (8 tests) 418ms
 ✓ packages/docx/src/text-command.test.ts (5 tests) 392ms
 ✓ packages/docx/src/structure-model-command.test.ts (4 tests) 380ms
 ✓ packages/docx/src/settings-model.test.ts (7 tests) 396ms
 ✓ packages/docx/src/guide-style-identification.test.ts (3 tests) 374ms
 ✓ packages/docx/src/numeric-property-command.test.ts (5 tests) 390ms
 ✓ packages/docx/src/structure-model-batch-operations.test.ts (7 tests) 380ms
 ✓ packages/docx/src/create-command.test.ts (3 tests) 379ms
 ✓ packages/docx/src/style-formatting-command.test.ts (4 tests) 365ms
 ✓ packages/docx/src/table-list.test.ts (5 tests) 347ms
 ✓ packages/docx/src/equations-command.test.ts (6 tests) 334ms
 ✓ packages/docx/src/text-box-locations.test.ts (7 tests) 339ms
 ✓ packages/docx/src/review-model.test.ts (17 tests) 327ms
 ✓ packages/docx/src/diagrams-command.test.ts (5 tests) 338ms
 ✓ packages/docx/src/review-style-model.test.ts (6 tests) 319ms
 ✓ packages/docx/src/model-active-content.test.ts (6 tests) 320ms
 ✓ packages/docx/src/archive-write.test.ts (11 tests) 308ms
 ✓ packages/docx/src/cell-terminal-validation-contract.test.ts (8 tests) 313ms
 ✓ packages/docx/src/table-model.test.ts (14 tests) 311ms
 ✓ packages/docx/src/table-read.test.ts (6 tests) 321ms
 ✓ packages/docx/src/links-command.test.ts (7 tests) 277ms
 ✓ packages/docx/src/objects-command.test.ts (3 tests) 291ms
 ✓ packages/docx/src/image-extraction-failure-envelope.test.ts (1 test) 264ms
 ✓ packages/docx/src/package-view-command.test.ts (5 tests) 282ms
 ✓ packages/docx/src/style-model-command.test.ts (4 tests) 265ms
 ✓ packages/docx/src/validation.test.ts (54 tests) 247ms
 ✓ packages/docx/src/highlight-xml-contract.test.ts (19 tests) 252ms
 ✓ packages/docx/src/document-session.test.ts (6 tests) 245ms
 ✓ packages/docx/src/discovery.test.ts (22 tests) 220ms
 ✓ packages/docx/src/signatures-command.test.ts (3 tests) 231ms
 ✓ packages/docx/src/model-xml-removal-contract.test.ts (3 tests) 210ms
 ✓ packages/docx/src/image-layout-command.test.ts (1 test) 201ms
 ✓ packages/docx/src/table-command-boundaries.test.ts (3 tests) 187ms
 ✓ packages/docx/src/relationship-deletion-command.test.ts (2 tests) 200ms
 ✓ packages/docx/src/image-batch-operations.test.ts (5 tests) 189ms
 ✓ packages/docx/src/notes-boundaries.test.ts (2 tests) 178ms
 ✓ packages/docx/src/model-enum-assignment-contract.test.ts (2 tests) 165ms
 ✓ packages/docx/src/charts-command.test.ts (3 tests) 168ms
 ✓ packages/docx/src/model-package-owner-preservation.test.ts (2 tests) 149ms
 ✓ packages/docx/src/public-enum-protocols.test.ts (18 tests) 144ms
 ✓ packages/docx/src/publication-conflict-guidance.test.ts (2 tests) 148ms
 ✓ packages/docx/src/run-format-command.test.ts (5 tests) 141ms
 ✓ packages/docx/src/semantic-usage-guidance.test.ts (2 tests) 145ms
 ✓ packages/docx/src/formatting-model-boundaries.test.ts (36 tests) 128ms
 ✓ packages/docx/src/control-template-command.test.ts (1 test) 127ms
 ✓ packages/docx/src/document-write-budget.test.ts (3 tests) 131ms
 ✓ packages/docx/src/font-tabs.test.ts (37 tests) 94ms
 ✓ packages/docx/src/xml-view-command.test.ts (1 test) 117ms
 ✓ packages/docx/src/text-match-guidance.test.ts (2 tests) 107ms
 ✓ packages/docx/src/shapes-command.test.ts (1 test) 103ms
 ✓ packages/docx/src/package-write-budget.test.ts (3 tests) 97ms
 ✓ packages/docx/src/core-defaults-workflow.test.ts (2 tests) 94ms
 ✓ packages/docx/src/style-formatting-schema.test.ts (24 tests) 78ms
 ✓ packages/docx/src/root-help-usability.test.ts (2 tests) 96ms
 ✓ packages/docx/src/command.test.ts (58 tests) 80ms
 ✓ packages/docx/src/live-formatting-owner.test.ts (1 test) 84ms
 ✓ packages/docx/src/default-model-styles.test.ts (1 test) 78ms
 ✓ packages/docx/src/tracked-text-command.test.ts (8 tests) 69ms
 ✓ packages/docx/src/operation-json-schema.test.ts (7 tests) 70ms
 ✓ packages/docx/src/image-operation-contract.test.ts (6 tests) 62ms
 ✓ packages/docx/src/raster-operation-contract.test.ts (7 tests) 68ms
 ✓ packages/docx/src/paragraph-format-namespace-owner.test.ts (1 test) 56ms
 ✓ packages/docx/src/formatting-model.test.ts (33 tests) 47ms
 ✓ packages/docx/src/property-values.test.ts (1 test) 36ms
 ✓ packages/docx/src/binding-ownership.test.ts (1 test) 42ms
 ✓ packages/docx/src/batch-discovery.test.ts (2 tests) 37ms
 ✓ packages/docx/src/image-characterization-variants.test.ts (138 tests) 36ms
 ✓ packages/docx/src/batch-admission.test.ts (7 tests) 30ms
 ✓ packages/docx/src/compatibility.test.ts (53 tests) 25ms
 ✓ packages/docx/src/xml-sequence-cases.test.ts (23 tests) 22ms
 ✓ packages/docx/src/legacy-command-guidance.test.ts (4 tests) 18ms
 ✓ packages/docx/src/adversarial-fields.test.ts (8 tests) 19ms
 ✓ packages/docx/src/bookmark-references.test.ts (26 tests) 16ms
 ✓ packages/docx/src/chart-values.test.ts (32 tests) 18ms
 ✓ packages/docx/src/image-model.test.ts (40 tests) 14ms
 ✓ packages/docx/src/run-properties.test.ts (3 tests) 13ms
 ✓ packages/docx/src/svg-image.test.ts (62 tests) 13ms
 ✓ packages/docx/src/package-xml.test.ts (48 tests) 12ms
 ✓ packages/docx/src/property-operation-contract.test.ts (7 tests) 12ms
 ✓ packages/docx/src/formatting-values.test.ts (7 tests) 11ms
 ✓ packages/docx/src/svg-fallback-operation-contract.test.ts (3 tests) 9ms
 ✓ packages/docx/src/revision-decisions-command.test.ts (6 tests) 12ms
 ✓ packages/docx/src/capability-failure-contract.test.ts (2 tests) 10ms
 ✓ packages/docx/src/numeric-property-schema-contract.test.ts (8 tests) 10ms
 ✓ packages/docx/src/package-resources-command.test.ts (9 tests) 10ms
 ✓ packages/docx/src/notes-discovery.test.ts (2 tests) 9ms
 ✓ packages/docx/src/control-values-command.test.ts (7 tests) 9ms
 ✓ packages/docx/src/equation-operation-contract.test.ts (3 tests) 9ms
 ✓ packages/docx/src/image-model-input.test.ts (14 tests) 9ms
 ✓ packages/docx/src/control-records-command.test.ts (5 tests) 8ms
 ✓ packages/docx/src/raster-characterization-cases.test.ts (45 tests) 10ms
 ✓ packages/docx/src/image-replacement-operation-contract.test.ts (3 tests) 8ms
 ✓ packages/docx/src/shape-carriers.test.ts (10 tests) 7ms
 ✓ packages/docx/src/command-properties.test.ts (51 tests) 9ms
 ✓ packages/docx/src/image-layout-operation-contract.test.ts (3 tests) 8ms
 ✓ packages/docx/src/command-edge.test.ts (22 tests) 8ms
 ✓ packages/docx/src/pack-uri.test.ts (36 tests) 8ms
 ✓ packages/docx/src/equation-fragments.test.ts (15 tests) 8ms
 ✓ packages/docx/src/equation-properties.test.ts (12 tests) 7ms
 ✓ packages/docx/src/diagram-operation-contract.test.ts (3 tests) 7ms
 ✓ packages/docx/src/shape-operation-contract.test.ts (2 tests) 7ms
 ✓ packages/docx/src/command-option-rules.test.ts (76 tests) 7ms
 ✓ packages/docx/tests/schema-consumer.test.ts (7 tests) 6ms
 ✓ packages/docx/src/raster-header.test.ts (13 tests) 7ms
 ✓ packages/docx/src/object-operation-contract.test.ts (2 tests) 6ms
 ✓ packages/docx/src/chart-operation-contract.test.ts (2 tests) 6ms
 ✓ packages/docx/src/operation-schema.test.ts (19 tests) 6ms
 ✓ packages/docx/src/packing-vfs-admission.test.ts (7 tests) 5ms
 ✓ packages/docx/src/argument-json.test.ts (13 tests) 5ms
 ✓ packages/docx/src/document-part-roles.test.ts (1 test) 4ms
 ✓ packages/docx/src/model-context-consistency.test.ts (3 tests) 4ms
 ✓ packages/docx/src/missing-selection-guidance.test.ts (2 tests) 4ms
 ✓ packages/docx/src/command-recovery-guidance.test.ts (3 tests) 4ms
 ✓ packages/docx/src/pack-inventory-negative-index.test.ts (3 tests) 2ms
 ✓ packages/docx/src/operation-types.test.ts (14 tests) 2ms

 Test Files  225 passed (225)
      Tests  4967 passed (4967)
   Start at  00:30:58
   Duration  169.48s (transform 4.75s, setup 1.33s, import 33.92s, tests 292.84s, environment 8ms)
