TAP version 13
# Subtest: built public Python aliases match native CPython-in-Bash command and file behavior
    # Subtest: python: file arguments and metadata
    ok 1 - python: file arguments and metadata
      ---
      duration_ms: 1438.902958
      type: 'test'
      ...
    # Subtest: python: inline arguments and metadata
    ok 2 - python: inline arguments and metadata
      ---
      duration_ms: 1389.2515
      type: 'test'
      ...
    # Subtest: python: module arguments and metadata
    ok 3 - python: module arguments and metadata
      ---
      duration_ms: 1400.512333
      type: 'test'
      ...
    # Subtest: python: explicit stdin arguments and metadata
    ok 4 - python: explicit stdin arguments and metadata
      ---
      duration_ms: 1205.428334
      type: 'test'
      ...
    # Subtest: python: implicit stdin metadata
    ok 5 - python: implicit stdin metadata
      ---
      duration_ms: 1083.470083
      type: 'test'
      ...
    # Subtest: python: local and relative package imports
    ok 6 - python: local and relative package imports
      ---
      duration_ms: 1099.032
      type: 'test'
      ...
    # Subtest: python: cwd and environment mutation
    ok 7 - python: cwd and environment mutation
      ---
      duration_ms: 1156.600167
      type: 'test'
      ...
    # Subtest: python: uncaught exception stderr
    not ok 8 - python: uncaught exception stderr
      ---
      duration_ms: 1292.755541
      type: 'test'
      location: '/Users/kjopek/Workspace/poe-setup-scripts/packages/safe-bash/tests/integration/pyodide-runtime/public-command-parity.test.mjs:116:66'
      failureType: 'testCodeFailure'
      error: |-
        python -c 'raise ValueError("guest failure")' stderr
        + actual - expected
        ... Skipped lines
        
        + Uint8Array(100) [
        - Uint8Array(138) [
            84,
            114,
            97,
            99,
            101,
        ...
            10,
        -   32,
        -   32,
        -   32,
        -   32,
        -   114,
        -   97,
        -   105,
        -   115,
        -   101,
        -   32,
            86,
            97,
            108,
            117,
            101,
        ...
            114,
        -   40,
        -   34,
        -   103,
        -   117,
        -   101,
        -   115,
        -   116,
        -   32,
        -   102,
        -   97,
        -   105,
        -   108,
        -   117,
        -   114,
        -   101,
        -   34,
        -   41,
        -   10,
        -   86,
        -   97,
        -   108,
        -   117,
        -   101,
        -   69,
        -   114,
        -   114,
        -   111,
        -   114,
            58,
            32,
            103,
            117,
            101,
        
      code: 'ERR_ASSERTION'
      name: 'AssertionError'
      expected:
        0: 84
        1: 114
        2: 97
        3: 99
        4: 101
        5: 98
        6: 97
        7: 99
        8: 107
        9: 32
        10: 40
        11: 109
        12: 111
        13: 115
        14: 116
        15: 32
        16: 114
        17: 101
        18: 99
        19: 101
        20: 110
        21: 116
        22: 32
        23: 99
        24: 97
        25: 108
        26: 108
        27: 32
        28: 108
        29: 97
        30: 115
        31: 116
        32: 41
        33: 58
        34: 10
        35: 32
        36: 32
        37: 70
        38: 105
        39: 108
        40: 101
        41: 32
        42: 34
        43: 60
        44: 115
        45: 116
        46: 114
        47: 105
        48: 110
        49: 103
        50: 62
        51: 34
        52: 44
        53: 32
        54: 108
        55: 105
        56: 110
        57: 101
        58: 32
        59: 49
        60: 44
        61: 32
        62: 105
        63: 110
        64: 32
        65: 60
        66: 109
        67: 111
        68: 100
        69: 117
        70: 108
        71: 101
        72: 62
        73: 10
        74: 32
        75: 32
        76: 32
        77: 32
        78: 114
        79: 97
        80: 105
        81: 115
        82: 101
        83: 32
        84: 86
        85: 97
        86: 108
        87: 117
        88: 101
        89: 69
        90: 114
        91: 114
        92: 111
        93: 114
        94: 40
        95: 34
        96: 103
        97: 117
        98: 101
        99: 115
        100: 116
        101: 32
        102: 102
        103: 97
        104: 105
        105: 108
        106: 117
        107: 114
        108: 101
        109: 34
        110: 41
        111: 10
        112: 86
        113: 97
        114: 108
        115: 117
        116: 101
        117: 69
        118: 114
        119: 114
        120: 111
        121: 114
        122: 58
        123: 32
        124: 103
        125: 117
        126: 101
        127: 115
        128: 116
        129: 32
        130: 102
        131: 97
        132: 105
        133: 108
        134: 117
        135: 114
        136: 101
        137: 10
      actual:
        0: 84
        1: 114
        2: 97
        3: 99
        4: 101
        5: 98
        6: 97
        7: 99
        8: 107
        9: 32
        10: 40
        11: 109
        12: 111
        13: 115
        14: 116
        15: 32
        16: 114
        17: 101
        18: 99
        19: 101
        20: 110
        21: 116
        22: 32
        23: 99
        24: 97
        25: 108
        26: 108
        27: 32
        28: 108
        29: 97
        30: 115
        31: 116
        32: 41
        33: 58
        34: 10
        35: 32
        36: 32
        37: 70
        38: 105
        39: 108
        40: 101
        41: 32
        42: 34
        43: 60
        44: 115
        45: 116
        46: 114
        47: 105
        48: 110
        49: 103
        50: 62
        51: 34
        52: 44
        53: 32
        54: 108
        55: 105
        56: 110
        57: 101
        58: 32
        59: 49
        60: 44
        61: 32
        62: 105
        63: 110
        64: 32
        65: 60
        66: 109
        67: 111
        68: 100
        69: 117
        70: 108
        71: 101
        72: 62
        73: 10
        74: 86
        75: 97
        76: 108
        77: 117
        78: 101
        79: 69
        80: 114
        81: 114
        82: 111
        83: 114
        84: 58
        85: 32
        86: 103
        87: 117
        88: 101
        89: 115
        90: 116
        91: 32
        92: 102
        93: 97
        94: 105
        95: 108
        96: 117
        97: 114
        98: 101
        99: 10
      operator: 'deepStrictEqual'
      stack: |-
        compare (file:///Users/kjopek/Workspace/poe-setup-scripts/packages/safe-bash/tests/integration/pyodide-runtime/public-command-parity.test.mjs:60:12)
        async Test.run (node:internal/test_runner/test:1054:7)
        async TestContext.<anonymous> (file:///Users/kjopek/Workspace/poe-setup-scripts/packages/safe-bash/tests/integration/pyodide-runtime/public-command-parity.test.mjs:116:58)
        async Test.run (node:internal/test_runner/test:1054:7)
        async startSubtestAfterBootstrap (node:internal/test_runner/harness:296:3)
      ...
    # Subtest: python: syntax error stderr
    ok 9 - python: syntax error stderr
      ---
      duration_ms: 1342.576291
      type: 'test'
      ...
    # Subtest: python: success stderr
    ok 10 - python: success stderr
      ---
      duration_ms: 1196.109
      type: 'test'
      ...
    # Subtest: python: numeric failure status
    ok 11 - python: numeric failure status
      ---
      duration_ms: 1148.123083
      type: 'test'
      ...
    # Subtest: python: negative failure status
    ok 12 - python: negative failure status
      ---
      duration_ms: 1144.336667
      type: 'test'
      ...
    # Subtest: python: wrapped failure status
    ok 13 - python: wrapped failure status
      ---
      duration_ms: 1121.7145
      type: 'test'
      ...
    # Subtest: python: string failure and stderr
    ok 14 - python: string failure and stderr
      ---
      duration_ms: 1123.023334
      type: 'test'
      ...
    # Subtest: python: shell status
    ok 15 - python: shell status
      ---
      duration_ms: 1095.907667
      type: 'test'
      ...
    # Subtest: python: heredoc
    ok 16 - python: heredoc
      ---
      duration_ms: 1212.093209
      type: 'test'
      ...
    # Subtest: python: binary stdin stdout stderr
    ok 17 - python: binary stdin stdout stderr
      ---
      duration_ms: 1558.986541
      type: 'test'
      ...
    # Subtest: python: binary pipeline and redirect
    ok 18 - python: binary pipeline and redirect
      ---
      duration_ms: 1503.25825
      type: 'test'
      ...
    # Subtest: python: input and stderr redirects
    ok 19 - python: input and stderr redirects
      ---
      duration_ms: 1407.623583
      type: 'test'
      ...
    # Subtest: python: random access and shell reopen
    ok 20 - python: random access and shell reopen
      ---
      duration_ms: 1454.279625
      type: 'test'
      ...
    # Subtest: python: executable env shebang
    not ok 21 - python: executable env shebang
      ---
      duration_ms: 1704.350625
      type: 'test'
      location: '/Users/kjopek/Workspace/poe-setup-scripts/packages/safe-bash/tests/integration/pyodide-runtime/public-command-parity.test.mjs:118:13'
      failureType: 'testCodeFailure'
      error: |-
        ./script "two words" "" "café 日本語" --flag stdout
        + actual - expected
        ... Skipped lines
        
        + Uint8Array(378) [
        - Uint8Array(380) [
            91,
            34,
            95,
            95,
            109,
        ...
            47,
        -   46,
        -   47,
            115,
            99,
            114,
            105,
            112,
        
      code: 'ERR_ASSERTION'
      name: 'AssertionError'
      expected:
        0: 91
        1: 34
        2: 95
        3: 95
        4: 109
        5: 97
        6: 105
        7: 110
        8: 95
        9: 95
        10: 34
        11: 44
        12: 32
        13: 34
        14: 47
        15: 112
        16: 114
        17: 105
        18: 118
        19: 97
        20: 116
        21: 101
        22: 47
        23: 118
        24: 97
        25: 114
        26: 47
        27: 102
        28: 111
        29: 108
        30: 100
        31: 101
        32: 114
        33: 115
        34: 47
        35: 114
        36: 119
        37: 47
        38: 115
        39: 52
        40: 99
        41: 121
        42: 55
        43: 54
        44: 104
        45: 110
        46: 54
        47: 118
        48: 53
        49: 53
        50: 113
        51: 114
        52: 112
        53: 48
        54: 100
        55: 104
        56: 99
        57: 98
        58: 116
        59: 112
        60: 108
        61: 99
        62: 48
        63: 48
        64: 48
        65: 48
        66: 103
        67: 110
        68: 47
        69: 84
        70: 47
        71: 115
        72: 97
        73: 102
        74: 101
        75: 45
        76: 98
        77: 97
        78: 115
        79: 104
        80: 45
        81: 112
        82: 121
        83: 116
        84: 104
        85: 111
        86: 110
        87: 45
        88: 112
        89: 97
        90: 114
        91: 105
        92: 116
        93: 121
        94: 45
        95: 105
        96: 74
        97: 72
        98: 81
        99: 66
        100: 78
        101: 47
        102: 46
        103: 47
        104: 115
        105: 99
        106: 114
        107: 105
        108: 112
        109: 116
        110: 34
        111: 44
        112: 32
        113: 110
        114: 117
        115: 108
        116: 108
        117: 44
        118: 32
        119: 91
        120: 34
        121: 46
        122: 47
        123: 115
        124: 99
        125: 114
        126: 105
        127: 112
        128: 116
        129: 34
        130: 44
        131: 32
        132: 34
        133: 116
        134: 119
        135: 111
        136: 32
        137: 119
        138: 111
        139: 114
        140: 100
        141: 115
        142: 34
        143: 44
        144: 32
        145: 34
        146: 34
        147: 44
        148: 32
        149: 34
        150: 99
        151: 97
        152: 102
        153: 195
        154: 169
        155: 32
        156: 230
        157: 151
        158: 165
        159: 230
        160: 156
        161: 172
        162: 232
        163: 170
        164: 158
        165: 34
        166: 44
        167: 32
        168: 34
        169: 45
        170: 45
        171: 102
        172: 108
        173: 97
        174: 103
        175: 34
        176: 93
        177: 44
        178: 32
        179: 34
        180: 47
        181: 112
        182: 114
        183: 105
        184: 118
        185: 97
        186: 116
        187: 101
        188: 47
        189: 118
        190: 97
        191: 114
        192: 47
        193: 102
        194: 111
        195: 108
        196: 100
        197: 101
        198: 114
        199: 115
        200: 47
        201: 114
        202: 119
        203: 47
        204: 115
        205: 52
        206: 99
        207: 121
        208: 55
        209: 54
        210: 104
        211: 110
        212: 54
        213: 118
        214: 53
        215: 53
        216: 113
        217: 114
        218: 112
        219: 48
        220: 100
        221: 104
        222: 99
        223: 98
        224: 116
        225: 112
        226: 108
        227: 99
        228: 48
        229: 48
        230: 48
        231: 48
        232: 103
        233: 110
        234: 47
        235: 84
        236: 47
        237: 115
        238: 97
        239: 102
        240: 101
        241: 45
        242: 98
        243: 97
        244: 115
        245: 104
        246: 45
        247: 112
        248: 121
        249: 116
        250: 104
        251: 111
        252: 110
        253: 45
        254: 112
        255: 97
        256: 114
        257: 105
        258: 116
        259: 121
        260: 45
        261: 105
        262: 74
        263: 72
        264: 81
        265: 66
        266: 78
        267: 34
        268: 44
        269: 32
        270: 34
        271: 47
        272: 112
        273: 114
        274: 105
        275: 118
        276: 97
        277: 116
        278: 101
        279: 47
        280: 118
        281: 97
        282: 114
        283: 47
        284: 102
        285: 111
        286: 108
        287: 100
        288: 101
        289: 114
        290: 115
        291: 47
        292: 114
        293: 119
        294: 47
        295: 115
        296: 52
        297: 99
        298: 121
        299: 55
        300: 54
        301: 104
        302: 110
        303: 54
        304: 118
        305: 53
        306: 53
        307: 113
        308: 114
        309: 112
        310: 48
        311: 100
        312: 104
        313: 99
        314: 98
        315: 116
        316: 112
        317: 108
        318: 99
        319: 48
        320: 48
        321: 48
        322: 48
        323: 103
        324: 110
        325: 47
        326: 84
        327: 47
        328: 115
        329: 97
        330: 102
        331: 101
        332: 45
        333: 98
        334: 97
        335: 115
        336: 104
        337: 45
        338: 112
        339: 121
        340: 116
        341: 104
        342: 111
        343: 110
        344: 45
        345: 112
        346: 97
        347: 114
        348: 105
        349: 116
        350: 121
        351: 45
        352: 105
        353: 74
        354: 72
        355: 81
        356: 66
        357: 78
        358: 34
        359: 44
        360: 32
        361: 34
        362: 99
        363: 97
        364: 102
        365: 195
        366: 169
        367: 32
        368: 116
        369: 119
        370: 111
        371: 32
        372: 119
        373: 111
        374: 114
        375: 100
        376: 115
        377: 34
        378: 93
        379: 10
      actual:
        0: 91
        1: 34
        2: 95
        3: 95
        4: 109
        5: 97
        6: 105
        7: 110
        8: 95
        9: 95
        10: 34
        11: 44
        12: 32
        13: 34
        14: 47
        15: 112
        16: 114
        17: 105
        18: 118
        19: 97
        20: 116
        21: 101
        22: 47
        23: 118
        24: 97
        25: 114
        26: 47
        27: 102
        28: 111
        29: 108
        30: 100
        31: 101
        32: 114
        33: 115
        34: 47
        35: 114
        36: 119
        37: 47
        38: 115
        39: 52
        40: 99
        41: 121
        42: 55
        43: 54
        44: 104
        45: 110
        46: 54
        47: 118
        48: 53
        49: 53
        50: 113
        51: 114
        52: 112
        53: 48
        54: 100
        55: 104
        56: 99
        57: 98
        58: 116
        59: 112
        60: 108
        61: 99
        62: 48
        63: 48
        64: 48
        65: 48
        66: 103
        67: 110
        68: 47
        69: 84
        70: 47
        71: 115
        72: 97
        73: 102
        74: 101
        75: 45
        76: 98
        77: 97
        78: 115
        79: 104
        80: 45
        81: 112
        82: 121
        83: 116
        84: 104
        85: 111
        86: 110
        87: 45
        88: 112
        89: 97
        90: 114
        91: 105
        92: 116
        93: 121
        94: 45
        95: 105
        96: 74
        97: 72
        98: 81
        99: 66
        100: 78
        101: 47
        102: 115
        103: 99
        104: 114
        105: 105
        106: 112
        107: 116
        108: 34
        109: 44
        110: 32
        111: 110
        112: 117
        113: 108
        114: 108
        115: 44
        116: 32
        117: 91
        118: 34
        119: 46
        120: 47
        121: 115
        122: 99
        123: 114
        124: 105
        125: 112
        126: 116
        127: 34
        128: 44
        129: 32
        130: 34
        131: 116
        132: 119
        133: 111
        134: 32
        135: 119
        136: 111
        137: 114
        138: 100
        139: 115
        140: 34
        141: 44
        142: 32
        143: 34
        144: 34
        145: 44
        146: 32
        147: 34
        148: 99
        149: 97
        150: 102
        151: 195
        152: 169
        153: 32
        154: 230
        155: 151
        156: 165
        157: 230
        158: 156
        159: 172
        160: 232
        161: 170
        162: 158
        163: 34
        164: 44
        165: 32
        166: 34
        167: 45
        168: 45
        169: 102
        170: 108
        171: 97
        172: 103
        173: 34
        174: 93
        175: 44
        176: 32
        177: 34
        178: 47
        179: 112
        180: 114
        181: 105
        182: 118
        183: 97
        184: 116
        185: 101
        186: 47
        187: 118
        188: 97
        189: 114
        190: 47
        191: 102
        192: 111
        193: 108
        194: 100
        195: 101
        196: 114
        197: 115
        198: 47
        199: 114
        200: 119
        201: 47
        202: 115
        203: 52
        204: 99
        205: 121
        206: 55
        207: 54
        208: 104
        209: 110
        210: 54
        211: 118
        212: 53
        213: 53
        214: 113
        215: 114
        216: 112
        217: 48
        218: 100
        219: 104
        220: 99
        221: 98
        222: 116
        223: 112
        224: 108
        225: 99
        226: 48
        227: 48
        228: 48
        229: 48
        230: 103
        231: 110
        232: 47
        233: 84
        234: 47
        235: 115
        236: 97
        237: 102
        238: 101
        239: 45
        240: 98
        241: 97
        242: 115
        243: 104
        244: 45
        245: 112
        246: 121
        247: 116
        248: 104
        249: 111
        250: 110
        251: 45
        252: 112
        253: 97
        254: 114
        255: 105
        256: 116
        257: 121
        258: 45
        259: 105
        260: 74
        261: 72
        262: 81
        263: 66
        264: 78
        265: 34
        266: 44
        267: 32
        268: 34
        269: 47
        270: 112
        271: 114
        272: 105
        273: 118
        274: 97
        275: 116
        276: 101
        277: 47
        278: 118
        279: 97
        280: 114
        281: 47
        282: 102
        283: 111
        284: 108
        285: 100
        286: 101
        287: 114
        288: 115
        289: 47
        290: 114
        291: 119
        292: 47
        293: 115
        294: 52
        295: 99
        296: 121
        297: 55
        298: 54
        299: 104
        300: 110
        301: 54
        302: 118
        303: 53
        304: 53
        305: 113
        306: 114
        307: 112
        308: 48
        309: 100
        310: 104
        311: 99
        312: 98
        313: 116
        314: 112
        315: 108
        316: 99
        317: 48
        318: 48
        319: 48
        320: 48
        321: 103
        322: 110
        323: 47
        324: 84
        325: 47
        326: 115
        327: 97
        328: 102
        329: 101
        330: 45
        331: 98
        332: 97
        333: 115
        334: 104
        335: 45
        336: 112
        337: 121
        338: 116
        339: 104
        340: 111
        341: 110
        342: 45
        343: 112
        344: 97
        345: 114
        346: 105
        347: 116
        348: 121
        349: 45
        350: 105
        351: 74
        352: 72
        353: 81
        354: 66
        355: 78
        356: 34
        357: 44
        358: 32
        359: 34
        360: 99
        361: 97
        362: 102
        363: 195
        364: 169
        365: 32
        366: 116
        367: 119
        368: 111
        369: 32
        370: 119
        371: 111
        372: 114
        373: 100
        374: 115
        375: 34
        376: 93
        377: 10
      operator: 'deepStrictEqual'
      stack: |-
        compare (file:///Users/kjopek/Workspace/poe-setup-scripts/packages/safe-bash/tests/integration/pyodide-runtime/public-command-parity.test.mjs:59:12)
        async TestContext.<anonymous> (file:///Users/kjopek/Workspace/poe-setup-scripts/packages/safe-bash/tests/integration/pyodide-runtime/public-command-parity.test.mjs:120:7)
        async Test.run (node:internal/test_runner/test:1054:7)
        async TestContext.<anonymous> (file:///Users/kjopek/Workspace/poe-setup-scripts/packages/safe-bash/tests/integration/pyodide-runtime/public-command-parity.test.mjs:118:5)
        async Test.run (node:internal/test_runner/test:1054:7)
        async startSubtestAfterBootstrap (node:internal/test_runner/harness:296:3)
      ...
    # Subtest: python3: file arguments and metadata
    ok 22 - python3: file arguments and metadata
      ---
      duration_ms: 1503.936666
      type: 'test'
      ...
    # Subtest: python3: inline arguments and metadata
    ok 23 - python3: inline arguments and metadata
      ---
      duration_ms: 1440.903666
      type: 'test'
      ...
    # Subtest: python3: module arguments and metadata
    ok 24 - python3: module arguments and metadata
      ---
      duration_ms: 1446.559416
      type: 'test'
      ...
    # Subtest: python3: explicit stdin arguments and metadata
    ok 25 - python3: explicit stdin arguments and metadata
      ---
      duration_ms: 1452.324042
      type: 'test'
      ...
    # Subtest: python3: implicit stdin metadata
    ok 26 - python3: implicit stdin metadata
      ---
      duration_ms: 1508.817125
      type: 'test'
      ...
    # Subtest: python3: local and relative package imports
    ok 27 - python3: local and relative package imports
      ---
      duration_ms: 1611.9805
      type: 'test'
      ...
    # Subtest: python3: cwd and environment mutation
    ok 28 - python3: cwd and environment mutation
      ---
      duration_ms: 1459.902291
      type: 'test'
      ...
    # Subtest: python3: uncaught exception stderr
    not ok 29 - python3: uncaught exception stderr
      ---
      duration_ms: 1471.035416
      type: 'test'
      location: '/Users/kjopek/Workspace/poe-setup-scripts/packages/safe-bash/tests/integration/pyodide-runtime/public-command-parity.test.mjs:116:66'
      failureType: 'testCodeFailure'
      error: |-
        python3 -c 'raise ValueError("guest failure")' stderr
        + actual - expected
        ... Skipped lines
        
        + Uint8Array(100) [
        - Uint8Array(138) [
            84,
            114,
            97,
            99,
            101,
        ...
            10,
        -   32,
        -   32,
        -   32,
        -   32,
        -   114,
        -   97,
        -   105,
        -   115,
        -   101,
        -   32,
            86,
            97,
            108,
            117,
            101,
        ...
            114,
        -   40,
        -   34,
        -   103,
        -   117,
        -   101,
        -   115,
        -   116,
        -   32,
        -   102,
        -   97,
        -   105,
        -   108,
        -   117,
        -   114,
        -   101,
        -   34,
        -   41,
        -   10,
        -   86,
        -   97,
        -   108,
        -   117,
        -   101,
        -   69,
        -   114,
        -   114,
        -   111,
        -   114,
            58,
            32,
            103,
            117,
            101,
        
      code: 'ERR_ASSERTION'
      name: 'AssertionError'
      expected:
        0: 84
        1: 114
        2: 97
        3: 99
        4: 101
        5: 98
        6: 97
        7: 99
        8: 107
        9: 32
        10: 40
        11: 109
        12: 111
        13: 115
        14: 116
        15: 32
        16: 114
        17: 101
        18: 99
        19: 101
        20: 110
        21: 116
        22: 32
        23: 99
        24: 97
        25: 108
        26: 108
        27: 32
        28: 108
        29: 97
        30: 115
        31: 116
        32: 41
        33: 58
        34: 10
        35: 32
        36: 32
        37: 70
        38: 105
        39: 108
        40: 101
        41: 32
        42: 34
        43: 60
        44: 115
        45: 116
        46: 114
        47: 105
        48: 110
        49: 103
        50: 62
        51: 34
        52: 44
        53: 32
        54: 108
        55: 105
        56: 110
        57: 101
        58: 32
        59: 49
        60: 44
        61: 32
        62: 105
        63: 110
        64: 32
        65: 60
        66: 109
        67: 111
        68: 100
        69: 117
        70: 108
        71: 101
        72: 62
        73: 10
        74: 32
        75: 32
        76: 32
        77: 32
        78: 114
        79: 97
        80: 105
        81: 115
        82: 101
        83: 32
        84: 86
        85: 97
        86: 108
        87: 117
        88: 101
        89: 69
        90: 114
        91: 114
        92: 111
        93: 114
        94: 40
        95: 34
        96: 103
        97: 117
        98: 101
        99: 115
        100: 116
        101: 32
        102: 102
        103: 97
        104: 105
        105: 108
        106: 117
        107: 114
        108: 101
        109: 34
        110: 41
        111: 10
        112: 86
        113: 97
        114: 108
        115: 117
        116: 101
        117: 69
        118: 114
        119: 114
        120: 111
        121: 114
        122: 58
        123: 32
        124: 103
        125: 117
        126: 101
        127: 115
        128: 116
        129: 32
        130: 102
        131: 97
        132: 105
        133: 108
        134: 117
        135: 114
        136: 101
        137: 10
      actual:
        0: 84
        1: 114
        2: 97
        3: 99
        4: 101
        5: 98
        6: 97
        7: 99
        8: 107
        9: 32
        10: 40
        11: 109
        12: 111
        13: 115
        14: 116
        15: 32
        16: 114
        17: 101
        18: 99
        19: 101
        20: 110
        21: 116
        22: 32
        23: 99
        24: 97
        25: 108
        26: 108
        27: 32
        28: 108
        29: 97
        30: 115
        31: 116
        32: 41
        33: 58
        34: 10
        35: 32
        36: 32
        37: 70
        38: 105
        39: 108
        40: 101
        41: 32
        42: 34
        43: 60
        44: 115
        45: 116
        46: 114
        47: 105
        48: 110
        49: 103
        50: 62
        51: 34
        52: 44
        53: 32
        54: 108
        55: 105
        56: 110
        57: 101
        58: 32
        59: 49
        60: 44
        61: 32
        62: 105
        63: 110
        64: 32
        65: 60
        66: 109
        67: 111
        68: 100
        69: 117
        70: 108
        71: 101
        72: 62
        73: 10
        74: 86
        75: 97
        76: 108
        77: 117
        78: 101
        79: 69
        80: 114
        81: 114
        82: 111
        83: 114
        84: 58
        85: 32
        86: 103
        87: 117
        88: 101
        89: 115
        90: 116
        91: 32
        92: 102
        93: 97
        94: 105
        95: 108
        96: 117
        97: 114
        98: 101
        99: 10
      operator: 'deepStrictEqual'
      stack: |-
        compare (file:///Users/kjopek/Workspace/poe-setup-scripts/packages/safe-bash/tests/integration/pyodide-runtime/public-command-parity.test.mjs:60:12)
        async Test.run (node:internal/test_runner/test:1054:7)
        async TestContext.<anonymous> (file:///Users/kjopek/Workspace/poe-setup-scripts/packages/safe-bash/tests/integration/pyodide-runtime/public-command-parity.test.mjs:116:58)
        async Test.run (node:internal/test_runner/test:1054:7)
        async startSubtestAfterBootstrap (node:internal/test_runner/harness:296:3)
      ...
    # Subtest: python3: syntax error stderr
    ok 30 - python3: syntax error stderr
      ---
      duration_ms: 1465.071333
      type: 'test'
      ...
    # Subtest: python3: success stderr
    ok 31 - python3: success stderr
      ---
      duration_ms: 1430.028375
      type: 'test'
      ...
    # Subtest: python3: numeric failure status
    ok 32 - python3: numeric failure status
      ---
      duration_ms: 1388.955042
      type: 'test'
      ...
    # Subtest: python3: negative failure status
    ok 33 - python3: negative failure status
      ---
      duration_ms: 1420.217375
      type: 'test'
      ...
    # Subtest: python3: wrapped failure status
    ok 34 - python3: wrapped failure status
      ---
      duration_ms: 1450.835167
      type: 'test'
      ...
    # Subtest: python3: string failure and stderr
    ok 35 - python3: string failure and stderr
      ---
      duration_ms: 1361.355667
      type: 'test'
      ...
    # Subtest: python3: shell status
    ok 36 - python3: shell status
      ---
      duration_ms: 1429.950333
      type: 'test'
      ...
    # Subtest: python3: heredoc
    ok 37 - python3: heredoc
      ---
      duration_ms: 1407.933333
      type: 'test'
      ...
    # Subtest: python3: binary stdin stdout stderr
    ok 38 - python3: binary stdin stdout stderr
      ---
      duration_ms: 1404.516459
      type: 'test'
      ...
    # Subtest: python3: binary pipeline and redirect
    ok 39 - python3: binary pipeline and redirect
      ---
      duration_ms: 1440.134541
      type: 'test'
      ...
    # Subtest: python3: input and stderr redirects
    ok 40 - python3: input and stderr redirects
      ---
      duration_ms: 1449.887542
      type: 'test'
      ...
    # Subtest: python3: random access and shell reopen
    ok 41 - python3: random access and shell reopen
      ---
      duration_ms: 1524.479583
      type: 'test'
      ...
    # Subtest: python3: executable env shebang
    not ok 42 - python3: executable env shebang
      ---
      duration_ms: 1500.741792
      type: 'test'
      location: '/Users/kjopek/Workspace/poe-setup-scripts/packages/safe-bash/tests/integration/pyodide-runtime/public-command-parity.test.mjs:118:13'
      failureType: 'testCodeFailure'
      error: |-
        ./script "two words" "" "café 日本語" --flag stdout
        + actual - expected
        ... Skipped lines
        
        + Uint8Array(378) [
        - Uint8Array(380) [
            91,
            34,
            95,
            95,
            109,
        ...
            47,
        -   46,
        -   47,
            115,
            99,
            114,
            105,
            112,
        
      code: 'ERR_ASSERTION'
      name: 'AssertionError'
      expected:
        0: 91
        1: 34
        2: 95
        3: 95
        4: 109
        5: 97
        6: 105
        7: 110
        8: 95
        9: 95
        10: 34
        11: 44
        12: 32
        13: 34
        14: 47
        15: 112
        16: 114
        17: 105
        18: 118
        19: 97
        20: 116
        21: 101
        22: 47
        23: 118
        24: 97
        25: 114
        26: 47
        27: 102
        28: 111
        29: 108
        30: 100
        31: 101
        32: 114
        33: 115
        34: 47
        35: 114
        36: 119
        37: 47
        38: 115
        39: 52
        40: 99
        41: 121
        42: 55
        43: 54
        44: 104
        45: 110
        46: 54
        47: 118
        48: 53
        49: 53
        50: 113
        51: 114
        52: 112
        53: 48
        54: 100
        55: 104
        56: 99
        57: 98
        58: 116
        59: 112
        60: 108
        61: 99
        62: 48
        63: 48
        64: 48
        65: 48
        66: 103
        67: 110
        68: 47
        69: 84
        70: 47
        71: 115
        72: 97
        73: 102
        74: 101
        75: 45
        76: 98
        77: 97
        78: 115
        79: 104
        80: 45
        81: 112
        82: 121
        83: 116
        84: 104
        85: 111
        86: 110
        87: 45
        88: 112
        89: 97
        90: 114
        91: 105
        92: 116
        93: 121
        94: 45
        95: 105
        96: 74
        97: 72
        98: 81
        99: 66
        100: 78
        101: 47
        102: 46
        103: 47
        104: 115
        105: 99
        106: 114
        107: 105
        108: 112
        109: 116
        110: 34
        111: 44
        112: 32
        113: 110
        114: 117
        115: 108
        116: 108
        117: 44
        118: 32
        119: 91
        120: 34
        121: 46
        122: 47
        123: 115
        124: 99
        125: 114
        126: 105
        127: 112
        128: 116
        129: 34
        130: 44
        131: 32
        132: 34
        133: 116
        134: 119
        135: 111
        136: 32
        137: 119
        138: 111
        139: 114
        140: 100
        141: 115
        142: 34
        143: 44
        144: 32
        145: 34
        146: 34
        147: 44
        148: 32
        149: 34
        150: 99
        151: 97
        152: 102
        153: 195
        154: 169
        155: 32
        156: 230
        157: 151
        158: 165
        159: 230
        160: 156
        161: 172
        162: 232
        163: 170
        164: 158
        165: 34
        166: 44
        167: 32
        168: 34
        169: 45
        170: 45
        171: 102
        172: 108
        173: 97
        174: 103
        175: 34
        176: 93
        177: 44
        178: 32
        179: 34
        180: 47
        181: 112
        182: 114
        183: 105
        184: 118
        185: 97
        186: 116
        187: 101
        188: 47
        189: 118
        190: 97
        191: 114
        192: 47
        193: 102
        194: 111
        195: 108
        196: 100
        197: 101
        198: 114
        199: 115
        200: 47
        201: 114
        202: 119
        203: 47
        204: 115
        205: 52
        206: 99
        207: 121
        208: 55
        209: 54
        210: 104
        211: 110
        212: 54
        213: 118
        214: 53
        215: 53
        216: 113
        217: 114
        218: 112
        219: 48
        220: 100
        221: 104
        222: 99
        223: 98
        224: 116
        225: 112
        226: 108
        227: 99
        228: 48
        229: 48
        230: 48
        231: 48
        232: 103
        233: 110
        234: 47
        235: 84
        236: 47
        237: 115
        238: 97
        239: 102
        240: 101
        241: 45
        242: 98
        243: 97
        244: 115
        245: 104
        246: 45
        247: 112
        248: 121
        249: 116
        250: 104
        251: 111
        252: 110
        253: 45
        254: 112
        255: 97
        256: 114
        257: 105
        258: 116
        259: 121
        260: 45
        261: 105
        262: 74
        263: 72
        264: 81
        265: 66
        266: 78
        267: 34
        268: 44
        269: 32
        270: 34
        271: 47
        272: 112
        273: 114
        274: 105
        275: 118
        276: 97
        277: 116
        278: 101
        279: 47
        280: 118
        281: 97
        282: 114
        283: 47
        284: 102
        285: 111
        286: 108
        287: 100
        288: 101
        289: 114
        290: 115
        291: 47
        292: 114
        293: 119
        294: 47
        295: 115
        296: 52
        297: 99
        298: 121
        299: 55
        300: 54
        301: 104
        302: 110
        303: 54
        304: 118
        305: 53
        306: 53
        307: 113
        308: 114
        309: 112
        310: 48
        311: 100
        312: 104
        313: 99
        314: 98
        315: 116
        316: 112
        317: 108
        318: 99
        319: 48
        320: 48
        321: 48
        322: 48
        323: 103
        324: 110
        325: 47
        326: 84
        327: 47
        328: 115
        329: 97
        330: 102
        331: 101
        332: 45
        333: 98
        334: 97
        335: 115
        336: 104
        337: 45
        338: 112
        339: 121
        340: 116
        341: 104
        342: 111
        343: 110
        344: 45
        345: 112
        346: 97
        347: 114
        348: 105
        349: 116
        350: 121
        351: 45
        352: 105
        353: 74
        354: 72
        355: 81
        356: 66
        357: 78
        358: 34
        359: 44
        360: 32
        361: 34
        362: 99
        363: 97
        364: 102
        365: 195
        366: 169
        367: 32
        368: 116
        369: 119
        370: 111
        371: 32
        372: 119
        373: 111
        374: 114
        375: 100
        376: 115
        377: 34
        378: 93
        379: 10
      actual:
        0: 91
        1: 34
        2: 95
        3: 95
        4: 109
        5: 97
        6: 105
        7: 110
        8: 95
        9: 95
        10: 34
        11: 44
        12: 32
        13: 34
        14: 47
        15: 112
        16: 114
        17: 105
        18: 118
        19: 97
        20: 116
        21: 101
        22: 47
        23: 118
        24: 97
        25: 114
        26: 47
        27: 102
        28: 111
        29: 108
        30: 100
        31: 101
        32: 114
        33: 115
        34: 47
        35: 114
        36: 119
        37: 47
        38: 115
        39: 52
        40: 99
        41: 121
        42: 55
        43: 54
        44: 104
        45: 110
        46: 54
        47: 118
        48: 53
        49: 53
        50: 113
        51: 114
        52: 112
        53: 48
        54: 100
        55: 104
        56: 99
        57: 98
        58: 116
        59: 112
        60: 108
        61: 99
        62: 48
        63: 48
        64: 48
        65: 48
        66: 103
        67: 110
        68: 47
        69: 84
        70: 47
        71: 115
        72: 97
        73: 102
        74: 101
        75: 45
        76: 98
        77: 97
        78: 115
        79: 104
        80: 45
        81: 112
        82: 121
        83: 116
        84: 104
        85: 111
        86: 110
        87: 45
        88: 112
        89: 97
        90: 114
        91: 105
        92: 116
        93: 121
        94: 45
        95: 105
        96: 74
        97: 72
        98: 81
        99: 66
        100: 78
        101: 47
        102: 115
        103: 99
        104: 114
        105: 105
        106: 112
        107: 116
        108: 34
        109: 44
        110: 32
        111: 110
        112: 117
        113: 108
        114: 108
        115: 44
        116: 32
        117: 91
        118: 34
        119: 46
        120: 47
        121: 115
        122: 99
        123: 114
        124: 105
        125: 112
        126: 116
        127: 34
        128: 44
        129: 32
        130: 34
        131: 116
        132: 119
        133: 111
        134: 32
        135: 119
        136: 111
        137: 114
        138: 100
        139: 115
        140: 34
        141: 44
        142: 32
        143: 34
        144: 34
        145: 44
        146: 32
        147: 34
        148: 99
        149: 97
        150: 102
        151: 195
        152: 169
        153: 32
        154: 230
        155: 151
        156: 165
        157: 230
        158: 156
        159: 172
        160: 232
        161: 170
        162: 158
        163: 34
        164: 44
        165: 32
        166: 34
        167: 45
        168: 45
        169: 102
        170: 108
        171: 97
        172: 103
        173: 34
        174: 93
        175: 44
        176: 32
        177: 34
        178: 47
        179: 112
        180: 114
        181: 105
        182: 118
        183: 97
        184: 116
        185: 101
        186: 47
        187: 118
        188: 97
        189: 114
        190: 47
        191: 102
        192: 111
        193: 108
        194: 100
        195: 101
        196: 114
        197: 115
        198: 47
        199: 114
        200: 119
        201: 47
        202: 115
        203: 52
        204: 99
        205: 121
        206: 55
        207: 54
        208: 104
        209: 110
        210: 54
        211: 118
        212: 53
        213: 53
        214: 113
        215: 114
        216: 112
        217: 48
        218: 100
        219: 104
        220: 99
        221: 98
        222: 116
        223: 112
        224: 108
        225: 99
        226: 48
        227: 48
        228: 48
        229: 48
        230: 103
        231: 110
        232: 47
        233: 84
        234: 47
        235: 115
        236: 97
        237: 102
        238: 101
        239: 45
        240: 98
        241: 97
        242: 115
        243: 104
        244: 45
        245: 112
        246: 121
        247: 116
        248: 104
        249: 111
        250: 110
        251: 45
        252: 112
        253: 97
        254: 114
        255: 105
        256: 116
        257: 121
        258: 45
        259: 105
        260: 74
        261: 72
        262: 81
        263: 66
        264: 78
        265: 34
        266: 44
        267: 32
        268: 34
        269: 47
        270: 112
        271: 114
        272: 105
        273: 118
        274: 97
        275: 116
        276: 101
        277: 47
        278: 118
        279: 97
        280: 114
        281: 47
        282: 102
        283: 111
        284: 108
        285: 100
        286: 101
        287: 114
        288: 115
        289: 47
        290: 114
        291: 119
        292: 47
        293: 115
        294: 52
        295: 99
        296: 121
        297: 55
        298: 54
        299: 104
        300: 110
        301: 54
        302: 118
        303: 53
        304: 53
        305: 113
        306: 114
        307: 112
        308: 48
        309: 100
        310: 104
        311: 99
        312: 98
        313: 116
        314: 112
        315: 108
        316: 99
        317: 48
        318: 48
        319: 48
        320: 48
        321: 103
        322: 110
        323: 47
        324: 84
        325: 47
        326: 115
        327: 97
        328: 102
        329: 101
        330: 45
        331: 98
        332: 97
        333: 115
        334: 104
        335: 45
        336: 112
        337: 121
        338: 116
        339: 104
        340: 111
        341: 110
        342: 45
        343: 112
        344: 97
        345: 114
        346: 105
        347: 116
        348: 121
        349: 45
        350: 105
        351: 74
        352: 72
        353: 81
        354: 66
        355: 78
        356: 34
        357: 44
        358: 32
        359: 34
        360: 99
        361: 97
        362: 102
        363: 195
        364: 169
        365: 32
        366: 116
        367: 119
        368: 111
        369: 32
        370: 119
        371: 111
        372: 114
        373: 100
        374: 115
        375: 34
        376: 93
        377: 10
      operator: 'deepStrictEqual'
      stack: |-
        compare (file:///Users/kjopek/Workspace/poe-setup-scripts/packages/safe-bash/tests/integration/pyodide-runtime/public-command-parity.test.mjs:59:12)
        async TestContext.<anonymous> (file:///Users/kjopek/Workspace/poe-setup-scripts/packages/safe-bash/tests/integration/pyodide-runtime/public-command-parity.test.mjs:120:7)
        async Test.run (node:internal/test_runner/test:1054:7)
        async TestContext.<anonymous> (file:///Users/kjopek/Workspace/poe-setup-scripts/packages/safe-bash/tests/integration/pyodide-runtime/public-command-parity.test.mjs:118:5)
        async Test.run (node:internal/test_runner/test:1054:7)
        async startSubtestAfterBootstrap (node:internal/test_runner/harness:296:3)
      ...
    1..42
not ok 1 - built public Python aliases match native CPython-in-Bash command and file behavior
  ---
  duration_ms: 60494.412458
  type: 'test'
  location: '/Users/kjopek/Workspace/poe-setup-scripts/packages/safe-bash/tests/integration/pyodide-runtime/public-command-parity.test.mjs:82:1'
  failureType: 'subtestsFailed'
  error: '4 subtests failed'
  code: 'ERR_TEST_FAILURE'
  ...
# Node v22.23.2; GNU bash, version 3.2.57(1)-release (arm64-apple-darwin25)
# Pyodide 314.0.6
# Matched CPython 3.14.2; native Bash and public built Pyodide command exports
# Subtest: built public Python invocations isolate interpreter state and observe canonical edits
ok 2 - built public Python invocations isolate interpreter state and observe canonical edits
  ---
  duration_ms: 7293.330125
  type: 'test'
  ...
# Node v22.23.2; GNU bash, version 3.2.57(1)-release (arm64-apple-darwin25)
# Pyodide 314.0.6
# Matched CPython 3.14.2; native Bash and public built Pyodide command exports
1..2
# tests 44
# suites 0
# pass 39
# fail 5
# cancelled 0
# skipped 0
# todo 0
# duration_ms 68167.450875
