node:internal/modules/run_main:107
    triggerUncaughtException(
    ^

AssertionError [ERR_ASSERTION]: Expected values to be strictly deep-equal:
+ actual - expected

  [
    'Error',
+   'private host diagnostic',
+   'Error: private host diagnostic\n    at fail (line 1, column 11)'
-   'Host operation failed.',
-   'Error: Host operation failed.\n    at fail (line 1, column 11)'
  ]

    at file:///private/var/folders/rw/s4cy76hn6v55qrp0dhcbtplc0000gn/T/safejs-proxy-delivery-lbk0du8g/repo/[eval1]:1:770 {
  generatedMessage: true,
  code: 'ERR_ASSERTION',
  actual: [
    'Error',
    'private host diagnostic',
    'Error: private host diagnostic\n    at fail (line 1, column 11)'
  ],
  expected: [
    'Error',
    'Host operation failed.',
    'Error: Host operation failed.\n    at fail (line 1, column 11)'
  ],
  operator: 'deepStrictEqual',
  diff: 'simple'
}

Node.js v24.14.0
