
> @poe-code/pandoc@0.0.1 test
> cd ../.. && vitest run packages/pandoc


 RUN  v4.1.11 /Users/kjopek/Workspace/poe-code-5

 ✓ packages/pandoc/src/pdf-integration.test.ts (15 tests) 1543ms
   ✓ converts representable pptx content to mapped PDF text  960ms
 ✓ packages/pandoc/src/json.test.ts (115 tests) 1393ms
 ✓ packages/pandoc/src/pptx-conversion.test.ts (21 tests) 4087ms
   ✓ preserves original nested list structure in the conversion round trip  321ms
   ✓ resolves presentation relationship order independently for more than nine slides  649ms
   ✓ retains mixed list nesting, numbering starts and continuation paragraphs  373ms
 ✓ packages/pandoc/src/pdf-writer.test.ts (10 tests) 654ms
 ✓ packages/pandoc/src/pptx-registry.test.ts (1 test) 712ms
   ✓ exposes verified PPTX conversion through the registry and byte command adapter  711ms
 ✓ packages/pandoc/src/epub-writer.test.ts (20 tests) 246ms
 ✓ packages/pandoc/src/pptx-dependency.test.ts (1 test) 380ms
   ✓ admits original presentation bytes through the public presentation engine  379ms
 ✓ packages/pandoc/src/table-writers.test.ts (15 tests) 434ms
 ✓ packages/pandoc/src/delimited.test.ts (22 tests) 148ms
 ✓ packages/pandoc/src/publication-options.test.ts (9 tests) 122ms
 ✓ packages/pandoc/src/latex-writer.test.ts (23 tests) 327ms
 ✓ packages/pandoc/src/html-writer.test.ts (14 tests) 182ms
 ✓ packages/pandoc/src/archive-adversarial.test.ts (25 tests) 497ms
 ✓ packages/pandoc/src/tables.test.ts (14 tests) 90ms
 ✓ packages/pandoc/src/gfm.test.ts (41 tests) 120ms
 ✓ packages/pandoc/src/epub.test.ts (26 tests) 137ms
 ✓ packages/pandoc/src/publication-feature-matrix.test.ts (5 tests) 171ms
 ✓ packages/pandoc/src/safe-bash.test.ts (17 tests) 140ms
 ✓ packages/pandoc/src/plain-writer.test.ts (8 tests) 68ms
 ✓ packages/pandoc/src/markdown-writer.test.ts (17 tests) 84ms
 ✓ packages/pandoc/src/rtf.test.ts (68 tests) 102ms
 ✓ packages/pandoc/src/resources.test.ts (30 tests) 131ms
 ✓ packages/pandoc/src/rtf-writer.test.ts (20 tests) 199ms
 ✓ packages/pandoc/src/rst.test.ts (34 tests) 134ms
 ✓ packages/pandoc/src/html.test.ts (11 tests) 38ms
 ✓ packages/pandoc/src/consumer.test.ts (21 tests) 45ms
 ✓ packages/pandoc/src/rst-writer.test.ts (20 tests) 96ms
 ✓ packages/pandoc/src/commonmark-inlines.test.ts (76 tests) 38ms
 ✓ packages/pandoc/src/adversarial.test.ts (35 tests) 70ms
 ✓ packages/pandoc/src/commonmark-blocks.test.ts (117 tests) 24ms
 ✓ packages/pandoc/src/pdf-cancellation.test.ts (2 tests) 19ms
 ✓ packages/pandoc/src/epub-defaults.test.ts (5 tests) 23ms
 ✓ packages/pandoc/src/latex.test.ts (47 tests) 76ms
 ✓ packages/pandoc/src/orchestration.test.ts (13 tests) 38ms
 ✓ packages/pandoc/src/ast.test.ts (35 tests) 26ms
 ✓ packages/pandoc/src/markdown-matrix-regression.test.ts (3 tests) 18ms
 ✓ packages/pandoc/src/execution.test.ts (26 tests) 16ms
 ✓ packages/pandoc/src/commonmark-characters.test.ts (28 tests) 7ms
 ✓ packages/pandoc/src/formats.test.ts (8 tests) 8ms
 ✓ packages/pandoc/src/latex-matrix-regression.test.ts (2 tests) 8ms
 ✓ packages/pandoc/src/json-cancellation.test.ts (9 tests) 9ms
 ✓ packages/pandoc/src/command-status.test.ts (4 tests) 7ms
 ✓ packages/pandoc/src/cli-adapter.test.ts (5 tests) 5ms
 ✓ packages/pandoc/src/latex-cancellation.test.ts (2 tests) 8ms
 ✓ packages/pandoc/src/inspection.test.ts (2 tests) 4ms
 ✓ packages/pandoc/src/command-info.test.ts (1 test) 4ms

 Test Files  46 passed (46)
      Tests  1043 passed (1043)
   Start at  19:24:51
   Duration  19.92s (transform 3.14s, setup 553ms, import 22.28s, tests 12.69s, environment 3ms)

