
> @poe-code/pandoc@0.0.1 test
> cd ../.. && vitest run packages/pandoc


 RUN  v4.1.11 /Users/kjopek/Workspace/poe-code-5

 ✓ packages/pandoc/src/pdf-integration.test.ts (15 tests) 3647ms
   ✓ projects supported metadata and heading outlines through the SDK  343ms
   ✓ infers PDF output only with --yes and rejects external engines before acquisition  483ms
   ✓ converts representable pptx content to mapped PDF text  1484ms
 ✓ packages/pandoc/src/json.test.ts (115 tests) 2885ms
 ✓ packages/pandoc/src/pptx-registry.test.ts (1 test) 1132ms
   ✓ exposes verified PPTX conversion through the registry and byte command adapter  1131ms
 ✓ packages/pandoc/src/pdf-writer.test.ts (10 tests) 1296ms
   ✓ delivers built-in PDF bytes without an injected writer  396ms
   ✓ adapts nested lists, figures and numbered notes near page boundaries  389ms
 ✓ packages/pandoc/src/pptx-conversion.test.ts (21 tests) 15648ms
   ✓ rejects table formatting and section semantics that cannot be preserved  1188ms
   ✓ keeps preamble, title-only and consecutive empty slides in order  788ms
   ✓ preserves original nested list structure in the conversion round trip  1200ms
   ✓ writes hyperlink relationships and recovers linked text  808ms
   ✓ separates structural extraction order from visual reading order  365ms
   ✓ writes and reads speaker notes separately from visible content  862ms
   ✓ retains original jpg bytes and contains the image without changing its aspect ratio  868ms
   ✓ retains original png bytes and contains the image without changing its aspect ratio  1046ms
   ✓ resolves presentation relationship order independently for more than nine slides  2207ms
   ✓ maps original reference placeholders to their declared title and body geometry  332ms
   ✓ keeps an original rectangular table with surrounding paragraphs on the same slide  472ms
   ✓ uses explicit reference layout names, preserves deck ratio and rejects missing layouts  399ms
   ✓ rejects conservative geometric overflow instead of claiming measured text fit  774ms
   ✓ rejects authored animations and diagnoses explicit lossy extraction  523ms
   ✓ rebuilds reader slide Divs without discarding title-only and empty slides  799ms
   ✓ retains mixed list nesting, numbering starts and continuation paragraphs  1132ms
   ✓ rejects authored charts and embedded objects without native activation  567ms
   ✓ reports unmeasured text layout and allows warning rejection  462ms
   ✓ rejects stretched image requests and non-plaintext speaker-note links  377ms
 ✓ packages/pandoc/src/table-writers.test.ts (15 tests) 727ms
   ✓ bounded generated spans preserve text exactly once in HTML and lossy GFM  371ms
 ✓ packages/pandoc/src/pptx-dependency.test.ts (1 test) 769ms
   ✓ admits original presentation bytes through the public presentation engine  768ms
 ✓ packages/pandoc/src/latex-writer.test.ts (23 tests) 620ms
   ✓ writes longtable headers and spans with complete row slots  385ms
 ✓ packages/pandoc/src/epub-writer.test.ts (20 tests) 880ms
   ✓ handles empty and bounded long books deterministically without empty trailing chapters  426ms
 ✓ packages/pandoc/src/html-writer.test.ts (14 tests) 503ms
   ✓ retains bounded escape chunks for long publication prose while preserving entities and Unicode  393ms
 ✓ packages/pandoc/src/rtf-writer.test.ts (20 tests) 275ms
 ✓ packages/pandoc/src/rst.test.ts (34 tests) 259ms
 ✓ packages/pandoc/src/publication-feature-matrix.test.ts (5 tests) 358ms
   ✓ uses a feature rejection rather than a capability gate for pptx  350ms
 ✓ packages/pandoc/src/safe-bash.test.ts (17 tests) 337ms
 ✓ packages/pandoc/src/rtf.test.ts (68 tests) 310ms
 ✓ packages/pandoc/src/rst-writer.test.ts (20 tests) 203ms
 ✓ packages/pandoc/src/epub.test.ts (26 tests) 456ms
 ✓ packages/pandoc/src/resources.test.ts (30 tests) 304ms
 ✓ packages/pandoc/src/gfm.test.ts (41 tests) 467ms
 ✓ packages/pandoc/src/publication-options.test.ts (9 tests) 619ms
   ✓ uses typed PDF geometry and text size options  573ms
 ✓ packages/pandoc/src/delimited.test.ts (22 tests) 720ms
 ✓ packages/pandoc/src/tables.test.ts (14 tests) 497ms
   ✓ preserves captions, colspecs, all sections and cell order with bounded generated tables  324ms
 ✓ packages/pandoc/src/latex.test.ts (47 tests) 242ms
 ✓ packages/pandoc/src/markdown-writer.test.ts (17 tests) 318ms
 ✓ packages/pandoc/src/adversarial.test.ts (34 tests) 233ms
 ✓ packages/pandoc/src/plain-writer.test.ts (8 tests) 334ms
 ✓ packages/pandoc/src/consumer.test.ts (21 tests) 204ms
 ✓ packages/pandoc/src/commonmark-inlines.test.ts (76 tests) 99ms
 ✓ packages/pandoc/src/html.test.ts (11 tests) 213ms
 ✓ packages/pandoc/src/orchestration.test.ts (13 tests) 57ms
 ✓ packages/pandoc/src/commonmark-blocks.test.ts (117 tests) 93ms
 ✓ packages/pandoc/src/epub-defaults.test.ts (5 tests) 88ms
 ✓ packages/pandoc/src/execution.test.ts (26 tests) 17ms
 ✓ packages/pandoc/src/ast.test.ts (35 tests) 55ms
 ✓ packages/pandoc/src/formats.test.ts (8 tests) 9ms
 ✓ packages/pandoc/src/markdown-matrix-regression.test.ts (3 tests) 28ms
 ✓ packages/pandoc/src/json-cancellation.test.ts (9 tests) 9ms
 ✓ packages/pandoc/src/latex-matrix-regression.test.ts (2 tests) 13ms
 ✓ packages/pandoc/src/command-status.test.ts (4 tests) 7ms
 ✓ packages/pandoc/src/cli-adapter.test.ts (5 tests) 7ms
 ✓ packages/pandoc/src/commonmark-characters.test.ts (28 tests) 14ms
 ✓ packages/pandoc/src/inspection.test.ts (2 tests) 4ms
 ✓ packages/pandoc/src/command-info.test.ts (1 test) 3ms

 Test Files  43 passed (43)
      Tests  1013 passed (1013)
   Start at  19:15:56
   Duration  58.71s (transform 9.13s, setup 1.81s, import 72.28s, tests 34.96s, environment 3ms)

