
 RUN  v4.1.11 /Users/kjopek/Workspace/poe-code-5

 ❯ packages/pandoc/src/adversarial.test.ts (33 tests | 1 failed | 32 skipped) 11ms
   ↓ owns randomized reused buffers at seed 1
   ↓ owns randomized reused buffers at seed 305419896
   ↓ owns randomized reused buffers at seed 1831565813
   ↓ bounds direct commonmark parser growth 0
   ↓ bounds direct commonmark parser growth 1
   ↓ bounds direct commonmark parser growth 2
   ↓ bounds direct html parser growth 3
   ↓ bounds direct html parser growth 4
   ↓ bounds direct html parser growth 5
   ↓ bounds direct html parser growth 6
   ↓ bounds direct json parser growth 7
   ↓ bounds direct latex parser growth 8
   ↓ bounds direct rtf parser growth 9
   × bounds direct rst parser growth 10 10ms
   ↓ cancels in the direct commonmark parser at a cooperative checkpoint
   ↓ cancels in the direct gfm parser at a cooperative checkpoint
   ↓ cancels in the direct html parser at a cooperative checkpoint
   ↓ cancels in the direct json parser at a cooperative checkpoint
   ↓ cancels in the direct latex parser at a cooperative checkpoint
   ↓ cancels in the direct rst parser at a cooperative checkpoint
   ↓ cancels in the direct rtf parser at a cooperative checkpoint
   ↓ rejects original latex cycles or malformed declarations 0 without publication
   ↓ rejects original rst cycles or malformed declarations 1 without publication
   ↓ rejects original latex cycles or malformed declarations 2 without publication
   ↓ rejects original rtf cycles or malformed declarations 3 without publication
   ↓ rejects original rtf cycles or malformed declarations 4 without publication
   ↓ rejects aliased two-file latex include cycles in memfs
   ↓ rejects aliased two-file rst include cycles in memfs
   ↓ preserves RTF code-page transitions and rejects incomplete UTF-8 at a transition
   ↓ admits sparse occupancy and refuses overlarge span multiplication before writing
   ↓ refuses escaping expansion before publication
   ↓ rejects malformed UTF-8 at randomized reused-buffer boundaries 1
   ↓ rejects malformed UTF-8 at randomized reused-buffer boundaries 305419896
FAIL packages/pandoc/src/adversarial.test.ts > bounds direct rst parser growth 10
AssertionError: promise resolved "{ …(3) }" instead of rejecting

- Expected
+ Received

- Error {
-   "message": "rejected promise",
+ {
+   "blocks": [
+     {
+       "c": [
+         {
+           "c": "[[[[[[[[[[[[[[[[[[[[[[[[[[[[[[[[[[[[[[[[[[[[[[[[[[[[[[[[[[[[[[[[[[[[[[[[[[[[[[[[[[[[[[[[[[[[[[[[[[[[[[[[[[[[[[[[[[[[[[[[[[[[[[[[[[[[[[[[[[[[[[[[[[[[[[[[[[[[[[[[[[[[[[[[[[[[[[[[[[[[[[[[[[[[[[[[[[[[[[[[[[[[[[[[[[[[[[[[[[[[[[[[[[[[[[[[[[[[[[[[[[[[[[[[[[[[[[[[x",
+           "t": "Str",
+         },
+       ],
+       "t": "Para",
+     },
+   ],
+   "metadata": {},
+   "resources": [],
  }

 ❯ packages/pandoc/src/adversarial.test.ts:52:89
     50|   const selection = createFormatRegistry().resolve(from, "read");
     51|   const context = createExecutionContext("read", { limits, yield: imme…
     52|   await expect(selection.reader!.read({ bytes: encode(text), text }, c…
       |                                                                                         ^
     53|     .rejects.toMatchObject({ code: "E_LIMIT", message: expect.stringCo…
     54|   await context.close();


⎯⎯⎯⎯⎯⎯⎯ Failed Tests 1 ⎯⎯⎯⎯⎯⎯⎯

 FAIL  packages/pandoc/src/adversarial.test.ts > bounds direct rst parser growth 10
AssertionError: promise resolved "{ …(3) }" instead of rejecting

- Expected
+ Received

- Error {
-   "message": "rejected promise",
+ {
+   "blocks": [
+     {
+       "c": [
+         {
+           "c": "[[[[[[[[[[[[[[[[[[[[[[[[[[[[[[[[[[[[[[[[[[[[[[[[[[[[[[[[[[[[[[[[[[[[[[[[[[[[[[[[[[[[[[[[[[[[[[[[[[[[[[[[[[[[[[[[[[[[[[[[[[[[[[[[[[[[[[[[[[[[[[[[[[[[[[[[[[[[[[[[[[[[[[[[[[[[[[[[[[[[[[[[[[[[[[[[[[[[[[[[[[[[[[[[[[[[[[[[[[[[[[[[[[[[[[[[[[[[[[[[[[[[[[[[[[[[[[[[x",
+           "t": "Str",
+         },
+       ],
+       "t": "Para",
+     },
+   ],
+   "metadata": {},
+   "resources": [],
  }

 ❯ packages/pandoc/src/adversarial.test.ts:52:89
     50|   const selection = createFormatRegistry().resolve(from, "read");
     51|   const context = createExecutionContext("read", { limits, yield: imme…
     52|   await expect(selection.reader!.read({ bytes: encode(text), text }, c…
       |                                                                                         ^
     53|     .rejects.toMatchObject({ code: "E_LIMIT", message: expect.stringCo…
     54|   await context.close();

⎯⎯⎯⎯⎯⎯⎯⎯⎯⎯⎯⎯⎯⎯⎯⎯⎯⎯⎯⎯⎯⎯⎯⎯[1/1]⎯


 Test Files  1 failed (1)
      Tests  1 failed | 32 skipped (33)
   Start at  19:13:46
   Duration  2.67s (transform 1.79s, setup 110ms, import 2.39s, tests 11ms, environment 0ms)

