
 RUN  v4.1.11 /Users/kjopek/Workspace/poe-code-5

 ❯ packages/pandoc/src/pptx-conversion.test.ts (24 tests | 3 failed) 5665ms
   ✓ rejects table formatting and section semantics that cannot be preserved  389ms
   ✓ keeps preamble, title-only and consecutive empty slides in order 270ms
   ✓ treats deeper headings as content and rejects ambiguous automatic heading inference 247ms
   ✓ preserves original nested list structure in the conversion round trip  603ms
   ✓ writes hyperlink relationships and recovers linked text 252ms
   ✓ separates structural extraction order from visual reading order 198ms
   ✓ writes and reads speaker notes separately from visible content  336ms
   ✓ retains original jpg bytes and contains the image without changing its aspect ratio 229ms
   ✓ retains original png bytes and contains the image without changing its aspect ratio 228ms
   ✓ resolves presentation relationship order independently for more than nine slides  651ms
   ✓ rejects an unsupported two-column reference layout instead of silently projecting it 28ms
   ✓ maps original reference placeholders to their declared title and body geometry 97ms
   ✓ keeps an original rectangular table with surrounding paragraphs on the same slide 174ms
   ✓ uses explicit reference layout names, preserves deck ratio and rejects missing layouts 123ms
   ✓ rejects conservative geometric overflow instead of claiming measured text fit 273ms
   ✓ rejects authored animations and diagnoses explicit lossy extraction 172ms
   ✓ rebuilds reader slide Divs without discarding title-only and empty slides  307ms
   ✓ retains mixed list nesting, numbering starts and continuation paragraphs  411ms
   × retains adjacent numbered list restarts instead of merging their items 180ms
   × rejects numbered list delimiters outside the supported decimal-period profile 73ms
   × rejects unsupported source numbering and diagnoses an explicit decimal projection 134ms
   ✓ rejects authored charts and embedded objects without native activation 122ms
   ✓ reports unmeasured text layout and allows warning rejection 99ms
   ✓ rejects stretched image requests and non-plaintext speaker-note links 68ms
FAIL packages/pandoc/src/pptx-conversion.test.ts > retains adjacent numbered list restarts instead of merging their items
AssertionError: expected [ 3 ] to deeply equal [ 3, 1 ]

- Expected
+ Received

  [
    3,
-   1,
  ]

 ❯ packages/pandoc/src/pptx-conversion.test.ts:289:37
    287|   if (slide.t !== "Div") throw new Error("Expected slide");
    288|   const lists = slide.c[1].filter(b => b.t === "OrderedList");
    289|   expect(lists.map(b => b.c[0][0])).toEqual([3, 1]);
       |                                     ^
    290|   expect(lists.map(b => b.c[1].length)).toEqual([1, 1]);
    291| });

FAIL packages/pandoc/src/pptx-conversion.test.ts > rejects numbered list delimiters outside the supported decimal-period profile
AssertionError: promise resolved "Uint8Array[ 80, 75, 3, 4, 20, 0, …(5085) ]" instead of rejecting

- Expected
+ Received

- Error {
-   "message": "rejected promise",
- }
+ Uint8Array [
+   80,
+   75,
+   3,
+   4,
+   20,
+   0,
+   0,
+   8,
+   8,
+   0,
+   0,
+   0,
+   33,
+   0,
+   218,
+   202,
+   242,
+   130,
+   30,
+   1,
+   0,
+   0,
+   146,
+   4,
+   0,
+   0,
+   19,
+   0,
+   9,
+   0,
+   91,
+   67,
+   111,
+   110,
+   116,
+   101,
+   110,
+   116,
+   95,
+   84,
+   121,
+   112,
+   101,
+   115,
+   93,
+   46,
+   120,
+   109,
+   108,
+   85,
+   84,
+   5,
+   0,
+   1,
+   0,
+   166,
+   206,
+   18,
+   181,
+   84,
+   203,
+   78,
+   195,
+   48,
+   16,
+   252,
+   149,
+   200,
+   87,
+   148,
+   184,
+   112,
+   224,
+   128,
+   146,
+   92,
+   128,
+   27,
+   143,
+   30,
+   248,
+   1,
+   203,
+   217,
+   52,
+   22,
+   126,
+   201,
+   187,
+   169,
+   218,
+   191,
+   103,
+   147,
+   180,
+   40,
+   32,
+   212,
+   82,
+   181,
+   189,
+   88,
+   218,
+   245,
+   236,
+   204,
+   88,
+   154,
+   117,
+   249,
+   177,
+   141,
+   128,
+   217,
+   198,
+   89,
+   143,
+   149,
+   232,
+   136,
+   226,
+   131,
+   148,
+   168,
+   59,
+   112,
+   10,
+   139,
+   16,
+   193,
+   243,
+   77,
+   27,
+   146,
+   83,
+   196,
+   101,
+   90,
+   201,
+   168,
+   244,
+   167,
+   90,
+   129,
+   188,
+   91,
+   44,
+   238,
+   165,
+   14,
+   158,
+   192,
+   83,
+   78,
+   3,
+   135,
+   168,
+   203,
+   39,
+   104,
+   85,
+   111,
+   41,
+   123,
+   222,
+   112,
+   27,
+   77,
+   240,
+   149,
+   72,
+   96,
+   81,
+   100,
+   143,
+   19,
+   112,
+   208,
+   170,
+   132,
+   138,
+   209,
+   26,
+   173,
+   136,
+   239,
+   229,
+   218,
+   55,
+   191,
+   84,
+   242,
+   157,
+   66,
+   193,
+   147,
+   35,
+   6,
+   59,
+   19,
+   241,
+   134,
+   1,
+   66,
+   214,
+   229,
+   251,
+   26,
+   82,
+   50,
+   13,
+   100,
+   75,
+   149,
+   232,
+   77,
+   57,
+   166,
+   147,
+   49,
+   146,
+   140,
+   9,
+   144,
+   5,
+   198,
+   129,
+   98,
+   192,
+   158,
+   36,
+   25,
+   218,
+   214,
+   104,
+   104,
+   130,
+   238,
+   29,
+   143,
+   20,
+   115,
+   50,
+   103,
+   127,
+   148,
+   133,
+   83,
+   198,
+   31,
+   51,
+   131,
+   150,
+   155,
+   175,
+   10,
+   9,
+   18,
+   206,
+   139,
+   219,
+   75,
+   59,
+   155,
+   113,
+   255,
+   203,
+   211,
+   139,
+   218,
+   134,
+   158,
+   112,
+   94,
+   92,
+   199,
+   211,
+   196,
+   125,
+   204,
+   19,
+   113,
+   202,
+   96,
+   58,
+   207,
+   183,
+   49,
+   210,
+   28,
+   82,
+   100,
+   228,
+   50,
+   133,
+   136,
+   156,
+   218,
+   4,
+   167,
+   203,
+   237,
+   99,
+   57,
+   76,
+   231,
+   145,
+   137,
+   32,
+   145,
+   129,
+   131,
+   193,
+   252,
+   86,
+   100,
+   234,
+   179,
+   223,
+   7,
+   195,
+   78,
+   53,
+   208,
+   28,
+   210,
+   190,
+   196,
+   22,
+   255,
+   25,
+   156,
+   93,
+   100,
+   174,
+   19,
+   150,
+   253,
+   51,
+   228,
+   248,
+   21,
+   213,
+   95,
+   80,
+   75,
+   3,
+   4,
+   20,
+   0,
+   0,
+   8,
+   8,
+   0,
+   0,
+   0,
+   33,
+   0,
+   67,
+   84,
+   116,
+   15,
+   188,
+   0,
+   0,
+   0,
+   24,
+   2,
+   0,
+   0,
+   11,
+   0,
+   9,
+   0,
+   95,
+   114,
+   101,
+   108,
+   115,
+   47,
+   46,
+   114,
+   101,
+   108,
+   115,
+   85,
+   84,
+   5,
+   0,
+   1,
+   0,
+   166,
+   206,
+   18,
+   173,
+   146,
+   77,
+   10,
+   2,
+   49,
+   12,
+   70,
+   175,
+   50,
+   116,
+   175,
+   25,
+   21,
+   92,
+   200,
+   204,
+   172,
+   220,
+   184,
+   19,
+   241,
+   2,
+   161,
+   205,
+   252,
+   160,
+   109,
+   67,
+   26,
+   65,
+   111,
+   111,
+   17,
+   196,
+   81,
+   84,
+   92,
+   184,
+   108,
+   250,
+   245,
+   229,
+   37,
+   180,
+   218,
+   209,
+   17,
+   117,
+   136,
+   33,
+   245,
+   3,
+   167,
+   226,
+   236,
+   143,
+   33,
+   213,
+   166,
+   87,
+   229,
+   21,
+   64,
+   178,
+   61,
+   121,
+   76,
+   211,
+   200,
+   20,
+   242,
+   77,
+   27,
+   197,
+   163,
+   230,
+   163,
+   116,
+   192,
+   104,
+   15,
+   216,
+   17,
+   204,
+   203,
+   114,
+   9,
+   50,
+   102,
+   152,
+   166,
+   26,
+   51,
+   139,
+   141,
+   171,
+   141,
+   108,
+   220,
+   204,
+   20,
+   251,
+   11,
+   211,
+   47,
+   236,
+   216,
+   182,
+   131,
+   165,
+   117,
+   180,
+   39,
+   79,
+   65,
+   223,
+   180,
+   120,
+   73,
+   100,
+   50,
+   74,
+   71,
+   90,
+   27,
+   102,
+   5,
+   22,
+   74,
+   185,
+   120,
+   75,
+   79,
+   51,
+   217,
+   192,
+   123,
+   161,
+   249,
+   239,
+   66,
+   159,
+   135,
+   5,
+   79,
+   138,
+   14,
+   21,
+   193,
+   70,
+   161,
+   9,
+   75,
+   126,
+   45,
+   58,
+   80,
+   122,
+   56,
+   185,
+   104,
+   183,
+   185,
+   156,
+   110,
+   137,
+   111,
+   66,
+   139,
+   127,
+   110,
+   136,
+   206,
+   74,
+   193,
+   145,
+   251,
+   174,
+   132,
+   204,
+   119,
+   35,
+   120,
+   250,
+   8,
+   205,
+   21,
+   80,
+   75,
+   3,
+   4,
+   20,
+   0,
+   0,
+   8,
+   8,
+   0,
+   0,
+   0,
+   33,
+   0,
+   2,
+   21,
+   80,
+   12,
+   103,
+   0,
+   0,
+   0,
+   125,
+   0,
+   0,
+   0,
+   16,
+   0,
+   9,
+   0,
+   100,
+   111,
+   99,
+   80,
+   114,
+   111,
+   112,
+   115,
+   47,
+   97,
+   112,
+   112,
+   46,
+   120,
+   109,
+   108,
+   85,
+   84,
+   5,
+   0,
+   1,
+   0,
+   166,
+   206,
+   18,
+   179,
+   9,
+   40,
+   202,
+   47,
+   72,
+   45,
+   42,
+   201,
+   76,
+   45,
+   86,
+   168,
+   200,
+   205,
+   201,
+   43,
+   182,
+   85,
+   202,
+   40,
+   41,
+   41,
+   176,
+   210,
+   215,
+   47,
+   78,
+   206,
+   72,
+   205,
+   77,
+   44,
+   214,
+   3,
+   74,
+   231,
+   1,
+   101,
+   210,
+   242,
+   139,
+   114,
+   19,
+   75,
+   128,
+   220,
+   162,
+   116,
+   253,
+   252,
+   180,
+   180,
+   204,
+   228,
+   84,
+   151,
+   252,
+   228,
+   210,
+   220,
+   212,
+   188,
+   18,
+   125,
+   35,
+   3,
+   3,
+   51,
+   253,
+   212,
+   138,
+   146,
+   212,
+   188,
+   148,
+   212,
+   20,
+   221,
+   2,
+   184,
+   129,
+   74,
+   118,
+   54,
+   193,
+   57,
+   153,
+   41,
+   169,
+   197,
+   118,
+   6,
+   54,
+   250,
+   80,
+   150,
+   141,
+   62,
+   194,
+   66,
+   59,
+   0,
+   80,
+   75,
+   3,
+   4,
+   20,
+   0,
+   0,
+   8,
+   8,
+   0,
+   0,
+   0,
+   33,
+   0,
+   221,
+   84,
+   159,
+   53,
+   156,
+   0,
+   0,
+   0,
+   6,
+   1,
+   0,
+   0,
+   17,
+   0,
+   9,
+   0,
+   100,
+   111,
+   99,
+   80,
+   114,
+   111,
+   112,
+   115,
+   47,
+   99,
+   111,
+   114,
+   101,
+   46,
+   120,
+   109,
+   108,
+   85,
+   84,
+   5,
+   0,
+   1,
+   0,
+   166,
+   206,
+   18,
+   109,
+   143,
+   65,
+   10,
+   194,
+   48,
+   16,
+   69,
+   175,
+   34,
+   221,
+   183,
+   211,
+   42,
+   184,
+   40,
+   218,
+   19,
+   40,
+   8,
+   110,
+   220,
+   14,
+   211,
+   177,
+   45,
+   54,
+   105,
+   200,
+   140,
+   164,
+   199,
+   55,
+   6,
+   137,
+   11,
+   93,
+   14,
+   255,
+   253,
+   199,
+   159,
+   3,
+   185,
+   150,
+   22,
+   207,
+   23,
+   191,
+   56,
+   246,
+   58,
+   177,
+   108,
+   86,
+   51,
+   91,
+   105,
+   201,
+   29,
+   139,
+   81,
+   213,
+   181,
+   0,
+   66,
+   35,
+   27,
+   148,
+   42,
+   18,
+   54,
+   134,
+   247,
+   197,
+   27,
+   212,
+   120,
+   250,
+   1,
+   28,
+   210,
+   3,
+   7,
+   134,
+   109,
+   93,
+   239,
+   193,
+   176,
+   98,
+   143,
+   138,
+   240,
+   22,
+   150,
+   46,
+   27,
+   139,
+   143,
+   178,
+   167,
+   172,
+   116,
+   79,
+   63,
+   39,
+   65,
+   79,
+   192,
+   51,
+   27,
+   182,
+   42,
+   208,
+   84,
+   13,
+   124,
+   89,
+   101,
+   111,
+   228,
+   111,
+   33,
+   37,
+   153,
+   92,
+   101,
+   202,
+   84,
+   8,
+   161,
+   10,
+   187,
+   196,
+   197,
+   69,
+   13,
+   220,
+   206,
+   167,
+   107,
+   26,
+   95,
+   78,
+   86,
+   20,
+   45,
+   113,
+   209,
+   29,
+   224,
+   231,
+   229,
+   238,
+   5,
+   80,
+   75,
+   3,
+   4,
+   20,
+   0,
+   0,
+   8,
+   8,
+   0,
+   0,
+   0,
+   33,
+   0,
+   34,
+   173,
+   102,
+   214,
+   158,
+   0,
+   0,
+   0,
+   197,
+   1,
+   0,
+   0,
+   31,
+   0,
+   9,
+   0,
+   112,
+   112,
+   116,
+   47,
+   95,
+   114,
+   101,
+   108,
+   115,
+   47,
+   112,
+   114,
+   101,
+   115,
+   101,
+   110,
+   116,
+   97,
+   116,
+   105,
+   111,
+   110,
+   46,
+   120,
+   109,
+   108,
+   46,
+   114,
+   101,
+   108,
+   115,
+   85,
+   84,
+   5,
+   0,
+   1,
+   0,
+   166,
+   206,
+   18,
+   173,
+   145,
+   191,
+   14,
+   130,
+   64,
+   12,
+   135,
+   95,
+   133,
+   220,
+   3,
+   80,
+   96,
+   112,
+   48,
+   192,
+   228,
+   194,
+   224,
+   98,
+   124,
+   129,
+   230,
+   40,
+   112,
+   145,
+   251,
+   147,
+   107,
+   77,
+   244,
+   237,
+   189,
+   65,
+   13,
+   16,
+   7,
+   7,
+   198,
+   254,
+   218,
+   124,
+   237,
+   151,
+   214,
+   23,
+   154,
+   81,
+   140,
+   119,
+   60,
+   153,
+   192,
+   217,
+   195,
+   206,
+   142,
+   27,
+   53,
+   137,
+   132,
+   35,
+   0,
+   235,
+   137,
+   44,
+   114,
+   238,
+   3,
+   185,
+   212,
+   25,
+   124,
+   180,
+   40,
+   169,
+   140,
+   35,
+   4,
+   212,
+   55,
+   28,
+   9,
+   170,
+   162,
+   56,
+   64,
+   92,
+   50,
+   84,
+   91,
+   47,
+   153,
+   89,
+   215,
+   55,
+   42,
+   118,
+   125,
+   169,
+   178,
+   235,
+   51,
+   208,
+   63,
+   108,
+   63,
+   12,
+   70,
+   211,
+   201,
+   235,
+   187,
+   37,
+   39,
+   63,
+   86,
+   0,
+   207,
+   166,
+   167,
+   51,
+   178,
+   80,
+   76,
+   88,
+   140,
+   35,
+   73,
+   163,
+   22,
+   225,
+   106,
+   162,
+   204,
+   19,
+   95,
+   193,
+   230,
+   172,
+   61,
+   76,
+   63,
+   110,
+   213,
+   238,
+   110,
+   27,
+   171,
+   119,
+   250,
+   53,
+   129,
+   213,
+   215,
+   218,
+   23,
+   80,
+   75,
+   3,
+   4,
+   20,
+   0,
+   0,
+   8,
+   8,
+   0,
+   0,
+   0,
+   33,
+   0,
+   164,
+   219,
+   189,
+   66,
+   231,
+   0,
+   0,
+   0,
+   178,
+   2,
+   0,
+   0,
+   20,
+   0,
+   9,
+   0,
+   112,
+   112,
+   116,
+   47,
+   112,
+   114,
+   101,
+   115,
+   101,
+   110,
+   116,
+   97,
+   116,
+   105,
+   111,
+   110,
+   46,
+   120,
+   109,
+   108,
+   85,
+   84,
+   5,
+   0,
+   1,
+   0,
+   166,
+   206,
+   18,
+   173,
+   146,
+   205,
+   78,
+   196,
+   32,
+   20,
+   133,
+   95,
+   133,
+   220,
+   7,
+   144,
+   82,
+   153,
+   218,
+   33,
+   165,
+   43,
+   55,
+   38,
+   186,
+   242,
+   9,
+   8,
+   165,
+   83,
+   146,
+   242,
+   19,
+   96,
+   50,
+   163,
+   79,
+   47,
+   253,
+   81,
+   171,
+   209,
+   100,
+   22,
+   221,
+   113,
+   239,
+   61,
+   231,
+   228,
+   228,
+   11,
+   141,
+   103,
+   62,
+   168,
+   168,
+   108,
+   18,
+   73,
+   59,
+   139,
+   174,
+   102,
+   180,
+   145,
+   121,
+   14,
+   67,
+   74,
+   158,
+   97,
+   28,
+   229,
+   160,
+   140,
+   136,
+   119,
+   206,
+   43,
+   155,
+   111,
+   189,
+   11,
+   70,
+   164,
+   60,
+   134,
+   19,
+   222,
+   250,
+   204,
+   136,
+   203,
+   162,
+   168,
+   176,
+   17,
+   218,
+   194,
+   26,
+   34,
+   110,
+   9,
+   233,
+   130,
+   184,
+   104,
+   123,
+   250,
+   203,
+   31,
+   110,
+   241,
+   187,
+   190,
+   215,
+   82,
+   61,
+   58,
+   121,
+   54,
+   185,
+   203,
+   18,
+   18,
+   212,
+   56,
+   151,
+   138,
+   131,
+   246,
+   17,
+   218,
+   198,
+   179,
+   56,
+   118,
+   47,
+   34,
+   38,
+   21,
+   158,
+   186,
+   231,
+   152,
+   126,
+   109,
+   144,
+   238,
+   56,
+   148,
+   132,
+   62,
+   208,
+   250,
+   190,
+   162,
+   53,
+   160,
+   192,
+   166,
+   77,
+   190,
+   16,
+   192,
+   109,
+   131,
+   255,
+   177,
+   207,
+   239,
+   165,
+   42,
+   7,
+   216,
+   5,
+   220,
+   87,
+   242,
+   190,
+   177,
+   251,
+   242,
+   92,
+   112,
+   29,
+   170,
+   13,
+   167,
+   242,
+   155,
+   211,
+   150,
+   208,
+   235,
+   59,
+   146,
+   87,
+   14,
+   164,
+   36,
+   199,
+   156,
+   83,
+   0,
+   146,
+   111,
+   28,
+   170,
+   250,
+   80,
+   79,
+   3,
+   158,
+   68,
+   214,
+   37,
+   21,
+   87,
+   217,
+   231,
+   97,
+   86,
+   29,
+   9,
+   165,
+   171,
+   10,
+   255,
+   252,
+   161,
+   237,
+   7,
+   80,
+   75,
+   3,
+   4,
+   20,
+   0,
+   0,
+   8,
+   8,
+   0,
+   0,
+   0,
+   33,
+   0,
+   105,
+   144,
+   108,
+   66,
+   142,
+   0,
+   0,
+   0,
+   254,
+   0,
+   0,
+   0,
+   44,
+   0,
+   9,
+   0,
+   112,
+   112,
+   116,
+   47,
+   115,
+   108,
+   105,
+   100,
+   101,
+   76,
+   97,
+   121,
+   111,
+   117,
+   116,
+   115,
+   47,
+   95,
+   114,
+   101,
+   108,
+   115,
+   47,
+   115,
+   108,
+   105,
+   100,
+   101,
+   76,
+   97,
+   121,
+   111,
+   117,
+   116,
+   49,
+   46,
+   120,
+   109,
+   108,
+   46,
+   114,
+   101,
+   108,
+   115,
+   85,
+   84,
+   5,
+   0,
+   1,
+   0,
+   166,
+   206,
+   18,
+   141,
+   143,
+   59,
+   14,
+   194,
+   48,
+   16,
+   68,
+   175,
+   18,
+   249,
+   0,
+   222,
+   132,
+   130,
+   2,
+   57,
+   169,
+   104,
+   82,
+   208,
+   32,
+   46,
+   176,
+   114,
+   214,
+   137,
+   69,
+   252,
+   145,
+   119,
+   145,
+   224,
+   246,
+   184,
+   116,
+   36,
+   10,
+   202,
+   249,
+   232,
+   141,
+   198,
+   220,
+   105,
+   71,
+   241,
+   41,
+   242,
+   230,
+   51,
+   119,
+   239,
+   176,
+   71,
+   30,
+   213,
+   38,
+   146,
+   47,
+   0,
+   108,
+   55,
+   10,
+   200,
+   58,
+   101,
+   138,
+   53,
+   113,
+   169,
+   4,
+   148,
+   42,
+   203,
+   10,
+   25,
+   237,
+   19,
+   87,
+   130,
+   83,
+   223,
+   159,
+   161,
+   180,
+   12,
+   53,
+   153,
+   150,
+   217,
+   205,
+   203,
+   168,
+   202,
+   188,
+   12,
+   170,
+   123,
+   124,
+   50,
+   253,
+   195,
+   78,
+   206,
+   121,
+   75,
+   215,
+   100,
+   95,
+   129,
+   162,
+   252,
+   152,
+   0,
+   222,
+   253,
+   66,
+   55,
+   100,
+   161,
+   82,
+   177,
+   88,
+   86,
+   146,
+   81,
+   105,
+   221,
+   250,
+   135,
+   210,
+   160,
+   235,
+   132,
+   130,
+   201,
+   192,
+   225,
+   238,
+   244,
+   5,
+   80,
+   75,
+   3,
+   4,
+   20,
+   0,
+   0,
+   8,
+   8,
+   0,
+   0,
+   0,
+   33,
+   0,
+   241,
+   11,
+   83,
+   55,
+   9,
+   1,
+   0,
+   0,
+   55,
+   2,
+   0,
+   0,
+   33,
+   0,
+   9,
+   0,
+   112,
+   112,
+   116,
+   47,
+   115,
+   108,
+   105,
+   100,
+   101,
+   76,
+   97,
+   121,
+   111,
+   117,
+   116,
+   115,
+   47,
+   115,
+   108,
+   105,
+   100,
+   101,
+   76,
+   97,
+   121,
+   111,
+   117,
+   116,
+   49,
+   46,
+   120,
+   109,
+   108,
+   85,
+   84,
+   5,
+   0,
+   1,
+   0,
+   166,
+   206,
+   18,
+   141,
+   82,
+   203,
+   110,
+   195,
+   32,
+   16,
+   252,
+   21,
+   196,
+   7,
+   116,
+   221,
+   30,
+   122,
+   176,
+   226,
+   28,
+   250,
+   80,
+   47,
+   109,
+   19,
+   41,
+   253,
+   1,
+   138,
+   241,
+   67,
+   229,
+   177,
+   90,
+   136,
+   107,
+   255,
+   125,
+   1,
+   59,
+   138,
+   85,
+   249,
+   144,
+   11,
+   44,
+   179,
+   51,
+   187,
+   179,
+   192,
+   14,
+   75,
+   175,
+   235,
+   119,
+   49,
+   185,
+   115,
+   96,
+   163,
+   209,
+   214,
+   151,
+   88,
+   241,
+   46,
+   4,
+   44,
+   1,
+   188,
+   236,
+   148,
+   17,
+   254,
+   206,
+   161,
+   178,
+   49,
+   215,
+   56,
+   50,
+   34,
+   196,
+   35,
+   181,
+   128,
+   164,
+   188,
+   178,
+   65,
+   132,
+   222,
+   89,
+   163,
+   225,
+   161,
+   40,
+   30,
+   193,
+   136,
+   222,
+   242,
+   165,
+   136,
+   184,
+   165,
+   72,
+   77,
+   226,
+   183,
+   183,
+   237,
+   150,
+   158,
+   110,
+   209,
+   187,
+   166,
+   233,
+   165,
+   122,
+   113,
+   242,
+   108,
+   162,
+   151,
+   185,
+   8,
+   41,
+   157,
+   77,
+   249,
+   174,
+   71,
+   207,
+   89,
+   152,
+   80,
+   85,
+   252,
+   91,
+   11,
+   251,
+   195,
+   89,
+   54,
+   77,
+   67,
+   4,
+   238,
+   249,
+   126,
+   135,
+   165,
+   60,
+   233,
+   154,
+   89,
+   97,
+   34,
+   240,
+   148,
+   25,
+   9,
+   244,
+   248,
+   69,
+   74,
+   165,
+   200,
+   14,
+   111,
+   132,
+   39,
+   60,
+   82,
+   230,
+   126,
+   14,
+   71,
+   98,
+   125,
+   157,
+   180,
+   139,
+   134,
+   195,
+   146,
+   88,
+   104,
+   48,
+   139,
+   114,
+   0,
+   255,
+   228,
+   237,
+   37,
+   20,
+   229,
+   216,
+   144,
+   73,
+   123,
+   116,
+   207,
+   198,
+   138,
+   23,
+   156,
+   77,
+   105,
+   133,
+   132,
+   169,
+   49,
+   48,
+   57,
+   131,
+   242,
+   138,
+   202,
+   238,
+   176,
+   193,
+   149,
+   221,
+   235,
+   6,
+   27,
+   46,
+   13,
+   96,
+   213,
+   20,
+   174,
+   99,
+   193,
+   60,
+   118,
+   118,
+   174,
+   233,
+   67,
+   224,
+   97,
+   200,
+   174,
+   226,
+   21,
+   7,
+   69,
+   207,
+   25,
+   194,
+   248,
+   40,
+   243,
+   12,
+   43,
+   10,
+   172,
+   126,
+   202,
+   254,
+   15,
+   80,
+   75,
+   3,
+   4,
+   20,
+   0,
+   0,
+   8,
+   8,
+   0,
+   0,
+   0,
+   33,
+   0,
+   160,
+   47,
+   251,
+   72,
+   162,
+   0,
+   0,
+   0,
+   133,
+   1,
+   0,
+   0,
+   44,
+   0,
+   9,
+   0,
+   112,
+   112,
+   116,
+   47,
+   115,
+   108,
+   105,
+   100,
+   101,
+   77,
+   97,
+   115,
+   116,
+   101,
+   114,
+   115,
+   47,
+   95,
+   114,
+   101,
+   108,
+   115,
+   47,
+   115,
+   108,
+   105,
+   100,
+   101,
+   77,
+   97,
+   115,
+   116,
+   101,
+   114,
+   49,
+   46,
+   120,
+   109,
+   108,
+   46,
+   114,
+   101,
+   108,
+   115,
+   85,
+   84,
+   5,
+   0,
+   1,
+   0,
+   166,
+   206,
+   18,
+   173,
+   144,
+   61,
+   10,
+   195,
+   48,
+   12,
+   133,
+   175,
+   18,
+   124,
+   0,
+   43,
+   201,
+   208,
+   161,
+   36,
+   153,
+   186,
+   4,
+   58,
+   149,
+   94,
+   64,
+   56,
+   74,
+   98,
+   26,
+   255,
+   96,
+   43,
+   208,
+   220,
+   190,
+   166,
+   133,
+   226,
+   64,
+   134,
+   14,
+   93,
+   4,
+   122,
+   146,
+   190,
+   247,
+   80,
+   115,
+   163,
+   5,
+   89,
+   59,
+   27,
+   103,
+   237,
+   99,
+   241,
+   52,
+   139,
+   141,
+   173,
+   152,
+   153,
+   253,
+   25,
+   32,
+   170,
+   153,
+   12,
+   70,
+   233,
+   60,
+   217,
+   52,
+   25,
+   93,
+   48,
+   200,
+   169,
+   13,
+   19,
+   120,
+   84,
+   15,
+   156,
+   8,
+   234,
+   178,
+   60,
+   65,
+   200,
+   25,
+   162,
+   107,
+   114,
+   102,
+   209,
+   15,
+   173,
+   8,
+   253,
+   80,
+   137,
+   226,
+   190,
+   121,
+   250,
+   133,
+   237,
+   198,
+   81,
+   43,
+   186,
+   56,
+   181,
+   26,
+   178,
+   124,
+   96,
+   1,
+   113,
+   209,
+   3,
+   93,
+   113,
+   115,
+   43,
+   39,
+   44,
+   134,
+   137,
+   184,
+   21,
+   82,
+   230,
+   250,
+   110,
+   169,
+   146,
+   201,
+   66,
+   192,
+   113,
+   178,
+   250,
+   159,
+   201,
+   56,
+   221,
+   210,
+   46,
+   211,
+   91,
+   249,
+   212,
+   111,
+   12,
+   216,
+   125,
+   189,
+   123,
+   1,
+   80,
+   75,
+   3,
+   4,
+   20,
+   0,
+   0,
+   8,
+   8,
+   0,
+   0,
+   0,
+   33,
+   0,
+   226,
+   150,
+   217,
+   191,
+   117,
+   1,
+   0,
+   0,
+   78,
+   3,
+   0,
+   0,
+   33,
+   0,
+   9,
+   0,
+   112,
+   112,
+   116,
+   47,
+   115,
+   108,
+   105,
+   100,
+   101,
+   77,
+   97,
+   115,
+   116,
+   101,
+   114,
+   115,
+   47,
+   115,
+   108,
+   105,
+   100,
+   101,
+   77,
+   97,
+   115,
+   116,
+   101,
+   114,
+   49,
+   46,
+   120,
+   109,
+   108,
+   85,
+   84,
+   5,
+   0,
+   1,
+   0,
+   166,
+   206,
+   18,
+   141,
+   147,
+   219,
+   82,
+   195,
+   32,
+   16,
+   134,
+   95,
+   133,
+   225,
+   1,
+   164,
+   77,
+   99,
+   213,
+   76,
+   227,
+   149,
+   142,
+   118,
+   198,
+   67,
+   103,
+   234,
+   11,
+   80,
+   66,
+   18,
+   70,
+   78,
+   179,
+   80,
+   77,
+   223,
+   94,
+   32,
+   193,
+   118,
+   106,
+   47,
+   188,
+   9,
+   255,
+   126,
+   236,
+   191,
+   44,
+   16,
+   86,
+   182,
+   114,
+   178,
+   121,
+   165,
+   206,
+   115,
+   64,
+   131,
+   146,
+   218,
+   85,
+   182,
+   198,
+   189,
+   247,
+   182,
+   34,
+   196,
+   177,
+   158,
+   43,
+   234,
+   174,
+   140,
+   229,
+   58,
+   204,
+   181,
+   6,
+   20,
+   245,
+   33,
+   132,
+   142,
+   88,
+   224,
+   142,
+   107,
+   79,
+   189,
+   48,
+   90,
+   73,
+   82,
+   204,
+   102,
+   75,
+   162,
+   168,
+   208,
+   120,
+   42,
+   66,
+   255,
+   83,
+   164,
+   1,
+   250,
+   45,
+   116,
+   119,
+   201,
+   15,
+   255,
+   241,
+   155,
+   182,
+   21,
+   140,
+   63,
+   24,
+   182,
+   87,
+   161,
+   151,
+   177,
+   8,
+   112,
+   153,
+   154,
+   114,
+   189,
+   176,
+   14,
+   223,
+   175,
+   108,
+   197,
+   182,
+   178,
+   65,
+   154,
+   42,
+   94,
+   227,
+   119,
+   16,
+   157,
+   208,
+   84,
+   34,
+   149,
+   54,
+   156,
+   166,
+   157,
+   253,
+   0,
+   206,
+   163,
+   210,
+   95,
+   79,
+   96,
+   183,
+   118,
+   3,
+   201,
+   245,
+   246,
+   181,
+   1,
+   36,
+   154,
+   26,
+   207,
+   241,
+   228,
+   198,
+   100,
+   154,
+   152,
+   210,
+   200,
+   104,
+   74,
+   130,
+   156,
+   217,
+   187,
+   44,
+   105,
+   53,
+   180,
+   160,
+   226,
+   24,
+   186,
+   69,
+   67,
+   141,
+   103,
+   24,
+   29,
+   226,
+   151,
+   68,
+   198,
+   7,
+   143,
+   216,
+   8,
+   217,
+   145,
+   178,
+   254,
+   253,
+   66,
+   46,
+   235,
+   31,
+   47,
+   100,
+   147,
+   188,
+   0,
+   57,
+   89,
+   148,
+   28,
+   183,
+   69,
+   198,
+   3,
+   72,
+   157,
+   75,
+   120,
+   165,
+   22,
+   237,
+   186,
+   121,
+   141,
+   165,
+   15,
+   219,
+   242,
+   67,
+   80,
+   205,
+   103,
+   80,
+   187,
+   174,
+   136,
+   172,
+   136,
+   172,
+   136,
+   44,
+   40,
+   202,
+   88,
+   56,
+   213,
+   144,
+   49,
+   137,
+   76,
+   138,
+   76,
+   126,
+   115,
+   22,
+   153,
+   44,
+   50,
+   41,
+   51,
+   41,
+   51,
+   185,
+   206,
+   228,
+   58,
+   147,
+   101,
+   38,
+   75,
+   140,
+   122,
+   41,
+   244,
+   103,
+   184,
+   242,
+   56,
+   96,
+   212,
+   26,
+   249,
+   60,
+   130,
+   172,
+   198,
+   163,
+   15,
+   127,
+   234,
+   11,
+   61,
+   152,
+   189,
+   95,
+   55,
+   47,
+   206,
+   159,
+   145,
+   116,
+   87,
+   197,
+   188,
+   188,
+   41,
+   111,
+   23,
+   203,
+   242,
+   14,
+   35,
+   168,
+   34,
+   129,
+   117,
+   51,
+   199,
+   227,
+   5,
+   253,
+   181,
+   251,
+   97,
+   235,
+   15,
+   146,
+   187,
+   164,
+   133,
+   151,
+   60,
+   133,
+   105,
+   173,
+   157,
+   105,
+   14,
+   199,
+   200,
+   248,
+   158,
+   67,
+   14,
+   201,
+   169,
+   145,
+   156,
+   60,
+   160,
+   251,
+   31,
+   80,
+   75,
+   3,
+   4,
+   20,
+   0,
+   0,
+   8,
+   8,
+   0,
+   0,
+   0,
+   33,
+   0,
+   223,
+   29,
+   221,
+   7,
+   142,
+   0,
+   0,
+   0,
+   254,
+   0,
+   0,
+   0,
+   32,
+   0,
+   9,
+   0,
+   112,
+   112,
+   116,
+   47,
+   115,
+   108,
+   105,
+   100,
+   101,
+   115,
+   47,
+   95,
+   114,
+   101,
+   108,
+   115,
+   47,
+   115,
+   108,
+   105,
+   100,
+   101,
+   49,
+   46,
+   120,
+   109,
+   108,
+   46,
+   114,
+   101,
+   108,
+   115,
+   85,
+   84,
+   5,
+   0,
+   1,
+   0,
+   166,
+   206,
+   18,
+   141,
+   143,
+   59,
+   10,
+   195,
+   48,
+   16,
+   68,
+   175,
+   98,
+   116,
+   0,
+   173,
+   157,
+   34,
+   69,
+   144,
+   93,
+   165,
+   49,
+   164,
+   10,
+   185,
+   192,
+   34,
+   175,
+   109,
+   17,
+   235,
+   131,
+   118,
+   13,
+   241,
+   237,
+   163,
+   82,
+   134,
+   20,
+   41,
+   231,
+   195,
+   27,
+   198,
+   60,
+   105,
+   67,
+   113,
+   49,
+   240,
+   234,
+   18,
+   55,
+   31,
+   191,
+   5,
+   238,
+   213,
+   42,
+   146,
+   110,
+   0,
+   108,
+   87,
+   242,
+   200,
+   58,
+   38,
+   10,
+   37,
+   153,
+   99,
+   246,
+   40,
+   69,
+   230,
+   5,
+   18,
+   218,
+   55,
+   46,
+   4,
+   151,
+   182,
+   189,
+   66,
+   174,
+   25,
+   106,
+   48,
+   53,
+   179,
+   25,
+   167,
+   94,
+   229,
+   113,
+   234,
+   84,
+   243,
+   58,
+   18,
+   253,
+   195,
+   142,
+   243,
+   236,
+   44,
+   221,
+   163,
+   221,
+   61,
+   5,
+   249,
+   49,
+   1,
+   188,
+   185,
+   137,
+   30,
+   120,
+   196,
+   93,
+   10,
+   22,
+   243,
+   66,
+   210,
+   43,
+   173,
+   107,
+   255,
+   84,
+   234,
+   116,
+   153,
+   80,
+   48,
+   24,
+   56,
+   221,
+   29,
+   190,
+   80,
+   75,
+   3,
+   4,
+   20,
+   0,
+   0,
+   8,
+   8,
+   0,
+   0,
+   0,
+   33,
+   0,
+   230,
+   23,
+   191,
+   40,
+   253,
+   1,
+   0,
+   0,
+   116,
+   14,
+   0,
+   0,
+   21,
+   0,
+   9,
+   0,
+   112,
+   112,
+   116,
+   47,
+   115,
+   108,
+   105,
+   100,
+   101,
+   115,
+   47,
+   115,
+   108,
+   105,
+   100,
+   101,
+   49,
+   46,
+   120,
+   109,
+   108,
+   85,
+   84,
+   5,
+   0,
+   1,
+   0,
+   166,
+   206,
+   18,
+   237,
+   87,
+   225,
+   78,
+   219,
+   48,
+   16,
+   126,
+   21,
+   203,
+   15,
+   48,
+   135,
+   22,
+   58,
+   136,
+   26,
+   164,
+   2,
+   18,
+   127,
+   24,
+   68,
+   234,
+   94,
+   192,
+   117,
+   220,
+   198,
+   146,
+   99,
+   91,
+   231,
+   107,
+   72,
+   247,
+   244,
+   179,
+   157,
+   20,
+   16,
+   76,
+   26,
+   35,
+   76,
+   98,
+   29,
+   253,
+   209,
+   164,
+   181,
+   239,
+   238,
+   187,
+   207,
+   119,
+   247,
+   201,
+   115,
+   151,
+   123,
+   93,
+   145,
+   174,
+   209,
+   198,
+   231,
+   174,
+   160,
+   53,
+   162,
+   203,
+   25,
+   243,
+   162,
+   150,
+   13,
+   247,
+   95,
+   172,
+   147,
+   38,
+   172,
+   173,
+   45,
+   52,
+   28,
+   195,
+   79,
+   216,
+   48,
+   7,
+   210,
+   75,
+   131,
+   28,
+   149,
+   53,
+   141,
+   102,
+   147,
+   44,
+   155,
+   177,
+   134,
+   43,
+   67,
+   7,
+   39,
+   252,
+   53,
+   78,
+   42,
+   224,
+   247,
+   202,
+   108,
+   126,
+   101,
+   15,
+   175,
+   177,
+   183,
+   235,
+   181,
+   18,
+   242,
+   202,
+   138,
+   109,
+   19,
+   176,
+   244,
+   78,
+   64,
+   234,
+   4,
+   202,
+   215,
+   202,
+   121,
+   122,
+   62,
+   119,
+   185,
+   88,
+   234,
+   42,
+   62,
+   189,
+   251,
+   14,
+   82,
+   198,
+   55,
+   211,
+   94,
+   131,
+   91,
+   186,
+   18,
+   210,
+   242,
+   109,
+   91,
+   2,
+   81,
+   85,
+   65,
+   143,
+   40,
+   49,
+   188,
+   145,
+   5,
+   165,
+   108,
+   88,
+   24,
+   182,
+   177,
+   222,
+   40,
+   189,
+   176,
+   103,
+   230,
+   155,
+   39,
+   91,
+   188,
+   123,
+   95,
+   244,
+   31,
+   226,
+   64,
+   250,
+   220,
+   95,
+   178,
+   53,
+   217,
+   179,
+   85,
+   114,
+   83,
+   89,
+   65,
+   188,
+   86,
+   149,
+   36,
+   168,
+   80,
+   203,
+   7,
+   254,
+   162,
+   21,
+   193,
+   238,
+   194,
+   118,
+   145,
+   221,
+   23,
+   52,
+   238,
+   157,
+   250,
+   244,
+   52,
+   121,
+   183,
+   134,
+   102,
+   128,
+   107,
+   222,
+   14,
+   215,
+   228,
+   129,
+   217,
+   177,
+   110,
+   72,
+   64,
+   60,
+   203,
+   206,
+   102,
+   89,
+   70,
+   201,
+   174,
+   160,
+   199,
+   89,
+   252,
+   196,
+   12,
+   76,
+   46,
+   59,
+   28,
+   237,
+   93,
+   68,
+   66,
+   178,
+   179,
+   175,
+   147,
+   211,
+   24,
+   64,
+   132,
+   8,
+   167,
+   15,
+   17,
+   88,
+   79,
+   68,
+   12,
+   229,
+   192,
+   227,
+   181,
+   180,
+   163,
+   73,
+   33,
+   209,
+   81,
+   65,
+   65,
+   10,
+   76,
+   4,
+   241,
+   246,
+   198,
+   143,
+   78,
+   162,
+   135,
+   186,
+   135,
+   152,
+   142,
+   212,
+   15,
+   7,
+   26,
+   143,
+   188,
+   218,
+   29,
+   100,
+   51,
+   240,
+   124,
+   21,
+   82,
+   75,
+   53,
+   204,
+   115,
+   237,
+   113,
+   137,
+   59,
+   45,
+   99,
+   101,
+   31,
+   96,
+   182,
+   189,
+   253,
+   219,
+   185,
+   130,
+   209,
+   14,
+   202,
+   145,
+   46,
+   200,
+   170,
+   160,
+   161,
+   193,
+   84,
+   250,
+   246,
+   63,
+   10,
+   58,
+   29,
+   154,
+   12,
+   71,
+   66,
+   187,
+   3,
+   81,
+   115,
+   168,
+   230,
+   12,
+   67,
+   225,
+   67,
+   44,
+   254,
+   212,
+   0,
+   125,
+   225,
+   15,
+   189,
+   240,
+   223,
+   73,
+   194,
+   244,
+   153,
+   36,
+   56,
+   14,
+   124,
+   3,
+   220,
+   213,
+   100,
+   122,
+   120,
+   146,
+   112,
+   244,
+   247,
+   53,
+   225,
+   248,
+   228,
+   83,
+   19,
+   254,
+   133,
+   110,
+   248,
+   212,
+   132,
+   63,
+   152,
+   28,
+   163,
+   71,
+   186,
+   110,
+   117,
+   28,
+   231,
+   177,
+   102,
+   87,
+   219,
+   197,
+   22,
+   237,
+   237,
+   118,
+   124,
+   51,
+   224,
+   206,
+   133,
+   185,
+   21,
+   230,
+   213,
+   74,
+   137,
+   82,
+   130,
+   178,
+   85,
+   208,
+   11,
+   228,
+   128,
+   11,
+   28,
+   230,
+   20,
+   75,
+   117,
+   252,
+   1,
+   37,
+   109,
+   242,
+   78,
+   146,
+   182,
+   112,
+   78,
+   203,
+   223,
+   8,
+   26,
+   123,
+   188,
+   70,
+   177,
+   199,
+   155,
+   149,
+   208,
+   240,
+   141,
+   187,
+   187,
+   22,
+   98,
+   253,
+   135,
+   144,
+   40,
+   225,
+   50,
+   253,
+   229,
+   66,
+   144,
+   126,
+   178,
+   63,
+   217,
+   194,
+   210,
+   101,
+   243,
+   252,
+   39,
+   80,
+   75,
+   3,
+   4,
+   20,
+   0,
+   0,
+   8,
+   8,
+   0,
+   0,
+   0,
+   33,
+   0,
+   54,
+   160,
+   13,
+   121,
+   187,
+   1,
+   0,
+   0,
+   91,
+   7,
+   0,
+   0,
+   20,
+   0,
+   9,
+   0,
+   112,
+   112,
+   116,
+   47,
+   116,
+   104,
+   101,
+   109,
+   101,
+   47,
+   116,
+   104,
+   101,
+   109,
+   101,
+   49,
+   46,
+   120,
+   109,
+   108,
+   85,
+   84,
+   5,
+   0,
+   1,
+   0,
+   166,
+   206,
+   18,
+   213,
+   149,
+   219,
+   110,
+   163,
+   48,
+   16,
+   134,
+   95,
+   5,
+   241,
+   0,
+   53,
+   1,
+   155,
+   208,
+   40,
+   137,
+   148,
+   3,
+   104,
+   47,
+   42,
+   245,
+   162,
+   79,
+   224,
+   18,
+   3,
+   222,
+   216,
+   6,
+   217,
+   214,
+   118,
+   251,
+   246,
+   117,
+   12,
+   225,
+   100,
+   186,
+   23,
+   171,
+   118,
+   165,
+   229,
+   2,
+   152,
+   153,
+   207,
+   255,
+   204,
+   152,
+   177,
+   216,
+   226,
+   141,
+   174,
+   8,
+   39,
+   222,
+   111,
+   206,
+   132,
+   218,
+   224,
+   157,
+   95,
+   105,
+   221,
+   108,
+   0,
+   80,
+   185,
+   113,
+   99,
+   245,
+   80,
+   55,
+   68,
+   152,
+   88,
+   81,
+   75,
+   142,
+   181,
+   49,
+   101,
+   9,
+   46,
+   18,
+   191,
+   81,
+   81,
+   114,
+   6,
+   194,
+   32,
+   136,
+   1,
+   199,
+   84,
+   248,
+   158,
+   192,
+   156,
+   236,
+   252,
+   103,
+   73,
+   75,
+   42,
+   48,
+   243,
+   247,
+   219,
+   78,
+   56,
+   101,
+   230,
+   38,
+   180,
+   186,
+   57,
+   114,
+   38,
+   95,
+   114,
+   155,
+   109,
+   129,
+   190,
+   92,
+   87,
+   183,
+   135,
+   146,
+   229,
+   235,
+   137,
+   73,
+   239,
+   23,
+   102,
+   59,
+   127,
+   181,
+   14,
+   87,
+   225,
+   209,
+   7,
+   251,
+   45,
+   232,
+   1,
+   166,
+   93,
+   46,
+   179,
+   87,
+   199,
+   117,
+   192,
+   229,
+   26,
+   58,
+   92,
+   4,
+   225,
+   35,
+   74,
+   123,
+   189,
+   176,
+   213,
+   115,
+   185,
+   44,
+   200,
+   96,
+   134,
+   122,
+   61,
+   11,
+   224,
+   60,
+   55,
+   125,
+   44,
+   213,
+   24,
+   31,
+   147,
+   117,
+   199,
+   142,
+   160,
+   246,
+   213,
+   213,
+   62,
+   38,
+   113,
+   26,
+   69,
+   19,
+   126,
+   164,
+   31,
+   57,
+   60,
+   74,
+   147,
+   32,
+   14,
+   39,
+   124,
+   52,
+   240,
+   208,
+   225,
+   147,
+   56,
+   70,
+   135,
+   41,
+   15,
+   7,
+   30,
+   185,
+   245,
+   32,
+   120,
+   138,
+   225,
+   132,
+   71,
+   3,
+   31,
+   59,
+   60,
+   60,
+   39,
+   233,
+   35,
+   154,
+   240,
+   22,
+   170,
+   24,
+   21,
+   87,
+   119,
+   119,
+   98,
+   116,
+   62,
+   157,
+   58,
+   186,
+   71,
+   138,
+   154,
+   253,
+   88,
+   196,
+   215,
+   1,
+   140,
+   14,
+   247,
+   205,
+   25,
+   40,
+   48,
+   154,
+   157,
+   118,
+   189,
+   208,
+   159,
+   79,
+   18,
+   199,
+   63,
+   107,
+   153,
+   25,
+   196,
+   126,
+   94,
+   172,
+   169,
+   240,
+   244,
+   123,
+   67,
+   10,
+   156,
+   27,
+   242,
+   32,
+   169,
+   193,
+   192,
+   45,
+   68,
+   240,
+   200,
+   223,
+   186,
+   114,
+   53,
+   115,
+   129,
+   153,
+   28,
+   167,
+   226,
+   75,
+   181,
+   7,
+   57,
+   48,
+   110,
+   203,
+   54,
+   201,
+   255,
+   208,
+   99,
+   65,
+   25,
+   123,
+   209,
+   239,
+   140,
+   60,
+   41,
+   91,
+   138,
+   170,
+   25,
+   189,
+   100,
+   198,
+   105,
+   13,
+   187,
+   172,
+   223,
+   212,
+   166,
+   50,
+   175,
+   93,
+   194,
+   41,
+   247,
+   143,
+   22,
+   1,
+   183,
+   94,
+   38,
+   166,
+   150,
+   247,
+   102,
+   102,
+   37,
+   92,
+   7,
+   129,
+   255,
+   215,
+   133,
+   53,
+   82,
+   233,
+   51,
+   86,
+   85,
+   139,
+   217,
+   208,
+   253,
+   4,
+   139,
+   33,
+   73,
+   136,
+   224,
+   247,
+   39,
+   137,
+   146,
+   213,
+   247,
+   37,
+   1,
+   243,
+   221,
+   35,
+   69,
+   65,
+   114,
+   253,
+   137,
+   103,
+   48,
+   77,
+   172,
+   21,
+   89,
+   140,
+   126,
+   61,
+   12,
+   150,
+   42,
+   123,
+   45,
+   179,
+   255,
+   108,
+   114,
+   231,
+   21,
+   131,
+   209,
+   201,
+   180,
+   214,
+   236,
+   55,
+   119,
+   247,
+   236,
+   63,
+   0,
+   80,
+   75,
+   1,
+   2,
+   30,
+   3,
+   20,
+   0,
+   0,
+   8,
+   8,
+   0,
+   0,
+   0,
+   33,
+   0,
+   218,
+   202,
+   242,
+   130,
+   30,
+   1,
+   0,
+   0,
+   146,
+   4,
+   0,
+   0,
+   19,
+   0,
+   9,
+   0,
+   0,
+   0,
+   0,
+   0,
+   0,
+   0,
+   0,
+   0,
+   164,
+   129,
+   0,
+   0,
+   0,
+   0,
+   91,
+   67,
+   111,
+   110,
+   116,
+   101,
+   110,
+   116,
+   95,
+   84,
+   121,
+   112,
+   101,
+   115,
+   93,
+   46,
+   120,
+   109,
+   108,
+   85,
+   84,
+   5,
+   0,
+   1,
+   0,
+   166,
+   206,
+   18,
+   80,
+   75,
+   1,
+   2,
+   30,
+   3,
+   20,
+   0,
+   0,
+   8,
+   8,
+   0,
+   0,
+   0,
+   33,
+   0,
+   67,
+   84,
+   116,
+   15,
+   188,
+   0,
+   0,
+   0,
+   24,
+   2,
+   0,
+   0,
+   11,
+   0,
+   9,
+   0,
+   0,
+   0,
+   0,
+   0,
+   0,
+   0,
+   0,
+   0,
+   164,
+   129,
+   88,
+   1,
+   0,
+   0,
+   95,
+   114,
+   101,
+   108,
+   115,
+   47,
+   46,
+   114,
+   101,
+   108,
+   115,
+   85,
+   84,
+   5,
+   0,
+   1,
+   0,
+   166,
+   206,
+   18,
+   80,
+   75,
+   1,
+   2,
+   30,
+   3,
+   20,
+   0,
+   0,
+   8,
+   8,
+   0,
+   0,
+   0,
+   33,
+   0,
+   2,
+   21,
+   80,
+   12,
+   103,
+   0,
+   0,
+   0,
+   125,
+   0,
+   0,
+   0,
+   16,
+   0,
+   9,
+   0,
+   0,
+   0,
+   0,
+   0,
+   0,
+   0,
+   0,
+   0,
+   164,
+   129,
+   70,
+   2,
+   0,
+   0,
+   100,
+   111,
+   99,
+   80,
+   114,
+   111,
+   112,
+   115,
+   47,
+   97,
+   112,
+   112,
+   46,
+   120,
+   109,
+   108,
+   85,
+   84,
+   5,
+   0,
+   1,
+   0,
+   166,
+   206,
+   18,
+   80,
+   75,
+   1,
+   2,
+   30,
+   3,
+   20,
+   0,
+   0,
+   8,
+   8,
+   0,
+   0,
+   0,
+   33,
+   0,
+   221,
+   84,
+   159,
+   53,
+   156,
+   0,
+   0,
+   0,
+   6,
+   1,
+   0,
+   0,
+   17,
+   0,
+   9,
+   0,
+   0,
+   0,
+   0,
+   0,
+   0,
+   0,
+   0,
+   0,
+   164,
+   129,
+   228,
+   2,
+   0,
+   0,
+   100,
+   111,
+   99,
+   80,
+   114,
+   111,
+   112,
+   115,
+   47,
+   99,
+   111,
+   114,
+   101,
+   46,
+   120,
+   109,
+   108,
+   85,
+   84,
+   5,
+   0,
+   1,
+   0,
+   166,
+   206,
+   18,
+   80,
+   75,
+   1,
+   2,
+   30,
+   3,
+   20,
+   0,
+   0,
+   8,
+   8,
+   0,
+   0,
+   0,
+   33,
+   0,
+   34,
+   173,
+   102,
+   214,
+   158,
+   0,
+   0,
+   0,
+   197,
+   1,
+   0,
+   0,
+   31,
+   0,
+   9,
+   0,
+   0,
+   0,
+   0,
+   0,
+   0,
+   0,
+   0,
+   0,
+   164,
+   129,
+   184,
+   3,
+   0,
+   0,
+   112,
+   112,
+   116,
+   47,
+   95,
+   114,
+   101,
+   108,
+   115,
+   47,
+   112,
+   114,
+   101,
+   115,
+   101,
+   110,
+   116,
+   97,
+   116,
+   105,
+   111,
+   110,
+   46,
+   120,
+   109,
+   108,
+   46,
+   114,
+   101,
+   108,
+   115,
+   85,
+   84,
+   5,
+   0,
+   1,
+   0,
+   166,
+   206,
+   18,
+   80,
+   75,
+   1,
+   2,
+   30,
+   3,
+   20,
+   0,
+   0,
+   8,
+   8,
+   0,
+   0,
+   0,
+   33,
+   0,
+   164,
+   219,
+   189,
+   66,
+   231,
+   0,
+   0,
+   0,
+   178,
+   2,
+   0,
+   0,
+   20,
+   0,
+   9,
+   0,
+   0,
+   0,
+   0,
+   0,
+   0,
+   0,
+   0,
+   0,
+   164,
+   129,
+   156,
+   4,
+   0,
+   0,
+   112,
+   112,
+   116,
+   47,
+   112,
+   114,
+   101,
+   115,
+   101,
+   110,
+   116,
+   97,
+   116,
+   105,
+   111,
+   110,
+   46,
+   120,
+   109,
+   108,
+   85,
+   84,
+   5,
+   0,
+   1,
+   0,
+   166,
+   206,
+   18,
+   80,
+   75,
+   1,
+   2,
+   30,
+   3,
+   20,
+   0,
+   0,
+   8,
+   8,
+   0,
+   0,
+   0,
+   33,
+   0,
+   105,
+   144,
+   108,
+   66,
+   142,
+   0,
+   0,
+   0,
+   254,
+   0,
+   0,
+   0,
+   44,
+   0,
+   9,
+   0,
+   0,
+   0,
+   0,
+   0,
+   0,
+   0,
+   0,
+   0,
+   164,
+   129,
+   190,
+   5,
+   0,
+   0,
+   112,
+   112,
+   116,
+   47,
+   115,
+   108,
+   105,
+   100,
+   101,
+   76,
+   97,
+   121,
+   111,
+   117,
+   116,
+   115,
+   47,
+   95,
+   114,
+   101,
+   108,
+   115,
+   47,
+   115,
+   108,
+   105,
+   100,
+   101,
+   76,
+   97,
+   121,
+   111,
+   117,
+   116,
+   49,
+   46,
+   120,
+   109,
+   108,
+   46,
+   114,
+   101,
+   108,
+   115,
+   85,
+   84,
+   5,
+   0,
+   1,
+   0,
+   166,
+   206,
+   18,
+   80,
+   75,
+   1,
+   2,
+   30,
+   3,
+   20,
+   0,
+   0,
+   8,
+   8,
+   0,
+   0,
+   0,
+   33,
+   0,
+   241,
+   11,
+   83,
+   55,
+   9,
+   1,
+   0,
+   0,
+   55,
+   2,
+   0,
+   0,
+   33,
+   0,
+   9,
+   0,
+   0,
+   0,
+   0,
+   0,
+   0,
+   0,
+   0,
+   0,
+   164,
+   129,
+   159,
+   6,
+   0,
+   0,
+   112,
+   112,
+   116,
+   47,
+   115,
+   108,
+   105,
+   100,
+   101,
+   76,
+   97,
+   121,
+   111,
+   117,
+   116,
+   115,
+   47,
+   115,
+   108,
+   105,
+   100,
+   101,
+   76,
+   97,
+   121,
+   111,
+   117,
+   116,
+   49,
+   46,
+   120,
+   109,
+   108,
+   85,
+   84,
+   5,
+   0,
+   1,
+   0,
+   166,
+   206,
+   18,
+   80,
+   75,
+   1,
+   2,
+   30,
+   3,
+   20,
+   0,
+   0,
+   8,
+   8,
+   0,
+   0,
+   0,
+   33,
+   0,
+   160,
+   47,
+   251,
+   72,
+   162,
+   0,
+   0,
+   0,
+   133,
+   1,
+   0,
+   0,
+   44,
+   0,
+   9,
+   0,
+   0,
+   0,
+   0,
+   0,
+   0,
+   0,
+   0,
+   0,
+   164,
+   129,
+   240,
+   7,
+   0,
+   0,
+   112,
+   112,
+   116,
+   47,
+   115,
+   108,
+   105,
+   100,
+   101,
+   77,
+   97,
+   115,
+   116,
+   101,
+   114,
+   115,
+   47,
+   95,
+   114,
+   101,
+   108,
+   115,
+   47,
+   115,
+   108,
+   105,
+   100,
+   101,
+   77,
+   97,
+   115,
+   116,
+   101,
+   114,
+   49,
+   46,
+   120,
+   109,
+   108,
+   46,
+   114,
+   101,
+   108,
+   115,
+   85,
+   84,
+   5,
+   0,
+   1,
+   0,
+   166,
+   206,
+   18,
+   80,
+   75,
+   1,
+   2,
+   30,
+   3,
+   20,
+   0,
+   0,
+   8,
+   8,
+   0,
+   0,
+   0,
+   33,
+   0,
+   226,
+   150,
+   217,
+   191,
+   117,
+   1,
+   0,
+   0,
+   78,
+   3,
+   0,
+   0,
+   33,
+   0,
+   9,
+   0,
+   0,
+   0,
+   0,
+   0,
+   0,
+   0,
+   0,
+   0,
+   164,
+   129,
+   229,
+   8,
+   0,
+   0,
+   112,
+   112,
+   116,
+   47,
+   115,
+   108,
+   105,
+   100,
+   101,
+   77,
+   97,
+   115,
+   116,
+   101,
+   114,
+   115,
+   47,
+   115,
+   108,
+   105,
+   100,
+   101,
+   77,
+   97,
+   115,
+   116,
+   101,
+   114,
+   49,
+   46,
+   120,
+   109,
+   108,
+   85,
+   84,
+   5,
+   0,
+   1,
+   0,
+   166,
+   206,
+   18,
+   80,
+   75,
+   1,
+   2,
+   30,
+   3,
+   20,
+   0,
+   0,
+   8,
+   8,
+   0,
+   0,
+   0,
+   33,
+   0,
+   223,
+   29,
+   221,
+   7,
+   142,
+   0,
+   0,
+   0,
+   254,
+   0,
+   0,
+   0,
+   32,
+   0,
+   9,
+   0,
+   0,
+   0,
+   0,
+   0,
+   0,
+   0,
+   0,
+   0,
+   164,
+   129,
+   162,
+   10,
+   0,
+   0,
+   112,
+   112,
+   116,
+   47,
+   115,
+   108,
+   105,
+   100,
+   101,
+   115,
+   47,
+   95,
+   114,
+   101,
+   108,
+   115,
+   47,
+   115,
+   108,
+   105,
+   100,
+   101,
+   49,
+   46,
+   120,
+   109,
+   108,
+   46,
+   114,
+   101,
+   108,
+   115,
+   85,
+   84,
+   5,
+   0,
+   1,
+   0,
+   166,
+   206,
+   18,
+   80,
+   75,
+   1,
+   2,
+   30,
+   3,
+   20,
+   0,
+   0,
+   8,
+   8,
+   0,
+   0,
+   0,
+   33,
+   0,
+   230,
+   23,
+   191,
+   40,
+   253,
+   1,
+   0,
+   0,
+   116,
+   14,
+   0,
+   0,
+   21,
+   0,
+   9,
+   0,
+   0,
+   0,
+   0,
+   0,
+   0,
+   0,
+   0,
+   0,
+   164,
+   129,
+   119,
+   11,
+   0,
+   0,
+   112,
+   112,
+   116,
+   47,
+   115,
+   108,
+   105,
+   100,
+   101,
+   115,
+   47,
+   115,
+   108,
+   105,
+   100,
+   101,
+   49,
+   46,
+   120,
+   109,
+   108,
+   85,
+   84,
+   5,
+   0,
+   1,
+   0,
+   166,
+   206,
+   18,
+   80,
+   75,
+   1,
+   2,
+   30,
+   3,
+   20,
+   0,
+   0,
+   8,
+   8,
+   0,
+   0,
+   0,
+   33,
+   0,
+   54,
+   160,
+   13,
+   121,
+   187,
+   1,
+   0,
+   0,
+   91,
+   7,
+   0,
+   0,
+   20,
+   0,
+   9,
+   0,
+   0,
+   0,
+   0,
+   0,
+   0,
+   0,
+   0,
+   0,
+   164,
+   129,
+   176,
+   13,
+   0,
+   0,
+   112,
+   112,
+   116,
+   47,
+   116,
+   104,
+   101,
+   109,
+   101,
+   47,
+   116,
+   104,
+   101,
+   109,
+   101,
+   49,
+   46,
+   120,
+   109,
+   108,
+   85,
+   84,
+   5,
+   0,
+   1,
+   0,
+   166,
+   206,
+   18,
+   80,
+   75,
+   5,
+   6,
+   0,
+   0,
+   0,
+   0,
+   13,
+   0,
+   13,
+   0,
+   32,
+   4,
+   0,
+   0,
+   166,
+   15,
+   0,
+   0,
+   0,
+   0,
+ ]

 ❯ packages/pandoc/src/pptx-conversion.test.ts:294:38
    292| it("rejects numbered list delimiters outside the supported decimal-per…
    293|   const list: Block = {t: "OrderedList", c: [[1, "Decimal", "OneParen"…
    294|   await expect(write([heading, list])).rejects.toMatchObject({code: "E…
       |                                      ^
    295| });
    296| it("rejects unsupported source numbering and diagnoses an explicit dec…

FAIL packages/pandoc/src/pptx-conversion.test.ts > rejects unsupported source numbering and diagnoses an explicit decimal projection
AssertionError: promise resolved "{ blocks: [ { t: 'Div', …(1) } ], …(2) }" instead of rejecting

- Expected
+ Received

- Error {
-   "message": "rejected promise",
+ {
+   "blocks": [
+     {
+       "c": [
+         [
+           "slide-1",
+           [
+             "slide",
+           ],
+           [
+             [
+               "data-pptx-order",
+               "structural",
+             ],
+           ],
+         ],
+         [
+           {
+             "c": [
+               1,
+               [
+                 "",
+                 [],
+                 [],
+               ],
+               [
+                 {
+                   "c": "Inventory",
+                   "t": "Str",
+                 },
+               ],
+             ],
+             "t": "Header",
+           },
+           {
+             "c": [
+               [
+                 1,
+                 "Decimal",
+                 "Period",
+               ],
+               [
+                 [
+                   {
+                     "c": [
+                       {
+                         "c": "Apple",
+                         "t": "Str",
+                       },
+                     ],
+                     "t": "Plain",
+                   },
+                 ],
+               ],
+             ],
+             "t": "OrderedList",
+           },
+         ],
+       ],
+       "t": "Div",
+     },
+   ],
+   "metadata": {},
+   "resources": [],
  }

 ❯ packages/pandoc/src/pptx-conversion.test.ts:300:72
    298|   const original = (await mutateTextParagraphs(bytes, {select: {kind: …
    299|     bullet: {kind: "numbered", scheme: "romanUcPeriod", startAt: 1}}, …
    300|   await expect(readDocument({bytes: original}, {from: "pptx"}, context…
       |                                                                        ^
    301|   const result = await convert([{bytes: original}], {from: "pptx", to:…
    302|   expect(result.diagnostics).toContainEqual(expect.objectContaining({c…


⎯⎯⎯⎯⎯⎯⎯ Failed Tests 3 ⎯⎯⎯⎯⎯⎯⎯

 FAIL  packages/pandoc/src/pptx-conversion.test.ts > retains adjacent numbered list restarts instead of merging their items
AssertionError: expected [ 3 ] to deeply equal [ 3, 1 ]

- Expected
+ Received

  [
    3,
-   1,
  ]

 ❯ packages/pandoc/src/pptx-conversion.test.ts:289:37
    287|   if (slide.t !== "Div") throw new Error("Expected slide");
    288|   const lists = slide.c[1].filter(b => b.t === "OrderedList");
    289|   expect(lists.map(b => b.c[0][0])).toEqual([3, 1]);
       |                                     ^
    290|   expect(lists.map(b => b.c[1].length)).toEqual([1, 1]);
    291| });

⎯⎯⎯⎯⎯⎯⎯⎯⎯⎯⎯⎯⎯⎯⎯⎯⎯⎯⎯⎯⎯⎯⎯⎯[1/3]⎯

 FAIL  packages/pandoc/src/pptx-conversion.test.ts > rejects numbered list delimiters outside the supported decimal-period profile
AssertionError: promise resolved "Uint8Array[ 80, 75, 3, 4, 20, 0, …(5085) ]" instead of rejecting

- Expected
+ Received

- Error {
-   "message": "rejected promise",
- }
+ Uint8Array [
+   80,
+   75,
+   3,
+   4,
+   20,
+   0,
+   0,
+   8,
+   8,
+   0,
+   0,
+   0,
+   33,
+   0,
+   218,
+   202,
+   242,
+   130,
+   30,
+   1,
+   0,
+   0,
+   146,
+   4,
+   0,
+   0,
+   19,
+   0,
+   9,
+   0,
+   91,
+   67,
+   111,
+   110,
+   116,
+   101,
+   110,
+   116,
+   95,
+   84,
+   121,
+   112,
+   101,
+   115,
+   93,
+   46,
+   120,
+   109,
+   108,
+   85,
+   84,
+   5,
+   0,
+   1,
+   0,
+   166,
+   206,
+   18,
+   181,
+   84,
+   203,
+   78,
+   195,
+   48,
+   16,
+   252,
+   149,
+   200,
+   87,
+   148,
+   184,
+   112,
+   224,
+   128,
+   146,
+   92,
+   128,
+   27,
+   143,
+   30,
+   248,
+   1,
+   203,
+   217,
+   52,
+   22,
+   126,
+   201,
+   187,
+   169,
+   218,
+   191,
+   103,
+   147,
+   180,
+   40,
+   32,
+   212,
+   82,
+   181,
+   189,
+   88,
+   218,
+   245,
+   236,
+   204,
+   88,
+   154,
+   117,
+   249,
+   177,
+   141,
+   128,
+   217,
+   198,
+   89,
+   143,
+   149,
+   232,
+   136,
+   226,
+   131,
+   148,
+   168,
+   59,
+   112,
+   10,
+   139,
+   16,
+   193,
+   243,
+   77,
+   27,
+   146,
+   83,
+   196,
+   101,
+   90,
+   201,
+   168,
+   244,
+   167,
+   90,
+   129,
+   188,
+   91,
+   44,
+   238,
+   165,
+   14,
+   158,
+   192,
+   83,
+   78,
+   3,
+   135,
+   168,
+   203,
+   39,
+   104,
+   85,
+   111,
+   41,
+   123,
+   222,
+   112,
+   27,
+   77,
+   240,
+   149,
+   72,
+   96,
+   81,
+   100,
+   143,
+   19,
+   112,
+   208,
+   170,
+   132,
+   138,
+   209,
+   26,
+   173,
+   136,
+   239,
+   229,
+   218,
+   55,
+   191,
+   84,
+   242,
+   157,
+   66,
+   193,
+   147,
+   35,
+   6,
+   59,
+   19,
+   241,
+   134,
+   1,
+   66,
+   214,
+   229,
+   251,
+   26,
+   82,
+   50,
+   13,
+   100,
+   75,
+   149,
+   232,
+   77,
+   57,
+   166,
+   147,
+   49,
+   146,
+   140,
+   9,
+   144,
+   5,
+   198,
+   129,
+   98,
+   192,
+   158,
+   36,
+   25,
+   218,
+   214,
+   104,
+   104,
+   130,
+   238,
+   29,
+   143,
+   20,
+   115,
+   50,
+   103,
+   127,
+   148,
+   133,
+   83,
+   198,
+   31,
+   51,
+   131,
+   150,
+   155,
+   175,
+   10,
+   9,
+   18,
+   206,
+   139,
+   219,
+   75,
+   59,
+   155,
+   113,
+   255,
+   203,
+   211,
+   139,
+   218,
+   134,
+   158,
+   112,
+   94,
+   92,
+   199,
+   211,
+   196,
+   125,
+   204,
+   19,
+   113,
+   202,
+   96,
+   58,
+   207,
+   183,
+   49,
+   210,
+   28,
+   82,
+   100,
+   228,
+   50,
+   133,
+   136,
+   156,
+   218,
+   4,
+   167,
+   203,
+   237,
+   99,
+   57,
+   76,
+   231,
+   145,
+   137,
+   32,
+   145,
+   129,
+   131,
+   193,
+   252,
+   86,
+   100,
+   234,
+   179,
+   223,
+   7,
+   195,
+   78,
+   53,
+   208,
+   28,
+   210,
+   190,
+   196,
+   22,
+   255,
+   25,
+   156,
+   93,
+   100,
+   174,
+   19,
+   150,
+   253,
+   51,
+   228,
+   248,
+   21,
+   213,
+   95,
+   80,
+   75,
+   3,
+   4,
+   20,
+   0,
+   0,
+   8,
+   8,
+   0,
+   0,
+   0,
+   33,
+   0,
+   67,
+   84,
+   116,
+   15,
+   188,
+   0,
+   0,
+   0,
+   24,
+   2,
+   0,
+   0,
+   11,
+   0,
+   9,
+   0,
+   95,
+   114,
+   101,
+   108,
+   115,
+   47,
+   46,
+   114,
+   101,
+   108,
+   115,
+   85,
+   84,
+   5,
+   0,
+   1,
+   0,
+   166,
+   206,
+   18,
+   173,
+   146,
+   77,
+   10,
+   2,
+   49,
+   12,
+   70,
+   175,
+   50,
+   116,
+   175,
+   25,
+   21,
+   92,
+   200,
+   204,
+   172,
+   220,
+   184,
+   19,
+   241,
+   2,
+   161,
+   205,
+   252,
+   160,
+   109,
+   67,
+   26,
+   65,
+   111,
+   111,
+   17,
+   196,
+   81,
+   84,
+   92,
+   184,
+   108,
+   250,
+   245,
+   229,
+   37,
+   180,
+   218,
+   209,
+   17,
+   117,
+   136,
+   33,
+   245,
+   3,
+   167,
+   226,
+   236,
+   143,
+   33,
+   213,
+   166,
+   87,
+   229,
+   21,
+   64,
+   178,
+   61,
+   121,
+   76,
+   211,
+   200,
+   20,
+   242,
+   77,
+   27,
+   197,
+   163,
+   230,
+   163,
+   116,
+   192,
+   104,
+   15,
+   216,
+   17,
+   204,
+   203,
+   114,
+   9,
+   50,
+   102,
+   152,
+   166,
+   26,
+   51,
+   139,
+   141,
+   171,
+   141,
+   108,
+   220,
+   204,
+   20,
+   251,
+   11,
+   211,
+   47,
+   236,
+   216,
+   182,
+   131,
+   165,
+   117,
+   180,
+   39,
+   79,
+   65,
+   223,
+   180,
+   120,
+   73,
+   100,
+   50,
+   74,
+   71,
+   90,
+   27,
+   102,
+   5,
+   22,
+   74,
+   185,
+   120,
+   75,
+   79,
+   51,
+   217,
+   192,
+   123,
+   161,
+   249,
+   239,
+   66,
+   159,
+   135,
+   5,
+   79,
+   138,
+   14,
+   21,
+   193,
+   70,
+   161,
+   9,
+   75,
+   126,
+   45,
+   58,
+   80,
+   122,
+   56,
+   185,
+   104,
+   183,
+   185,
+   156,
+   110,
+   137,
+   111,
+   66,
+   139,
+   127,
+   110,
+   136,
+   206,
+   74,
+   193,
+   145,
+   251,
+   174,
+   132,
+   204,
+   119,
+   35,
+   120,
+   250,
+   8,
+   205,
+   21,
+   80,
+   75,
+   3,
+   4,
+   20,
+   0,
+   0,
+   8,
+   8,
+   0,
+   0,
+   0,
+   33,
+   0,
+   2,
+   21,
+   80,
+   12,
+   103,
+   0,
+   0,
+   0,
+   125,
+   0,
+   0,
+   0,
+   16,
+   0,
+   9,
+   0,
+   100,
+   111,
+   99,
+   80,
+   114,
+   111,
+   112,
+   115,
+   47,
+   97,
+   112,
+   112,
+   46,
+   120,
+   109,
+   108,
+   85,
+   84,
+   5,
+   0,
+   1,
+   0,
+   166,
+   206,
+   18,
+   179,
+   9,
+   40,
+   202,
+   47,
+   72,
+   45,
+   42,
+   201,
+   76,
+   45,
+   86,
+   168,
+   200,
+   205,
+   201,
+   43,
+   182,
+   85,
+   202,
+   40,
+   41,
+   41,
+   176,
+   210,
+   215,
+   47,
+   78,
+   206,
+   72,
+   205,
+   77,
+   44,
+   214,
+   3,
+   74,
+   231,
+   1,
+   101,
+   210,
+   242,
+   139,
+   114,
+   19,
+   75,
+   128,
+   220,
+   162,
+   116,
+   253,
+   252,
+   180,
+   180,
+   204,
+   228,
+   84,
+   151,
+   252,
+   228,
+   210,
+   220,
+   212,
+   188,
+   18,
+   125,
+   35,
+   3,
+   3,
+   51,
+   253,
+   212,
+   138,
+   146,
+   212,
+   188,
+   148,
+   212,
+   20,
+   221,
+   2,
+   184,
+   129,
+   74,
+   118,
+   54,
+   193,
+   57,
+   153,
+   41,
+   169,
+   197,
+   118,
+   6,
+   54,
+   250,
+   80,
+   150,
+   141,
+   62,
+   194,
+   66,
+   59,
+   0,
+   80,
+   75,
+   3,
+   4,
+   20,
+   0,
+   0,
+   8,
+   8,
+   0,
+   0,
+   0,
+   33,
+   0,
+   221,
+   84,
+   159,
+   53,
+   156,
+   0,
+   0,
+   0,
+   6,
+   1,
+   0,
+   0,
+   17,
+   0,
+   9,
+   0,
+   100,
+   111,
+   99,
+   80,
+   114,
+   111,
+   112,
+   115,
+   47,
+   99,
+   111,
+   114,
+   101,
+   46,
+   120,
+   109,
+   108,
+   85,
+   84,
+   5,
+   0,
+   1,
+   0,
+   166,
+   206,
+   18,
+   109,
+   143,
+   65,
+   10,
+   194,
+   48,
+   16,
+   69,
+   175,
+   34,
+   221,
+   183,
+   211,
+   42,
+   184,
+   40,
+   218,
+   19,
+   40,
+   8,
+   110,
+   220,
+   14,
+   211,
+   177,
+   45,
+   54,
+   105,
+   200,
+   140,
+   164,
+   199,
+   55,
+   6,
+   137,
+   11,
+   93,
+   14,
+   255,
+   253,
+   199,
+   159,
+   3,
+   185,
+   150,
+   22,
+   207,
+   23,
+   191,
+   56,
+   246,
+   58,
+   177,
+   108,
+   86,
+   51,
+   91,
+   105,
+   201,
+   29,
+   139,
+   81,
+   213,
+   181,
+   0,
+   66,
+   35,
+   27,
+   148,
+   42,
+   18,
+   54,
+   134,
+   247,
+   197,
+   27,
+   212,
+   120,
+   250,
+   1,
+   28,
+   210,
+   3,
+   7,
+   134,
+   109,
+   93,
+   239,
+   193,
+   176,
+   98,
+   143,
+   138,
+   240,
+   22,
+   150,
+   46,
+   27,
+   139,
+   143,
+   178,
+   167,
+   172,
+   116,
+   79,
+   63,
+   39,
+   65,
+   79,
+   192,
+   51,
+   27,
+   182,
+   42,
+   208,
+   84,
+   13,
+   124,
+   89,
+   101,
+   111,
+   228,
+   111,
+   33,
+   37,
+   153,
+   92,
+   101,
+   202,
+   84,
+   8,
+   161,
+   10,
+   187,
+   196,
+   197,
+   69,
+   13,
+   220,
+   206,
+   167,
+   107,
+   26,
+   95,
+   78,
+   86,
+   20,
+   45,
+   113,
+   209,
+   29,
+   224,
+   231,
+   229,
+   238,
+   5,
+   80,
+   75,
+   3,
+   4,
+   20,
+   0,
+   0,
+   8,
+   8,
+   0,
+   0,
+   0,
+   33,
+   0,
+   34,
+   173,
+   102,
+   214,
+   158,
+   0,
+   0,
+   0,
+   197,
+   1,
+   0,
+   0,
+   31,
+   0,
+   9,
+   0,
+   112,
+   112,
+   116,
+   47,
+   95,
+   114,
+   101,
+   108,
+   115,
+   47,
+   112,
+   114,
+   101,
+   115,
+   101,
+   110,
+   116,
+   97,
+   116,
+   105,
+   111,
+   110,
+   46,
+   120,
+   109,
+   108,
+   46,
+   114,
+   101,
+   108,
+   115,
+   85,
+   84,
+   5,
+   0,
+   1,
+   0,
+   166,
+   206,
+   18,
+   173,
+   145,
+   191,
+   14,
+   130,
+   64,
+   12,
+   135,
+   95,
+   133,
+   220,
+   3,
+   80,
+   96,
+   112,
+   48,
+   192,
+   228,
+   194,
+   224,
+   98,
+   124,
+   129,
+   230,
+   40,
+   112,
+   145,
+   251,
+   147,
+   107,
+   77,
+   244,
+   237,
+   189,
+   65,
+   13,
+   16,
+   7,
+   7,
+   198,
+   254,
+   218,
+   124,
+   237,
+   151,
+   214,
+   23,
+   154,
+   81,
+   140,
+   119,
+   60,
+   153,
+   192,
+   217,
+   195,
+   206,
+   142,
+   27,
+   53,
+   137,
+   132,
+   35,
+   0,
+   235,
+   137,
+   44,
+   114,
+   238,
+   3,
+   185,
+   212,
+   25,
+   124,
+   180,
+   40,
+   169,
+   140,
+   35,
+   4,
+   212,
+   55,
+   28,
+   9,
+   170,
+   162,
+   56,
+   64,
+   92,
+   50,
+   84,
+   91,
+   47,
+   153,
+   89,
+   215,
+   55,
+   42,
+   118,
+   125,
+   169,
+   178,
+   235,
+   51,
+   208,
+   63,
+   108,
+   63,
+   12,
+   70,
+   211,
+   201,
+   235,
+   187,
+   37,
+   39,
+   63,
+   86,
+   0,
+   207,
+   166,
+   167,
+   51,
+   178,
+   80,
+   76,
+   88,
+   140,
+   35,
+   73,
+   163,
+   22,
+   225,
+   106,
+   162,
+   204,
+   19,
+   95,
+   193,
+   230,
+   172,
+   61,
+   76,
+   63,
+   110,
+   213,
+   238,
+   110,
+   27,
+   171,
+   119,
+   250,
+   53,
+   129,
+   213,
+   215,
+   218,
+   23,
+   80,
+   75,
+   3,
+   4,
+   20,
+   0,
+   0,
+   8,
+   8,
+   0,
+   0,
+   0,
+   33,
+   0,
+   164,
+   219,
+   189,
+   66,
+   231,
+   0,
+   0,
+   0,
+   178,
+   2,
+   0,
+   0,
+   20,
+   0,
+   9,
+   0,
+   112,
+   112,
+   116,
+   47,
+   112,
+   114,
+   101,
+   115,
+   101,
+   110,
+   116,
+   97,
+   116,
+   105,
+   111,
+   110,
+   46,
+   120,
+   109,
+   108,
+   85,
+   84,
+   5,
+   0,
+   1,
+   0,
+   166,
+   206,
+   18,
+   173,
+   146,
+   205,
+   78,
+   196,
+   32,
+   20,
+   133,
+   95,
+   133,
+   220,
+   7,
+   144,
+   82,
+   153,
+   218,
+   33,
+   165,
+   43,
+   55,
+   38,
+   186,
+   242,
+   9,
+   8,
+   165,
+   83,
+   146,
+   242,
+   19,
+   96,
+   50,
+   163,
+   79,
+   47,
+   253,
+   81,
+   171,
+   209,
+   100,
+   22,
+   221,
+   113,
+   239,
+   61,
+   231,
+   228,
+   228,
+   11,
+   141,
+   103,
+   62,
+   168,
+   168,
+   108,
+   18,
+   73,
+   59,
+   139,
+   174,
+   102,
+   180,
+   145,
+   121,
+   14,
+   67,
+   74,
+   158,
+   97,
+   28,
+   229,
+   160,
+   140,
+   136,
+   119,
+   206,
+   43,
+   155,
+   111,
+   189,
+   11,
+   70,
+   164,
+   60,
+   134,
+   19,
+   222,
+   250,
+   204,
+   136,
+   203,
+   162,
+   168,
+   176,
+   17,
+   218,
+   194,
+   26,
+   34,
+   110,
+   9,
+   233,
+   130,
+   184,
+   104,
+   123,
+   250,
+   203,
+   31,
+   110,
+   241,
+   187,
+   190,
+   215,
+   82,
+   61,
+   58,
+   121,
+   54,
+   185,
+   203,
+   18,
+   18,
+   212,
+   56,
+   151,
+   138,
+   131,
+   246,
+   17,
+   218,
+   198,
+   179,
+   56,
+   118,
+   47,
+   34,
+   38,
+   21,
+   158,
+   186,
+   231,
+   152,
+   126,
+   109,
+   144,
+   238,
+   56,
+   148,
+   132,
+   62,
+   208,
+   250,
+   190,
+   162,
+   53,
+   160,
+   192,
+   166,
+   77,
+   190,
+   16,
+   192,
+   109,
+   131,
+   255,
+   177,
+   207,
+   239,
+   165,
+   42,
+   7,
+   216,
+   5,
+   220,
+   87,
+   242,
+   190,
+   177,
+   251,
+   242,
+   92,
+   112,
+   29,
+   170,
+   13,
+   167,
+   242,
+   155,
+   211,
+   150,
+   208,
+   235,
+   59,
+   146,
+   87,
+   14,
+   164,
+   36,
+   199,
+   156,
+   83,
+   0,
+   146,
+   111,
+   28,
+   170,
+   250,
+   80,
+   79,
+   3,
+   158,
+   68,
+   214,
+   37,
+   21,
+   87,
+   217,
+   231,
+   97,
+   86,
+   29,
+   9,
+   165,
+   171,
+   10,
+   255,
+   252,
+   161,
+   237,
+   7,
+   80,
+   75,
+   3,
+   4,
+   20,
+   0,
+   0,
+   8,
+   8,
+   0,
+   0,
+   0,
+   33,
+   0,
+   105,
+   144,
+   108,
+   66,
+   142,
+   0,
+   0,
+   0,
+   254,
+   0,
+   0,
+   0,
+   44,
+   0,
+   9,
+   0,
+   112,
+   112,
+   116,
+   47,
+   115,
+   108,
+   105,
+   100,
+   101,
+   76,
+   97,
+   121,
+   111,
+   117,
+   116,
+   115,
+   47,
+   95,
+   114,
+   101,
+   108,
+   115,
+   47,
+   115,
+   108,
+   105,
+   100,
+   101,
+   76,
+   97,
+   121,
+   111,
+   117,
+   116,
+   49,
+   46,
+   120,
+   109,
+   108,
+   46,
+   114,
+   101,
+   108,
+   115,
+   85,
+   84,
+   5,
+   0,
+   1,
+   0,
+   166,
+   206,
+   18,
+   141,
+   143,
+   59,
+   14,
+   194,
+   48,
+   16,
+   68,
+   175,
+   18,
+   249,
+   0,
+   222,
+   132,
+   130,
+   2,
+   57,
+   169,
+   104,
+   82,
+   208,
+   32,
+   46,
+   176,
+   114,
+   214,
+   137,
+   69,
+   252,
+   145,
+   119,
+   145,
+   224,
+   246,
+   184,
+   116,
+   36,
+   10,
+   202,
+   249,
+   232,
+   141,
+   198,
+   220,
+   105,
+   71,
+   241,
+   41,
+   242,
+   230,
+   51,
+   119,
+   239,
+   176,
+   71,
+   30,
+   213,
+   38,
+   146,
+   47,
+   0,
+   108,
+   55,
+   10,
+   200,
+   58,
+   101,
+   138,
+   53,
+   113,
+   169,
+   4,
+   148,
+   42,
+   203,
+   10,
+   25,
+   237,
+   19,
+   87,
+   130,
+   83,
+   223,
+   159,
+   161,
+   180,
+   12,
+   53,
+   153,
+   150,
+   217,
+   205,
+   203,
+   168,
+   202,
+   188,
+   12,
+   170,
+   123,
+   124,
+   50,
+   253,
+   195,
+   78,
+   206,
+   121,
+   75,
+   215,
+   100,
+   95,
+   129,
+   162,
+   252,
+   152,
+   0,
+   222,
+   253,
+   66,
+   55,
+   100,
+   161,
+   82,
+   177,
+   88,
+   86,
+   146,
+   81,
+   105,
+   221,
+   250,
+   135,
+   210,
+   160,
+   235,
+   132,
+   130,
+   201,
+   192,
+   225,
+   238,
+   244,
+   5,
+   80,
+   75,
+   3,
+   4,
+   20,
+   0,
+   0,
+   8,
+   8,
+   0,
+   0,
+   0,
+   33,
+   0,
+   241,
+   11,
+   83,
+   55,
+   9,
+   1,
+   0,
+   0,
+   55,
+   2,
+   0,
+   0,
+   33,
+   0,
+   9,
+   0,
+   112,
+   112,
+   116,
+   47,
+   115,
+   108,
+   105,
+   100,
+   101,
+   76,
+   97,
+   121,
+   111,
+   117,
+   116,
+   115,
+   47,
+   115,
+   108,
+   105,
+   100,
+   101,
+   76,
+   97,
+   121,
+   111,
+   117,
+   116,
+   49,
+   46,
+   120,
+   109,
+   108,
+   85,
+   84,
+   5,
+   0,
+   1,
+   0,
+   166,
+   206,
+   18,
+   141,
+   82,
+   203,
+   110,
+   195,
+   32,
+   16,
+   252,
+   21,
+   196,
+   7,
+   116,
+   221,
+   30,
+   122,
+   176,
+   226,
+   28,
+   250,
+   80,
+   47,
+   109,
+   19,
+   41,
+   253,
+   1,
+   138,
+   241,
+   67,
+   229,
+   177,
+   90,
+   136,
+   107,
+   255,
+   125,
+   1,
+   59,
+   138,
+   85,
+   249,
+   144,
+   11,
+   44,
+   179,
+   51,
+   187,
+   179,
+   192,
+   14,
+   75,
+   175,
+   235,
+   119,
+   49,
+   185,
+   115,
+   96,
+   163,
+   209,
+   214,
+   151,
+   88,
+   241,
+   46,
+   4,
+   44,
+   1,
+   188,
+   236,
+   148,
+   17,
+   254,
+   206,
+   161,
+   178,
+   49,
+   215,
+   56,
+   50,
+   34,
+   196,
+   35,
+   181,
+   128,
+   164,
+   188,
+   178,
+   65,
+   132,
+   222,
+   89,
+   163,
+   225,
+   161,
+   40,
+   30,
+   193,
+   136,
+   222,
+   242,
+   165,
+   136,
+   184,
+   165,
+   72,
+   77,
+   226,
+   183,
+   183,
+   237,
+   150,
+   158,
+   110,
+   209,
+   187,
+   166,
+   233,
+   165,
+   122,
+   113,
+   242,
+   108,
+   162,
+   151,
+   185,
+   8,
+   41,
+   157,
+   77,
+   249,
+   174,
+   71,
+   207,
+   89,
+   152,
+   80,
+   85,
+   252,
+   91,
+   11,
+   251,
+   195,
+   89,
+   54,
+   77,
+   67,
+   4,
+   238,
+   249,
+   126,
+   135,
+   165,
+   60,
+   233,
+   154,
+   89,
+   97,
+   34,
+   240,
+   148,
+   25,
+   9,
+   244,
+   248,
+   69,
+   74,
+   165,
+   200,
+   14,
+   111,
+   132,
+   39,
+   60,
+   82,
+   230,
+   126,
+   14,
+   71,
+   98,
+   125,
+   157,
+   180,
+   139,
+   134,
+   195,
+   146,
+   88,
+   104,
+   48,
+   139,
+   114,
+   0,
+   255,
+   228,
+   237,
+   37,
+   20,
+   229,
+   216,
+   144,
+   73,
+   123,
+   116,
+   207,
+   198,
+   138,
+   23,
+   156,
+   77,
+   105,
+   133,
+   132,
+   169,
+   49,
+   48,
+   57,
+   131,
+   242,
+   138,
+   202,
+   238,
+   176,
+   193,
+   149,
+   221,
+   235,
+   6,
+   27,
+   46,
+   13,
+   96,
+   213,
+   20,
+   174,
+   99,
+   193,
+   60,
+   118,
+   118,
+   174,
+   233,
+   67,
+   224,
+   97,
+   200,
+   174,
+   226,
+   21,
+   7,
+   69,
+   207,
+   25,
+   194,
+   248,
+   40,
+   243,
+   12,
+   43,
+   10,
+   172,
+   126,
+   202,
+   254,
+   15,
+   80,
+   75,
+   3,
+   4,
+   20,
+   0,
+   0,
+   8,
+   8,
+   0,
+   0,
+   0,
+   33,
+   0,
+   160,
+   47,
+   251,
+   72,
+   162,
+   0,
+   0,
+   0,
+   133,
+   1,
+   0,
+   0,
+   44,
+   0,
+   9,
+   0,
+   112,
+   112,
+   116,
+   47,
+   115,
+   108,
+   105,
+   100,
+   101,
+   77,
+   97,
+   115,
+   116,
+   101,
+   114,
+   115,
+   47,
+   95,
+   114,
+   101,
+   108,
+   115,
+   47,
+   115,
+   108,
+   105,
+   100,
+   101,
+   77,
+   97,
+   115,
+   116,
+   101,
+   114,
+   49,
+   46,
+   120,
+   109,
+   108,
+   46,
+   114,
+   101,
+   108,
+   115,
+   85,
+   84,
+   5,
+   0,
+   1,
+   0,
+   166,
+   206,
+   18,
+   173,
+   144,
+   61,
+   10,
+   195,
+   48,
+   12,
+   133,
+   175,
+   18,
+   124,
+   0,
+   43,
+   201,
+   208,
+   161,
+   36,
+   153,
+   186,
+   4,
+   58,
+   149,
+   94,
+   64,
+   56,
+   74,
+   98,
+   26,
+   255,
+   96,
+   43,
+   208,
+   220,
+   190,
+   166,
+   133,
+   226,
+   64,
+   134,
+   14,
+   93,
+   4,
+   122,
+   146,
+   190,
+   247,
+   80,
+   115,
+   163,
+   5,
+   89,
+   59,
+   27,
+   103,
+   237,
+   99,
+   241,
+   52,
+   139,
+   141,
+   173,
+   152,
+   153,
+   253,
+   25,
+   32,
+   170,
+   153,
+   12,
+   70,
+   233,
+   60,
+   217,
+   52,
+   25,
+   93,
+   48,
+   200,
+   169,
+   13,
+   19,
+   120,
+   84,
+   15,
+   156,
+   8,
+   234,
+   178,
+   60,
+   65,
+   200,
+   25,
+   162,
+   107,
+   114,
+   102,
+   209,
+   15,
+   173,
+   8,
+   253,
+   80,
+   137,
+   226,
+   190,
+   121,
+   250,
+   133,
+   237,
+   198,
+   81,
+   43,
+   186,
+   56,
+   181,
+   26,
+   178,
+   124,
+   96,
+   1,
+   113,
+   209,
+   3,
+   93,
+   113,
+   115,
+   43,
+   39,
+   44,
+   134,
+   137,
+   184,
+   21,
+   82,
+   230,
+   250,
+   110,
+   169,
+   146,
+   201,
+   66,
+   192,
+   113,
+   178,
+   250,
+   159,
+   201,
+   56,
+   221,
+   210,
+   46,
+   211,
+   91,
+   249,
+   212,
+   111,
+   12,
+   216,
+   125,
+   189,
+   123,
+   1,
+   80,
+   75,
+   3,
+   4,
+   20,
+   0,
+   0,
+   8,
+   8,
+   0,
+   0,
+   0,
+   33,
+   0,
+   226,
+   150,
+   217,
+   191,
+   117,
+   1,
+   0,
+   0,
+   78,
+   3,
+   0,
+   0,
+   33,
+   0,
+   9,
+   0,
+   112,
+   112,
+   116,
+   47,
+   115,
+   108,
+   105,
+   100,
+   101,
+   77,
+   97,
+   115,
+   116,
+   101,
+   114,
+   115,
+   47,
+   115,
+   108,
+   105,
+   100,
+   101,
+   77,
+   97,
+   115,
+   116,
+   101,
+   114,
+   49,
+   46,
+   120,
+   109,
+   108,
+   85,
+   84,
+   5,
+   0,
+   1,
+   0,
+   166,
+   206,
+   18,
+   141,
+   147,
+   219,
+   82,
+   195,
+   32,
+   16,
+   134,
+   95,
+   133,
+   225,
+   1,
+   164,
+   77,
+   99,
+   213,
+   76,
+   227,
+   149,
+   142,
+   118,
+   198,
+   67,
+   103,
+   234,
+   11,
+   80,
+   66,
+   18,
+   70,
+   78,
+   179,
+   80,
+   77,
+   223,
+   94,
+   32,
+   193,
+   118,
+   106,
+   47,
+   188,
+   9,
+   255,
+   126,
+   236,
+   191,
+   44,
+   16,
+   86,
+   182,
+   114,
+   178,
+   121,
+   165,
+   206,
+   115,
+   64,
+   131,
+   146,
+   218,
+   85,
+   182,
+   198,
+   189,
+   247,
+   182,
+   34,
+   196,
+   177,
+   158,
+   43,
+   234,
+   174,
+   140,
+   229,
+   58,
+   204,
+   181,
+   6,
+   20,
+   245,
+   33,
+   132,
+   142,
+   88,
+   224,
+   142,
+   107,
+   79,
+   189,
+   48,
+   90,
+   73,
+   82,
+   204,
+   102,
+   75,
+   162,
+   168,
+   208,
+   120,
+   42,
+   66,
+   255,
+   83,
+   164,
+   1,
+   250,
+   45,
+   116,
+   119,
+   201,
+   15,
+   255,
+   241,
+   155,
+   182,
+   21,
+   140,
+   63,
+   24,
+   182,
+   87,
+   161,
+   151,
+   177,
+   8,
+   112,
+   153,
+   154,
+   114,
+   189,
+   176,
+   14,
+   223,
+   175,
+   108,
+   197,
+   182,
+   178,
+   65,
+   154,
+   42,
+   94,
+   227,
+   119,
+   16,
+   157,
+   208,
+   84,
+   34,
+   149,
+   54,
+   156,
+   166,
+   157,
+   253,
+   0,
+   206,
+   163,
+   210,
+   95,
+   79,
+   96,
+   183,
+   118,
+   3,
+   201,
+   245,
+   246,
+   181,
+   1,
+   36,
+   154,
+   26,
+   207,
+   241,
+   228,
+   198,
+   100,
+   154,
+   152,
+   210,
+   200,
+   104,
+   74,
+   130,
+   156,
+   217,
+   187,
+   44,
+   105,
+   53,
+   180,
+   160,
+   226,
+   24,
+   186,
+   69,
+   67,
+   141,
+   103,
+   24,
+   29,
+   226,
+   151,
+   68,
+   198,
+   7,
+   143,
+   216,
+   8,
+   217,
+   145,
+   178,
+   254,
+   253,
+   66,
+   46,
+   235,
+   31,
+   47,
+   100,
+   147,
+   188,
+   0,
+   57,
+   89,
+   148,
+   28,
+   183,
+   69,
+   198,
+   3,
+   72,
+   157,
+   75,
+   120,
+   165,
+   22,
+   237,
+   186,
+   121,
+   141,
+   165,
+   15,
+   219,
+   242,
+   67,
+   80,
+   205,
+   103,
+   80,
+   187,
+   174,
+   136,
+   172,
+   136,
+   172,
+   136,
+   44,
+   40,
+   202,
+   88,
+   56,
+   213,
+   144,
+   49,
+   137,
+   76,
+   138,
+   76,
+   126,
+   115,
+   22,
+   153,
+   44,
+   50,
+   41,
+   51,
+   41,
+   51,
+   185,
+   206,
+   228,
+   58,
+   147,
+   101,
+   38,
+   75,
+   140,
+   122,
+   41,
+   244,
+   103,
+   184,
+   242,
+   56,
+   96,
+   212,
+   26,
+   249,
+   60,
+   130,
+   172,
+   198,
+   163,
+   15,
+   127,
+   234,
+   11,
+   61,
+   152,
+   189,
+   95,
+   55,
+   47,
+   206,
+   159,
+   145,
+   116,
+   87,
+   197,
+   188,
+   188,
+   41,
+   111,
+   23,
+   203,
+   242,
+   14,
+   35,
+   168,
+   34,
+   129,
+   117,
+   51,
+   199,
+   227,
+   5,
+   253,
+   181,
+   251,
+   97,
+   235,
+   15,
+   146,
+   187,
+   164,
+   133,
+   151,
+   60,
+   133,
+   105,
+   173,
+   157,
+   105,
+   14,
+   199,
+   200,
+   248,
+   158,
+   67,
+   14,
+   201,
+   169,
+   145,
+   156,
+   60,
+   160,
+   251,
+   31,
+   80,
+   75,
+   3,
+   4,
+   20,
+   0,
+   0,
+   8,
+   8,
+   0,
+   0,
+   0,
+   33,
+   0,
+   223,
+   29,
+   221,
+   7,
+   142,
+   0,
+   0,
+   0,
+   254,
+   0,
+   0,
+   0,
+   32,
+   0,
+   9,
+   0,
+   112,
+   112,
+   116,
+   47,
+   115,
+   108,
+   105,
+   100,
+   101,
+   115,
+   47,
+   95,
+   114,
+   101,
+   108,
+   115,
+   47,
+   115,
+   108,
+   105,
+   100,
+   101,
+   49,
+   46,
+   120,
+   109,
+   108,
+   46,
+   114,
+   101,
+   108,
+   115,
+   85,
+   84,
+   5,
+   0,
+   1,
+   0,
+   166,
+   206,
+   18,
+   141,
+   143,
+   59,
+   10,
+   195,
+   48,
+   16,
+   68,
+   175,
+   98,
+   116,
+   0,
+   173,
+   157,
+   34,
+   69,
+   144,
+   93,
+   165,
+   49,
+   164,
+   10,
+   185,
+   192,
+   34,
+   175,
+   109,
+   17,
+   235,
+   131,
+   118,
+   13,
+   241,
+   237,
+   163,
+   82,
+   134,
+   20,
+   41,
+   231,
+   195,
+   27,
+   198,
+   60,
+   105,
+   67,
+   113,
+   49,
+   240,
+   234,
+   18,
+   55,
+   31,
+   191,
+   5,
+   238,
+   213,
+   42,
+   146,
+   110,
+   0,
+   108,
+   87,
+   242,
+   200,
+   58,
+   38,
+   10,
+   37,
+   153,
+   99,
+   246,
+   40,
+   69,
+   230,
+   5,
+   18,
+   218,
+   55,
+   46,
+   4,
+   151,
+   182,
+   189,
+   66,
+   174,
+   25,
+   106,
+   48,
+   53,
+   179,
+   25,
+   167,
+   94,
+   229,
+   113,
+   234,
+   84,
+   243,
+   58,
+   18,
+   253,
+   195,
+   142,
+   243,
+   236,
+   44,
+   221,
+   163,
+   221,
+   61,
+   5,
+   249,
+   49,
+   1,
+   188,
+   185,
+   137,
+   30,
+   120,
+   196,
+   93,
+   10,
+   22,
+   243,
+   66,
+   210,
+   43,
+   173,
+   107,
+   255,
+   84,
+   234,
+   116,
+   153,
+   80,
+   48,
+   24,
+   56,
+   221,
+   29,
+   190,
+   80,
+   75,
+   3,
+   4,
+   20,
+   0,
+   0,
+   8,
+   8,
+   0,
+   0,
+   0,
+   33,
+   0,
+   230,
+   23,
+   191,
+   40,
+   253,
+   1,
+   0,
+   0,
+   116,
+   14,
+   0,
+   0,
+   21,
+   0,
+   9,
+   0,
+   112,
+   112,
+   116,
+   47,
+   115,
+   108,
+   105,
+   100,
+   101,
+   115,
+   47,
+   115,
+   108,
+   105,
+   100,
+   101,
+   49,
+   46,
+   120,
+   109,
+   108,
+   85,
+   84,
+   5,
+   0,
+   1,
+   0,
+   166,
+   206,
+   18,
+   237,
+   87,
+   225,
+   78,
+   219,
+   48,
+   16,
+   126,
+   21,
+   203,
+   15,
+   48,
+   135,
+   22,
+   58,
+   136,
+   26,
+   164,
+   2,
+   18,
+   127,
+   24,
+   68,
+   234,
+   94,
+   192,
+   117,
+   220,
+   198,
+   146,
+   99,
+   91,
+   231,
+   107,
+   72,
+   247,
+   244,
+   179,
+   157,
+   20,
+   16,
+   76,
+   26,
+   35,
+   76,
+   98,
+   29,
+   253,
+   209,
+   164,
+   181,
+   239,
+   238,
+   187,
+   207,
+   119,
+   247,
+   201,
+   115,
+   151,
+   123,
+   93,
+   145,
+   174,
+   209,
+   198,
+   231,
+   174,
+   160,
+   53,
+   162,
+   203,
+   25,
+   243,
+   162,
+   150,
+   13,
+   247,
+   95,
+   172,
+   147,
+   38,
+   172,
+   173,
+   45,
+   52,
+   28,
+   195,
+   79,
+   216,
+   48,
+   7,
+   210,
+   75,
+   131,
+   28,
+   149,
+   53,
+   141,
+   102,
+   147,
+   44,
+   155,
+   177,
+   134,
+   43,
+   67,
+   7,
+   39,
+   252,
+   53,
+   78,
+   42,
+   224,
+   247,
+   202,
+   108,
+   126,
+   101,
+   15,
+   175,
+   177,
+   183,
+   235,
+   181,
+   18,
+   242,
+   202,
+   138,
+   109,
+   19,
+   176,
+   244,
+   78,
+   64,
+   234,
+   4,
+   202,
+   215,
+   202,
+   121,
+   122,
+   62,
+   119,
+   185,
+   88,
+   234,
+   42,
+   62,
+   189,
+   251,
+   14,
+   82,
+   198,
+   55,
+   211,
+   94,
+   131,
+   91,
+   186,
+   18,
+   210,
+   242,
+   109,
+   91,
+   2,
+   81,
+   85,
+   65,
+   143,
+   40,
+   49,
+   188,
+   145,
+   5,
+   165,
+   108,
+   88,
+   24,
+   182,
+   177,
+   222,
+   40,
+   189,
+   176,
+   103,
+   230,
+   155,
+   39,
+   91,
+   188,
+   123,
+   95,
+   244,
+   31,
+   226,
+   64,
+   250,
+   220,
+   95,
+   178,
+   53,
+   217,
+   179,
+   85,
+   114,
+   83,
+   89,
+   65,
+   188,
+   86,
+   149,
+   36,
+   168,
+   80,
+   203,
+   7,
+   254,
+   162,
+   21,
+   193,
+   238,
+   194,
+   118,
+   145,
+   221,
+   23,
+   52,
+   238,
+   157,
+   250,
+   244,
+   52,
+   121,
+   183,
+   134,
+   102,
+   128,
+   107,
+   222,
+   14,
+   215,
+   228,
+   129,
+   217,
+   177,
+   110,
+   72,
+   64,
+   60,
+   203,
+   206,
+   102,
+   89,
+   70,
+   201,
+   174,
+   160,
+   199,
+   89,
+   252,
+   196,
+   12,
+   76,
+   46,
+   59,
+   28,
+   237,
+   93,
+   68,
+   66,
+   178,
+   179,
+   175,
+   147,
+   211,
+   24,
+   64,
+   132,
+   8,
+   167,
+   15,
+   17,
+   88,
+   79,
+   68,
+   12,
+   229,
+   192,
+   227,
+   181,
+   180,
+   163,
+   73,
+   33,
+   209,
+   81,
+   65,
+   65,
+   10,
+   76,
+   4,
+   241,
+   246,
+   198,
+   143,
+   78,
+   162,
+   135,
+   186,
+   135,
+   152,
+   142,
+   212,
+   15,
+   7,
+   26,
+   143,
+   188,
+   218,
+   29,
+   100,
+   51,
+   240,
+   124,
+   21,
+   82,
+   75,
+   53,
+   204,
+   115,
+   237,
+   113,
+   137,
+   59,
+   45,
+   99,
+   101,
+   31,
+   96,
+   182,
+   189,
+   253,
+   219,
+   185,
+   130,
+   209,
+   14,
+   202,
+   145,
+   46,
+   200,
+   170,
+   160,
+   161,
+   193,
+   84,
+   250,
+   246,
+   63,
+   10,
+   58,
+   29,
+   154,
+   12,
+   71,
+   66,
+   187,
+   3,
+   81,
+   115,
+   168,
+   230,
+   12,
+   67,
+   225,
+   67,
+   44,
+   254,
+   212,
+   0,
+   125,
+   225,
+   15,
+   189,
+   240,
+   223,
+   73,
+   194,
+   244,
+   153,
+   36,
+   56,
+   14,
+   124,
+   3,
+   220,
+   213,
+   100,
+   122,
+   120,
+   146,
+   112,
+   244,
+   247,
+   53,
+   225,
+   248,
+   228,
+   83,
+   19,
+   254,
+   133,
+   110,
+   248,
+   212,
+   132,
+   63,
+   152,
+   28,
+   163,
+   71,
+   186,
+   110,
+   117,
+   28,
+   231,
+   177,
+   102,
+   87,
+   219,
+   197,
+   22,
+   237,
+   237,
+   118,
+   124,
+   51,
+   224,
+   206,
+   133,
+   185,
+   21,
+   230,
+   213,
+   74,
+   137,
+   82,
+   130,
+   178,
+   85,
+   208,
+   11,
+   228,
+   128,
+   11,
+   28,
+   230,
+   20,
+   75,
+   117,
+   252,
+   1,
+   37,
+   109,
+   242,
+   78,
+   146,
+   182,
+   112,
+   78,
+   203,
+   223,
+   8,
+   26,
+   123,
+   188,
+   70,
+   177,
+   199,
+   155,
+   149,
+   208,
+   240,
+   141,
+   187,
+   187,
+   22,
+   98,
+   253,
+   135,
+   144,
+   40,
+   225,
+   50,
+   253,
+   229,
+   66,
+   144,
+   126,
+   178,
+   63,
+   217,
+   194,
+   210,
+   101,
+   243,
+   252,
+   39,
+   80,
+   75,
+   3,
+   4,
+   20,
+   0,
+   0,
+   8,
+   8,
+   0,
+   0,
+   0,
+   33,
+   0,
+   54,
+   160,
+   13,
+   121,
+   187,
+   1,
+   0,
+   0,
+   91,
+   7,
+   0,
+   0,
+   20,
+   0,
+   9,
+   0,
+   112,
+   112,
+   116,
+   47,
+   116,
+   104,
+   101,
+   109,
+   101,
+   47,
+   116,
+   104,
+   101,
+   109,
+   101,
+   49,
+   46,
+   120,
+   109,
+   108,
+   85,
+   84,
+   5,
+   0,
+   1,
+   0,
+   166,
+   206,
+   18,
+   213,
+   149,
+   219,
+   110,
+   163,
+   48,
+   16,
+   134,
+   95,
+   5,
+   241,
+   0,
+   53,
+   1,
+   155,
+   208,
+   40,
+   137,
+   148,
+   3,
+   104,
+   47,
+   42,
+   245,
+   162,
+   79,
+   224,
+   18,
+   3,
+   222,
+   216,
+   6,
+   217,
+   214,
+   118,
+   251,
+   246,
+   117,
+   12,
+   225,
+   100,
+   186,
+   23,
+   171,
+   118,
+   165,
+   229,
+   2,
+   152,
+   153,
+   207,
+   255,
+   204,
+   152,
+   177,
+   216,
+   226,
+   141,
+   174,
+   8,
+   39,
+   222,
+   111,
+   206,
+   132,
+   218,
+   224,
+   157,
+   95,
+   105,
+   221,
+   108,
+   0,
+   80,
+   185,
+   113,
+   99,
+   245,
+   80,
+   55,
+   68,
+   152,
+   88,
+   81,
+   75,
+   142,
+   181,
+   49,
+   101,
+   9,
+   46,
+   18,
+   191,
+   81,
+   81,
+   114,
+   6,
+   194,
+   32,
+   136,
+   1,
+   199,
+   84,
+   248,
+   158,
+   192,
+   156,
+   236,
+   252,
+   103,
+   73,
+   75,
+   42,
+   48,
+   243,
+   247,
+   219,
+   78,
+   56,
+   101,
+   230,
+   38,
+   180,
+   186,
+   57,
+   114,
+   38,
+   95,
+   114,
+   155,
+   109,
+   129,
+   190,
+   92,
+   87,
+   183,
+   135,
+   146,
+   229,
+   235,
+   137,
+   73,
+   239,
+   23,
+   102,
+   59,
+   127,
+   181,
+   14,
+   87,
+   225,
+   209,
+   7,
+   251,
+   45,
+   232,
+   1,
+   166,
+   93,
+   46,
+   179,
+   87,
+   199,
+   117,
+   192,
+   229,
+   26,
+   58,
+   92,
+   4,
+   225,
+   35,
+   74,
+   123,
+   189,
+   176,
+   213,
+   115,
+   185,
+   44,
+   200,
+   96,
+   134,
+   122,
+   61,
+   11,
+   224,
+   60,
+   55,
+   125,
+   44,
+   213,
+   24,
+   31,
+   147,
+   117,
+   199,
+   142,
+   160,
+   246,
+   213,
+   213,
+   62,
+   38,
+   113,
+   26,
+   69,
+   19,
+   126,
+   164,
+   31,
+   57,
+   60,
+   74,
+   147,
+   32,
+   14,
+   39,
+   124,
+   52,
+   240,
+   208,
+   225,
+   147,
+   56,
+   70,
+   135,
+   41,
+   15,
+   7,
+   30,
+   185,
+   245,
+   32,
+   120,
+   138,
+   225,
+   132,
+   71,
+   3,
+   31,
+   59,
+   60,
+   60,
+   39,
+   233,
+   35,
+   154,
+   240,
+   22,
+   170,
+   24,
+   21,
+   87,
+   119,
+   119,
+   98,
+   116,
+   62,
+   157,
+   58,
+   186,
+   71,
+   138,
+   154,
+   253,
+   88,
+   196,
+   215,
+   1,
+   140,
+   14,
+   247,
+   205,
+   25,
+   40,
+   48,
+   154,
+   157,
+   118,
+   189,
+   208,
+   159,
+   79,
+   18,
+   199,
+   63,
+   107,
+   153,
+   25,
+   196,
+   126,
+   94,
+   172,
+   169,
+   240,
+   244,
+   123,
+   67,
+   10,
+   156,
+   27,
+   242,
+   32,
+   169,
+   193,
+   192,
+   45,
+   68,
+   240,
+   200,
+   223,
+   186,
+   114,
+   53,
+   115,
+   129,
+   153,
+   28,
+   167,
+   226,
+   75,
+   181,
+   7,
+   57,
+   48,
+   110,
+   203,
+   54,
+   201,
+   255,
+   208,
+   99,
+   65,
+   25,
+   123,
+   209,
+   239,
+   140,
+   60,
+   41,
+   91,
+   138,
+   170,
+   25,
+   189,
+   100,
+   198,
+   105,
+   13,
+   187,
+   172,
+   223,
+   212,
+   166,
+   50,
+   175,
+   93,
+   194,
+   41,
+   247,
+   143,
+   22,
+   1,
+   183,
+   94,
+   38,
+   166,
+   150,
+   247,
+   102,
+   102,
+   37,
+   92,
+   7,
+   129,
+   255,
+   215,
+   133,
+   53,
+   82,
+   233,
+   51,
+   86,
+   85,
+   139,
+   217,
+   208,
+   253,
+   4,
+   139,
+   33,
+   73,
+   136,
+   224,
+   247,
+   39,
+   137,
+   146,
+   213,
+   247,
+   37,
+   1,
+   243,
+   221,
+   35,
+   69,
+   65,
+   114,
+   253,
+   137,
+   103,
+   48,
+   77,
+   172,
+   21,
+   89,
+   140,
+   126,
+   61,
+   12,
+   150,
+   42,
+   123,
+   45,
+   179,
+   255,
+   108,
+   114,
+   231,
+   21,
+   131,
+   209,
+   201,
+   180,
+   214,
+   236,
+   55,
+   119,
+   247,
+   236,
+   63,
+   0,
+   80,
+   75,
+   1,
+   2,
+   30,
+   3,
+   20,
+   0,
+   0,
+   8,
+   8,
+   0,
+   0,
+   0,
+   33,
+   0,
+   218,
+   202,
+   242,
+   130,
+   30,
+   1,
+   0,
+   0,
+   146,
+   4,
+   0,
+   0,
+   19,
+   0,
+   9,
+   0,
+   0,
+   0,
+   0,
+   0,
+   0,
+   0,
+   0,
+   0,
+   164,
+   129,
+   0,
+   0,
+   0,
+   0,
+   91,
+   67,
+   111,
+   110,
+   116,
+   101,
+   110,
+   116,
+   95,
+   84,
+   121,
+   112,
+   101,
+   115,
+   93,
+   46,
+   120,
+   109,
+   108,
+   85,
+   84,
+   5,
+   0,
+   1,
+   0,
+   166,
+   206,
+   18,
+   80,
+   75,
+   1,
+   2,
+   30,
+   3,
+   20,
+   0,
+   0,
+   8,
+   8,
+   0,
+   0,
+   0,
+   33,
+   0,
+   67,
+   84,
+   116,
+   15,
+   188,
+   0,
+   0,
+   0,
+   24,
+   2,
+   0,
+   0,
+   11,
+   0,
+   9,
+   0,
+   0,
+   0,
+   0,
+   0,
+   0,
+   0,
+   0,
+   0,
+   164,
+   129,
+   88,
+   1,
+   0,
+   0,
+   95,
+   114,
+   101,
+   108,
+   115,
+   47,
+   46,
+   114,
+   101,
+   108,
+   115,
+   85,
+   84,
+   5,
+   0,
+   1,
+   0,
+   166,
+   206,
+   18,
+   80,
+   75,
+   1,
+   2,
+   30,
+   3,
+   20,
+   0,
+   0,
+   8,
+   8,
+   0,
+   0,
+   0,
+   33,
+   0,
+   2,
+   21,
+   80,
+   12,
+   103,
+   0,
+   0,
+   0,
+   125,
+   0,
+   0,
+   0,
+   16,
+   0,
+   9,
+   0,
+   0,
+   0,
+   0,
+   0,
+   0,
+   0,
+   0,
+   0,
+   164,
+   129,
+   70,
+   2,
+   0,
+   0,
+   100,
+   111,
+   99,
+   80,
+   114,
+   111,
+   112,
+   115,
+   47,
+   97,
+   112,
+   112,
+   46,
+   120,
+   109,
+   108,
+   85,
+   84,
+   5,
+   0,
+   1,
+   0,
+   166,
+   206,
+   18,
+   80,
+   75,
+   1,
+   2,
+   30,
+   3,
+   20,
+   0,
+   0,
+   8,
+   8,
+   0,
+   0,
+   0,
+   33,
+   0,
+   221,
+   84,
+   159,
+   53,
+   156,
+   0,
+   0,
+   0,
+   6,
+   1,
+   0,
+   0,
+   17,
+   0,
+   9,
+   0,
+   0,
+   0,
+   0,
+   0,
+   0,
+   0,
+   0,
+   0,
+   164,
+   129,
+   228,
+   2,
+   0,
+   0,
+   100,
+   111,
+   99,
+   80,
+   114,
+   111,
+   112,
+   115,
+   47,
+   99,
+   111,
+   114,
+   101,
+   46,
+   120,
+   109,
+   108,
+   85,
+   84,
+   5,
+   0,
+   1,
+   0,
+   166,
+   206,
+   18,
+   80,
+   75,
+   1,
+   2,
+   30,
+   3,
+   20,
+   0,
+   0,
+   8,
+   8,
+   0,
+   0,
+   0,
+   33,
+   0,
+   34,
+   173,
+   102,
+   214,
+   158,
+   0,
+   0,
+   0,
+   197,
+   1,
+   0,
+   0,
+   31,
+   0,
+   9,
+   0,
+   0,
+   0,
+   0,
+   0,
+   0,
+   0,
+   0,
+   0,
+   164,
+   129,
+   184,
+   3,
+   0,
+   0,
+   112,
+   112,
+   116,
+   47,
+   95,
+   114,
+   101,
+   108,
+   115,
+   47,
+   112,
+   114,
+   101,
+   115,
+   101,
+   110,
+   116,
+   97,
+   116,
+   105,
+   111,
+   110,
+   46,
+   120,
+   109,
+   108,
+   46,
+   114,
+   101,
+   108,
+   115,
+   85,
+   84,
+   5,
+   0,
+   1,
+   0,
+   166,
+   206,
+   18,
+   80,
+   75,
+   1,
+   2,
+   30,
+   3,
+   20,
+   0,
+   0,
+   8,
+   8,
+   0,
+   0,
+   0,
+   33,
+   0,
+   164,
+   219,
+   189,
+   66,
+   231,
+   0,
+   0,
+   0,
+   178,
+   2,
+   0,
+   0,
+   20,
+   0,
+   9,
+   0,
+   0,
+   0,
+   0,
+   0,
+   0,
+   0,
+   0,
+   0,
+   164,
+   129,
+   156,
+   4,
+   0,
+   0,
+   112,
+   112,
+   116,
+   47,
+   112,
+   114,
+   101,
+   115,
+   101,
+   110,
+   116,
+   97,
+   116,
+   105,
+   111,
+   110,
+   46,
+   120,
+   109,
+   108,
+   85,
+   84,
+   5,
+   0,
+   1,
+   0,
+   166,
+   206,
+   18,
+   80,
+   75,
+   1,
+   2,
+   30,
+   3,
+   20,
+   0,
+   0,
+   8,
+   8,
+   0,
+   0,
+   0,
+   33,
+   0,
+   105,
+   144,
+   108,
+   66,
+   142,
+   0,
+   0,
+   0,
+   254,
+   0,
+   0,
+   0,
+   44,
+   0,
+   9,
+   0,
+   0,
+   0,
+   0,
+   0,
+   0,
+   0,
+   0,
+   0,
+   164,
+   129,
+   190,
+   5,
+   0,
+   0,
+   112,
+   112,
+   116,
+   47,
+   115,
+   108,
+   105,
+   100,
+   101,
+   76,
+   97,
+   121,
+   111,
+   117,
+   116,
+   115,
+   47,
+   95,
+   114,
+   101,
+   108,
+   115,
+   47,
+   115,
+   108,
+   105,
+   100,
+   101,
+   76,
+   97,
+   121,
+   111,
+   117,
+   116,
+   49,
+   46,
+   120,
+   109,
+   108,
+   46,
+   114,
+   101,
+   108,
+   115,
+   85,
+   84,
+   5,
+   0,
+   1,
+   0,
+   166,
+   206,
+   18,
+   80,
+   75,
+   1,
+   2,
+   30,
+   3,
+   20,
+   0,
+   0,
+   8,
+   8,
+   0,
+   0,
+   0,
+   33,
+   0,
+   241,
+   11,
+   83,
+   55,
+   9,
+   1,
+   0,
+   0,
+   55,
+   2,
+   0,
+   0,
+   33,
+   0,
+   9,
+   0,
+   0,
+   0,
+   0,
+   0,
+   0,
+   0,
+   0,
+   0,
+   164,
+   129,
+   159,
+   6,
+   0,
+   0,
+   112,
+   112,
+   116,
+   47,
+   115,
+   108,
+   105,
+   100,
+   101,
+   76,
+   97,
+   121,
+   111,
+   117,
+   116,
+   115,
+   47,
+   115,
+   108,
+   105,
+   100,
+   101,
+   76,
+   97,
+   121,
+   111,
+   117,
+   116,
+   49,
+   46,
+   120,
+   109,
+   108,
+   85,
+   84,
+   5,
+   0,
+   1,
+   0,
+   166,
+   206,
+   18,
+   80,
+   75,
+   1,
+   2,
+   30,
+   3,
+   20,
+   0,
+   0,
+   8,
+   8,
+   0,
+   0,
+   0,
+   33,
+   0,
+   160,
+   47,
+   251,
+   72,
+   162,
+   0,
+   0,
+   0,
+   133,
+   1,
+   0,
+   0,
+   44,
+   0,
+   9,
+   0,
+   0,
+   0,
+   0,
+   0,
+   0,
+   0,
+   0,
+   0,
+   164,
+   129,
+   240,
+   7,
+   0,
+   0,
+   112,
+   112,
+   116,
+   47,
+   115,
+   108,
+   105,
+   100,
+   101,
+   77,
+   97,
+   115,
+   116,
+   101,
+   114,
+   115,
+   47,
+   95,
+   114,
+   101,
+   108,
+   115,
+   47,
+   115,
+   108,
+   105,
+   100,
+   101,
+   77,
+   97,
+   115,
+   116,
+   101,
+   114,
+   49,
+   46,
+   120,
+   109,
+   108,
+   46,
+   114,
+   101,
+   108,
+   115,
+   85,
+   84,
+   5,
+   0,
+   1,
+   0,
+   166,
+   206,
+   18,
+   80,
+   75,
+   1,
+   2,
+   30,
+   3,
+   20,
+   0,
+   0,
+   8,
+   8,
+   0,
+   0,
+   0,
+   33,
+   0,
+   226,
+   150,
+   217,
+   191,
+   117,
+   1,
+   0,
+   0,
+   78,
+   3,
+   0,
+   0,
+   33,
+   0,
+   9,
+   0,
+   0,
+   0,
+   0,
+   0,
+   0,
+   0,
+   0,
+   0,
+   164,
+   129,
+   229,
+   8,
+   0,
+   0,
+   112,
+   112,
+   116,
+   47,
+   115,
+   108,
+   105,
+   100,
+   101,
+   77,
+   97,
+   115,
+   116,
+   101,
+   114,
+   115,
+   47,
+   115,
+   108,
+   105,
+   100,
+   101,
+   77,
+   97,
+   115,
+   116,
+   101,
+   114,
+   49,
+   46,
+   120,
+   109,
+   108,
+   85,
+   84,
+   5,
+   0,
+   1,
+   0,
+   166,
+   206,
+   18,
+   80,
+   75,
+   1,
+   2,
+   30,
+   3,
+   20,
+   0,
+   0,
+   8,
+   8,
+   0,
+   0,
+   0,
+   33,
+   0,
+   223,
+   29,
+   221,
+   7,
+   142,
+   0,
+   0,
+   0,
+   254,
+   0,
+   0,
+   0,
+   32,
+   0,
+   9,
+   0,
+   0,
+   0,
+   0,
+   0,
+   0,
+   0,
+   0,
+   0,
+   164,
+   129,
+   162,
+   10,
+   0,
+   0,
+   112,
+   112,
+   116,
+   47,
+   115,
+   108,
+   105,
+   100,
+   101,
+   115,
+   47,
+   95,
+   114,
+   101,
+   108,
+   115,
+   47,
+   115,
+   108,
+   105,
+   100,
+   101,
+   49,
+   46,
+   120,
+   109,
+   108,
+   46,
+   114,
+   101,
+   108,
+   115,
+   85,
+   84,
+   5,
+   0,
+   1,
+   0,
+   166,
+   206,
+   18,
+   80,
+   75,
+   1,
+   2,
+   30,
+   3,
+   20,
+   0,
+   0,
+   8,
+   8,
+   0,
+   0,
+   0,
+   33,
+   0,
+   230,
+   23,
+   191,
+   40,
+   253,
+   1,
+   0,
+   0,
+   116,
+   14,
+   0,
+   0,
+   21,
+   0,
+   9,
+   0,
+   0,
+   0,
+   0,
+   0,
+   0,
+   0,
+   0,
+   0,
+   164,
+   129,
+   119,
+   11,
+   0,
+   0,
+   112,
+   112,
+   116,
+   47,
+   115,
+   108,
+   105,
+   100,
+   101,
+   115,
+   47,
+   115,
+   108,
+   105,
+   100,
+   101,
+   49,
+   46,
+   120,
+   109,
+   108,
+   85,
+   84,
+   5,
+   0,
+   1,
+   0,
+   166,
+   206,
+   18,
+   80,
+   75,
+   1,
+   2,
+   30,
+   3,
+   20,
+   0,
+   0,
+   8,
+   8,
+   0,
+   0,
+   0,
+   33,
+   0,
+   54,
+   160,
+   13,
+   121,
+   187,
+   1,
+   0,
+   0,
+   91,
+   7,
+   0,
+   0,
+   20,
+   0,
+   9,
+   0,
+   0,
+   0,
+   0,
+   0,
+   0,
+   0,
+   0,
+   0,
+   164,
+   129,
+   176,
+   13,
+   0,
+   0,
+   112,
+   112,
+   116,
+   47,
+   116,
+   104,
+   101,
+   109,
+   101,
+   47,
+   116,
+   104,
+   101,
+   109,
+   101,
+   49,
+   46,
+   120,
+   109,
+   108,
+   85,
+   84,
+   5,
+   0,
+   1,
+   0,
+   166,
+   206,
+   18,
+   80,
+   75,
+   5,
+   6,
+   0,
+   0,
+   0,
+   0,
+   13,
+   0,
+   13,
+   0,
+   32,
+   4,
+   0,
+   0,
+   166,
+   15,
+   0,
+   0,
+   0,
+   0,
+ ]

 ❯ packages/pandoc/src/pptx-conversion.test.ts:294:38
    292| it("rejects numbered list delimiters outside the supported decimal-per…
    293|   const list: Block = {t: "OrderedList", c: [[1, "Decimal", "OneParen"…
    294|   await expect(write([heading, list])).rejects.toMatchObject({code: "E…
       |                                      ^
    295| });
    296| it("rejects unsupported source numbering and diagnoses an explicit dec…

⎯⎯⎯⎯⎯⎯⎯⎯⎯⎯⎯⎯⎯⎯⎯⎯⎯⎯⎯⎯⎯⎯⎯⎯[2/3]⎯

 FAIL  packages/pandoc/src/pptx-conversion.test.ts > rejects unsupported source numbering and diagnoses an explicit decimal projection
AssertionError: promise resolved "{ blocks: [ { t: 'Div', …(1) } ], …(2) }" instead of rejecting

- Expected
+ Received

- Error {
-   "message": "rejected promise",
+ {
+   "blocks": [
+     {
+       "c": [
+         [
+           "slide-1",
+           [
+             "slide",
+           ],
+           [
+             [
+               "data-pptx-order",
+               "structural",
+             ],
+           ],
+         ],
+         [
+           {
+             "c": [
+               1,
+               [
+                 "",
+                 [],
+                 [],
+               ],
+               [
+                 {
+                   "c": "Inventory",
+                   "t": "Str",
+                 },
+               ],
+             ],
+             "t": "Header",
+           },
+           {
+             "c": [
+               [
+                 1,
+                 "Decimal",
+                 "Period",
+               ],
+               [
+                 [
+                   {
+                     "c": [
+                       {
+                         "c": "Apple",
+                         "t": "Str",
+                       },
+                     ],
+                     "t": "Plain",
+                   },
+                 ],
+               ],
+             ],
+             "t": "OrderedList",
+           },
+         ],
+       ],
+       "t": "Div",
+     },
+   ],
+   "metadata": {},
+   "resources": [],
  }

 ❯ packages/pandoc/src/pptx-conversion.test.ts:300:72
    298|   const original = (await mutateTextParagraphs(bytes, {select: {kind: …
    299|     bullet: {kind: "numbered", scheme: "romanUcPeriod", startAt: 1}}, …
    300|   await expect(readDocument({bytes: original}, {from: "pptx"}, context…
       |                                                                        ^
    301|   const result = await convert([{bytes: original}], {from: "pptx", to:…
    302|   expect(result.diagnostics).toContainEqual(expect.objectContaining({c…

⎯⎯⎯⎯⎯⎯⎯⎯⎯⎯⎯⎯⎯⎯⎯⎯⎯⎯⎯⎯⎯⎯⎯⎯[3/3]⎯


 Test Files  1 failed (1)
      Tests  3 failed | 21 passed (24)
   Start at  22:51:24
   Duration  8.55s (transform 1.99s, setup 63ms, import 2.68s, tests 5.67s, environment 0ms)

