
> @poe-code/pandoc@0.0.1 test:unit
> cd ../.. && vitest run packages/pandoc


 RUN  v4.1.11 /Users/kjopek/Workspace/poe-code-5

 ✓ packages/pandoc/src/pdf-integration.test.ts (15 tests) 2722ms
   ✓ converts representable pptx content to mapped PDF text  2058ms
 ✓ packages/pandoc/src/json.test.ts (115 tests) 1547ms
 ✓ packages/pandoc/src/pptx-registry.test.ts (1 test) 1178ms
   ✓ exposes verified PPTX conversion through the registry and byte command adapter  1177ms
 ✓ packages/pandoc/src/archive-adversarial.test.ts (25 tests) 1116ms
 ✓ packages/pandoc/src/pptx-conversion.test.ts (24 tests) 8456ms
   ✓ rejects table formatting and section semantics that cannot be preserved  303ms
   ✓ preserves original nested list structure in the conversion round trip  464ms
   ✓ writes hyperlink relationships and recovers linked text  304ms
   ✓ resolves presentation relationship order independently for more than nine slides  971ms
   ✓ rejects conservative geometric overflow instead of claiming measured text fit  435ms
   ✓ rebuilds reader slide Divs without discarding title-only and empty slides  486ms
   ✓ retains mixed list nesting, numbering starts and continuation paragraphs  879ms
   ✓ retains adjacent numbered list restarts instead of merging their items  435ms
   ✓ rejects unsupported source numbering and diagnoses an explicit decimal projection  457ms
   ✓ rejects authored charts and embedded objects without native activation  583ms
   ✓ reports unmeasured text layout and allows warning rejection  409ms
   ✓ rejects stretched image requests and non-plaintext speaker-note links  482ms
 ✓ packages/pandoc/src/pdf-writer.test.ts (10 tests) 1535ms
   ✓ adapts nested lists, figures and numbered notes near page boundaries  365ms
   ✓ exposes supplied font fallback resources and point page options in SDK and CLI  402ms
 ✓ packages/pandoc/src/table-writers.test.ts (15 tests) 1052ms
   ✓ bounded generated spans preserve text exactly once in HTML and lossy GFM  422ms
 ✓ packages/pandoc/src/pptx-dependency.test.ts (1 test) 985ms
   ✓ admits original presentation bytes through the public presentation engine  983ms
 ✓ packages/pandoc/src/latex-writer.test.ts (23 tests) 761ms
   ✓ writes longtable headers and spans with complete row slots  347ms
 ✓ packages/pandoc/src/publication-feature-matrix.test.ts (5 tests) 1205ms
   ✓ uses a feature rejection rather than a capability gate for pptx  1197ms
 ✓ packages/pandoc/src/rtf-writer.test.ts (20 tests) 614ms
 ✓ packages/pandoc/src/epub-writer.test.ts (21 tests) 1148ms
   ✓ handles empty and bounded long books deterministically without empty trailing chapters  574ms
 ✓ packages/pandoc/src/html-writer.test.ts (14 tests) 556ms
   ✓ retains bounded escape chunks for long publication prose while preserving entities and Unicode  311ms
 ✓ packages/pandoc/src/delimited.test.ts (22 tests) 657ms
 ✓ packages/pandoc/src/publication-options.test.ts (9 tests) 568ms
   ✓ uses typed PDF geometry and text size options  454ms
 ✓ packages/pandoc/src/epub.test.ts (31 tests) 682ms
   ✓ uses the existing thin safe-bash adapter for binary EPUB input  315ms
 ✓ packages/pandoc/src/safe-bash.test.ts (17 tests) 358ms
 ✓ packages/pandoc/src/latex.test.ts (53 tests) 534ms
 ✓ packages/pandoc/src/resources.test.ts (30 tests) 428ms
 ✓ packages/pandoc/src/rst.test.ts (36 tests) 383ms
 ✓ packages/pandoc/src/gfm.test.ts (41 tests) 526ms
 ✓ packages/pandoc/src/rst-writer.test.ts (26 tests) 703ms
 ✓ packages/pandoc/src/tables.test.ts (14 tests) 793ms
   ✓ preserves captions, colspecs, all sections and cell order with bounded generated tables  554ms
 ✓ packages/pandoc/src/rtf.test.ts (68 tests) 506ms
 ✓ packages/pandoc/src/markdown-writer.test.ts (17 tests) 244ms
 ✓ packages/pandoc/src/plain-writer.test.ts (8 tests) 225ms
 ✓ packages/pandoc/src/adversarial.test.ts (35 tests) 170ms
 ✓ packages/pandoc/src/consumer.test.ts (21 tests) 218ms
 ✓ packages/pandoc/src/commonmark-inlines.test.ts (76 tests) 105ms
 ✓ packages/pandoc/src/orchestration.test.ts (13 tests) 52ms
 ✓ packages/pandoc/src/commonmark-blocks.test.ts (117 tests) 122ms
 ✓ packages/pandoc/src/ast.test.ts (35 tests) 142ms
 ✓ packages/pandoc/src/epub-defaults.test.ts (5 tests) 83ms
 ✓ packages/pandoc/src/html.test.ts (11 tests) 197ms
 ✓ packages/pandoc/src/execution.test.ts (26 tests) 28ms
 ✓ packages/pandoc/src/markdown-matrix-regression.test.ts (3 tests) 27ms
 ✓ packages/pandoc/src/pdf-cancellation.test.ts (2 tests) 53ms
 ✓ packages/pandoc/src/command-status.test.ts (4 tests) 7ms
 ✓ packages/pandoc/src/json-cancellation.test.ts (9 tests) 8ms
 ✓ packages/pandoc/src/latex-matrix-regression.test.ts (2 tests) 9ms
 ✓ packages/pandoc/src/formats.test.ts (8 tests) 16ms
 ✓ packages/pandoc/src/latex-cancellation.test.ts (2 tests) 97ms
 ✓ packages/pandoc/src/commonmark-characters.test.ts (28 tests) 4ms
 ✓ packages/pandoc/src/cli-adapter.test.ts (5 tests) 6ms
 ✓ packages/pandoc/src/inspection.test.ts (2 tests) 9ms
 ✓ packages/pandoc/src/command-info.test.ts (1 test) 4ms
 ✓ packages/pandoc/src/descriptor-consumer.test.ts (1 test) 3ms

 Test Files  47 passed (47)
      Tests  1067 passed (1067)
   Start at  23:09:57
   Duration  44.79s (transform 3.38s, setup 1.96s, import 48.86s, tests 30.84s, environment 4ms)
