
> @poe-code/pandoc@0.0.1 test:unit
> cd ../.. && vitest run packages/pandoc


 RUN  v4.1.11 /Users/kjopek/Workspace/poe-code-5

 ✓ packages/pandoc/src/pdf-integration.test.ts (15 tests) 2169ms
   ✓ converts representable pptx content to mapped PDF text  1269ms
 ✓ packages/pandoc/src/json.test.ts (115 tests) 1293ms
 ✓ packages/pandoc/src/pptx-conversion.test.ts (21 tests) 5292ms
   ✓ rejects table formatting and section semantics that cannot be preserved  412ms
   ✓ preserves original nested list structure in the conversion round trip  709ms
   ✓ writes hyperlink relationships and recovers linked text  368ms
   ✓ resolves presentation relationship order independently for more than nine slides  688ms
   ✓ retains mixed list nesting, numbering starts and continuation paragraphs  407ms
 ✓ packages/pandoc/src/pdf-writer.test.ts (10 tests) 564ms
 ✓ packages/pandoc/src/epub-writer.test.ts (20 tests) 264ms
 ✓ packages/pandoc/src/pptx-registry.test.ts (1 test) 731ms
   ✓ exposes verified PPTX conversion through the registry and byte command adapter  730ms
 ✓ packages/pandoc/src/pptx-dependency.test.ts (1 test) 381ms
   ✓ admits original presentation bytes through the public presentation engine  380ms
 ✓ packages/pandoc/src/table-writers.test.ts (15 tests) 419ms
 ✓ packages/pandoc/src/delimited.test.ts (22 tests) 119ms
 ✓ packages/pandoc/src/publication-options.test.ts (9 tests) 151ms
 ✓ packages/pandoc/src/latex-writer.test.ts (23 tests) 385ms
 ✓ packages/pandoc/src/html-writer.test.ts (14 tests) 213ms
 ✓ packages/pandoc/src/archive-adversarial.test.ts (25 tests) 603ms
 ✓ packages/pandoc/src/tables.test.ts (14 tests) 91ms
 ✓ packages/pandoc/src/gfm.test.ts (41 tests) 162ms
 ✓ packages/pandoc/src/epub.test.ts (26 tests) 178ms
 ✓ packages/pandoc/src/publication-feature-matrix.test.ts (5 tests) 195ms
 ✓ packages/pandoc/src/plain-writer.test.ts (8 tests) 76ms
 ✓ packages/pandoc/src/safe-bash.test.ts (17 tests) 164ms
 ✓ packages/pandoc/src/markdown-writer.test.ts (17 tests) 81ms
 ✓ packages/pandoc/src/rtf.test.ts (68 tests) 100ms
 ✓ packages/pandoc/src/resources.test.ts (30 tests) 172ms
 ✓ packages/pandoc/src/rtf-writer.test.ts (20 tests) 229ms
 ✓ packages/pandoc/src/html.test.ts (11 tests) 39ms
 ✓ packages/pandoc/src/rst.test.ts (34 tests) 135ms
 ✓ packages/pandoc/src/consumer.test.ts (21 tests) 68ms
 ✓ packages/pandoc/src/rst-writer.test.ts (20 tests) 120ms
 ✓ packages/pandoc/src/commonmark-inlines.test.ts (76 tests) 42ms
 ✓ packages/pandoc/src/adversarial.test.ts (35 tests) 114ms
 ✓ packages/pandoc/src/commonmark-blocks.test.ts (117 tests) 26ms
 ✓ packages/pandoc/src/pdf-cancellation.test.ts (2 tests) 27ms
 ✓ packages/pandoc/src/epub-defaults.test.ts (5 tests) 55ms
 ✓ packages/pandoc/src/latex.test.ts (47 tests) 408ms
 ✓ packages/pandoc/src/orchestration.test.ts (13 tests) 125ms
 ✓ packages/pandoc/src/ast.test.ts (35 tests) 39ms
 ✓ packages/pandoc/src/execution.test.ts (26 tests) 20ms
 ✓ packages/pandoc/src/commonmark-characters.test.ts (28 tests) 7ms
 ✓ packages/pandoc/src/markdown-matrix-regression.test.ts (3 tests) 22ms
 ✓ packages/pandoc/src/latex-matrix-regression.test.ts (2 tests) 19ms
 ✓ packages/pandoc/src/json-cancellation.test.ts (9 tests) 9ms
 ✓ packages/pandoc/src/formats.test.ts (8 tests) 27ms
 ✓ packages/pandoc/src/command-status.test.ts (4 tests) 7ms
 ✓ packages/pandoc/src/cli-adapter.test.ts (5 tests) 7ms
 ✓ packages/pandoc/src/latex-cancellation.test.ts (2 tests) 10ms
 ✓ packages/pandoc/src/inspection.test.ts (2 tests) 13ms
 ✓ packages/pandoc/src/command-info.test.ts (1 test) 5ms

 Test Files  46 passed (46)
      Tests  1043 passed (1043)
   Start at  19:35:56
   Duration  28.75s (transform 3.74s, setup 864ms, import 35.57s, tests 15.38s, environment 3ms)
