
> @poe-code/pandoc@0.0.1 test
> cd ../.. && vitest run packages/pandoc


 RUN  v4.1.11 /Users/kjopek/Workspace/poe-code-5

 ✓ packages/pandoc/src/rst-writer.test.ts (26 tests) 119ms
 ✓ packages/pandoc/src/pdf-integration.test.ts (15 tests) 1748ms
   ✓ converts representable pptx content to mapped PDF text  1020ms
 ✓ packages/pandoc/src/pptx-conversion.test.ts (21 tests) 4193ms
   ✓ preserves original nested list structure in the conversion round trip  391ms
   ✓ resolves presentation relationship order independently for more than nine slides  634ms
   ✓ retains mixed list nesting, numbering starts and continuation paragraphs  359ms
 ✓ packages/pandoc/src/json.test.ts (115 tests) 1336ms
 ✓ packages/pandoc/src/pptx-registry.test.ts (1 test) 759ms
   ✓ exposes verified PPTX conversion through the registry and byte command adapter  758ms
 ✓ packages/pandoc/src/pdf-writer.test.ts (10 tests) 574ms
 ✓ packages/pandoc/src/table-writers.test.ts (15 tests) 410ms
 ✓ packages/pandoc/src/archive-adversarial.test.ts (25 tests) 559ms
 ✓ packages/pandoc/src/pptx-dependency.test.ts (1 test) 389ms
   ✓ admits original presentation bytes through the public presentation engine  388ms
 ✓ packages/pandoc/src/latex-writer.test.ts (23 tests) 313ms
 ✓ packages/pandoc/src/epub-writer.test.ts (20 tests) 249ms
 ✓ packages/pandoc/src/rtf-writer.test.ts (20 tests) 202ms
 ✓ packages/pandoc/src/html-writer.test.ts (14 tests) 190ms
 ✓ packages/pandoc/src/safe-bash.test.ts (17 tests) 148ms
 ✓ packages/pandoc/src/publication-feature-matrix.test.ts (5 tests) 183ms
 ✓ packages/pandoc/src/gfm.test.ts (41 tests) 131ms
 ✓ packages/pandoc/src/resources.test.ts (30 tests) 139ms
 ✓ packages/pandoc/src/epub.test.ts (26 tests) 137ms
 ✓ packages/pandoc/src/publication-options.test.ts (9 tests) 131ms
 ✓ packages/pandoc/src/latex.test.ts (53 tests) 128ms
 ✓ packages/pandoc/src/rst.test.ts (36 tests) 125ms
 ✓ packages/pandoc/src/delimited.test.ts (22 tests) 126ms
 ✓ packages/pandoc/src/tables.test.ts (14 tests) 87ms
 ✓ packages/pandoc/src/rtf.test.ts (68 tests) 94ms
 ✓ packages/pandoc/src/markdown-writer.test.ts (17 tests) 76ms
 ✓ packages/pandoc/src/adversarial.test.ts (35 tests) 72ms
 ✓ packages/pandoc/src/plain-writer.test.ts (8 tests) 59ms
 ✓ packages/pandoc/src/consumer.test.ts (21 tests) 49ms
 ✓ packages/pandoc/src/orchestration.test.ts (13 tests) 41ms
 ✓ packages/pandoc/src/commonmark-inlines.test.ts (76 tests) 44ms
 ✓ packages/pandoc/src/html.test.ts (11 tests) 36ms
 ✓ packages/pandoc/src/ast.test.ts (35 tests) 27ms
 ✓ packages/pandoc/src/epub-defaults.test.ts (5 tests) 26ms
 ✓ packages/pandoc/src/pdf-cancellation.test.ts (2 tests) 26ms
 ✓ packages/pandoc/src/commonmark-blocks.test.ts (117 tests) 25ms
 ✓ packages/pandoc/src/execution.test.ts (26 tests) 18ms
 ✓ packages/pandoc/src/markdown-matrix-regression.test.ts (3 tests) 21ms
 ✓ packages/pandoc/src/json-cancellation.test.ts (9 tests) 12ms
 ✓ packages/pandoc/src/formats.test.ts (8 tests) 8ms
 ✓ packages/pandoc/src/latex-cancellation.test.ts (2 tests) 11ms
 ✓ packages/pandoc/src/inspection.test.ts (2 tests) 7ms
 ✓ packages/pandoc/src/command-status.test.ts (4 tests) 11ms
 ✓ packages/pandoc/src/latex-matrix-regression.test.ts (2 tests) 12ms
 ✓ packages/pandoc/src/cli-adapter.test.ts (5 tests) 6ms
 ✓ packages/pandoc/src/commonmark-characters.test.ts (28 tests) 4ms
 ✓ packages/pandoc/src/command-info.test.ts (1 test) 5ms
 ✓ packages/pandoc/src/descriptor-consumer.test.ts (1 test) 3ms

 Test Files  47 passed (47)
      Tests  1058 passed (1058)
   Start at  21:41:33
   Duration  21.40s (transform 3.61s, setup 603ms, import 24.52s, tests 13.07s, environment 3ms)

