
> @poe-code/pandoc@0.0.1 test:unit
> cd ../.. && vitest run packages/pandoc


 RUN  v4.1.11 /Users/kjopek/Workspace/poe-code-5

 ✓ packages/pandoc/src/descriptor-consumer.test.ts (1 test) 3ms
 ✓ packages/pandoc/src/pdf-integration.test.ts (15 tests) 2061ms
   ✓ converts representable pptx content to mapped PDF text  1070ms
 ✓ packages/pandoc/src/json.test.ts (115 tests) 1589ms
 ✓ packages/pandoc/src/pptx-conversion.test.ts (21 tests) 6661ms
   ✓ preserves original nested list structure in the conversion round trip  825ms
   ✓ writes hyperlink relationships and recovers linked text  307ms
   ✓ writes and reads speaker notes separately from visible content  309ms
   ✓ resolves presentation relationship order independently for more than nine slides  952ms
   ✓ keeps an original rectangular table with surrounding paragraphs on the same slide  346ms
   ✓ rejects conservative geometric overflow instead of claiming measured text fit  390ms
   ✓ rebuilds reader slide Divs without discarding title-only and empty slides  460ms
   ✓ retains mixed list nesting, numbering starts and continuation paragraphs  609ms
 ✓ packages/pandoc/src/pptx-registry.test.ts (1 test) 1034ms
   ✓ exposes verified PPTX conversion through the registry and byte command adapter  1032ms
 ✓ packages/pandoc/src/archive-adversarial.test.ts (25 tests) 891ms
 ✓ packages/pandoc/src/pdf-writer.test.ts (10 tests) 846ms
 ✓ packages/pandoc/src/pptx-dependency.test.ts (1 test) 536ms
   ✓ admits original presentation bytes through the public presentation engine  535ms
 ✓ packages/pandoc/src/table-writers.test.ts (15 tests) 553ms
 ✓ packages/pandoc/src/latex-writer.test.ts (23 tests) 396ms
 ✓ packages/pandoc/src/epub-writer.test.ts (20 tests) 356ms
 ✓ packages/pandoc/src/rtf-writer.test.ts (20 tests) 327ms
 ✓ packages/pandoc/src/html-writer.test.ts (14 tests) 325ms
 ✓ packages/pandoc/src/publication-feature-matrix.test.ts (5 tests) 232ms
 ✓ packages/pandoc/src/epub.test.ts (26 tests) 237ms
 ✓ packages/pandoc/src/safe-bash.test.ts (17 tests) 184ms
 ✓ packages/pandoc/src/resources.test.ts (30 tests) 151ms
 ✓ packages/pandoc/src/publication-options.test.ts (9 tests) 147ms
 ✓ packages/pandoc/src/gfm.test.ts (41 tests) 170ms
 ✓ packages/pandoc/src/rst.test.ts (34 tests) 202ms
 ✓ packages/pandoc/src/delimited.test.ts (22 tests) 179ms
 ✓ packages/pandoc/src/rst-writer.test.ts (20 tests) 122ms
 ✓ packages/pandoc/src/rtf.test.ts (68 tests) 126ms
 ✓ packages/pandoc/src/markdown-writer.test.ts (17 tests) 95ms
 ✓ packages/pandoc/src/tables.test.ts (14 tests) 108ms
 ✓ packages/pandoc/src/latex.test.ts (47 tests) 89ms
 ✓ packages/pandoc/src/adversarial.test.ts (35 tests) 121ms
 ✓ packages/pandoc/src/plain-writer.test.ts (8 tests) 105ms
 ✓ packages/pandoc/src/consumer.test.ts (21 tests) 54ms
 ✓ packages/pandoc/src/commonmark-inlines.test.ts (76 tests) 58ms
 ✓ packages/pandoc/src/orchestration.test.ts (13 tests) 59ms
 ✓ packages/pandoc/src/html.test.ts (11 tests) 47ms
 ✓ packages/pandoc/src/commonmark-blocks.test.ts (117 tests) 64ms
 ✓ packages/pandoc/src/epub-defaults.test.ts (5 tests) 48ms
 ✓ packages/pandoc/src/ast.test.ts (35 tests) 40ms
 ✓ packages/pandoc/src/pdf-cancellation.test.ts (2 tests) 22ms
 ✓ packages/pandoc/src/execution.test.ts (26 tests) 21ms
 ✓ packages/pandoc/src/json-cancellation.test.ts (9 tests) 10ms
 ✓ packages/pandoc/src/markdown-matrix-regression.test.ts (3 tests) 23ms
 ✓ packages/pandoc/src/formats.test.ts (8 tests) 10ms
 ✓ packages/pandoc/src/latex-cancellation.test.ts (2 tests) 10ms
 ✓ packages/pandoc/src/command-status.test.ts (4 tests) 7ms
 ✓ packages/pandoc/src/latex-matrix-regression.test.ts (2 tests) 9ms
 ✓ packages/pandoc/src/commonmark-characters.test.ts (28 tests) 6ms
 ✓ packages/pandoc/src/cli-adapter.test.ts (5 tests) 6ms
 ✓ packages/pandoc/src/inspection.test.ts (2 tests) 4ms
 ✓ packages/pandoc/src/command-info.test.ts (1 test) 4ms

 Test Files  47 passed (47)
      Tests  1044 passed (1044)
   Start at  21:23:10
   Duration  28.81s (transform 4.29s, setup 825ms, import 33.16s, tests 18.35s, environment 4ms)
