
 RUN  v4.1.11 /Users/kjopek/Workspace/poe-code-5

 ❯ packages/pandoc/src/descriptor-consumer.test.ts (1 test | 1 failed) 5ms
   × owns and freezes aliases in public format capability descriptors 4ms
FAIL packages/pandoc/src/descriptor-consumer.test.ts > owns and freezes aliases in public format capability descriptors
AssertionError: expected { write: [ 'replacement' ] } to deeply equal { write: [ 'original' ] }

- Expected
+ Received

  {
    "write": [
-     "original",
+     "replacement",
    ],
  }

 ❯ packages/pandoc/src/descriptor-consumer.test.ts:23:29
     21|
     22|   const published = registry.capabilities[0]!;
     23|   expect(published.aliases).toEqual({ write: ["original"] });
       |                             ^
     24|   expect(Object.isFrozen(published.aliases)).toBe(true);
     25|   expect(Object.isFrozen(published.aliases!.write)).toBe(true);


⎯⎯⎯⎯⎯⎯⎯ Failed Tests 1 ⎯⎯⎯⎯⎯⎯⎯

 FAIL  packages/pandoc/src/descriptor-consumer.test.ts > owns and freezes aliases in public format capability descriptors
AssertionError: expected { write: [ 'replacement' ] } to deeply equal { write: [ 'original' ] }

- Expected
+ Received

  {
    "write": [
-     "original",
+     "replacement",
    ],
  }

 ❯ packages/pandoc/src/descriptor-consumer.test.ts:23:29
     21|
     22|   const published = registry.capabilities[0]!;
     23|   expect(published.aliases).toEqual({ write: ["original"] });
       |                             ^
     24|   expect(Object.isFrozen(published.aliases)).toBe(true);
     25|   expect(Object.isFrozen(published.aliases!.write)).toBe(true);

⎯⎯⎯⎯⎯⎯⎯⎯⎯⎯⎯⎯⎯⎯⎯⎯⎯⎯⎯⎯⎯⎯⎯⎯[1/1]⎯


 Test Files  1 failed (1)
      Tests  1 failed (1)
   Start at  21:22:45
   Duration  2.20s (transform 1.59s, setup 70ms, import 2.03s, tests 5ms, environment 0ms)
