TAP version 13
# Subtest: memory: opt-in Shell byte pipeline and existing-file workflow
ok 1 - memory: opt-in Shell byte pipeline and existing-file workflow
  ---
  duration_ms: 14.897
  type: 'test'
  ...
# Subtest: explicit-root-real: opt-in Shell byte pipeline and existing-file workflow
ok 2 - explicit-root-real: opt-in Shell byte pipeline and existing-file workflow
  ---
  duration_ms: 21.891208
  type: 'test'
  ...
# Subtest: actual default registry contains 73 including split without duplicate installation
ok 3 - actual default registry contains 73 including split without duplicate installation
  ---
  duration_ms: 3.324708
  type: 'test'
  ...
# Subtest: plugin collision preflight and replacement use actual registry
ok 4 - plugin collision preflight and replacement use actual registry
  ---
  duration_ms: 0.594584
  type: 'test'
  ...
# Subtest: shared shell pipe/output budget remains active beside VFS payload budget
ok 5 - shared shell pipe/output budget remains active beside VFS payload budget
  ---
  duration_ms: 1.012625
  type: 'test'
  ...
# Subtest: explicit-root RealFS streaming large file reassembles bytes
ok 6 - explicit-root RealFS streaming large file reassembles bytes
  ---
  duration_ms: 22.065125
  type: 'test'
  ...
# Subtest: configured S3 mock supports streamed split and known-distinct overwrite
ok 7 - configured S3 mock supports streamed split and known-distinct overwrite
  ---
  duration_ms: 11.383917
  type: 'test'
  ...
# Subtest: default factory contains73 and standalone formatting installs exactly four without split
ok 8 - default factory contains73 and standalone formatting installs exactly four without split
  ---
  duration_ms: 7.482375
  type: 'test'
  ...
# Subtest: collision preflight does not partially register; replacement is intentional
ok 9 - collision preflight does not partially register; replacement is intentional
  ---
  duration_ms: 1.976083
  type: 'test'
  ...
# Subtest: limits reject invalid typed values rather than treating them as unlimited
ok 10 - limits reject invalid typed values rather than treating them as unlimited
  ---
  duration_ms: 0.114417
  type: 'test'
  ...
# Subtest: seq awaits sinks, does not pull ahead, and owns published chunks
ok 11 - seq awaits sinks, does not pull ahead, and owns published chunks
  ---
  duration_ms: 0.433375
  type: 'test'
  ...
# Subtest: seq cancellation propagates an errno-shaped reason through blocked sink
ok 12 - seq cancellation propagates an errno-shaped reason through blocked sink
  ---
  duration_ms: 2.556
  type: 'test'
  ...
# Subtest: seq sink failure does not keep consuming input
ok 13 - seq sink failure does not keep consuming input
  ---
  duration_ms: 0.363709
  type: 'test'
  ...
# Subtest: nl awaits sinks, does not pull ahead, and owns published chunks
ok 14 - nl awaits sinks, does not pull ahead, and owns published chunks
  ---
  duration_ms: 0.677041
  type: 'test'
  ...
# Subtest: nl cancellation propagates an errno-shaped reason through blocked sink
ok 15 - nl cancellation propagates an errno-shaped reason through blocked sink
  ---
  duration_ms: 0.614667
  type: 'test'
  ...
# Subtest: nl sink failure does not keep consuming input
ok 16 - nl sink failure does not keep consuming input
  ---
  duration_ms: 0.483333
  type: 'test'
  ...
# Subtest: rev awaits sinks, does not pull ahead, and owns published chunks
ok 17 - rev awaits sinks, does not pull ahead, and owns published chunks
  ---
  duration_ms: 0.572958
  type: 'test'
  ...
# Subtest: rev cancellation propagates an errno-shaped reason through blocked sink
ok 18 - rev cancellation propagates an errno-shaped reason through blocked sink
  ---
  duration_ms: 0.512584
  type: 'test'
  ...
# Subtest: rev sink failure does not keep consuming input
ok 19 - rev sink failure does not keep consuming input
  ---
  duration_ms: 0.258625
  type: 'test'
  ...
# Subtest: unexpand awaits sinks, does not pull ahead, and owns published chunks
ok 20 - unexpand awaits sinks, does not pull ahead, and owns published chunks
  ---
  duration_ms: 0.531416
  type: 'test'
  ...
# Subtest: unexpand cancellation propagates an errno-shaped reason through blocked sink
ok 21 - unexpand cancellation propagates an errno-shaped reason through blocked sink
  ---
  duration_ms: 0.581791
  type: 'test'
  ...
# Subtest: unexpand sink failure does not keep consuming input
ok 22 - unexpand sink failure does not keep consuming input
  ---
  duration_ms: 0.415417
  type: 'test'
  ...
# Subtest: VFS host reads receive cancellation and late rejection is observed
ok 23 - VFS host reads receive cancellation and late rejection is observed
  ---
  duration_ms: 1.053542
  type: 'test'
  ...
# Subtest: real Shell pipes, files, invoke middleware, and shared output budget
ok 24 - real Shell pipes, files, invoke middleware, and shared output budget
  ---
  duration_ms: 13.805166
  type: 'test'
  ...
# Subtest: long records and explicit UTF-8 split chunks stay byte faithful
ok 25 - long records and explicit UTF-8 split chunks stay byte faithful
  ---
  duration_ms: 224.77875
  type: 'test'
  ...
# Subtest: timer cancellation stops bounded ongoing work
ok 26 - timer cancellation stops bounded ongoing work
  ---
  duration_ms: 18.4805
  type: 'test'
  ...
1..26
# tests 26
# suites 0
# pass 26
# fail 0
# cancelled 0
# skipped 0
# todo 0
# duration_ms 552.6695
