node:internal/modules/run_main:123
    triggerUncaughtException(
    ^

AssertionError [ERR_ASSERTION]: Expected values to be strictly deep-equal:
+ actual - expected

  [
    'src/commands/tree/README.md',
    'src/commands/tree/arguments.ts',
    'src/commands/tree/charset.ts',
+   'tests/commands/grep-aliases-stress/settlement-v2-independent/review.mjs',
    'tests/commands/tree/charset-selection.test.ts',
    'tests/commands/tree/report-counts.test.ts',
+   'tests/integration/safejs-owned-output-prototype-review/validity-independent/replay-v2/CURRENT_SCOPE.md'
  ]

    at file:///Users/kjopek/Workspace/safe-bash/benchmarks/reports/tree-charset-20260827/verify.mjs:46:8 {
  generatedMessage: true,
  code: 'ERR_ASSERTION',
  actual: [
    'src/commands/tree/README.md',
    'src/commands/tree/arguments.ts',
    'src/commands/tree/charset.ts',
    'tests/commands/grep-aliases-stress/settlement-v2-independent/review.mjs',
    'tests/commands/tree/charset-selection.test.ts',
    'tests/commands/tree/report-counts.test.ts',
    'tests/integration/safejs-owned-output-prototype-review/validity-independent/replay-v2/CURRENT_SCOPE.md'
  ],
  expected: [
    'src/commands/tree/README.md',
    'src/commands/tree/arguments.ts',
    'src/commands/tree/charset.ts',
    'tests/commands/tree/charset-selection.test.ts',
    'tests/commands/tree/report-counts.test.ts'
  ],
  operator: 'deepStrictEqual',
  diff: 'simple'
}

Node.js v22.22.2
