
 RUN  v4.1.11 /Users/kjopek/Workspace/poe-code

 ❯ packages/safe-js/src/parse/new-target-spelling.test.ts (12 tests | 6 failed) 40ms
   × rejects nonterminal spellings in new.target: function f() { new.t\u0061rget; } 6ms
   × rejects nonterminal spellings in new.target: function f() { return new.\u{74}arget; } 1ms
   × rejects nonterminal spellings in new.target: function f() { return () => new.targ\u0065t; } 1ms
   × rejects nonterminal spellings in new.target: class C { constructor() { new.t\u0061rget; } } 1ms
   × rejects nonterminal spellings in new.target: function f() { new.#target; } 1ms
   ✓ rejects nonterminal spellings in new.target: function f() { new."target"; } 2ms
   ✓ accepts literal new.target and ordinary escaped names: function f() { return () => new.target; } 1ms
   ✓ accepts literal new.target and ordinary escaped names: class C { constructor() { new.target; } } 1ms
   ✓ accepts literal new.target and ordinary escaped names: function t\u0061rget() {} new t\u0061rget(); 1ms
   ✓ accepts literal new.target and ordinary escaped names: const x = {t\u0061rget: 1}; x.t\u0061rget; 1ms
   ✓ accepts literal new.target and ordinary escaped names: function f() { return new /* comment */ . /* comment */ target; } 1ms
   × retains constructor new.target and eval errors through repeated replay 23ms
FAIL packages/safe-js/src/parse/new-target-spelling.test.ts > rejects nonterminal spellings in new.target: function f() { new.t\u0061rget; }
AssertionError: expected [Function] to throw an error
 ❯ packages/safe-js/src/parse/new-target-spelling.test.ts:16:41
     14|   'function f() { new."target"; }'
     15| ])("rejects nonterminal spellings in new.target: %s", source => {
     16|   expect(() => parseEvalScript(source)).toThrow();
       |                                         ^
     17|   expect(() => parseEvalScript('"use strict";' + source)).toThrow();
     18|   expect(() => parseModule(source)).toThrow();

FAIL packages/safe-js/src/parse/new-target-spelling.test.ts > rejects nonterminal spellings in new.target: function f() { return new.\u{74}arget; }
AssertionError: expected [Function] to throw an error
 ❯ packages/safe-js/src/parse/new-target-spelling.test.ts:16:41
     14|   'function f() { new."target"; }'
     15| ])("rejects nonterminal spellings in new.target: %s", source => {
     16|   expect(() => parseEvalScript(source)).toThrow();
       |                                         ^
     17|   expect(() => parseEvalScript('"use strict";' + source)).toThrow();
     18|   expect(() => parseModule(source)).toThrow();

FAIL packages/safe-js/src/parse/new-target-spelling.test.ts > rejects nonterminal spellings in new.target: function f() { return () => new.targ\u0065t; }
AssertionError: expected [Function] to throw an error
 ❯ packages/safe-js/src/parse/new-target-spelling.test.ts:16:41
     14|   'function f() { new."target"; }'
     15| ])("rejects nonterminal spellings in new.target: %s", source => {
     16|   expect(() => parseEvalScript(source)).toThrow();
       |                                         ^
     17|   expect(() => parseEvalScript('"use strict";' + source)).toThrow();
     18|   expect(() => parseModule(source)).toThrow();

FAIL packages/safe-js/src/parse/new-target-spelling.test.ts > rejects nonterminal spellings in new.target: class C { constructor() { new.t\u0061rget; } }
AssertionError: expected [Function] to throw an error
 ❯ packages/safe-js/src/parse/new-target-spelling.test.ts:16:41
     14|   'function f() { new."target"; }'
     15| ])("rejects nonterminal spellings in new.target: %s", source => {
     16|   expect(() => parseEvalScript(source)).toThrow();
       |                                         ^
     17|   expect(() => parseEvalScript('"use strict";' + source)).toThrow();
     18|   expect(() => parseModule(source)).toThrow();

FAIL packages/safe-js/src/parse/new-target-spelling.test.ts > rejects nonterminal spellings in new.target: function f() { new.#target; }
AssertionError: expected [Function] to throw an error
 ❯ packages/safe-js/src/parse/new-target-spelling.test.ts:16:41
     14|   'function f() { new."target"; }'
     15| ])("rejects nonterminal spellings in new.target: %s", source => {
     16|   expect(() => parseEvalScript(source)).toThrow();
       |                                         ^
     17|   expect(() => parseEvalScript('"use strict";' + source)).toThrow();
     18|   expect(() => parseModule(source)).toThrow();

FAIL packages/safe-js/src/parse/new-target-spelling.test.ts > retains constructor new.target and eval errors through repeated replay
AssertionError: expected [ { code: 'AS003', …(6) } ] to deeply equal []

- Expected
+ Received

- []
+ [
+   {
+     "code": "AS003",
+     "column": 50,
+     "filename": "<input>",
+     "line": 11,
+     "message": "Unknown identifier 'marker'. In-scope names: Bound, C, instance, trace.",
+     "severity": "error",
+     "span": {
+       "end": {
+         "column": 56,
+         "line": 11,
+         "offset": 477,
+       },
+       "start": {
+         "column": 50,
+         "line": 11,
+         "offset": 471,
+       },
+     },
+   },
+ ]

 ❯ packages/safe-js/src/parse/new-target-spelling.test.ts:50:60
     48|     Array(3).fill(["SyntaxError",true,"finally"]).flat(), "undefined",
     49|     'function C() { this.read = () => eval("new.target"); }', "undefin…
     50|   expect(lint(source).filter(d => d.severity === "error")).toEqual([]);
       |                                                            ^
     51|   let pending = run(source);
     52|   for (let cycle=0; cycle<3; cycle++) {


⎯⎯⎯⎯⎯⎯⎯ Failed Tests 6 ⎯⎯⎯⎯⎯⎯⎯

 FAIL  packages/safe-js/src/parse/new-target-spelling.test.ts > rejects nonterminal spellings in new.target: function f() { new.t\u0061rget; }
 FAIL  packages/safe-js/src/parse/new-target-spelling.test.ts > rejects nonterminal spellings in new.target: function f() { return new.\u{74}arget; }
 FAIL  packages/safe-js/src/parse/new-target-spelling.test.ts > rejects nonterminal spellings in new.target: function f() { return () => new.targ\u0065t; }
 FAIL  packages/safe-js/src/parse/new-target-spelling.test.ts > rejects nonterminal spellings in new.target: class C { constructor() { new.t\u0061rget; } }
 FAIL  packages/safe-js/src/parse/new-target-spelling.test.ts > rejects nonterminal spellings in new.target: function f() { new.#target; }
AssertionError: expected [Function] to throw an error
 ❯ packages/safe-js/src/parse/new-target-spelling.test.ts:16:41
     14|   'function f() { new."target"; }'
     15| ])("rejects nonterminal spellings in new.target: %s", source => {
     16|   expect(() => parseEvalScript(source)).toThrow();
       |                                         ^
     17|   expect(() => parseEvalScript('"use strict";' + source)).toThrow();
     18|   expect(() => parseModule(source)).toThrow();

⎯⎯⎯⎯⎯⎯⎯⎯⎯⎯⎯⎯⎯⎯⎯⎯⎯⎯⎯⎯⎯⎯⎯⎯[1/6]⎯

 FAIL  packages/safe-js/src/parse/new-target-spelling.test.ts > retains constructor new.target and eval errors through repeated replay
AssertionError: expected [ { code: 'AS003', …(6) } ] to deeply equal []

- Expected
+ Received

- []
+ [
+   {
+     "code": "AS003",
+     "column": 50,
+     "filename": "<input>",
+     "line": 11,
+     "message": "Unknown identifier 'marker'. In-scope names: Bound, C, instance, trace.",
+     "severity": "error",
+     "span": {
+       "end": {
+         "column": 56,
+         "line": 11,
+         "offset": 477,
+       },
+       "start": {
+         "column": 50,
+         "line": 11,
+         "offset": 471,
+       },
+     },
+   },
+ ]

 ❯ packages/safe-js/src/parse/new-target-spelling.test.ts:50:60
     48|     Array(3).fill(["SyntaxError",true,"finally"]).flat(), "undefined",
     49|     'function C() { this.read = () => eval("new.target"); }', "undefin…
     50|   expect(lint(source).filter(d => d.severity === "error")).toEqual([]);
       |                                                            ^
     51|   let pending = run(source);
     52|   for (let cycle=0; cycle<3; cycle++) {

⎯⎯⎯⎯⎯⎯⎯⎯⎯⎯⎯⎯⎯⎯⎯⎯⎯⎯⎯⎯⎯⎯⎯⎯[2/6]⎯


 Test Files  1 failed (1)
      Tests  6 failed | 6 passed (12)
   Start at  10:18:16
   Duration  2.42s (transform 1.76s, setup 41ms, import 2.22s, tests 40ms, environment 0ms)

