
 RUN  v4.1.11 /Users/kjopek/Workspace/poe-setup-scripts

 ❯ packages/docx/src/paragraph-insertion-contract.test.ts (10 tests | 2 failed) 656ms
   ✓ resolves an inserted paragraph style by name 113ms
   ✓ resolves an inserted paragraph style by owner 95ms
   ✓ inserts no fabricated run for empty text undefined 39ms
   ✓ inserts no fabricated run for empty text null 39ms
   ✓ inserts no fabricated run for empty text  39ms
   ✓ inserts through the declared typed batch with the same style lookup 101ms
   × rejects missing before paragraph insertion 44ms
   ✓ rejects character before paragraph insertion 43ms
   × rejects foreign before paragraph insertion 102ms
   ✓ rejects text before paragraph insertion 39ms
FAIL packages/docx/src/paragraph-insertion-contract.test.ts > rejects missing before paragraph insertion
AssertionError: expected [ [ PackURI{}, …(1) ], …(1) ] to deeply equal [ [ PackURI{}, …(1) ] ]

- Expected
+ Received

@@ -199,6 +199,366 @@
        110,
        116,
        62,
      ],
    ],
+   [
+     PackURI {},
+     Uint8Array [
+       60,
+       119,
+       58,
+       115,
+       116,
+       121,
+       108,
+       101,
+       115,
+       32,
+       120,
+       109,
+       108,
+       110,
+       115,
+       58,
+       119,
+       61,
+       34,
+       104,
+       116,
+       116,
+       112,
+       58,
+       47,
+       47,
+       115,
+       99,
+       104,
+       101,
+       109,
+       97,
+       115,
+       46,
+       111,
+       112,
+       101,
+       110,
+       120,
+       109,
+       108,
+       102,
+       111,
+       114,
+       109,
+       97,
+       116,
+       115,
+       46,
+       111,
+       114,
+       103,
+       47,
+       119,
+       111,
+       114,
+       100,
+       112,
+       114,
+       111,
+       99,
+       101,
+       115,
+       115,
+       105,
+       110,
+       103,
+       109,
+       108,
+       47,
+       50,
+       48,
+       48,
+       54,
+       47,
+       109,
+       97,
+       105,
+       110,
+       34,
+       62,
+       60,
+       115,
+       116,
+       58,
+       100,
+       111,
+       99,
+       68,
+       101,
+       102,
+       97,
+       117,
+       108,
+       116,
+       115,
+       32,
+       120,
+       109,
+       108,
+       110,
+       115,
+       58,
+       115,
+       116,
+       61,
+       34,
+       104,
+       116,
+       116,
+       112,
+       58,
+       47,
+       47,
+       115,
+       99,
+       104,
+       101,
+       109,
+       97,
+       115,
+       46,
+       111,
+       112,
+       101,
+       110,
+       120,
+       109,
+       108,
+       102,
+       111,
+       114,
+       109,
+       97,
+       116,
+       115,
+       46,
+       111,
+       114,
+       103,
+       47,
+       119,
+       111,
+       114,
+       100,
+       112,
+       114,
+       111,
+       99,
+       101,
+       115,
+       115,
+       105,
+       110,
+       103,
+       109,
+       108,
+       47,
+       50,
+       48,
+       48,
+       54,
+       47,
+       109,
+       97,
+       105,
+       110,
+       34,
+       47,
+       62,
+       60,
+       115,
+       116,
+       58,
+       115,
+       116,
+       121,
+       108,
+       101,
+       32,
+       120,
+       109,
+       108,
+       110,
+       115,
+       58,
+       115,
+       116,
+       61,
+       34,
+       104,
+       116,
+       116,
+       112,
+       58,
+       47,
+       47,
+       115,
+       99,
+       104,
+       101,
+       109,
+       97,
+       115,
+       46,
+       111,
+       112,
+       101,
+       110,
+       120,
+       109,
+       108,
+       102,
+       111,
+       114,
+       109,
+       97,
+       116,
+       115,
+       46,
+       111,
+       114,
+       103,
+       47,
+       119,
+       111,
+       114,
+       100,
+       112,
+       114,
+       111,
+       99,
+       101,
+       115,
+       115,
+       105,
+       110,
+       103,
+       109,
+       108,
+       47,
+       50,
+       48,
+       48,
+       54,
+       47,
+       109,
+       97,
+       105,
+       110,
+       34,
+       32,
+       115,
+       116,
+       58,
+       116,
+       121,
+       112,
+       101,
+       61,
+       34,
+       112,
+       97,
+       114,
+       97,
+       103,
+       114,
+       97,
+       112,
+       104,
+       34,
+       32,
+       115,
+       116,
+       58,
+       100,
+       101,
+       102,
+       97,
+       117,
+       108,
+       116,
+       61,
+       34,
+       49,
+       34,
+       32,
+       115,
+       116,
+       58,
+       115,
+       116,
+       121,
+       108,
+       101,
+       73,
+       100,
+       61,
+       34,
+       78,
+       111,
+       114,
+       109,
+       97,
+       108,
+       34,
+       62,
+       60,
+       115,
+       116,
+       58,
+       110,
+       97,
+       109,
+       101,
+       32,
+       115,
+       116,
+       58,
+       118,
+       97,
+       108,
+       61,
+       34,
+       78,
+       111,
+       114,
+       109,
+       97,
+       108,
+       34,
+       47,
+       62,
+       60,
+       47,
+       115,
+       116,
+       58,
+       115,
+       116,
+       121,
+       108,
+       101,
+       62,
+       60,
+       47,
+       119,
+       58,
+       115,
+       116,
+       121,
+       108,
+       101,
+       115,
+       62,
+     ],
+   ],
  ]

 ❯ packages/docx/src/paragraph-insertion-contract.test.ts:117:83
    115|     else expect(action).toThrow();
    116|     expect(document.element.serialize()).toEqual(before);
    117|     expect(document.part.package.parts.map((part) => [part.partname, p…
       |                                                                                   ^
    118|     expect(retained.equals(document.paragraphs[0])).toBe(true);
    119|   }

FAIL packages/docx/src/paragraph-insertion-contract.test.ts > rejects foreign before paragraph insertion
AssertionError: expected [ [ PackURI{}, …(1) ], …(1) ] to deeply equal [ [ PackURI{}, …(1) ] ]

- Expected
+ Received

@@ -199,6 +199,366 @@
        110,
        116,
        62,
      ],
    ],
+   [
+     PackURI {},
+     Uint8Array [
+       60,
+       119,
+       58,
+       115,
+       116,
+       121,
+       108,
+       101,
+       115,
+       32,
+       120,
+       109,
+       108,
+       110,
+       115,
+       58,
+       119,
+       61,
+       34,
+       104,
+       116,
+       116,
+       112,
+       58,
+       47,
+       47,
+       115,
+       99,
+       104,
+       101,
+       109,
+       97,
+       115,
+       46,
+       111,
+       112,
+       101,
+       110,
+       120,
+       109,
+       108,
+       102,
+       111,
+       114,
+       109,
+       97,
+       116,
+       115,
+       46,
+       111,
+       114,
+       103,
+       47,
+       119,
+       111,
+       114,
+       100,
+       112,
+       114,
+       111,
+       99,
+       101,
+       115,
+       115,
+       105,
+       110,
+       103,
+       109,
+       108,
+       47,
+       50,
+       48,
+       48,
+       54,
+       47,
+       109,
+       97,
+       105,
+       110,
+       34,
+       62,
+       60,
+       115,
+       116,
+       58,
+       100,
+       111,
+       99,
+       68,
+       101,
+       102,
+       97,
+       117,
+       108,
+       116,
+       115,
+       32,
+       120,
+       109,
+       108,
+       110,
+       115,
+       58,
+       115,
+       116,
+       61,
+       34,
+       104,
+       116,
+       116,
+       112,
+       58,
+       47,
+       47,
+       115,
+       99,
+       104,
+       101,
+       109,
+       97,
+       115,
+       46,
+       111,
+       112,
+       101,
+       110,
+       120,
+       109,
+       108,
+       102,
+       111,
+       114,
+       109,
+       97,
+       116,
+       115,
+       46,
+       111,
+       114,
+       103,
+       47,
+       119,
+       111,
+       114,
+       100,
+       112,
+       114,
+       111,
+       99,
+       101,
+       115,
+       115,
+       105,
+       110,
+       103,
+       109,
+       108,
+       47,
+       50,
+       48,
+       48,
+       54,
+       47,
+       109,
+       97,
+       105,
+       110,
+       34,
+       47,
+       62,
+       60,
+       115,
+       116,
+       58,
+       115,
+       116,
+       121,
+       108,
+       101,
+       32,
+       120,
+       109,
+       108,
+       110,
+       115,
+       58,
+       115,
+       116,
+       61,
+       34,
+       104,
+       116,
+       116,
+       112,
+       58,
+       47,
+       47,
+       115,
+       99,
+       104,
+       101,
+       109,
+       97,
+       115,
+       46,
+       111,
+       112,
+       101,
+       110,
+       120,
+       109,
+       108,
+       102,
+       111,
+       114,
+       109,
+       97,
+       116,
+       115,
+       46,
+       111,
+       114,
+       103,
+       47,
+       119,
+       111,
+       114,
+       100,
+       112,
+       114,
+       111,
+       99,
+       101,
+       115,
+       115,
+       105,
+       110,
+       103,
+       109,
+       108,
+       47,
+       50,
+       48,
+       48,
+       54,
+       47,
+       109,
+       97,
+       105,
+       110,
+       34,
+       32,
+       115,
+       116,
+       58,
+       116,
+       121,
+       112,
+       101,
+       61,
+       34,
+       112,
+       97,
+       114,
+       97,
+       103,
+       114,
+       97,
+       112,
+       104,
+       34,
+       32,
+       115,
+       116,
+       58,
+       100,
+       101,
+       102,
+       97,
+       117,
+       108,
+       116,
+       61,
+       34,
+       49,
+       34,
+       32,
+       115,
+       116,
+       58,
+       115,
+       116,
+       121,
+       108,
+       101,
+       73,
+       100,
+       61,
+       34,
+       78,
+       111,
+       114,
+       109,
+       97,
+       108,
+       34,
+       62,
+       60,
+       115,
+       116,
+       58,
+       110,
+       97,
+       109,
+       101,
+       32,
+       115,
+       116,
+       58,
+       118,
+       97,
+       108,
+       61,
+       34,
+       78,
+       111,
+       114,
+       109,
+       97,
+       108,
+       34,
+       47,
+       62,
+       60,
+       47,
+       115,
+       116,
+       58,
+       115,
+       116,
+       121,
+       108,
+       101,
+       62,
+       60,
+       47,
+       119,
+       58,
+       115,
+       116,
+       121,
+       108,
+       101,
+       115,
+       62,
+     ],
+   ],
  ]

 ❯ packages/docx/src/paragraph-insertion-contract.test.ts:117:83
    115|     else expect(action).toThrow();
    116|     expect(document.element.serialize()).toEqual(before);
    117|     expect(document.part.package.parts.map((part) => [part.partname, p…
       |                                                                                   ^
    118|     expect(retained.equals(document.paragraphs[0])).toBe(true);
    119|   }


⎯⎯⎯⎯⎯⎯⎯ Failed Tests 2 ⎯⎯⎯⎯⎯⎯⎯

 FAIL  packages/docx/src/paragraph-insertion-contract.test.ts > rejects missing before paragraph insertion
 FAIL  packages/docx/src/paragraph-insertion-contract.test.ts > rejects foreign before paragraph insertion
AssertionError: expected [ [ PackURI{}, …(1) ], …(1) ] to deeply equal [ [ PackURI{}, …(1) ] ]

- Expected
+ Received

@@ -199,6 +199,366 @@
        110,
        116,
        62,
      ],
    ],
+   [
+     PackURI {},
+     Uint8Array [
+       60,
+       119,
+       58,
+       115,
+       116,
+       121,
+       108,
+       101,
+       115,
+       32,
+       120,
+       109,
+       108,
+       110,
+       115,
+       58,
+       119,
+       61,
+       34,
+       104,
+       116,
+       116,
+       112,
+       58,
+       47,
+       47,
+       115,
+       99,
+       104,
+       101,
+       109,
+       97,
+       115,
+       46,
+       111,
+       112,
+       101,
+       110,
+       120,
+       109,
+       108,
+       102,
+       111,
+       114,
+       109,
+       97,
+       116,
+       115,
+       46,
+       111,
+       114,
+       103,
+       47,
+       119,
+       111,
+       114,
+       100,
+       112,
+       114,
+       111,
+       99,
+       101,
+       115,
+       115,
+       105,
+       110,
+       103,
+       109,
+       108,
+       47,
+       50,
+       48,
+       48,
+       54,
+       47,
+       109,
+       97,
+       105,
+       110,
+       34,
+       62,
+       60,
+       115,
+       116,
+       58,
+       100,
+       111,
+       99,
+       68,
+       101,
+       102,
+       97,
+       117,
+       108,
+       116,
+       115,
+       32,
+       120,
+       109,
+       108,
+       110,
+       115,
+       58,
+       115,
+       116,
+       61,
+       34,
+       104,
+       116,
+       116,
+       112,
+       58,
+       47,
+       47,
+       115,
+       99,
+       104,
+       101,
+       109,
+       97,
+       115,
+       46,
+       111,
+       112,
+       101,
+       110,
+       120,
+       109,
+       108,
+       102,
+       111,
+       114,
+       109,
+       97,
+       116,
+       115,
+       46,
+       111,
+       114,
+       103,
+       47,
+       119,
+       111,
+       114,
+       100,
+       112,
+       114,
+       111,
+       99,
+       101,
+       115,
+       115,
+       105,
+       110,
+       103,
+       109,
+       108,
+       47,
+       50,
+       48,
+       48,
+       54,
+       47,
+       109,
+       97,
+       105,
+       110,
+       34,
+       47,
+       62,
+       60,
+       115,
+       116,
+       58,
+       115,
+       116,
+       121,
+       108,
+       101,
+       32,
+       120,
+       109,
+       108,
+       110,
+       115,
+       58,
+       115,
+       116,
+       61,
+       34,
+       104,
+       116,
+       116,
+       112,
+       58,
+       47,
+       47,
+       115,
+       99,
+       104,
+       101,
+       109,
+       97,
+       115,
+       46,
+       111,
+       112,
+       101,
+       110,
+       120,
+       109,
+       108,
+       102,
+       111,
+       114,
+       109,
+       97,
+       116,
+       115,
+       46,
+       111,
+       114,
+       103,
+       47,
+       119,
+       111,
+       114,
+       100,
+       112,
+       114,
+       111,
+       99,
+       101,
+       115,
+       115,
+       105,
+       110,
+       103,
+       109,
+       108,
+       47,
+       50,
+       48,
+       48,
+       54,
+       47,
+       109,
+       97,
+       105,
+       110,
+       34,
+       32,
+       115,
+       116,
+       58,
+       116,
+       121,
+       112,
+       101,
+       61,
+       34,
+       112,
+       97,
+       114,
+       97,
+       103,
+       114,
+       97,
+       112,
+       104,
+       34,
+       32,
+       115,
+       116,
+       58,
+       100,
+       101,
+       102,
+       97,
+       117,
+       108,
+       116,
+       61,
+       34,
+       49,
+       34,
+       32,
+       115,
+       116,
+       58,
+       115,
+       116,
+       121,
+       108,
+       101,
+       73,
+       100,
+       61,
+       34,
+       78,
+       111,
+       114,
+       109,
+       97,
+       108,
+       34,
+       62,
+       60,
+       115,
+       116,
+       58,
+       110,
+       97,
+       109,
+       101,
+       32,
+       115,
+       116,
+       58,
+       118,
+       97,
+       108,
+       61,
+       34,
+       78,
+       111,
+       114,
+       109,
+       97,
+       108,
+       34,
+       47,
+       62,
+       60,
+       47,
+       115,
+       116,
+       58,
+       115,
+       116,
+       121,
+       108,
+       101,
+       62,
+       60,
+       47,
+       119,
+       58,
+       115,
+       116,
+       121,
+       108,
+       101,
+       115,
+       62,
+     ],
+   ],
  ]

 ❯ packages/docx/src/paragraph-insertion-contract.test.ts:117:83
    115|     else expect(action).toThrow();
    116|     expect(document.element.serialize()).toEqual(before);
    117|     expect(document.part.package.parts.map((part) => [part.partname, p…
       |                                                                                   ^
    118|     expect(retained.equals(document.paragraphs[0])).toBe(true);
    119|   }

⎯⎯⎯⎯⎯⎯⎯⎯⎯⎯⎯⎯⎯⎯⎯⎯⎯⎯⎯⎯⎯⎯⎯⎯[1/2]⎯


 Test Files  1 failed (1)
      Tests  2 failed | 8 passed (10)
   Start at  22:34:27
   Duration  1.71s (transform 823ms, setup 28ms, import 969ms, tests 656ms, environment 0ms)
