TAP version 13
# Subtest: inline picture handles admit VFS bytes and publish typed sizing through a virtual script
ok 1 - inline picture handles admit VFS bytes and publish typed sizing through a virtual script
  ---
  duration_ms: 242.431708
  type: 'test'
  ...
# Subtest: run picture traversal exposes a closed drawing image metadata handle
ok 2 - run picture traversal exposes a closed drawing image metadata handle
  ---
  duration_ms: 74.929375
  type: 'test'
  ...
# Subtest: invalid picture extents reject before publishing admitted bytes or earlier edits
ok 3 - invalid picture extents reject before publishing admitted bytes or earlier edits
  ---
  duration_ms: 42.049916
  type: 'test'
  ...
# Subtest: inline picture byte descriptors retain numeric EMU sizing through binary publication
ok 4 - inline picture byte descriptors retain numeric EMU sizing through binary publication
  ---
  duration_ms: 101.050167
  type: 'test'
  ...
# Subtest: table model growth and formatting publish through a virtual script and binary pipe
ok 5 - table model growth and formatting publish through a virtual script and binary pipe
  ---
  duration_ms: 211.65075
  type: 'test'
  ...
# Subtest: table model rectangle merges preserve ordered content and dry runs publish no bytes
ok 6 - table model rectangle merges preserve ordered content and dry runs publish no bytes
  ---
  duration_ms: 150.97875
  type: 'test'
  ...
# Subtest: table model slices use checked zero based bounds through binary stdin
ok 7 - table model slices use checked zero based bounds through binary stdin
  ---
  duration_ms: 42.612833
  type: 'test'
  ...
# Subtest: invalid table model bounds fail before publication and retain existing destinations
ok 8 - invalid table model bounds fail before publication and retain existing destinations
  ---
  duration_ms: 87.215417
  type: 'test'
  ...
# Subtest: partial overlap table model merges reject without publishing earlier edits
ok 9 - partial overlap table model merges reject without publishing earlier edits
  ---
  duration_ms: 45.881209
  type: 'test'
  ...
1..9
# tests 9
# suites 0
# pass 9
# fail 0
# cancelled 0
# skipped 0
# todo 0
# duration_ms 1162.032625
