
 RUN  v4.1.11 /Users/kjopek/Workspace/poe-code-language-delivery

 ❯ packages/safe-js/src/interp/object-binding-read.test.ts (5 tests | 4 failed) 540ms
   × checks the binding again before reading x 4ms
   × checks the binding again before reading x() 1ms
   × handles a binding removed by unscopables (strict=false) 2ms
   × handles a binding removed by unscopables (strict=true) 1ms
   ✓ restores an object environment without exposing host authority  531ms
FAIL packages/safe-js/src/interp/object-binding-read.test.ts > checks the binding again before reading x
AssertionError: expected [ 'has', 'unscopables', 'get' ] to deeply equal [ 'has', 'unscopables', 'has', 'get' ]

- Expected
+ Received

  [
    "has",
    "unscopables",
-   "has",
    "get",
  ]

 ❯ packages/safe-js/src/interp/object-binding-read.test.ts:11:32
      9|       get(t,k,r){if(k===Symbol.unscopables)trace.push('unscopables');i…
     10|     with(p){${expression};} return trace;`;
     11|   expect(new Function(code)()).toEqual(["has","unscopables","has","get…
       |                                ^
     12|   expect(await run(`return Function(${JSON.stringify(code)})();`)).toM…
     13| });

FAIL packages/safe-js/src/interp/object-binding-read.test.ts > checks the binding again before reading x()
AssertionError: expected [ 'has', 'unscopables', 'get' ] to deeply equal [ 'has', 'unscopables', 'has', 'get' ]

- Expected
+ Received

  [
    "has",
    "unscopables",
-   "has",
    "get",
  ]

 ❯ packages/safe-js/src/interp/object-binding-read.test.ts:11:32
      9|       get(t,k,r){if(k===Symbol.unscopables)trace.push('unscopables');i…
     10|     with(p){${expression};} return trace;`;
     11|   expect(new Function(code)()).toEqual(["has","unscopables","has","get…
       |                                ^
     12|   expect(await run(`return Function(${JSON.stringify(code)})();`)).toM…
     13| });

FAIL packages/safe-js/src/interp/object-binding-read.test.ts > handles a binding removed by unscopables (strict=false)
AssertionError: expected [ undefined, …(1) ] to deeply equal [ undefined, …(1) ]

- Expected
+ Received

  [
    undefined,
    [
      "has",
      "unscopables",
-     "has",
+     "get",
    ],
  ]

 ❯ packages/safe-js/src/interp/object-binding-read.test.ts:22:32
     20|     return [result,trace];`;
     21|   const expected=[strict?"ReferenceError":undefined,["has","unscopable…
     22|   expect(new Function(code)()).toEqual(expected);
       |                                ^
     23|   expect(await run(`return Function(${JSON.stringify(code)})();`)).toM…
     24| });

FAIL packages/safe-js/src/interp/object-binding-read.test.ts > handles a binding removed by unscopables (strict=true)
AssertionError: expected [ undefined, …(1) ] to deeply equal [ 'ReferenceError', …(1) ]

- Expected
+ Received

  [
-   "ReferenceError",
+   undefined,
    [
      "has",
      "unscopables",
-     "has",
+     "get",
    ],
  ]

 ❯ packages/safe-js/src/interp/object-binding-read.test.ts:22:32
     20|     return [result,trace];`;
     21|   const expected=[strict?"ReferenceError":undefined,["has","unscopable…
     22|   expect(new Function(code)()).toEqual(expected);
       |                                ^
     23|   expect(await run(`return Function(${JSON.stringify(code)})();`)).toM…
     24| });


⎯⎯⎯⎯⎯⎯⎯ Failed Tests 4 ⎯⎯⎯⎯⎯⎯⎯

 FAIL  packages/safe-js/src/interp/object-binding-read.test.ts > checks the binding again before reading x
 FAIL  packages/safe-js/src/interp/object-binding-read.test.ts > checks the binding again before reading x()
AssertionError: expected [ 'has', 'unscopables', 'get' ] to deeply equal [ 'has', 'unscopables', 'has', 'get' ]

- Expected
+ Received

  [
    "has",
    "unscopables",
-   "has",
    "get",
  ]

 ❯ packages/safe-js/src/interp/object-binding-read.test.ts:11:32
      9|       get(t,k,r){if(k===Symbol.unscopables)trace.push('unscopables');i…
     10|     with(p){${expression};} return trace;`;
     11|   expect(new Function(code)()).toEqual(["has","unscopables","has","get…
       |                                ^
     12|   expect(await run(`return Function(${JSON.stringify(code)})();`)).toM…
     13| });

⎯⎯⎯⎯⎯⎯⎯⎯⎯⎯⎯⎯⎯⎯⎯⎯⎯⎯⎯⎯⎯⎯⎯⎯[1/4]⎯

 FAIL  packages/safe-js/src/interp/object-binding-read.test.ts > handles a binding removed by unscopables (strict=false)
AssertionError: expected [ undefined, …(1) ] to deeply equal [ undefined, …(1) ]

- Expected
+ Received

  [
    undefined,
    [
      "has",
      "unscopables",
-     "has",
+     "get",
    ],
  ]

 ❯ packages/safe-js/src/interp/object-binding-read.test.ts:22:32
     20|     return [result,trace];`;
     21|   const expected=[strict?"ReferenceError":undefined,["has","unscopable…
     22|   expect(new Function(code)()).toEqual(expected);
       |                                ^
     23|   expect(await run(`return Function(${JSON.stringify(code)})();`)).toM…
     24| });

⎯⎯⎯⎯⎯⎯⎯⎯⎯⎯⎯⎯⎯⎯⎯⎯⎯⎯⎯⎯⎯⎯⎯⎯[2/4]⎯

 FAIL  packages/safe-js/src/interp/object-binding-read.test.ts > handles a binding removed by unscopables (strict=true)
AssertionError: expected [ undefined, …(1) ] to deeply equal [ 'ReferenceError', …(1) ]

- Expected
+ Received

  [
-   "ReferenceError",
+   undefined,
    [
      "has",
      "unscopables",
-     "has",
+     "get",
    ],
  ]

 ❯ packages/safe-js/src/interp/object-binding-read.test.ts:22:32
     20|     return [result,trace];`;
     21|   const expected=[strict?"ReferenceError":undefined,["has","unscopable…
     22|   expect(new Function(code)()).toEqual(expected);
       |                                ^
     23|   expect(await run(`return Function(${JSON.stringify(code)})();`)).toM…
     24| });

⎯⎯⎯⎯⎯⎯⎯⎯⎯⎯⎯⎯⎯⎯⎯⎯⎯⎯⎯⎯⎯⎯⎯⎯[3/4]⎯


 Test Files  1 failed (1)
      Tests  4 failed | 1 passed (5)
   Start at  11:14:37
   Duration  2.85s (transform 1.72s, setup 47ms, import 2.16s, tests 540ms, environment 0ms)

