
 RUN  v4.1.11 /Users/kjopek/Workspace/poe-setup-scripts

 ❯ packages/docx/src/settings-model.test.ts (7 tests | 1 failed) 393ms
   ✓ creates and retains a single settings owner through the document getter 102ms
   ✓ retains unrelated settings while setting page header policy true/true 50ms
   ✓ retains unrelated settings while setting page header policy true/false 51ms
   ✓ retains unrelated settings while setting page header policy false/true 49ms
   ✓ retains unrelated settings while setting page header policy false/false 50ms
   ✓ declares and executes settings owner access through the shared typed batch 40ms
   × reads existing settings on a protected document without requesting mutation authority 50ms
FAIL packages/docx/src/settings-model.test.ts > reads existing settings on a protected document without requesting mutation authority
Error: Protected or signed package publication is not supported.
 ❯ assertDocumentEditable packages/docx/src/publication.ts:209:15

 ❯ ModelStore.writable packages/docx/src/model-store.ts:144:33
 ❯ ModelStore.transaction packages/docx/src/model-store.ts:147:10
 ❯ new Settings packages/docx/src/settings-model.ts:14:22
 ❯ DocumentView.get settings [as settings] packages/docx/src/document-model.ts:50:36
 ❯ packages/docx/src/settings-model.test.ts:95:19

⎯⎯⎯⎯⎯⎯⎯⎯⎯⎯⎯⎯⎯⎯⎯⎯⎯⎯⎯⎯⎯⎯⎯⎯⎯⎯⎯⎯⎯⎯
Serialized Error: { code: 'unsupported-edit' }

⎯⎯⎯⎯⎯⎯⎯ Failed Tests 1 ⎯⎯⎯⎯⎯⎯⎯

 FAIL  packages/docx/src/settings-model.test.ts > reads existing settings on a protected document without requesting mutation authority
Error: Protected or signed package publication is not supported.
 ❯ assertDocumentEditable packages/docx/src/publication.ts:209:15

 ❯ ModelStore.writable packages/docx/src/model-store.ts:144:33
 ❯ ModelStore.transaction packages/docx/src/model-store.ts:147:10
 ❯ new Settings packages/docx/src/settings-model.ts:14:22
 ❯ DocumentView.get settings [as settings] packages/docx/src/document-model.ts:50:36
 ❯ packages/docx/src/settings-model.test.ts:95:19

⎯⎯⎯⎯⎯⎯⎯⎯⎯⎯⎯⎯⎯⎯⎯⎯⎯⎯⎯⎯⎯⎯⎯⎯[1/1]⎯


 Test Files  1 failed (1)
      Tests  1 failed | 6 passed (7)
   Start at  22:46:51
   Duration  1.44s (transform 823ms, setup 28ms, import 964ms, tests 393ms, environment 0ms)

