
 RUN  v4.1.11 /Users/kjopek/Workspace/poe-code

 ✓ packages/safe-js/src/interp/globals/intl-iso-month-recovery.test.ts > recovers ISO standalone months from host Gregorian data in en-US 126ms
 ✓ packages/safe-js/src/interp/globals/intl-pluralrules.test.ts > matches native PluralRules: return [Intl.PluralRules.name,Intl.PluralRules.length] 72ms
 ✓ packages/safe-js/src/interp/globals/intl-pluralrules.test.ts > matches native PluralRules: return ['', ' ', ' 1 ', '0_1', '+0x1', '1e400', '1e-400'].map(value=>new Intl.PluralRules('fr').select(value)) 83ms
 ✓ packages/safe-js/src/interp/globals/intl-iso-month-recovery.test.ts > recovers ISO standalone months from host Gregorian data in pl-PL 92ms
 ✓ packages/safe-js/src/interp/globals/intl-pluralrules.test.ts > matches native PluralRules: return [0,1,2,3,4,11,21,1.5].map(n=>new Intl.PluralRules('en').select(n)) 38ms
 ✓ packages/safe-js/src/interp/globals/intl-pluralrules.test.ts > matches native PluralRules: return [0,1,2,3,4,11,21,1.5].map(n=>new Intl.PluralRules('pl').select(n)) 48ms
 ✓ packages/safe-js/src/interp/globals/intl-pluralrules.test.ts > matches native PluralRules: return [0,1,2,3,4,11,21,1.5].map(n=>new Intl.PluralRules('ar').select(n)) 31ms
 × packages/safe-js/src/interp/globals/intl-iso-month-recovery.test.ts > recovers ISO standalone months from host Gregorian data in ru-RU 64ms
   → expected { ok: true, …(3) } to match object { ok: true, returnValue: [ …(9) ] }
(12 matching properties omitted from actual)
 ✓ packages/safe-js/src/interp/globals/intl-iso-month-recovery.test.ts > preserves timezone conversion, same-month ranges, option reads, and invalid operand errors 69ms
 × packages/safe-js/src/interp/globals/intl-iso-month-recovery.test.ts > retains locale extensions and uses each Temporal input's actual ISO date 40ms
   → expected { ok: true, …(3) } to match object { ok: true, returnValue: [ …(6) ] }
(12 matching properties omitted from actual)
 ✓ packages/safe-js/src/interp/globals/intl-pluralrules.test.ts > matches native PluralRules: return [1,2,3,4,11,21].map(n=>new Intl.PluralRules('en',{type:'ordinal'}).select(n)) 43ms
 ✓ packages/safe-js/src/interp/globals/intl-pluralrules.test.ts > matches native PluralRules: return new Intl.PluralRules('en').resolvedOptions() 41ms
 × packages/safe-js/src/interp/globals/intl-pluralrules.test.ts > matches native PluralRules: return new Intl.PluralRules('fr',{minimumFractionDigits:2,maximumFractionDigits:4}).resolvedOptions() 28ms
   → expected { Object (locale, type, ...) } to deeply equal Object{ locale: 'fr', …(9) }
 ✓ packages/safe-js/src/interp/globals/intl-pluralrules.test.ts > matches native PluralRules: return new Intl.PluralRules('en',{maximumSignificantDigits:3}).resolvedOptions() 24ms
 ✓ packages/safe-js/src/interp/globals/intl-pluralrules.test.ts > matches native PluralRules: return ['ceil','floor','trunc','halfEven'].map(roundingMode=>{const f=new Intl.PluralRules('en',{maximumFractionDigits:0,roundingMode});return [f.select(1.5),f.resolvedOptions().roundingMode]}) 39ms
 ✓ packages/safe-js/src/interp/globals/intl-pluralrules.test.ts > matches native PluralRules: return ['auto','stripIfInteger'].map(trailingZeroDisplay=>new Intl.PluralRules('en',{minimumFractionDigits:2,trailingZeroDisplay}).select(1)) 36ms
 ✓ packages/safe-js/src/interp/globals/intl-pluralrules.test.ts > matches native PluralRules: return new Intl.PluralRules('en').selectRange(1,2) 20ms
 ✓ packages/safe-js/src/interp/globals/intl-pluralrules.test.ts > matches native PluralRules: return new Intl.PluralRules('ru').selectRange(2,5) 24ms
 ✓ packages/safe-js/src/interp/globals/intl-pluralrules.test.ts > matches native PluralRules: return [NaN,Infinity,-Infinity].map(n=>new Intl.PluralRules('en').select(n)) 44ms
 ✓ packages/safe-js/src/interp/globals/intl-pluralrules.test.ts > matches native PluralRules: try{Intl.PluralRules('en')}catch(e){return e.name} 20ms
 ✓ packages/safe-js/src/interp/globals/intl-pluralrules.test.ts > matches native PluralRules: try{Intl.PluralRules.prototype.select.call({},1)}catch(e){return e.name} 24ms
 ✓ packages/safe-js/src/interp/globals/intl-pluralrules.test.ts > matches native PluralRules: try{new Intl.PluralRules('en').selectRange(undefined,1)}catch(e){return e.name} 21ms
 ✓ packages/safe-js/src/interp/globals/intl-pluralrules.test.ts > matches native PluralRules: return Intl.PluralRules.supportedLocalesOf(['EN-us','fr','en-US']) 27ms
 ✓ packages/safe-js/src/interp/globals/intl-pluralrules.test.ts > matches native PluralRules: class Child extends Intl.PluralRules{};const f=new Child('en');return [f instanceof Child,Object.prototype.toString.call(f),f.select(1)] 27ms
 ✓ packages/safe-js/src/interp/globals/intl-pluralrules.test.ts > matches native PluralRules: const trace=[];new Intl.PluralRules('en',{get localeMatcher(){trace.push('matcher')},get type(){trace.push('type')},get minimumIntegerDigits(){trace.push('integer')},get minimumFractionDigits(){trace.push('minFraction')},get maximumFractionDigits(){trace.push('maxFraction')},get minimumSignificantDigits(){trace.push('minSignificant')},get maximumSignificantDigits(){trace.push('maxSignificant')},get roundingIncrement(){trace.push('increment')},get roundingMode(){trace.push('mode')},get roundingPriority(){trace.push('priority')},get trailingZeroDisplay(){trace.push('zero')}});return trace 63ms
 ✓ packages/safe-js/src/interp/globals/intl-pluralrules.test.ts > matches native PluralRules: const trace=[];try{new Intl.PluralRules('en',{get type(){trace.push('type');return 'invalid'},get minimumIntegerDigits(){trace.push('integer')}})}catch(e){return [e.name,trace]} 35ms
 ✓ packages/safe-js/src/interp/globals/intl-pluralrules.test.ts > matches native PluralRules: return ['select','selectRange','resolvedOptions'].map(key=>{const d=Object.getOwnPropertyDescriptor(Intl.PluralRules.prototype,key);return [d.value.name,d.value.length,d.writable,d.enumerable,d.configurable]}) 31ms
 ✓ packages/safe-js/src/interp/globals/intl-pluralrules.test.ts > accounts for private plural options after removal of the guest prototype 28ms
 ✓ packages/safe-js/src/interp/globals/intl-pluralrules.test.ts > retains exact integer and decimal plural operands 38ms
 ✓ packages/safe-js/src/interp/globals/intl-pluralrules.test.ts > bounds processing of long numeric text 26ms
 ✓ packages/safe-js/src/interp/globals/intl-pluralrules.test.ts > restores plural state, custom prototypes and aliases repeatedly 246ms
 ✓ packages/safe-js/src/interp/globals/intl-pluralrules.test.ts > replays PluralRules from a pending checkpoint 94ms
 ✓ packages/safe-js/src/interp/globals/intl-pluralrules.test.ts > replays PluralRules from a completed checkpoint 80ms
 ✓ packages/safe-js/src/interp/globals/intl-pluralrules.test.ts > rejects forged PluralRules snapshot state: missing 30ms
 ✓ packages/safe-js/src/interp/globals/intl-pluralrules.test.ts > rejects forged PluralRules snapshot state: type 20ms
 ✓ packages/safe-js/src/interp/globals/intl-pluralrules.test.ts > rejects forged PluralRules snapshot state: locale 18ms
 ✓ packages/safe-js/src/interp/globals/intl-pluralrules.test.ts > rejects forged PluralRules snapshot state: categories 19ms
 ✓ packages/safe-js/src/interp/globals/intl-pluralrules.test.ts > rejects forged PluralRules snapshot state: extra 21ms
 ✓ packages/safe-js/src/interp/globals/intl-pluralrules.test.ts > returns fresh plural-category arrays 26ms
 ✓ packages/safe-js/src/interp/globals/intl-pluralrules.test.ts > handles numeric-text overflow without expanding the exponent 21ms
 ✓ packages/safe-js/src/interp/globals/intl-pluralrules.test.ts > restores both digit ranges with morePrecision rounding 101ms
 ✓ packages/safe-js/src/interp/globals/intl-pluralrules.test.ts > restores both digit ranges with lessPrecision rounding 88ms

⎯⎯⎯⎯⎯⎯⎯ Failed Tests 3 ⎯⎯⎯⎯⎯⎯⎯

 FAIL  packages/safe-js/src/interp/globals/intl-iso-month-recovery.test.ts > recovers ISO standalone months from host Gregorian data in ru-RU
AssertionError: expected { ok: true, …(3) } to match object { ok: true, returnValue: [ …(9) ] }
(12 matching properties omitted from actual)

- Expected
+ Received

@@ -15,19 +15,19 @@
          "value": "февраль",
        },
        {
          "source": "shared",
          "type": "literal",
-         "value": " – ",
+         "value": " – ",
        },
        {
          "source": "endRange",
          "type": "month",
          "value": "март",
        },
      ],
-     "февраль – март",
+     "февраль – март",
      "iso8601",
      "февраль",
      "февраль",
      [
        {
@@ -42,11 +42,11 @@
          "value": "февраль",
        },
        {
          "source": "shared",
          "type": "literal",
-         "value": " – ",
+         "value": " – ",
        },
        {
          "source": "endRange",
          "type": "month",
          "value": "март",

 ❯ packages/safe-js/src/interp/globals/intl-iso-month-recovery.test.ts:17:29
     15|   const native = new Intl.DateTimeFormat(locale, { calendar: "gregory"…
     16|   const start = Date.UTC(2000, 1, 29), end = Date.UTC(2000, 2, 2);
     17|   expect(await run(source)).toMatchObject({ ok: true, returnValue: [
       |                             ^
     18|     native.formatToParts(start), native.format(start), native.formatRa…
     19|     native.format(start), native.format(start), native.formatToParts(s…

⎯⎯⎯⎯⎯⎯⎯⎯⎯⎯⎯⎯⎯⎯⎯⎯⎯⎯⎯⎯⎯⎯⎯⎯[1/3]⎯

 FAIL  packages/safe-js/src/interp/globals/intl-iso-month-recovery.test.ts > retains locale extensions and uses each Temporal input's actual ISO date
AssertionError: expected { ok: true, …(3) } to match object { ok: true, returnValue: [ …(6) ] }
(12 matching properties omitted from actual)

- Expected
+ Received

@@ -11,11 +11,11 @@
          "value": "فبراير",
        },
        {
          "source": "shared",
          "type": "literal",
-         "value": " – ",
+         "value": " – ",
        },
        {
          "source": "endRange",
          "type": "month",
          "value": "فبراير",

 ❯ packages/safe-js/src/interp/globals/intl-iso-month-recovery.test.ts:46:7
     44|       f.format(new Temporal.Instant(-1n)),f.formatRangeToParts(a,b),f.…
     45|       f.resolvedOptions().calendar];
     46|   `)).toMatchObject({ ok: true, returnValue: [native.format(february),…
       |       ^
     47|     native.formatRangeToParts(Date.UTC(2000, 1, 1), Date.UTC(2001, 1, …
     48| });

⎯⎯⎯⎯⎯⎯⎯⎯⎯⎯⎯⎯⎯⎯⎯⎯⎯⎯⎯⎯⎯⎯⎯⎯[2/3]⎯

 FAIL  packages/safe-js/src/interp/globals/intl-pluralrules.test.ts > matches native PluralRules: return new Intl.PluralRules('fr',{minimumFractionDigits:2,maximumFractionDigits:4}).resolvedOptions()
AssertionError: expected { Object (locale, type, ...) } to deeply equal Object{ locale: 'fr', …(9) }

- Expected
+ Received

@@ -2,12 +2,12 @@
    "locale": "fr",
    "maximumFractionDigits": 4,
    "minimumFractionDigits": 2,
    "minimumIntegerDigits": 1,
    "pluralCategories": [
-     "one",
      "many",
+     "one",
      "other",
    ],
    "roundingIncrement": 1,
    "roundingMode": "halfExpand",
    "roundingPriority": "auto",

 ❯ packages/safe-js/src/interp/globals/intl-pluralrules.test.ts:38:29
     36|  const result = await run(`if(typeof Intl.PluralRules!=="function")thr…
     37|  if (!result.ok) throw result.error;
     38|  expect(result.returnValue).toEqual(expected);
       |                             ^
     39| });
     40|

⎯⎯⎯⎯⎯⎯⎯⎯⎯⎯⎯⎯⎯⎯⎯⎯⎯⎯⎯⎯⎯⎯⎯⎯[3/3]⎯


 Test Files  2 failed (2)
      Tests  3 failed | 39 passed (42)
   Start at  02:52:36
   Duration  6.27s (transform 5.70s, setup 150ms, import 8.71s, tests 2.07s, environment 0ms)
