
> @poe-code/safe-js@0.0.1 test:conformance
> tsx test/conformance/command.ts --corpus /private/tmp/safejs-baseline-test262-419d3e0 --manifest /Users/kjopek/Workspace/poe-code/docs/plans/complete-conformance-runner/baseline-v3/manifest.json --offset 41500 --limit 500 --timeout-ms 3000 --report /Users/kjopek/Workspace/poe-code/docs/plans/complete-conformance-runner/baseline-v3/batches/41500-41999.jsonl

node:net:1919
      const error = new UVExceptionWithHostPort(rval, 'listen', address, port);
                    ^

Error: listen ENOSPC: no space left on device /var/folders/rw/s4cy76hn6v55qrp0dhcbtplc0000gn/T/tsx-501/56434.pipe
    at Server.setupListenHandle [as _listen2] (node:net:1919:21)
    at listenInCluster (node:net:1998:12)
    at Server.listen (node:net:2120:5)
    at file:///Users/kjopek/Workspace/poe-code/node_modules/tsx/dist/cli.mjs:53:31537
    at new Promise (<anonymous>)
    at createIpcServer (file:///Users/kjopek/Workspace/poe-code/node_modules/tsx/dist/cli.mjs:53:31515)
    at async file:///Users/kjopek/Workspace/poe-code/node_modules/tsx/dist/cli.mjs:55:459 {
  code: 'ENOSPC',
  errno: -28,
  syscall: 'listen',
  address: '/var/folders/rw/s4cy76hn6v55qrp0dhcbtplc0000gn/T/tsx-501/56434.pipe',
  port: -1
}

Node.js v22.23.2
npm error Lifecycle script `test:conformance` failed with error:
npm error code 1
npm error path /Users/kjopek/Workspace/poe-code/packages/safe-js
npm error workspace @poe-code/safe-js@0.0.1
npm error location /Users/kjopek/Workspace/poe-code/packages/safe-js
npm error command failed
npm error command sh -c tsx test/conformance/command.ts --corpus /private/tmp/safejs-baseline-test262-419d3e0 --manifest /Users/kjopek/Workspace/poe-code/docs/plans/complete-conformance-runner/baseline-v3/manifest.json --offset 41500 --limit 500 --timeout-ms 3000 --report /Users/kjopek/Workspace/poe-code/docs/plans/complete-conformance-runner/baseline-v3/batches/41500-41999.jsonl
