TAP version 13
# Subtest: fixed corpus covers every authoritative default name three times
ok 1 - fixed corpus covers every authoritative default name three times
  ---
  duration_ms: 6.613667
  type: 'test'
  ...
# Subtest: native-first observations preserve recipe hashes and intentional error exits
ok 2 - native-first observations preserve recipe hashes and intentional error exits
  ---
  duration_ms: 11.425292
  type: 'test'
  ...
# Subtest: corrected native capture changes no recipe and matches capture sources
ok 3 - corrected native capture changes no recipe and matches capture sources
  ---
  duration_ms: 12.729209
  type: 'test'
  ...
# Subtest: path projection leaves non-text bytes untouched
ok 4 - path projection leaves non-text bytes untouched
  ---
  duration_ms: 0.171125
  type: 'test'
  ...
# Subtest: comparison detects each byte, status and filesystem field independently
ok 5 - comparison detects each byte, status and filesystem field independently
  ---
  duration_ms: 0.107708
  type: 'test'
  ...
# Subtest: snapshot includes empty directories and symlinks without following them
ok 6 - snapshot includes empty directories and symlinks without following them
  ---
  duration_ms: 0.227459
  type: 'test'
  ...
# Subtest: fixture path guard rejects absolute and traversing inputs
ok 7 - fixture path guard rejects absolute and traversing inputs
  ---
  duration_ms: 0.104375
  type: 'test'
  ...
# Subtest: fixed corpus covers every authoritative default name three times
ok 8 - fixed corpus covers every authoritative default name three times
  ---
  duration_ms: 6.443291
  type: 'test'
  ...
# Subtest: native-first observations preserve recipe hashes and intentional error exits
ok 9 - native-first observations preserve recipe hashes and intentional error exits
  ---
  duration_ms: 11.10275
  type: 'test'
  ...
# Subtest: historical corrected native capture changes no recipe
ok 10 - historical corrected native capture changes no recipe
  ---
  duration_ms: 10.934875
  type: 'test'
  ...
# Subtest: aligned scratch profile preserves all recipes and changes exactly one native effect
ok 11 - aligned scratch profile preserves all recipes and changes exactly one native effect
  ---
  duration_ms: 5.820792
  type: 'test'
  ...
# Subtest: path projection leaves non-text bytes untouched
ok 12 - path projection leaves non-text bytes untouched
  ---
  duration_ms: 0.124834
  type: 'test'
  ...
# Subtest: comparison detects each byte, status and filesystem field independently
ok 13 - comparison detects each byte, status and filesystem field independently
  ---
  duration_ms: 0.100375
  type: 'test'
  ...
# Subtest: snapshot includes empty directories and symlinks without following them
ok 14 - snapshot includes empty directories and symlinks without following them
  ---
  duration_ms: 0.16475
  type: 'test'
  ...
# Subtest: fixture path guard rejects absolute and traversing inputs
ok 15 - fixture path guard rejects absolute and traversing inputs
  ---
  duration_ms: 0.104542
  type: 'test'
  ...
1..15
# tests 15
# suites 0
# pass 15
# fail 0
# cancelled 0
# skipped 0
# todo 0
# duration_ms 507.706958
