
 RUN  v4.1.11 /Users/kjopek/Workspace/poe-code

 ❯ packages/safe-js/src/interp/globals/bigint-constructor.test.ts (3 tests | 2 failed) 103ms
   × allows BigInt heritage and use as newTarget without allowing construction 43ms
   × rejects direct, derived and reflected construction before coercion 23ms
   ✓ keeps call coercion, receiver brands and host prototypes isolated 36ms
FAIL packages/safe-js/src/interp/globals/bigint-constructor.test.ts > allows BigInt heritage and use as newTarget without allowing construction
TypeError: Class extends value is not a constructor or null.
⎯⎯⎯⎯⎯⎯⎯⎯⎯⎯⎯⎯⎯⎯⎯⎯⎯⎯⎯⎯⎯⎯⎯⎯⎯⎯⎯⎯⎯⎯
Serialized Error: { span: { start: { line: 2, column: 5, offset: 5 }, end: { line: 2, column: 36, offset: 36 } } }
FAIL packages/safe-js/src/interp/globals/bigint-constructor.test.ts > rejects direct, derived and reflected construction before coercion
TypeError: Class extends value is not a constructor or null.
⎯⎯⎯⎯⎯⎯⎯⎯⎯⎯⎯⎯⎯⎯⎯⎯⎯⎯⎯⎯⎯⎯⎯⎯⎯⎯⎯⎯⎯⎯
Serialized Error: { span: { start: { line: 2, column: 5, offset: 5 }, end: { line: 2, column: 36, offset: 36 } } }

⎯⎯⎯⎯⎯⎯⎯ Failed Tests 2 ⎯⎯⎯⎯⎯⎯⎯

 FAIL  packages/safe-js/src/interp/globals/bigint-constructor.test.ts > allows BigInt heritage and use as newTarget without allowing construction
 FAIL  packages/safe-js/src/interp/globals/bigint-constructor.test.ts > rejects direct, derived and reflected construction before coercion
TypeError: Class extends value is not a constructor or null.
⎯⎯⎯⎯⎯⎯⎯⎯⎯⎯⎯⎯⎯⎯⎯⎯⎯⎯⎯⎯⎯⎯⎯⎯[1/2]⎯


 Test Files  1 failed (1)
      Tests  2 failed | 1 passed (3)
   Start at  17:45:08
   Duration  2.13s (transform 1.52s, setup 41ms, import 1.90s, tests 103ms, environment 0ms)

