TAP version 13
# Subtest: fresh numeric/split pipelines: memory
ok 1 - fresh numeric/split pipelines: memory
  ---
  duration_ms: 19.202292
  type: 'test'
  ...
# Subtest: fresh numeric/split pipelines: real
ok 2 - fresh numeric/split pipelines: real
  ---
  duration_ms: 19.067459
  type: 'test'
  ...
# Subtest: fresh numeric/split pipelines: s3
ok 3 - fresh numeric/split pipelines: s3
  ---
  duration_ms: 11.255333
  type: 'test'
  ...
# Subtest: fresh numeric/split pipelines: webdav
ok 4 - fresh numeric/split pipelines: webdav
  ---
  duration_ms: 79.143334
  type: 'test'
  ...
# Subtest: fresh numeric/split pipelines: mount
ok 5 - fresh numeric/split pipelines: mount
  ---
  duration_ms: 23.977
  type: 'test'
  ...
# Subtest: fresh numeric/split pipelines: overlay
ok 6 - fresh numeric/split pipelines: overlay
  ---
  duration_ms: 14.003709
  type: 'test'
  ...
1..6
# tests 6
# suites 0
# pass 6
# fail 0
# cancelled 0
# skipped 0
# todo 0
# duration_ms 359.65175
