TAP version 13
# Subtest: independent literal required-command contract is exactly 22 names
ok 1 - independent literal required-command contract is exactly 22 names
  ---
  duration_ms: 0.821125
  type: 'test'
  ...
# Subtest: memory: cardinality53 missing standard command cat rejects before callback
ok 2 - memory: cardinality53 missing standard command cat rejects before callback
  ---
  duration_ms: 5.11225
  type: 'test'
  ...
# {"backend":"memory","family":"standard","missing":"cat","substitute":"registry_unblock_substitute_cat","beforeCount":53,"afterCount":53,"observed":"adapter-tools preflight: missing required standard command: cat","callbackEntered":false}
# Subtest: memory: cardinality53 missing standard command cp rejects before callback
ok 3 - memory: cardinality53 missing standard command cp rejects before callback
  ---
  duration_ms: 1.180041
  type: 'test'
  ...
# {"backend":"memory","family":"standard","missing":"cp","substitute":"registry_unblock_substitute_cp","beforeCount":53,"afterCount":53,"observed":"adapter-tools preflight: missing required standard command: cp","callbackEntered":false}
# Subtest: memory: cardinality53 missing standard command find rejects before callback
ok 4 - memory: cardinality53 missing standard command find rejects before callback
  ---
  duration_ms: 0.719084
  type: 'test'
  ...
# {"backend":"memory","family":"standard","missing":"find","substitute":"registry_unblock_substitute_find","beforeCount":53,"afterCount":53,"observed":"adapter-tools preflight: missing required standard command: find","callbackEntered":false}
# Subtest: memory: cardinality53 missing standard command mkdir rejects before callback
ok 5 - memory: cardinality53 missing standard command mkdir rejects before callback
  ---
  duration_ms: 0.553291
  type: 'test'
  ...
# {"backend":"memory","family":"standard","missing":"mkdir","substitute":"registry_unblock_substitute_mkdir","beforeCount":53,"afterCount":53,"observed":"adapter-tools preflight: missing required standard command: mkdir","callbackEntered":false}
# Subtest: memory: cardinality53 missing standard command mv rejects before callback
ok 6 - memory: cardinality53 missing standard command mv rejects before callback
  ---
  duration_ms: 0.611
  type: 'test'
  ...
# {"backend":"memory","family":"standard","missing":"mv","substitute":"registry_unblock_substitute_mv","beforeCount":53,"afterCount":53,"observed":"adapter-tools preflight: missing required standard command: mv","callbackEntered":false}
# Subtest: memory: cardinality53 missing standard command printf rejects before callback
ok 7 - memory: cardinality53 missing standard command printf rejects before callback
  ---
  duration_ms: 0.43025
  type: 'test'
  ...
# {"backend":"memory","family":"standard","missing":"printf","substitute":"registry_unblock_substitute_printf","beforeCount":53,"afterCount":53,"observed":"adapter-tools preflight: missing required standard command: printf","callbackEntered":false}
# Subtest: memory: cardinality53 missing standard command pwd rejects before callback
ok 8 - memory: cardinality53 missing standard command pwd rejects before callback
  ---
  duration_ms: 0.346166
  type: 'test'
  ...
# {"backend":"memory","family":"standard","missing":"pwd","substitute":"registry_unblock_substitute_pwd","beforeCount":53,"afterCount":53,"observed":"adapter-tools preflight: missing required standard command: pwd","callbackEntered":false}
# Subtest: memory: cardinality53 missing standard command rm rejects before callback
ok 9 - memory: cardinality53 missing standard command rm rejects before callback
  ---
  duration_ms: 0.73575
  type: 'test'
  ...
# {"backend":"memory","family":"standard","missing":"rm","substitute":"registry_unblock_substitute_rm","beforeCount":53,"afterCount":53,"observed":"adapter-tools preflight: missing required standard command: rm","callbackEntered":false}
# Subtest: memory: cardinality53 missing standard command rmdir rejects before callback
ok 10 - memory: cardinality53 missing standard command rmdir rejects before callback
  ---
  duration_ms: 1.574625
  type: 'test'
  ...
# {"backend":"memory","family":"standard","missing":"rmdir","substitute":"registry_unblock_substitute_rmdir","beforeCount":53,"afterCount":53,"observed":"adapter-tools preflight: missing required standard command: rmdir","callbackEntered":false}
# Subtest: memory: cardinality53 missing standard command sort rejects before callback
ok 11 - memory: cardinality53 missing standard command sort rejects before callback
  ---
  duration_ms: 0.445625
  type: 'test'
  ...
# {"backend":"memory","family":"standard","missing":"sort","substitute":"registry_unblock_substitute_sort","beforeCount":53,"afterCount":53,"observed":"adapter-tools preflight: missing required standard command: sort","callbackEntered":false}
# Subtest: memory: cardinality53 missing standard command tee rejects before callback
ok 12 - memory: cardinality53 missing standard command tee rejects before callback
  ---
  duration_ms: 0.325333
  type: 'test'
  ...
# {"backend":"memory","family":"standard","missing":"tee","substitute":"registry_unblock_substitute_tee","beforeCount":53,"afterCount":53,"observed":"adapter-tools preflight: missing required standard command: tee","callbackEntered":false}
# Subtest: memory: cardinality53 missing standard command test rejects before callback
ok 13 - memory: cardinality53 missing standard command test rejects before callback
  ---
  duration_ms: 0.250125
  type: 'test'
  ...
# {"backend":"memory","family":"standard","missing":"test","substitute":"registry_unblock_substitute_test","beforeCount":53,"afterCount":53,"observed":"adapter-tools preflight: missing required standard command: test","callbackEntered":false}
# Subtest: memory: cardinality53 missing standard command touch rejects before callback
ok 14 - memory: cardinality53 missing standard command touch rejects before callback
  ---
  duration_ms: 0.240375
  type: 'test'
  ...
# {"backend":"memory","family":"standard","missing":"touch","substitute":"registry_unblock_substitute_touch","beforeCount":53,"afterCount":53,"observed":"adapter-tools preflight: missing required standard command: touch","callbackEntered":false}
# Subtest: memory: cardinality53 missing standard command xargs rejects before callback
ok 15 - memory: cardinality53 missing standard command xargs rejects before callback
  ---
  duration_ms: 0.243416
  type: 'test'
  ...
# {"backend":"memory","family":"standard","missing":"xargs","substitute":"registry_unblock_substitute_xargs","beforeCount":53,"afterCount":53,"observed":"adapter-tools preflight: missing required standard command: xargs","callbackEntered":false}
# Subtest: memory: cardinality53 missing text command sed rejects before callback
ok 16 - memory: cardinality53 missing text command sed rejects before callback
  ---
  duration_ms: 0.326625
  type: 'test'
  ...
# {"backend":"memory","family":"text","missing":"sed","substitute":"registry_unblock_substitute_sed","beforeCount":53,"afterCount":53,"observed":"adapter-tools preflight: missing required text command: sed","callbackEntered":false}
# Subtest: memory: cardinality53 missing text command awk rejects before callback
ok 17 - memory: cardinality53 missing text command awk rejects before callback
  ---
  duration_ms: 0.429208
  type: 'test'
  ...
# {"backend":"memory","family":"text","missing":"awk","substitute":"registry_unblock_substitute_awk","beforeCount":53,"afterCount":53,"observed":"adapter-tools preflight: missing required text command: awk","callbackEntered":false}
# Subtest: memory: cardinality53 missing structured command jq rejects before callback
ok 18 - memory: cardinality53 missing structured command jq rejects before callback
  ---
  duration_ms: 0.337458
  type: 'test'
  ...
# {"backend":"memory","family":"structured","missing":"jq","substitute":"registry_unblock_substitute_jq","beforeCount":53,"afterCount":53,"observed":"adapter-tools preflight: missing required structured command: jq","callbackEntered":false}
# Subtest: memory: cardinality53 missing search command rg rejects before callback
ok 19 - memory: cardinality53 missing search command rg rejects before callback
  ---
  duration_ms: 0.688292
  type: 'test'
  ...
# {"backend":"memory","family":"search","missing":"rg","substitute":"registry_unblock_substitute_rg","beforeCount":53,"afterCount":53,"observed":"adapter-tools preflight: missing required search command: rg","callbackEntered":false}
# Subtest: memory: cardinality53 missing bytes command sha256sum rejects before callback
ok 20 - memory: cardinality53 missing bytes command sha256sum rejects before callback
  ---
  duration_ms: 0.504125
  type: 'test'
  ...
# {"backend":"memory","family":"bytes","missing":"sha256sum","substitute":"registry_unblock_substitute_sha256sum","beforeCount":53,"afterCount":53,"observed":"adapter-tools preflight: missing required bytes command: sha256sum","callbackEntered":false}
# Subtest: memory: cardinality53 missing bytes command gzip rejects before callback
ok 21 - memory: cardinality53 missing bytes command gzip rejects before callback
  ---
  duration_ms: 0.32525
  type: 'test'
  ...
# {"backend":"memory","family":"bytes","missing":"gzip","substitute":"registry_unblock_substitute_gzip","beforeCount":53,"afterCount":53,"observed":"adapter-tools preflight: missing required bytes command: gzip","callbackEntered":false}
# Subtest: memory: cardinality53 missing diffPatch command diff rejects before callback
ok 22 - memory: cardinality53 missing diffPatch command diff rejects before callback
  ---
  duration_ms: 0.253333
  type: 'test'
  ...
# {"backend":"memory","family":"diffPatch","missing":"diff","substitute":"registry_unblock_substitute_diff","beforeCount":53,"afterCount":53,"observed":"adapter-tools preflight: missing required diffPatch command: diff","callbackEntered":false}
# Subtest: memory: cardinality53 missing diffPatch command patch rejects before callback
ok 23 - memory: cardinality53 missing diffPatch command patch rejects before callback
  ---
  duration_ms: 1.429084
  type: 'test'
  ...
# {"backend":"memory","family":"diffPatch","missing":"patch","substitute":"registry_unblock_substitute_patch","beforeCount":53,"afterCount":53,"observed":"adapter-tools preflight: missing required diffPatch command: patch","callbackEntered":false}
# Subtest: memory: optional command addition cardinality54 executes real workflows
ok 24 - memory: optional command addition cardinality54 executes real workflows
  ---
  duration_ms: 20.970959
  type: 'test'
  ...
# {"backend":"memory","beforeCount":53,"afterCount":54,"callbackEntered":true,"optionalExecuted":true,"dispatched":["registry_unblock_optional","cat","sed","awk","jq","jq","xargs","find","rg","cat","gzip","gzip","diff"]}
# Subtest: real: cardinality53 missing standard command cat rejects before callback
ok 25 - real: cardinality53 missing standard command cat rejects before callback
  ---
  duration_ms: 5.524542
  type: 'test'
  ...
# {"backend":"real","family":"standard","missing":"cat","substitute":"registry_unblock_substitute_cat","beforeCount":53,"afterCount":53,"observed":"adapter-tools preflight: missing required standard command: cat","callbackEntered":false}
# Subtest: real: cardinality53 missing standard command cp rejects before callback
ok 26 - real: cardinality53 missing standard command cp rejects before callback
  ---
  duration_ms: 3.751
  type: 'test'
  ...
# {"backend":"real","family":"standard","missing":"cp","substitute":"registry_unblock_substitute_cp","beforeCount":53,"afterCount":53,"observed":"adapter-tools preflight: missing required standard command: cp","callbackEntered":false}
# Subtest: real: cardinality53 missing standard command find rejects before callback
ok 27 - real: cardinality53 missing standard command find rejects before callback
  ---
  duration_ms: 3.611667
  type: 'test'
  ...
# {"backend":"real","family":"standard","missing":"find","substitute":"registry_unblock_substitute_find","beforeCount":53,"afterCount":53,"observed":"adapter-tools preflight: missing required standard command: find","callbackEntered":false}
# Subtest: real: cardinality53 missing standard command mkdir rejects before callback
ok 28 - real: cardinality53 missing standard command mkdir rejects before callback
  ---
  duration_ms: 3.434792
  type: 'test'
  ...
# {"backend":"real","family":"standard","missing":"mkdir","substitute":"registry_unblock_substitute_mkdir","beforeCount":53,"afterCount":53,"observed":"adapter-tools preflight: missing required standard command: mkdir","callbackEntered":false}
# Subtest: real: cardinality53 missing standard command mv rejects before callback
ok 29 - real: cardinality53 missing standard command mv rejects before callback
  ---
  duration_ms: 3.27475
  type: 'test'
  ...
# {"backend":"real","family":"standard","missing":"mv","substitute":"registry_unblock_substitute_mv","beforeCount":53,"afterCount":53,"observed":"adapter-tools preflight: missing required standard command: mv","callbackEntered":false}
# Subtest: real: cardinality53 missing standard command printf rejects before callback
ok 30 - real: cardinality53 missing standard command printf rejects before callback
  ---
  duration_ms: 3.441709
  type: 'test'
  ...
# {"backend":"real","family":"standard","missing":"printf","substitute":"registry_unblock_substitute_printf","beforeCount":53,"afterCount":53,"observed":"adapter-tools preflight: missing required standard command: printf","callbackEntered":false}
# Subtest: real: cardinality53 missing standard command pwd rejects before callback
ok 31 - real: cardinality53 missing standard command pwd rejects before callback
  ---
  duration_ms: 3.150709
  type: 'test'
  ...
# {"backend":"real","family":"standard","missing":"pwd","substitute":"registry_unblock_substitute_pwd","beforeCount":53,"afterCount":53,"observed":"adapter-tools preflight: missing required standard command: pwd","callbackEntered":false}
# Subtest: real: cardinality53 missing standard command rm rejects before callback
ok 32 - real: cardinality53 missing standard command rm rejects before callback
  ---
  duration_ms: 3.02775
  type: 'test'
  ...
# {"backend":"real","family":"standard","missing":"rm","substitute":"registry_unblock_substitute_rm","beforeCount":53,"afterCount":53,"observed":"adapter-tools preflight: missing required standard command: rm","callbackEntered":false}
# Subtest: real: cardinality53 missing standard command rmdir rejects before callback
ok 33 - real: cardinality53 missing standard command rmdir rejects before callback
  ---
  duration_ms: 3.245291
  type: 'test'
  ...
# {"backend":"real","family":"standard","missing":"rmdir","substitute":"registry_unblock_substitute_rmdir","beforeCount":53,"afterCount":53,"observed":"adapter-tools preflight: missing required standard command: rmdir","callbackEntered":false}
# Subtest: real: cardinality53 missing standard command sort rejects before callback
ok 34 - real: cardinality53 missing standard command sort rejects before callback
  ---
  duration_ms: 4.678125
  type: 'test'
  ...
# {"backend":"real","family":"standard","missing":"sort","substitute":"registry_unblock_substitute_sort","beforeCount":53,"afterCount":53,"observed":"adapter-tools preflight: missing required standard command: sort","callbackEntered":false}
# Subtest: real: cardinality53 missing standard command tee rejects before callback
ok 35 - real: cardinality53 missing standard command tee rejects before callback
  ---
  duration_ms: 3.174875
  type: 'test'
  ...
# {"backend":"real","family":"standard","missing":"tee","substitute":"registry_unblock_substitute_tee","beforeCount":53,"afterCount":53,"observed":"adapter-tools preflight: missing required standard command: tee","callbackEntered":false}
# Subtest: real: cardinality53 missing standard command test rejects before callback
ok 36 - real: cardinality53 missing standard command test rejects before callback
  ---
  duration_ms: 3.248708
  type: 'test'
  ...
# {"backend":"real","family":"standard","missing":"test","substitute":"registry_unblock_substitute_test","beforeCount":53,"afterCount":53,"observed":"adapter-tools preflight: missing required standard command: test","callbackEntered":false}
# Subtest: real: cardinality53 missing standard command touch rejects before callback
ok 37 - real: cardinality53 missing standard command touch rejects before callback
  ---
  duration_ms: 3.315
  type: 'test'
  ...
# {"backend":"real","family":"standard","missing":"touch","substitute":"registry_unblock_substitute_touch","beforeCount":53,"afterCount":53,"observed":"adapter-tools preflight: missing required standard command: touch","callbackEntered":false}
# Subtest: real: cardinality53 missing standard command xargs rejects before callback
ok 38 - real: cardinality53 missing standard command xargs rejects before callback
  ---
  duration_ms: 3.807416
  type: 'test'
  ...
# {"backend":"real","family":"standard","missing":"xargs","substitute":"registry_unblock_substitute_xargs","beforeCount":53,"afterCount":53,"observed":"adapter-tools preflight: missing required standard command: xargs","callbackEntered":false}
# Subtest: real: cardinality53 missing text command sed rejects before callback
ok 39 - real: cardinality53 missing text command sed rejects before callback
  ---
  duration_ms: 2.945792
  type: 'test'
  ...
# {"backend":"real","family":"text","missing":"sed","substitute":"registry_unblock_substitute_sed","beforeCount":53,"afterCount":53,"observed":"adapter-tools preflight: missing required text command: sed","callbackEntered":false}
# Subtest: real: cardinality53 missing text command awk rejects before callback
ok 40 - real: cardinality53 missing text command awk rejects before callback
  ---
  duration_ms: 3.011667
  type: 'test'
  ...
# {"backend":"real","family":"text","missing":"awk","substitute":"registry_unblock_substitute_awk","beforeCount":53,"afterCount":53,"observed":"adapter-tools preflight: missing required text command: awk","callbackEntered":false}
# Subtest: real: cardinality53 missing structured command jq rejects before callback
ok 41 - real: cardinality53 missing structured command jq rejects before callback
  ---
  duration_ms: 3.787875
  type: 'test'
  ...
# {"backend":"real","family":"structured","missing":"jq","substitute":"registry_unblock_substitute_jq","beforeCount":53,"afterCount":53,"observed":"adapter-tools preflight: missing required structured command: jq","callbackEntered":false}
# Subtest: real: cardinality53 missing search command rg rejects before callback
ok 42 - real: cardinality53 missing search command rg rejects before callback
  ---
  duration_ms: 3.101416
  type: 'test'
  ...
# {"backend":"real","family":"search","missing":"rg","substitute":"registry_unblock_substitute_rg","beforeCount":53,"afterCount":53,"observed":"adapter-tools preflight: missing required search command: rg","callbackEntered":false}
# Subtest: real: cardinality53 missing bytes command sha256sum rejects before callback
ok 43 - real: cardinality53 missing bytes command sha256sum rejects before callback
  ---
  duration_ms: 3.127084
  type: 'test'
  ...
# {"backend":"real","family":"bytes","missing":"sha256sum","substitute":"registry_unblock_substitute_sha256sum","beforeCount":53,"afterCount":53,"observed":"adapter-tools preflight: missing required bytes command: sha256sum","callbackEntered":false}
# Subtest: real: cardinality53 missing bytes command gzip rejects before callback
ok 44 - real: cardinality53 missing bytes command gzip rejects before callback
  ---
  duration_ms: 4.394458
  type: 'test'
  ...
# {"backend":"real","family":"bytes","missing":"gzip","substitute":"registry_unblock_substitute_gzip","beforeCount":53,"afterCount":53,"observed":"adapter-tools preflight: missing required bytes command: gzip","callbackEntered":false}
# Subtest: real: cardinality53 missing diffPatch command diff rejects before callback
ok 45 - real: cardinality53 missing diffPatch command diff rejects before callback
  ---
  duration_ms: 3.409208
  type: 'test'
  ...
# {"backend":"real","family":"diffPatch","missing":"diff","substitute":"registry_unblock_substitute_diff","beforeCount":53,"afterCount":53,"observed":"adapter-tools preflight: missing required diffPatch command: diff","callbackEntered":false}
# Subtest: real: cardinality53 missing diffPatch command patch rejects before callback
ok 46 - real: cardinality53 missing diffPatch command patch rejects before callback
  ---
  duration_ms: 3.536583
  type: 'test'
  ...
# {"backend":"real","family":"diffPatch","missing":"patch","substitute":"registry_unblock_substitute_patch","beforeCount":53,"afterCount":53,"observed":"adapter-tools preflight: missing required diffPatch command: patch","callbackEntered":false}
# Subtest: real: optional command addition cardinality54 executes real workflows
ok 47 - real: optional command addition cardinality54 executes real workflows
  ---
  duration_ms: 10.3635
  type: 'test'
  ...
# {"backend":"real","beforeCount":53,"afterCount":54,"callbackEntered":true,"optionalExecuted":true,"dispatched":["registry_unblock_optional","cat","sed","awk","jq","jq","xargs","find","rg","cat","gzip","gzip","diff"]}
# Subtest: s3: cardinality53 missing standard command cat rejects before callback
ok 48 - s3: cardinality53 missing standard command cat rejects before callback
  ---
  duration_ms: 2.721917
  type: 'test'
  ...
# {"backend":"s3","family":"standard","missing":"cat","substitute":"registry_unblock_substitute_cat","beforeCount":53,"afterCount":53,"observed":"adapter-tools preflight: missing required standard command: cat","callbackEntered":false}
# Subtest: s3: cardinality53 missing standard command cp rejects before callback
ok 49 - s3: cardinality53 missing standard command cp rejects before callback
  ---
  duration_ms: 1.0645
  type: 'test'
  ...
# {"backend":"s3","family":"standard","missing":"cp","substitute":"registry_unblock_substitute_cp","beforeCount":53,"afterCount":53,"observed":"adapter-tools preflight: missing required standard command: cp","callbackEntered":false}
# Subtest: s3: cardinality53 missing standard command find rejects before callback
ok 50 - s3: cardinality53 missing standard command find rejects before callback
  ---
  duration_ms: 0.932709
  type: 'test'
  ...
# {"backend":"s3","family":"standard","missing":"find","substitute":"registry_unblock_substitute_find","beforeCount":53,"afterCount":53,"observed":"adapter-tools preflight: missing required standard command: find","callbackEntered":false}
# Subtest: s3: cardinality53 missing standard command mkdir rejects before callback
ok 51 - s3: cardinality53 missing standard command mkdir rejects before callback
  ---
  duration_ms: 1.985208
  type: 'test'
  ...
# {"backend":"s3","family":"standard","missing":"mkdir","substitute":"registry_unblock_substitute_mkdir","beforeCount":53,"afterCount":53,"observed":"adapter-tools preflight: missing required standard command: mkdir","callbackEntered":false}
# Subtest: s3: cardinality53 missing standard command mv rejects before callback
ok 52 - s3: cardinality53 missing standard command mv rejects before callback
  ---
  duration_ms: 0.864208
  type: 'test'
  ...
# {"backend":"s3","family":"standard","missing":"mv","substitute":"registry_unblock_substitute_mv","beforeCount":53,"afterCount":53,"observed":"adapter-tools preflight: missing required standard command: mv","callbackEntered":false}
# Subtest: s3: cardinality53 missing standard command printf rejects before callback
ok 53 - s3: cardinality53 missing standard command printf rejects before callback
  ---
  duration_ms: 0.853792
  type: 'test'
  ...
# {"backend":"s3","family":"standard","missing":"printf","substitute":"registry_unblock_substitute_printf","beforeCount":53,"afterCount":53,"observed":"adapter-tools preflight: missing required standard command: printf","callbackEntered":false}
# Subtest: s3: cardinality53 missing standard command pwd rejects before callback
ok 54 - s3: cardinality53 missing standard command pwd rejects before callback
  ---
  duration_ms: 0.852166
  type: 'test'
  ...
# {"backend":"s3","family":"standard","missing":"pwd","substitute":"registry_unblock_substitute_pwd","beforeCount":53,"afterCount":53,"observed":"adapter-tools preflight: missing required standard command: pwd","callbackEntered":false}
# Subtest: s3: cardinality53 missing standard command rm rejects before callback
ok 55 - s3: cardinality53 missing standard command rm rejects before callback
  ---
  duration_ms: 0.810792
  type: 'test'
  ...
# {"backend":"s3","family":"standard","missing":"rm","substitute":"registry_unblock_substitute_rm","beforeCount":53,"afterCount":53,"observed":"adapter-tools preflight: missing required standard command: rm","callbackEntered":false}
# Subtest: s3: cardinality53 missing standard command rmdir rejects before callback
ok 56 - s3: cardinality53 missing standard command rmdir rejects before callback
  ---
  duration_ms: 1.137292
  type: 'test'
  ...
# {"backend":"s3","family":"standard","missing":"rmdir","substitute":"registry_unblock_substitute_rmdir","beforeCount":53,"afterCount":53,"observed":"adapter-tools preflight: missing required standard command: rmdir","callbackEntered":false}
# Subtest: s3: cardinality53 missing standard command sort rejects before callback
ok 57 - s3: cardinality53 missing standard command sort rejects before callback
  ---
  duration_ms: 0.825125
  type: 'test'
  ...
# {"backend":"s3","family":"standard","missing":"sort","substitute":"registry_unblock_substitute_sort","beforeCount":53,"afterCount":53,"observed":"adapter-tools preflight: missing required standard command: sort","callbackEntered":false}
# Subtest: s3: cardinality53 missing standard command tee rejects before callback
ok 58 - s3: cardinality53 missing standard command tee rejects before callback
  ---
  duration_ms: 0.935666
  type: 'test'
  ...
# {"backend":"s3","family":"standard","missing":"tee","substitute":"registry_unblock_substitute_tee","beforeCount":53,"afterCount":53,"observed":"adapter-tools preflight: missing required standard command: tee","callbackEntered":false}
# Subtest: s3: cardinality53 missing standard command test rejects before callback
ok 59 - s3: cardinality53 missing standard command test rejects before callback
  ---
  duration_ms: 2.900333
  type: 'test'
  ...
# {"backend":"s3","family":"standard","missing":"test","substitute":"registry_unblock_substitute_test","beforeCount":53,"afterCount":53,"observed":"adapter-tools preflight: missing required standard command: test","callbackEntered":false}
# Subtest: s3: cardinality53 missing standard command touch rejects before callback
ok 60 - s3: cardinality53 missing standard command touch rejects before callback
  ---
  duration_ms: 0.92925
  type: 'test'
  ...
# {"backend":"s3","family":"standard","missing":"touch","substitute":"registry_unblock_substitute_touch","beforeCount":53,"afterCount":53,"observed":"adapter-tools preflight: missing required standard command: touch","callbackEntered":false}
# Subtest: s3: cardinality53 missing standard command xargs rejects before callback
ok 61 - s3: cardinality53 missing standard command xargs rejects before callback
  ---
  duration_ms: 0.812167
  type: 'test'
  ...
# {"backend":"s3","family":"standard","missing":"xargs","substitute":"registry_unblock_substitute_xargs","beforeCount":53,"afterCount":53,"observed":"adapter-tools preflight: missing required standard command: xargs","callbackEntered":false}
# Subtest: s3: cardinality53 missing text command sed rejects before callback
ok 62 - s3: cardinality53 missing text command sed rejects before callback
  ---
  duration_ms: 0.782875
  type: 'test'
  ...
# {"backend":"s3","family":"text","missing":"sed","substitute":"registry_unblock_substitute_sed","beforeCount":53,"afterCount":53,"observed":"adapter-tools preflight: missing required text command: sed","callbackEntered":false}
# Subtest: s3: cardinality53 missing text command awk rejects before callback
ok 63 - s3: cardinality53 missing text command awk rejects before callback
  ---
  duration_ms: 0.808417
  type: 'test'
  ...
# {"backend":"s3","family":"text","missing":"awk","substitute":"registry_unblock_substitute_awk","beforeCount":53,"afterCount":53,"observed":"adapter-tools preflight: missing required text command: awk","callbackEntered":false}
# Subtest: s3: cardinality53 missing structured command jq rejects before callback
ok 64 - s3: cardinality53 missing structured command jq rejects before callback
  ---
  duration_ms: 0.795667
  type: 'test'
  ...
# {"backend":"s3","family":"structured","missing":"jq","substitute":"registry_unblock_substitute_jq","beforeCount":53,"afterCount":53,"observed":"adapter-tools preflight: missing required structured command: jq","callbackEntered":false}
# Subtest: s3: cardinality53 missing search command rg rejects before callback
ok 65 - s3: cardinality53 missing search command rg rejects before callback
  ---
  duration_ms: 0.846416
  type: 'test'
  ...
# {"backend":"s3","family":"search","missing":"rg","substitute":"registry_unblock_substitute_rg","beforeCount":53,"afterCount":53,"observed":"adapter-tools preflight: missing required search command: rg","callbackEntered":false}
# Subtest: s3: cardinality53 missing bytes command sha256sum rejects before callback
ok 66 - s3: cardinality53 missing bytes command sha256sum rejects before callback
  ---
  duration_ms: 0.9065
  type: 'test'
  ...
# {"backend":"s3","family":"bytes","missing":"sha256sum","substitute":"registry_unblock_substitute_sha256sum","beforeCount":53,"afterCount":53,"observed":"adapter-tools preflight: missing required bytes command: sha256sum","callbackEntered":false}
# Subtest: s3: cardinality53 missing bytes command gzip rejects before callback
ok 67 - s3: cardinality53 missing bytes command gzip rejects before callback
  ---
  duration_ms: 2.47875
  type: 'test'
  ...
# {"backend":"s3","family":"bytes","missing":"gzip","substitute":"registry_unblock_substitute_gzip","beforeCount":53,"afterCount":53,"observed":"adapter-tools preflight: missing required bytes command: gzip","callbackEntered":false}
# Subtest: s3: cardinality53 missing diffPatch command diff rejects before callback
ok 68 - s3: cardinality53 missing diffPatch command diff rejects before callback
  ---
  duration_ms: 0.819042
  type: 'test'
  ...
# {"backend":"s3","family":"diffPatch","missing":"diff","substitute":"registry_unblock_substitute_diff","beforeCount":53,"afterCount":53,"observed":"adapter-tools preflight: missing required diffPatch command: diff","callbackEntered":false}
# Subtest: s3: cardinality53 missing diffPatch command patch rejects before callback
ok 69 - s3: cardinality53 missing diffPatch command patch rejects before callback
  ---
  duration_ms: 0.798958
  type: 'test'
  ...
# {"backend":"s3","family":"diffPatch","missing":"patch","substitute":"registry_unblock_substitute_patch","beforeCount":53,"afterCount":53,"observed":"adapter-tools preflight: missing required diffPatch command: patch","callbackEntered":false}
# Subtest: s3: optional command addition cardinality54 executes real workflows
ok 70 - s3: optional command addition cardinality54 executes real workflows
  ---
  duration_ms: 8.699875
  type: 'test'
  ...
# {"backend":"s3","beforeCount":53,"afterCount":54,"callbackEntered":true,"optionalExecuted":true,"dispatched":["registry_unblock_optional","cat","sed","awk","jq","jq","xargs","find","rg","cat","gzip","gzip","diff"]}
# Subtest: webdav: cardinality53 missing standard command cat rejects before callback
ok 71 - webdav: cardinality53 missing standard command cat rejects before callback
  ---
  duration_ms: 39.308959
  type: 'test'
  ...
# {"backend":"webdav","family":"standard","missing":"cat","substitute":"registry_unblock_substitute_cat","beforeCount":53,"afterCount":53,"observed":"adapter-tools preflight: missing required standard command: cat","callbackEntered":false}
# Subtest: webdav: cardinality53 missing standard command cp rejects before callback
ok 72 - webdav: cardinality53 missing standard command cp rejects before callback
  ---
  duration_ms: 14.938459
  type: 'test'
  ...
# {"backend":"webdav","family":"standard","missing":"cp","substitute":"registry_unblock_substitute_cp","beforeCount":53,"afterCount":53,"observed":"adapter-tools preflight: missing required standard command: cp","callbackEntered":false}
# Subtest: webdav: cardinality53 missing standard command find rejects before callback
ok 73 - webdav: cardinality53 missing standard command find rejects before callback
  ---
  duration_ms: 15.232875
  type: 'test'
  ...
# {"backend":"webdav","family":"standard","missing":"find","substitute":"registry_unblock_substitute_find","beforeCount":53,"afterCount":53,"observed":"adapter-tools preflight: missing required standard command: find","callbackEntered":false}
# Subtest: webdav: cardinality53 missing standard command mkdir rejects before callback
ok 74 - webdav: cardinality53 missing standard command mkdir rejects before callback
  ---
  duration_ms: 11.873292
  type: 'test'
  ...
# {"backend":"webdav","family":"standard","missing":"mkdir","substitute":"registry_unblock_substitute_mkdir","beforeCount":53,"afterCount":53,"observed":"adapter-tools preflight: missing required standard command: mkdir","callbackEntered":false}
# Subtest: webdav: cardinality53 missing standard command mv rejects before callback
ok 75 - webdav: cardinality53 missing standard command mv rejects before callback
  ---
  duration_ms: 14.234375
  type: 'test'
  ...
# {"backend":"webdav","family":"standard","missing":"mv","substitute":"registry_unblock_substitute_mv","beforeCount":53,"afterCount":53,"observed":"adapter-tools preflight: missing required standard command: mv","callbackEntered":false}
# Subtest: webdav: cardinality53 missing standard command printf rejects before callback
ok 76 - webdav: cardinality53 missing standard command printf rejects before callback
  ---
  duration_ms: 14.120709
  type: 'test'
  ...
# {"backend":"webdav","family":"standard","missing":"printf","substitute":"registry_unblock_substitute_printf","beforeCount":53,"afterCount":53,"observed":"adapter-tools preflight: missing required standard command: printf","callbackEntered":false}
# Subtest: webdav: cardinality53 missing standard command pwd rejects before callback
ok 77 - webdav: cardinality53 missing standard command pwd rejects before callback
  ---
  duration_ms: 13.486125
  type: 'test'
  ...
# {"backend":"webdav","family":"standard","missing":"pwd","substitute":"registry_unblock_substitute_pwd","beforeCount":53,"afterCount":53,"observed":"adapter-tools preflight: missing required standard command: pwd","callbackEntered":false}
# Subtest: webdav: cardinality53 missing standard command rm rejects before callback
ok 78 - webdav: cardinality53 missing standard command rm rejects before callback
  ---
  duration_ms: 14.226459
  type: 'test'
  ...
# {"backend":"webdav","family":"standard","missing":"rm","substitute":"registry_unblock_substitute_rm","beforeCount":53,"afterCount":53,"observed":"adapter-tools preflight: missing required standard command: rm","callbackEntered":false}
# Subtest: webdav: cardinality53 missing standard command rmdir rejects before callback
ok 79 - webdav: cardinality53 missing standard command rmdir rejects before callback
  ---
  duration_ms: 15.230208
  type: 'test'
  ...
# {"backend":"webdav","family":"standard","missing":"rmdir","substitute":"registry_unblock_substitute_rmdir","beforeCount":53,"afterCount":53,"observed":"adapter-tools preflight: missing required standard command: rmdir","callbackEntered":false}
# Subtest: webdav: cardinality53 missing standard command sort rejects before callback
ok 80 - webdav: cardinality53 missing standard command sort rejects before callback
  ---
  duration_ms: 11.019208
  type: 'test'
  ...
# {"backend":"webdav","family":"standard","missing":"sort","substitute":"registry_unblock_substitute_sort","beforeCount":53,"afterCount":53,"observed":"adapter-tools preflight: missing required standard command: sort","callbackEntered":false}
# Subtest: webdav: cardinality53 missing standard command tee rejects before callback
ok 81 - webdav: cardinality53 missing standard command tee rejects before callback
  ---
  duration_ms: 12.398167
  type: 'test'
  ...
# {"backend":"webdav","family":"standard","missing":"tee","substitute":"registry_unblock_substitute_tee","beforeCount":53,"afterCount":53,"observed":"adapter-tools preflight: missing required standard command: tee","callbackEntered":false}
# Subtest: webdav: cardinality53 missing standard command test rejects before callback
ok 82 - webdav: cardinality53 missing standard command test rejects before callback
  ---
  duration_ms: 10.471375
  type: 'test'
  ...
# {"backend":"webdav","family":"standard","missing":"test","substitute":"registry_unblock_substitute_test","beforeCount":53,"afterCount":53,"observed":"adapter-tools preflight: missing required standard command: test","callbackEntered":false}
# Subtest: webdav: cardinality53 missing standard command touch rejects before callback
ok 83 - webdav: cardinality53 missing standard command touch rejects before callback
  ---
  duration_ms: 12.655125
  type: 'test'
  ...
# {"backend":"webdav","family":"standard","missing":"touch","substitute":"registry_unblock_substitute_touch","beforeCount":53,"afterCount":53,"observed":"adapter-tools preflight: missing required standard command: touch","callbackEntered":false}
# Subtest: webdav: cardinality53 missing standard command xargs rejects before callback
ok 84 - webdav: cardinality53 missing standard command xargs rejects before callback
  ---
  duration_ms: 10.89075
  type: 'test'
  ...
# {"backend":"webdav","family":"standard","missing":"xargs","substitute":"registry_unblock_substitute_xargs","beforeCount":53,"afterCount":53,"observed":"adapter-tools preflight: missing required standard command: xargs","callbackEntered":false}
# Subtest: webdav: cardinality53 missing text command sed rejects before callback
ok 85 - webdav: cardinality53 missing text command sed rejects before callback
  ---
  duration_ms: 12.606417
  type: 'test'
  ...
# {"backend":"webdav","family":"text","missing":"sed","substitute":"registry_unblock_substitute_sed","beforeCount":53,"afterCount":53,"observed":"adapter-tools preflight: missing required text command: sed","callbackEntered":false}
# Subtest: webdav: cardinality53 missing text command awk rejects before callback
ok 86 - webdav: cardinality53 missing text command awk rejects before callback
  ---
  duration_ms: 9.886417
  type: 'test'
  ...
# {"backend":"webdav","family":"text","missing":"awk","substitute":"registry_unblock_substitute_awk","beforeCount":53,"afterCount":53,"observed":"adapter-tools preflight: missing required text command: awk","callbackEntered":false}
# Subtest: webdav: cardinality53 missing structured command jq rejects before callback
ok 87 - webdav: cardinality53 missing structured command jq rejects before callback
  ---
  duration_ms: 12.40725
  type: 'test'
  ...
# {"backend":"webdav","family":"structured","missing":"jq","substitute":"registry_unblock_substitute_jq","beforeCount":53,"afterCount":53,"observed":"adapter-tools preflight: missing required structured command: jq","callbackEntered":false}
# Subtest: webdav: cardinality53 missing search command rg rejects before callback
ok 88 - webdav: cardinality53 missing search command rg rejects before callback
  ---
  duration_ms: 11.92575
  type: 'test'
  ...
# {"backend":"webdav","family":"search","missing":"rg","substitute":"registry_unblock_substitute_rg","beforeCount":53,"afterCount":53,"observed":"adapter-tools preflight: missing required search command: rg","callbackEntered":false}
# Subtest: webdav: cardinality53 missing bytes command sha256sum rejects before callback
ok 89 - webdav: cardinality53 missing bytes command sha256sum rejects before callback
  ---
  duration_ms: 10.284375
  type: 'test'
  ...
# {"backend":"webdav","family":"bytes","missing":"sha256sum","substitute":"registry_unblock_substitute_sha256sum","beforeCount":53,"afterCount":53,"observed":"adapter-tools preflight: missing required bytes command: sha256sum","callbackEntered":false}
# Subtest: webdav: cardinality53 missing bytes command gzip rejects before callback
ok 90 - webdav: cardinality53 missing bytes command gzip rejects before callback
  ---
  duration_ms: 11.326291
  type: 'test'
  ...
# {"backend":"webdav","family":"bytes","missing":"gzip","substitute":"registry_unblock_substitute_gzip","beforeCount":53,"afterCount":53,"observed":"adapter-tools preflight: missing required bytes command: gzip","callbackEntered":false}
# Subtest: webdav: cardinality53 missing diffPatch command diff rejects before callback
ok 91 - webdav: cardinality53 missing diffPatch command diff rejects before callback
  ---
  duration_ms: 8.660958
  type: 'test'
  ...
# {"backend":"webdav","family":"diffPatch","missing":"diff","substitute":"registry_unblock_substitute_diff","beforeCount":53,"afterCount":53,"observed":"adapter-tools preflight: missing required diffPatch command: diff","callbackEntered":false}
# Subtest: webdav: cardinality53 missing diffPatch command patch rejects before callback
ok 92 - webdav: cardinality53 missing diffPatch command patch rejects before callback
  ---
  duration_ms: 11.313458
  type: 'test'
  ...
# {"backend":"webdav","family":"diffPatch","missing":"patch","substitute":"registry_unblock_substitute_patch","beforeCount":53,"afterCount":53,"observed":"adapter-tools preflight: missing required diffPatch command: patch","callbackEntered":false}
# Subtest: webdav: optional command addition cardinality54 executes real workflows
ok 93 - webdav: optional command addition cardinality54 executes real workflows
  ---
  duration_ms: 22.049209
  type: 'test'
  ...
# {"backend":"webdav","beforeCount":53,"afterCount":54,"callbackEntered":true,"optionalExecuted":true,"dispatched":["registry_unblock_optional","cat","sed","awk","jq","jq","xargs","find","rg","cat","gzip","gzip","diff"]}
# Subtest: mount: cardinality53 missing standard command cat rejects before callback
ok 94 - mount: cardinality53 missing standard command cat rejects before callback
  ---
  duration_ms: 6.514958
  type: 'test'
  ...
# {"backend":"mount","family":"standard","missing":"cat","substitute":"registry_unblock_substitute_cat","beforeCount":53,"afterCount":53,"observed":"adapter-tools preflight: missing required standard command: cat","callbackEntered":false}
# Subtest: mount: cardinality53 missing standard command cp rejects before callback
ok 95 - mount: cardinality53 missing standard command cp rejects before callback
  ---
  duration_ms: 5.067792
  type: 'test'
  ...
# {"backend":"mount","family":"standard","missing":"cp","substitute":"registry_unblock_substitute_cp","beforeCount":53,"afterCount":53,"observed":"adapter-tools preflight: missing required standard command: cp","callbackEntered":false}
# Subtest: mount: cardinality53 missing standard command find rejects before callback
ok 96 - mount: cardinality53 missing standard command find rejects before callback
  ---
  duration_ms: 5.489791
  type: 'test'
  ...
# {"backend":"mount","family":"standard","missing":"find","substitute":"registry_unblock_substitute_find","beforeCount":53,"afterCount":53,"observed":"adapter-tools preflight: missing required standard command: find","callbackEntered":false}
# Subtest: mount: cardinality53 missing standard command mkdir rejects before callback
ok 97 - mount: cardinality53 missing standard command mkdir rejects before callback
  ---
  duration_ms: 4.828667
  type: 'test'
  ...
# {"backend":"mount","family":"standard","missing":"mkdir","substitute":"registry_unblock_substitute_mkdir","beforeCount":53,"afterCount":53,"observed":"adapter-tools preflight: missing required standard command: mkdir","callbackEntered":false}
# Subtest: mount: cardinality53 missing standard command mv rejects before callback
ok 98 - mount: cardinality53 missing standard command mv rejects before callback
  ---
  duration_ms: 4.951458
  type: 'test'
  ...
# {"backend":"mount","family":"standard","missing":"mv","substitute":"registry_unblock_substitute_mv","beforeCount":53,"afterCount":53,"observed":"adapter-tools preflight: missing required standard command: mv","callbackEntered":false}
# Subtest: mount: cardinality53 missing standard command printf rejects before callback
ok 99 - mount: cardinality53 missing standard command printf rejects before callback
  ---
  duration_ms: 4.599208
  type: 'test'
  ...
# {"backend":"mount","family":"standard","missing":"printf","substitute":"registry_unblock_substitute_printf","beforeCount":53,"afterCount":53,"observed":"adapter-tools preflight: missing required standard command: printf","callbackEntered":false}
# Subtest: mount: cardinality53 missing standard command pwd rejects before callback
ok 100 - mount: cardinality53 missing standard command pwd rejects before callback
  ---
  duration_ms: 4.886708
  type: 'test'
  ...
# {"backend":"mount","family":"standard","missing":"pwd","substitute":"registry_unblock_substitute_pwd","beforeCount":53,"afterCount":53,"observed":"adapter-tools preflight: missing required standard command: pwd","callbackEntered":false}
# Subtest: mount: cardinality53 missing standard command rm rejects before callback
ok 101 - mount: cardinality53 missing standard command rm rejects before callback
  ---
  duration_ms: 4.658959
  type: 'test'
  ...
# {"backend":"mount","family":"standard","missing":"rm","substitute":"registry_unblock_substitute_rm","beforeCount":53,"afterCount":53,"observed":"adapter-tools preflight: missing required standard command: rm","callbackEntered":false}
# Subtest: mount: cardinality53 missing standard command rmdir rejects before callback
ok 102 - mount: cardinality53 missing standard command rmdir rejects before callback
  ---
  duration_ms: 4.691667
  type: 'test'
  ...
# {"backend":"mount","family":"standard","missing":"rmdir","substitute":"registry_unblock_substitute_rmdir","beforeCount":53,"afterCount":53,"observed":"adapter-tools preflight: missing required standard command: rmdir","callbackEntered":false}
# Subtest: mount: cardinality53 missing standard command sort rejects before callback
ok 103 - mount: cardinality53 missing standard command sort rejects before callback
  ---
  duration_ms: 8.127042
  type: 'test'
  ...
# {"backend":"mount","family":"standard","missing":"sort","substitute":"registry_unblock_substitute_sort","beforeCount":53,"afterCount":53,"observed":"adapter-tools preflight: missing required standard command: sort","callbackEntered":false}
# Subtest: mount: cardinality53 missing standard command tee rejects before callback
ok 104 - mount: cardinality53 missing standard command tee rejects before callback
  ---
  duration_ms: 4.850833
  type: 'test'
  ...
# {"backend":"mount","family":"standard","missing":"tee","substitute":"registry_unblock_substitute_tee","beforeCount":53,"afterCount":53,"observed":"adapter-tools preflight: missing required standard command: tee","callbackEntered":false}
# Subtest: mount: cardinality53 missing standard command test rejects before callback
ok 105 - mount: cardinality53 missing standard command test rejects before callback
  ---
  duration_ms: 4.440375
  type: 'test'
  ...
# {"backend":"mount","family":"standard","missing":"test","substitute":"registry_unblock_substitute_test","beforeCount":53,"afterCount":53,"observed":"adapter-tools preflight: missing required standard command: test","callbackEntered":false}
# Subtest: mount: cardinality53 missing standard command touch rejects before callback
ok 106 - mount: cardinality53 missing standard command touch rejects before callback
  ---
  duration_ms: 4.538042
  type: 'test'
  ...
# {"backend":"mount","family":"standard","missing":"touch","substitute":"registry_unblock_substitute_touch","beforeCount":53,"afterCount":53,"observed":"adapter-tools preflight: missing required standard command: touch","callbackEntered":false}
# Subtest: mount: cardinality53 missing standard command xargs rejects before callback
ok 107 - mount: cardinality53 missing standard command xargs rejects before callback
  ---
  duration_ms: 4.457833
  type: 'test'
  ...
# {"backend":"mount","family":"standard","missing":"xargs","substitute":"registry_unblock_substitute_xargs","beforeCount":53,"afterCount":53,"observed":"adapter-tools preflight: missing required standard command: xargs","callbackEntered":false}
# Subtest: mount: cardinality53 missing text command sed rejects before callback
ok 108 - mount: cardinality53 missing text command sed rejects before callback
  ---
  duration_ms: 4.753458
  type: 'test'
  ...
# {"backend":"mount","family":"text","missing":"sed","substitute":"registry_unblock_substitute_sed","beforeCount":53,"afterCount":53,"observed":"adapter-tools preflight: missing required text command: sed","callbackEntered":false}
# Subtest: mount: cardinality53 missing text command awk rejects before callback
ok 109 - mount: cardinality53 missing text command awk rejects before callback
  ---
  duration_ms: 5.05625
  type: 'test'
  ...
# {"backend":"mount","family":"text","missing":"awk","substitute":"registry_unblock_substitute_awk","beforeCount":53,"afterCount":53,"observed":"adapter-tools preflight: missing required text command: awk","callbackEntered":false}
# Subtest: mount: cardinality53 missing structured command jq rejects before callback
ok 110 - mount: cardinality53 missing structured command jq rejects before callback
  ---
  duration_ms: 5.1195
  type: 'test'
  ...
# {"backend":"mount","family":"structured","missing":"jq","substitute":"registry_unblock_substitute_jq","beforeCount":53,"afterCount":53,"observed":"adapter-tools preflight: missing required structured command: jq","callbackEntered":false}
# Subtest: mount: cardinality53 missing search command rg rejects before callback
ok 111 - mount: cardinality53 missing search command rg rejects before callback
  ---
  duration_ms: 4.660833
  type: 'test'
  ...
# {"backend":"mount","family":"search","missing":"rg","substitute":"registry_unblock_substitute_rg","beforeCount":53,"afterCount":53,"observed":"adapter-tools preflight: missing required search command: rg","callbackEntered":false}
# Subtest: mount: cardinality53 missing bytes command sha256sum rejects before callback
ok 112 - mount: cardinality53 missing bytes command sha256sum rejects before callback
  ---
  duration_ms: 4.843125
  type: 'test'
  ...
# {"backend":"mount","family":"bytes","missing":"sha256sum","substitute":"registry_unblock_substitute_sha256sum","beforeCount":53,"afterCount":53,"observed":"adapter-tools preflight: missing required bytes command: sha256sum","callbackEntered":false}
# Subtest: mount: cardinality53 missing bytes command gzip rejects before callback
ok 113 - mount: cardinality53 missing bytes command gzip rejects before callback
  ---
  duration_ms: 4.955584
  type: 'test'
  ...
# {"backend":"mount","family":"bytes","missing":"gzip","substitute":"registry_unblock_substitute_gzip","beforeCount":53,"afterCount":53,"observed":"adapter-tools preflight: missing required bytes command: gzip","callbackEntered":false}
# Subtest: mount: cardinality53 missing diffPatch command diff rejects before callback
ok 114 - mount: cardinality53 missing diffPatch command diff rejects before callback
  ---
  duration_ms: 5.359958
  type: 'test'
  ...
# {"backend":"mount","family":"diffPatch","missing":"diff","substitute":"registry_unblock_substitute_diff","beforeCount":53,"afterCount":53,"observed":"adapter-tools preflight: missing required diffPatch command: diff","callbackEntered":false}
# Subtest: mount: cardinality53 missing diffPatch command patch rejects before callback
ok 115 - mount: cardinality53 missing diffPatch command patch rejects before callback
  ---
  duration_ms: 8.168583
  type: 'test'
  ...
# {"backend":"mount","family":"diffPatch","missing":"patch","substitute":"registry_unblock_substitute_patch","beforeCount":53,"afterCount":53,"observed":"adapter-tools preflight: missing required diffPatch command: patch","callbackEntered":false}
# Subtest: mount: optional command addition cardinality54 executes real workflows
ok 116 - mount: optional command addition cardinality54 executes real workflows
  ---
  duration_ms: 12.505791
  type: 'test'
  ...
# {"backend":"mount","beforeCount":53,"afterCount":54,"callbackEntered":true,"optionalExecuted":true,"dispatched":["registry_unblock_optional","cat","sed","awk","jq","jq","xargs","find","rg","cat","gzip","gzip","diff"]}
# Subtest: overlay: cardinality53 missing standard command cat rejects before callback
ok 117 - overlay: cardinality53 missing standard command cat rejects before callback
  ---
  duration_ms: 1.199375
  type: 'test'
  ...
# {"backend":"overlay","family":"standard","missing":"cat","substitute":"registry_unblock_substitute_cat","beforeCount":53,"afterCount":53,"observed":"adapter-tools preflight: missing required standard command: cat","callbackEntered":false}
# Subtest: overlay: cardinality53 missing standard command cp rejects before callback
ok 118 - overlay: cardinality53 missing standard command cp rejects before callback
  ---
  duration_ms: 0.896833
  type: 'test'
  ...
# {"backend":"overlay","family":"standard","missing":"cp","substitute":"registry_unblock_substitute_cp","beforeCount":53,"afterCount":53,"observed":"adapter-tools preflight: missing required standard command: cp","callbackEntered":false}
# Subtest: overlay: cardinality53 missing standard command find rejects before callback
ok 119 - overlay: cardinality53 missing standard command find rejects before callback
  ---
  duration_ms: 0.804834
  type: 'test'
  ...
# {"backend":"overlay","family":"standard","missing":"find","substitute":"registry_unblock_substitute_find","beforeCount":53,"afterCount":53,"observed":"adapter-tools preflight: missing required standard command: find","callbackEntered":false}
# Subtest: overlay: cardinality53 missing standard command mkdir rejects before callback
ok 120 - overlay: cardinality53 missing standard command mkdir rejects before callback
  ---
  duration_ms: 0.788125
  type: 'test'
  ...
# {"backend":"overlay","family":"standard","missing":"mkdir","substitute":"registry_unblock_substitute_mkdir","beforeCount":53,"afterCount":53,"observed":"adapter-tools preflight: missing required standard command: mkdir","callbackEntered":false}
# Subtest: overlay: cardinality53 missing standard command mv rejects before callback
ok 121 - overlay: cardinality53 missing standard command mv rejects before callback
  ---
  duration_ms: 0.769166
  type: 'test'
  ...
# {"backend":"overlay","family":"standard","missing":"mv","substitute":"registry_unblock_substitute_mv","beforeCount":53,"afterCount":53,"observed":"adapter-tools preflight: missing required standard command: mv","callbackEntered":false}
# Subtest: overlay: cardinality53 missing standard command printf rejects before callback
ok 122 - overlay: cardinality53 missing standard command printf rejects before callback
  ---
  duration_ms: 0.766792
  type: 'test'
  ...
# {"backend":"overlay","family":"standard","missing":"printf","substitute":"registry_unblock_substitute_printf","beforeCount":53,"afterCount":53,"observed":"adapter-tools preflight: missing required standard command: printf","callbackEntered":false}
# Subtest: overlay: cardinality53 missing standard command pwd rejects before callback
ok 123 - overlay: cardinality53 missing standard command pwd rejects before callback
  ---
  duration_ms: 0.773167
  type: 'test'
  ...
# {"backend":"overlay","family":"standard","missing":"pwd","substitute":"registry_unblock_substitute_pwd","beforeCount":53,"afterCount":53,"observed":"adapter-tools preflight: missing required standard command: pwd","callbackEntered":false}
# Subtest: overlay: cardinality53 missing standard command rm rejects before callback
ok 124 - overlay: cardinality53 missing standard command rm rejects before callback
  ---
  duration_ms: 0.92625
  type: 'test'
  ...
# {"backend":"overlay","family":"standard","missing":"rm","substitute":"registry_unblock_substitute_rm","beforeCount":53,"afterCount":53,"observed":"adapter-tools preflight: missing required standard command: rm","callbackEntered":false}
# Subtest: overlay: cardinality53 missing standard command rmdir rejects before callback
ok 125 - overlay: cardinality53 missing standard command rmdir rejects before callback
  ---
  duration_ms: 1.002209
  type: 'test'
  ...
# {"backend":"overlay","family":"standard","missing":"rmdir","substitute":"registry_unblock_substitute_rmdir","beforeCount":53,"afterCount":53,"observed":"adapter-tools preflight: missing required standard command: rmdir","callbackEntered":false}
# Subtest: overlay: cardinality53 missing standard command sort rejects before callback
ok 126 - overlay: cardinality53 missing standard command sort rejects before callback
  ---
  duration_ms: 0.961542
  type: 'test'
  ...
# {"backend":"overlay","family":"standard","missing":"sort","substitute":"registry_unblock_substitute_sort","beforeCount":53,"afterCount":53,"observed":"adapter-tools preflight: missing required standard command: sort","callbackEntered":false}
# Subtest: overlay: cardinality53 missing standard command tee rejects before callback
ok 127 - overlay: cardinality53 missing standard command tee rejects before callback
  ---
  duration_ms: 1.002125
  type: 'test'
  ...
# {"backend":"overlay","family":"standard","missing":"tee","substitute":"registry_unblock_substitute_tee","beforeCount":53,"afterCount":53,"observed":"adapter-tools preflight: missing required standard command: tee","callbackEntered":false}
# Subtest: overlay: cardinality53 missing standard command test rejects before callback
ok 128 - overlay: cardinality53 missing standard command test rejects before callback
  ---
  duration_ms: 0.939333
  type: 'test'
  ...
# {"backend":"overlay","family":"standard","missing":"test","substitute":"registry_unblock_substitute_test","beforeCount":53,"afterCount":53,"observed":"adapter-tools preflight: missing required standard command: test","callbackEntered":false}
# Subtest: overlay: cardinality53 missing standard command touch rejects before callback
ok 129 - overlay: cardinality53 missing standard command touch rejects before callback
  ---
  duration_ms: 4.51575
  type: 'test'
  ...
# {"backend":"overlay","family":"standard","missing":"touch","substitute":"registry_unblock_substitute_touch","beforeCount":53,"afterCount":53,"observed":"adapter-tools preflight: missing required standard command: touch","callbackEntered":false}
# Subtest: overlay: cardinality53 missing standard command xargs rejects before callback
ok 130 - overlay: cardinality53 missing standard command xargs rejects before callback
  ---
  duration_ms: 0.869417
  type: 'test'
  ...
# {"backend":"overlay","family":"standard","missing":"xargs","substitute":"registry_unblock_substitute_xargs","beforeCount":53,"afterCount":53,"observed":"adapter-tools preflight: missing required standard command: xargs","callbackEntered":false}
# Subtest: overlay: cardinality53 missing text command sed rejects before callback
ok 131 - overlay: cardinality53 missing text command sed rejects before callback
  ---
  duration_ms: 0.843792
  type: 'test'
  ...
# {"backend":"overlay","family":"text","missing":"sed","substitute":"registry_unblock_substitute_sed","beforeCount":53,"afterCount":53,"observed":"adapter-tools preflight: missing required text command: sed","callbackEntered":false}
# Subtest: overlay: cardinality53 missing text command awk rejects before callback
ok 132 - overlay: cardinality53 missing text command awk rejects before callback
  ---
  duration_ms: 0.936917
  type: 'test'
  ...
# {"backend":"overlay","family":"text","missing":"awk","substitute":"registry_unblock_substitute_awk","beforeCount":53,"afterCount":53,"observed":"adapter-tools preflight: missing required text command: awk","callbackEntered":false}
# Subtest: overlay: cardinality53 missing structured command jq rejects before callback
ok 133 - overlay: cardinality53 missing structured command jq rejects before callback
  ---
  duration_ms: 0.856625
  type: 'test'
  ...
# {"backend":"overlay","family":"structured","missing":"jq","substitute":"registry_unblock_substitute_jq","beforeCount":53,"afterCount":53,"observed":"adapter-tools preflight: missing required structured command: jq","callbackEntered":false}
# Subtest: overlay: cardinality53 missing search command rg rejects before callback
ok 134 - overlay: cardinality53 missing search command rg rejects before callback
  ---
  duration_ms: 0.813958
  type: 'test'
  ...
# {"backend":"overlay","family":"search","missing":"rg","substitute":"registry_unblock_substitute_rg","beforeCount":53,"afterCount":53,"observed":"adapter-tools preflight: missing required search command: rg","callbackEntered":false}
# Subtest: overlay: cardinality53 missing bytes command sha256sum rejects before callback
ok 135 - overlay: cardinality53 missing bytes command sha256sum rejects before callback
  ---
  duration_ms: 0.762209
  type: 'test'
  ...
# {"backend":"overlay","family":"bytes","missing":"sha256sum","substitute":"registry_unblock_substitute_sha256sum","beforeCount":53,"afterCount":53,"observed":"adapter-tools preflight: missing required bytes command: sha256sum","callbackEntered":false}
# Subtest: overlay: cardinality53 missing bytes command gzip rejects before callback
ok 136 - overlay: cardinality53 missing bytes command gzip rejects before callback
  ---
  duration_ms: 0.8845
  type: 'test'
  ...
# {"backend":"overlay","family":"bytes","missing":"gzip","substitute":"registry_unblock_substitute_gzip","beforeCount":53,"afterCount":53,"observed":"adapter-tools preflight: missing required bytes command: gzip","callbackEntered":false}
# Subtest: overlay: cardinality53 missing diffPatch command diff rejects before callback
ok 137 - overlay: cardinality53 missing diffPatch command diff rejects before callback
  ---
  duration_ms: 0.900209
  type: 'test'
  ...
# {"backend":"overlay","family":"diffPatch","missing":"diff","substitute":"registry_unblock_substitute_diff","beforeCount":53,"afterCount":53,"observed":"adapter-tools preflight: missing required diffPatch command: diff","callbackEntered":false}
# Subtest: overlay: cardinality53 missing diffPatch command patch rejects before callback
ok 138 - overlay: cardinality53 missing diffPatch command patch rejects before callback
  ---
  duration_ms: 0.966541
  type: 'test'
  ...
# {"backend":"overlay","family":"diffPatch","missing":"patch","substitute":"registry_unblock_substitute_patch","beforeCount":53,"afterCount":53,"observed":"adapter-tools preflight: missing required diffPatch command: patch","callbackEntered":false}
# Subtest: overlay: optional command addition cardinality54 executes real workflows
ok 139 - overlay: optional command addition cardinality54 executes real workflows
  ---
  duration_ms: 13.519708
  type: 'test'
  ...
# {"backend":"overlay","beforeCount":53,"afterCount":54,"callbackEntered":true,"optionalExecuted":true,"dispatched":["registry_unblock_optional","cat","sed","awk","jq","jq","xargs","find","rg","cat","gzip","gzip","diff"]}
# Subtest: readonly: cardinality53 missing standard command cat rejects before callback
ok 140 - readonly: cardinality53 missing standard command cat rejects before callback
  ---
  duration_ms: 0.3475
  type: 'test'
  ...
# {"backend":"readonly","family":"standard","missing":"cat","substitute":"registry_unblock_substitute_cat","beforeCount":53,"afterCount":53,"observed":"adapter-tools preflight: missing required standard command: cat","callbackEntered":false}
# Subtest: readonly: cardinality53 missing standard command cp rejects before callback
ok 141 - readonly: cardinality53 missing standard command cp rejects before callback
  ---
  duration_ms: 0.168709
  type: 'test'
  ...
# {"backend":"readonly","family":"standard","missing":"cp","substitute":"registry_unblock_substitute_cp","beforeCount":53,"afterCount":53,"observed":"adapter-tools preflight: missing required standard command: cp","callbackEntered":false}
# Subtest: readonly: cardinality53 missing standard command find rejects before callback
ok 142 - readonly: cardinality53 missing standard command find rejects before callback
  ---
  duration_ms: 0.156916
  type: 'test'
  ...
# {"backend":"readonly","family":"standard","missing":"find","substitute":"registry_unblock_substitute_find","beforeCount":53,"afterCount":53,"observed":"adapter-tools preflight: missing required standard command: find","callbackEntered":false}
# Subtest: readonly: cardinality53 missing standard command mkdir rejects before callback
ok 143 - readonly: cardinality53 missing standard command mkdir rejects before callback
  ---
  duration_ms: 0.158458
  type: 'test'
  ...
# {"backend":"readonly","family":"standard","missing":"mkdir","substitute":"registry_unblock_substitute_mkdir","beforeCount":53,"afterCount":53,"observed":"adapter-tools preflight: missing required standard command: mkdir","callbackEntered":false}
# Subtest: readonly: cardinality53 missing standard command mv rejects before callback
ok 144 - readonly: cardinality53 missing standard command mv rejects before callback
  ---
  duration_ms: 0.137667
  type: 'test'
  ...
# {"backend":"readonly","family":"standard","missing":"mv","substitute":"registry_unblock_substitute_mv","beforeCount":53,"afterCount":53,"observed":"adapter-tools preflight: missing required standard command: mv","callbackEntered":false}
# Subtest: readonly: cardinality53 missing standard command printf rejects before callback
ok 145 - readonly: cardinality53 missing standard command printf rejects before callback
  ---
  duration_ms: 0.134667
  type: 'test'
  ...
# {"backend":"readonly","family":"standard","missing":"printf","substitute":"registry_unblock_substitute_printf","beforeCount":53,"afterCount":53,"observed":"adapter-tools preflight: missing required standard command: printf","callbackEntered":false}
# Subtest: readonly: cardinality53 missing standard command pwd rejects before callback
ok 146 - readonly: cardinality53 missing standard command pwd rejects before callback
  ---
  duration_ms: 0.135709
  type: 'test'
  ...
# {"backend":"readonly","family":"standard","missing":"pwd","substitute":"registry_unblock_substitute_pwd","beforeCount":53,"afterCount":53,"observed":"adapter-tools preflight: missing required standard command: pwd","callbackEntered":false}
# Subtest: readonly: cardinality53 missing standard command rm rejects before callback
ok 147 - readonly: cardinality53 missing standard command rm rejects before callback
  ---
  duration_ms: 0.1415
  type: 'test'
  ...
# {"backend":"readonly","family":"standard","missing":"rm","substitute":"registry_unblock_substitute_rm","beforeCount":53,"afterCount":53,"observed":"adapter-tools preflight: missing required standard command: rm","callbackEntered":false}
# Subtest: readonly: cardinality53 missing standard command rmdir rejects before callback
ok 148 - readonly: cardinality53 missing standard command rmdir rejects before callback
  ---
  duration_ms: 0.132208
  type: 'test'
  ...
# {"backend":"readonly","family":"standard","missing":"rmdir","substitute":"registry_unblock_substitute_rmdir","beforeCount":53,"afterCount":53,"observed":"adapter-tools preflight: missing required standard command: rmdir","callbackEntered":false}
# Subtest: readonly: cardinality53 missing standard command sort rejects before callback
ok 149 - readonly: cardinality53 missing standard command sort rejects before callback
  ---
  duration_ms: 0.139291
  type: 'test'
  ...
# {"backend":"readonly","family":"standard","missing":"sort","substitute":"registry_unblock_substitute_sort","beforeCount":53,"afterCount":53,"observed":"adapter-tools preflight: missing required standard command: sort","callbackEntered":false}
# Subtest: readonly: cardinality53 missing standard command tee rejects before callback
ok 150 - readonly: cardinality53 missing standard command tee rejects before callback
  ---
  duration_ms: 0.130042
  type: 'test'
  ...
# {"backend":"readonly","family":"standard","missing":"tee","substitute":"registry_unblock_substitute_tee","beforeCount":53,"afterCount":53,"observed":"adapter-tools preflight: missing required standard command: tee","callbackEntered":false}
# Subtest: readonly: cardinality53 missing standard command test rejects before callback
ok 151 - readonly: cardinality53 missing standard command test rejects before callback
  ---
  duration_ms: 0.127459
  type: 'test'
  ...
# {"backend":"readonly","family":"standard","missing":"test","substitute":"registry_unblock_substitute_test","beforeCount":53,"afterCount":53,"observed":"adapter-tools preflight: missing required standard command: test","callbackEntered":false}
# Subtest: readonly: cardinality53 missing standard command touch rejects before callback
ok 152 - readonly: cardinality53 missing standard command touch rejects before callback
  ---
  duration_ms: 0.13
  type: 'test'
  ...
# {"backend":"readonly","family":"standard","missing":"touch","substitute":"registry_unblock_substitute_touch","beforeCount":53,"afterCount":53,"observed":"adapter-tools preflight: missing required standard command: touch","callbackEntered":false}
# Subtest: readonly: cardinality53 missing standard command xargs rejects before callback
ok 153 - readonly: cardinality53 missing standard command xargs rejects before callback
  ---
  duration_ms: 0.126625
  type: 'test'
  ...
# {"backend":"readonly","family":"standard","missing":"xargs","substitute":"registry_unblock_substitute_xargs","beforeCount":53,"afterCount":53,"observed":"adapter-tools preflight: missing required standard command: xargs","callbackEntered":false}
# Subtest: readonly: cardinality53 missing text command sed rejects before callback
ok 154 - readonly: cardinality53 missing text command sed rejects before callback
  ---
  duration_ms: 0.1265
  type: 'test'
  ...
# {"backend":"readonly","family":"text","missing":"sed","substitute":"registry_unblock_substitute_sed","beforeCount":53,"afterCount":53,"observed":"adapter-tools preflight: missing required text command: sed","callbackEntered":false}
# Subtest: readonly: cardinality53 missing text command awk rejects before callback
ok 155 - readonly: cardinality53 missing text command awk rejects before callback
  ---
  duration_ms: 0.134833
  type: 'test'
  ...
# {"backend":"readonly","family":"text","missing":"awk","substitute":"registry_unblock_substitute_awk","beforeCount":53,"afterCount":53,"observed":"adapter-tools preflight: missing required text command: awk","callbackEntered":false}
# Subtest: readonly: cardinality53 missing structured command jq rejects before callback
ok 156 - readonly: cardinality53 missing structured command jq rejects before callback
  ---
  duration_ms: 0.129666
  type: 'test'
  ...
# {"backend":"readonly","family":"structured","missing":"jq","substitute":"registry_unblock_substitute_jq","beforeCount":53,"afterCount":53,"observed":"adapter-tools preflight: missing required structured command: jq","callbackEntered":false}
# Subtest: readonly: cardinality53 missing search command rg rejects before callback
ok 157 - readonly: cardinality53 missing search command rg rejects before callback
  ---
  duration_ms: 0.130291
  type: 'test'
  ...
# {"backend":"readonly","family":"search","missing":"rg","substitute":"registry_unblock_substitute_rg","beforeCount":53,"afterCount":53,"observed":"adapter-tools preflight: missing required search command: rg","callbackEntered":false}
# Subtest: readonly: cardinality53 missing bytes command sha256sum rejects before callback
ok 158 - readonly: cardinality53 missing bytes command sha256sum rejects before callback
  ---
  duration_ms: 0.124958
  type: 'test'
  ...
# {"backend":"readonly","family":"bytes","missing":"sha256sum","substitute":"registry_unblock_substitute_sha256sum","beforeCount":53,"afterCount":53,"observed":"adapter-tools preflight: missing required bytes command: sha256sum","callbackEntered":false}
# Subtest: readonly: cardinality53 missing bytes command gzip rejects before callback
ok 159 - readonly: cardinality53 missing bytes command gzip rejects before callback
  ---
  duration_ms: 0.125
  type: 'test'
  ...
# {"backend":"readonly","family":"bytes","missing":"gzip","substitute":"registry_unblock_substitute_gzip","beforeCount":53,"afterCount":53,"observed":"adapter-tools preflight: missing required bytes command: gzip","callbackEntered":false}
# Subtest: readonly: cardinality53 missing diffPatch command diff rejects before callback
ok 160 - readonly: cardinality53 missing diffPatch command diff rejects before callback
  ---
  duration_ms: 0.275709
  type: 'test'
  ...
# {"backend":"readonly","family":"diffPatch","missing":"diff","substitute":"registry_unblock_substitute_diff","beforeCount":53,"afterCount":53,"observed":"adapter-tools preflight: missing required diffPatch command: diff","callbackEntered":false}
# Subtest: readonly: cardinality53 missing diffPatch command patch rejects before callback
ok 161 - readonly: cardinality53 missing diffPatch command patch rejects before callback
  ---
  duration_ms: 0.12525
  type: 'test'
  ...
# {"backend":"readonly","family":"diffPatch","missing":"patch","substitute":"registry_unblock_substitute_patch","beforeCount":53,"afterCount":53,"observed":"adapter-tools preflight: missing required diffPatch command: patch","callbackEntered":false}
# Subtest: readonly: optional command addition cardinality54 executes real workflows
ok 162 - readonly: optional command addition cardinality54 executes real workflows
  ---
  duration_ms: 3.575375
  type: 'test'
  ...
# {"backend":"readonly","beforeCount":53,"afterCount":54,"callbackEntered":true,"optionalExecuted":true,"dispatched":["registry_unblock_optional","cat","sed","awk","jq","jq","xargs","find","rg","cat","gzip","gzip","diff"]}
1..162
# tests 162
# suites 0
# pass 162
# fail 0
# cancelled 0
# skipped 0
# todo 0
# duration_ms 1069.730333
