TAP version 13
# Subtest: inline picture handles admit VFS bytes and publish typed sizing through a virtual script
ok 1 - inline picture handles admit VFS bytes and publish typed sizing through a virtual script
  ---
  duration_ms: 242.659541
  type: 'test'
  ...
# Subtest: run picture traversal exposes a closed drawing image metadata handle
ok 2 - run picture traversal exposes a closed drawing image metadata handle
  ---
  duration_ms: 75.008917
  type: 'test'
  ...
# Subtest: invalid picture extents reject before publishing admitted bytes or earlier edits
ok 3 - invalid picture extents reject before publishing admitted bytes or earlier edits
  ---
  duration_ms: 44.904875
  type: 'test'
  ...
1..3
# tests 3
# suites 0
# pass 3
# fail 0
# cancelled 0
# skipped 0
# todo 0
# duration_ms 842.711083
