TAP version 13
# Subtest: inline picture handles admit VFS bytes and publish typed sizing through a virtual script
ok 1 - inline picture handles admit VFS bytes and publish typed sizing through a virtual script
  ---
  duration_ms: 255.468333
  type: 'test'
  ...
# Subtest: run picture traversal exposes a closed drawing image metadata handle
ok 2 - run picture traversal exposes a closed drawing image metadata handle
  ---
  duration_ms: 77.323542
  type: 'test'
  ...
# Subtest: invalid picture extents reject before publishing admitted bytes or earlier edits
ok 3 - invalid picture extents reject before publishing admitted bytes or earlier edits
  ---
  duration_ms: 44.976334
  type: 'test'
  ...
# Subtest: inline picture byte descriptors retain numeric EMU sizing through binary publication
ok 4 - inline picture byte descriptors retain numeric EMU sizing through binary publication
  ---
  duration_ms: 97.473125
  type: 'test'
  ...
1..4
# tests 4
# suites 0
# pass 4
# fail 0
# cancelled 0
# skipped 0
# todo 0
# duration_ms 980.514416
