TAP version 13
# Subtest: inline picture handles admit VFS bytes and publish typed sizing through a virtual script
not ok 1 - inline picture handles admit VFS bytes and publish typed sizing through a virtual script
  ---
  duration_ms: 39.465667
  type: 'test'
  location: '/Users/kjopek/Workspace/poe-setup-scripts/packages/safe-bash/tests/commands/docx/inline-picture-model.test.ts:1:1857'
  failureType: 'testCodeFailure'
  error: |-
    docx: Document operation failed: unsupported-profile
    
    
    1 !== 0
    
  code: 'ERR_ASSERTION'
  name: 'AssertionError'
  expected: 0
  actual: 1
  operator: 'strictEqual'
  stack: |-
    TestContext.<anonymous> (/Users/kjopek/Workspace/poe-setup-scripts/packages/safe-bash/tests/commands/docx/inline-picture-model.test.ts:45:12)
    async Test.run (node:internal/test_runner/test:1054:7)
    async startSubtestAfterBootstrap (node:internal/test_runner/harness:296:3)
  ...
# Subtest: run picture traversal exposes a closed drawing image metadata handle
not ok 2 - run picture traversal exposes a closed drawing image metadata handle
  ---
  duration_ms: 24.192042
  type: 'test'
  location: '/Users/kjopek/Workspace/poe-setup-scripts/packages/safe-bash/tests/commands/docx/inline-picture-model.test.ts:1:4393'
  failureType: 'testCodeFailure'
  error: |-
    docx: Document operation failed: unsupported-profile
    
    
    1 !== 0
    
  code: 'ERR_ASSERTION'
  name: 'AssertionError'
  expected: 0
  actual: 1
  operator: 'strictEqual'
  stack: |-
    TestContext.<anonymous> (/Users/kjopek/Workspace/poe-setup-scripts/packages/safe-bash/tests/commands/docx/inline-picture-model.test.ts:87:12)
    async Test.run (node:internal/test_runner/test:1054:7)
    async Test.processPendingSubtests (node:internal/test_runner/test:744:7)
  ...
# Subtest: invalid picture extents reject before publishing admitted bytes or earlier edits
not ok 3 - invalid picture extents reject before publishing admitted bytes or earlier edits
  ---
  duration_ms: 24.343084
  type: 'test'
  location: '/Users/kjopek/Workspace/poe-setup-scripts/packages/safe-bash/tests/commands/docx/inline-picture-model.test.ts:1:5712'
  failureType: 'testCodeFailure'
  error: |-
    docx: Document operation failed: unsupported-profile
    
    
    1 !== 2
    
  code: 'ERR_ASSERTION'
  name: 'AssertionError'
  expected: 2
  actual: 1
  operator: 'strictEqual'
  stack: |-
    TestContext.<anonymous> (/Users/kjopek/Workspace/poe-setup-scripts/packages/safe-bash/tests/commands/docx/inline-picture-model.test.ts:106:12)
    async Test.run (node:internal/test_runner/test:1054:7)
    async Test.processPendingSubtests (node:internal/test_runner/test:744:7)
  ...
1..3
# tests 3
# suites 0
# pass 0
# fail 3
# cancelled 0
# skipped 0
# todo 0
# duration_ms 584.1065
