
 RUN  v4.1.11 /Users/kjopek/Workspace/poe-setup-scripts

 ❯ packages/docx/src/workflow-behavior-variants.test.ts (376 tests | 2 failed) 15322ms
   ✓ workflow-352 observes cell grid_span read 45ms
   ✓ workflow-353 observes cell grid_span read 40ms
   ✓ workflow-354 observes cell grid_span read 39ms
   ✓ workflow-355 observes cell vertical_alignment read 39ms
   ✓ workflow-356 observes cell vertical_alignment read 39ms
   ✓ workflow-357 observes cell vertical_alignment read 38ms
   ✓ workflow-358 observes cell vertical_alignment transition 39ms
   ✓ workflow-359 observes cell vertical_alignment transition 40ms
   ✓ workflow-360 observes cell vertical_alignment transition 38ms
   ✓ workflow-361 observes cell vertical_alignment transition 39ms
   ✓ workflow-362 observes cell width read 38ms
   ✓ workflow-363 observes cell width read 39ms
   ✓ workflow-364 observes cell width transition 40ms
   ✓ workflow-365 observes cell width transition 38ms
   ✓ workflow-367 observes column width read 36ms
   ✓ workflow-368 observes column width read 37ms
   ✓ workflow-369 observes column width transition 39ms
   ✓ workflow-370 observes column width transition 39ms
   ✓ workflow-371 observes column width transition 39ms
   ✓ workflow-372 observes column width transition 36ms
   ✓ workflow-373 observes column width transition 38ms
   ✓ workflow-392 observes table alignment read 38ms
   ✓ workflow-393 observes table alignment read 38ms
   ✓ workflow-394 observes table alignment read 37ms
   ✓ workflow-395 observes table alignment read 38ms
   ✓ workflow-396 observes table alignment transition 39ms
   ✓ workflow-397 observes table alignment transition 39ms
   ✓ workflow-398 observes table alignment transition 39ms
   ✓ workflow-399 observes table alignment transition 38ms
   ✓ workflow-400 observes table autofit read 37ms
   ✓ workflow-401 observes table autofit read 39ms
   ✓ workflow-402 observes table autofit read 38ms
   ✓ workflow-403 observes table autofit transition 38ms
   ✓ workflow-404 observes table autofit transition 39ms
   ✓ workflow-405 observes table autofit transition 39ms
   ✓ workflow-406 observes table autofit transition 36ms
   ✓ workflow-407 observes table autofit transition 36ms
   ✓ workflow-408 observes table autofit transition 38ms
   ✓ workflow-409 observes table table_direction read 38ms
   ✓ workflow-410 observes table table_direction read 37ms
   ✓ workflow-411 observes table table_direction read 38ms
   ✓ workflow-412 observes table table_direction transition 39ms
   ✓ workflow-413 observes table table_direction transition 39ms
   ✓ workflow-414 observes table table_direction transition 39ms
   ✓ workflow-415 observes row grid_cols_after read 36ms
   ✓ workflow-416 observes row grid_cols_after read 39ms
   ✓ workflow-417 observes row grid_cols_after read 39ms
   ✓ workflow-418 observes row grid_cols_before read 39ms
   ✓ workflow-419 observes row grid_cols_before read 37ms
   ✓ workflow-420 observes row grid_cols_before read 39ms
   ✓ workflow-421 observes row height_rule read 38ms
   ✓ workflow-422 observes row height_rule read 39ms
   ✓ workflow-423 observes row height_rule read 42ms
   ✓ workflow-424 observes row height_rule transition 43ms
   ✓ workflow-425 observes row height_rule transition 39ms
   ✓ workflow-426 observes row height_rule transition 43ms
   ✓ workflow-427 observes row height_rule transition 40ms
   ✓ workflow-428 observes row height read 38ms
   ✓ workflow-429 observes row height read 38ms
   ✓ workflow-430 observes row height read 37ms
   ✓ workflow-431 observes row height transition 37ms
   ✓ workflow-432 observes row height transition 38ms
   ✓ workflow-433 observes row height transition 39ms
   ✓ workflow-434 observes row height transition 38ms
   ✓ workflow-163 observes font underline variant 38ms
   ✓ workflow-164 observes font underline variant 37ms
   ✓ workflow-165 observes font underline variant 38ms
   ✓ workflow-166 observes font underline variant 37ms
   ✓ workflow-167 observes font underline variant 40ms
   ✓ workflow-168 observes font underline variant 39ms
   ✓ workflow-169 observes font underline variant 37ms
   ✓ workflow-170 observes font underline variant 40ms
   ✓ workflow-171 observes font underline variant 39ms
   ✓ workflow-172 observes font underline variant 40ms
   ✓ workflow-173 observes font underline variant 39ms
   ✓ workflow-174 observes font underline variant 38ms
   ✓ workflow-175 observes font underline variant 39ms
   ✓ workflow-176 observes font underline variant 38ms
   ✓ workflow-470 observes font highlight_color variant 39ms
   ✓ workflow-471 observes font highlight_color variant 36ms
   ✓ workflow-472 observes font highlight_color variant 39ms
   ✓ workflow-473 observes font highlight_color variant 40ms
   ✓ workflow-474 observes font highlight_color variant 39ms
   ✓ workflow-475 observes font highlight_color variant 39ms
   ✓ workflow-476 observes font name variant 38ms
   ✓ workflow-477 observes font name variant 36ms
   ✓ workflow-478 observes font name variant 39ms
   ✓ workflow-479 observes font name variant 38ms
   ✓ workflow-480 observes font name variant 37ms
   ✓ workflow-481 observes font size variant 38ms
   ✓ workflow-482 observes font size variant 38ms
   ✓ workflow-483 observes font size variant 37ms
   ✓ workflow-484 observes font size variant 39ms
   ✓ workflow-485 observes font size variant 37ms
   ✓ workflow-487 observes font underline variant 37ms
   ✓ workflow-488 observes font underline variant 38ms
   ✓ workflow-489 observes font underline variant 38ms
   ✓ workflow-490 observes font underline variant 38ms
   ✓ workflow-491 observes font underline variant 37ms
   ✓ workflow-492 observes font underline variant 39ms
   ✓ workflow-493 observes font underline variant 38ms
   ✓ workflow-494 observes font underline variant 38ms
   ✓ workflow-495 observes font underline variant 40ms
   ✓ workflow-496 observes font underline variant 40ms
   ✓ workflow-497 observes font underline variant 41ms
   ✓ workflow-498 observes font underline variant 41ms
   ✓ workflow-499 observes font underline variant 42ms
   ✓ workflow-500 observes font underline variant 44ms
   ✓ workflow-501 observes font vertical alignment variant 39ms
   ✓ workflow-502 observes font vertical alignment variant 39ms
   ✓ workflow-503 observes font vertical alignment variant 38ms
   ✓ workflow-504 observes font vertical alignment variant 38ms
   ✓ workflow-505 observes font vertical alignment variant 39ms
   ✓ workflow-506 observes font vertical alignment variant 38ms
   ✓ workflow-507 observes font vertical alignment variant 37ms
   ✓ workflow-508 observes font vertical alignment variant 37ms
   ✓ workflow-509 observes font vertical alignment variant 36ms
   ✓ workflow-510 observes font vertical alignment variant 37ms
   ✓ workflow-511 observes font vertical alignment variant 38ms
   ✓ workflow-512 observes font vertical alignment variant 36ms
   ✓ workflow-513 observes font vertical alignment variant 38ms
   ✓ workflow-514 observes font vertical alignment variant 35ms
   ✓ workflow-515 observes font vertical alignment variant 37ms
   ✓ workflow-516 observes font vertical alignment variant 37ms
   ✓ workflow-517 observes font vertical alignment variant 39ms
   ✓ workflow-518 observes font vertical alignment variant 37ms
   ✓ workflow-519 observes font vertical alignment variant 38ms
   ✓ workflow-520 observes font vertical alignment variant 38ms
   ✓ workflow-521 observes font vertical alignment variant 37ms
   ✓ workflow-522 observes font all_caps variant 37ms
   ✓ workflow-523 observes font bold variant 39ms
   ✓ workflow-524 observes font complex_script variant 38ms
   ✓ workflow-525 observes font cs_bold variant 37ms
   ✓ workflow-526 observes font cs_italic variant 39ms
   ✓ workflow-527 observes font double_strike variant 39ms
   ✓ workflow-528 observes font emboss variant 38ms
   ✓ workflow-529 observes font hidden variant 38ms
   ✓ workflow-530 observes font italic variant 38ms
   ✓ workflow-531 observes font imprint variant 37ms
   ✓ workflow-532 observes font math variant 36ms
   ✓ workflow-533 observes font no_proof variant 38ms
   ✓ workflow-534 observes font outline variant 38ms
   ✓ workflow-535 observes font rtl variant 37ms
   ✓ workflow-536 observes font shadow variant 38ms
   ✓ workflow-537 observes font small_caps variant 39ms
   ✓ workflow-538 observes font snap_to_grid variant 39ms
   ✓ workflow-539 observes font spec_vanish variant 38ms
   ✓ workflow-540 observes font strike variant 38ms
   ✓ workflow-541 observes font web_hidden variant 36ms
   ✓ workflow-542 observes font all_caps variant 39ms
   ✓ workflow-543 observes font bold variant 38ms
   ✓ workflow-544 observes font complex_script variant 38ms
   ✓ workflow-545 observes font cs_bold variant 37ms
   ✓ workflow-546 observes font cs_italic variant 36ms
   ✓ workflow-547 observes font double_strike variant 34ms
   ✓ workflow-548 observes font emboss variant 35ms
   ✓ workflow-549 observes font hidden variant 36ms
   ✓ workflow-550 observes font italic variant 38ms
   ✓ workflow-551 observes font imprint variant 37ms
   ✓ workflow-552 observes font math variant 36ms
   ✓ workflow-553 observes font no_proof variant 37ms
   ✓ workflow-554 observes font outline variant 38ms
   ✓ workflow-555 observes font rtl variant 37ms
   ✓ workflow-556 observes font shadow variant 38ms
   ✓ workflow-557 observes font small_caps variant 38ms
   ✓ workflow-558 observes font snap_to_grid variant 37ms
   ✓ workflow-559 observes font spec_vanish variant 37ms
   ✓ workflow-560 observes font strike variant 38ms
   ✓ workflow-561 observes font web_hidden variant 37ms
   ✓ workflow-562 observes font all_caps variant 38ms
   ✓ workflow-563 observes font bold variant 38ms
   ✓ workflow-564 observes font complex_script variant 39ms
   ✓ workflow-565 observes font cs_bold variant 38ms
   ✓ workflow-566 observes font cs_italic variant 38ms
   ✓ workflow-567 observes font double_strike variant 38ms
   ✓ workflow-568 observes font emboss variant 38ms
   ✓ workflow-569 observes font hidden variant 36ms
   ✓ workflow-570 observes font italic variant 36ms
   ✓ workflow-571 observes font imprint variant 39ms
   ✓ workflow-572 observes font math variant 39ms
   ✓ workflow-573 observes font no_proof variant 36ms
   ✓ workflow-574 observes font outline variant 38ms
   ✓ workflow-575 observes font rtl variant 38ms
   ✓ workflow-576 observes font shadow variant 39ms
   ✓ workflow-577 observes font small_caps variant 39ms
   ✓ workflow-578 observes font snap_to_grid variant 38ms
   ✓ workflow-579 observes font spec_vanish variant 40ms
   ✓ workflow-580 observes font strike variant 38ms
   ✓ workflow-581 observes font web_hidden variant 39ms
   ✓ workflow-583 observes paragraph alignment variant 38ms
   ✓ workflow-584 observes paragraph alignment variant 37ms
   ✓ workflow-585 observes paragraph alignment variant 37ms
   ✓ workflow-586 observes paragraph alignment variant 38ms
   ✓ workflow-587 observes paragraph alignment variant 37ms
   ✓ workflow-588 observes paragraph alignment variant 38ms
   ✓ workflow-589 observes paragraph space_before variant 38ms
   ✓ workflow-590 observes paragraph space_before variant 38ms
   ✓ workflow-591 observes paragraph space_after variant 37ms
   ✓ workflow-592 observes paragraph space_after variant 38ms
   ✓ workflow-593 observes paragraph space_before variant 38ms
   ✓ workflow-594 observes paragraph space_before variant 38ms
   ✓ workflow-595 observes paragraph space_before variant 37ms
   ✓ workflow-596 observes paragraph space_after variant 38ms
   ✓ workflow-597 observes paragraph space_after variant 39ms
   ✓ workflow-598 observes paragraph space_after variant 38ms
   ✓ workflow-611 observes paragraph first_line_indent variant 38ms
   ✓ workflow-612 observes paragraph first_line_indent variant 38ms
   ✓ workflow-613 observes paragraph first_line_indent variant 38ms
   ✓ workflow-614 observes paragraph left_indent variant 37ms
   ✓ workflow-615 observes paragraph left_indent variant 39ms
   ✓ workflow-616 observes paragraph right_indent variant 39ms
   ✓ workflow-617 observes paragraph right_indent variant 38ms
   ✓ workflow-618 observes paragraph first_line_indent variant 41ms
   ✓ workflow-619 observes paragraph first_line_indent variant 41ms
   ✓ workflow-620 observes paragraph first_line_indent variant 40ms
   ✓ workflow-621 observes paragraph left_indent variant 37ms
   ✓ workflow-622 observes paragraph left_indent variant 37ms
   ✓ workflow-623 observes paragraph left_indent variant 37ms
   ✓ workflow-624 observes paragraph right_indent variant 37ms
   ✓ workflow-625 observes paragraph right_indent variant 38ms
   ✓ workflow-626 observes paragraph right_indent variant 38ms
   ✓ workflow-627 observes paragraph keep_together variant 37ms
   ✓ workflow-628 observes paragraph keep_together variant 38ms
   ✓ workflow-629 observes paragraph keep_together variant 36ms
   ✓ workflow-630 observes paragraph keep_with_next variant 38ms
   ✓ workflow-631 observes paragraph keep_with_next variant 38ms
   ✓ workflow-632 observes paragraph keep_with_next variant 36ms
   ✓ workflow-633 observes paragraph page_break_before variant 38ms
   ✓ workflow-634 observes paragraph page_break_before variant 36ms
   ✓ workflow-635 observes paragraph page_break_before variant 37ms
   ✓ workflow-636 observes paragraph widow_control variant 38ms
   ✓ workflow-637 observes paragraph widow_control variant 38ms
   ✓ workflow-638 observes paragraph widow_control variant 38ms
   ✓ workflow-639 observes paragraph keep_together variant 38ms
   ✓ workflow-640 observes paragraph keep_together variant 37ms
   ✓ workflow-641 observes paragraph keep_together variant 37ms
   ✓ workflow-642 observes paragraph keep_with_next variant 38ms
   ✓ workflow-643 observes paragraph keep_with_next variant 39ms
   ✓ workflow-644 observes paragraph keep_with_next variant 40ms
   ✓ workflow-645 observes paragraph page_break_before variant 39ms
   ✓ workflow-646 observes paragraph page_break_before variant 38ms
   ✓ workflow-647 observes paragraph page_break_before variant 38ms
   ✓ workflow-648 observes paragraph widow_control variant 38ms
   ✓ workflow-649 observes paragraph widow_control variant 37ms
   ✓ workflow-650 observes paragraph widow_control variant 39ms
   ✓ workflow-339 observes logical grid content variant 47ms
   ✓ workflow-340 observes logical grid content variant 46ms
   ✓ workflow-341 observes logical grid content variant 45ms
   ✓ workflow-342 observes logical grid content variant 46ms
   ✓ workflow-343 observes logical grid content variant 46ms
   ✓ workflow-344 observes logical grid content variant 46ms
   ✓ workflow-345 observes logical grid content variant 47ms
   ✓ workflow-346 observes logical grid content variant 45ms
   ✓ workflow-347 observes logical grid content variant 46ms
   ✓ workflow-348 observes logical grid content variant 45ms
   ✓ workflow-349 observes logical grid content variant 46ms
   ✓ workflow-350 observes logical grid content variant 46ms
   ✓ workflow-378 observes logical grid content variant 52ms
   ✓ workflow-379 observes logical grid content variant 52ms
   ✓ workflow-380 observes logical grid content variant 51ms
   ✓ workflow-381 observes logical grid content variant 52ms
   ✓ workflow-382 observes logical grid content variant 50ms
   ✓ workflow-383 observes logical grid content variant 50ms
   ✓ workflow-384 observes logical grid content variant 49ms
   ✓ workflow-385 observes logical grid content variant 50ms
   ✓ workflow-386 observes logical grid content variant 48ms
   ✓ workflow-387 observes logical grid content variant 47ms
   ✓ workflow-388 observes logical grid content variant 48ms
   ✓ workflow-389 observes logical grid content variant 48ms
   ✓ workflow-390 observes logical grid content variant 48ms
   ✓ workflow-391 observes logical grid content variant 48ms
   ✓ workflow-446 observes font color type variant 38ms
   ✓ workflow-447 observes font color type variant 38ms
   ✓ workflow-448 observes font color type variant 38ms
   ✓ workflow-449 observes font color type variant 37ms
   ✓ workflow-450 observes font color rgb variant 35ms
   ✓ workflow-451 observes font color rgb variant 36ms
   ✓ workflow-452 observes font color rgb variant 37ms
   ✓ workflow-453 observes font color rgb variant 37ms
   ✓ workflow-454 observes font color rgb variant 37ms
   ✓ workflow-455 observes font color rgb variant 38ms
   ✓ workflow-456 observes font color rgb variant 35ms
   ✓ workflow-457 observes font color rgb variant 39ms
   ✓ workflow-458 observes font color rgb variant 39ms
   ✓ workflow-459 observes font color rgb variant 37ms
   ✓ workflow-460 observes font color theme_color variant 36ms
   ✓ workflow-461 observes font color theme_color variant 38ms
   ✓ workflow-462 observes font color theme_color variant 35ms
   ✓ workflow-463 observes font color theme_color variant 36ms
   ✓ workflow-464 observes font color theme_color variant 37ms
   ✓ workflow-465 observes font color theme_color variant 37ms
   ✓ workflow-466 observes font color theme_color variant 37ms
   ✓ workflow-467 observes font color theme_color variant 38ms
   ✓ workflow-468 observes font color theme_color variant 38ms
   ✓ workflow-469 observes font color theme_color variant 37ms
   ✓ workflow-599 observes line spacing variant 36ms
   ✓ workflow-600 observes line spacing variant 37ms
   ✓ workflow-601 observes line spacing variant 38ms
   ✓ workflow-602 observes line spacing variant 37ms
   ✓ workflow-603 observes line spacing variant 38ms
   ✓ workflow-604 observes line spacing variant 38ms
   ✓ workflow-605 observes line spacing variant 37ms
   ✓ workflow-606 observes line spacing variant 39ms
   ✓ workflow-607 observes line spacing variant 36ms
   ✓ workflow-608 observes line spacing variant 36ms
   ✓ workflow-609 observes line spacing variant 38ms
   ✓ workflow-610 observes line spacing variant 39ms
   ✓ workflow-177 observes section different_first_page_header_footer variant 38ms
   ✓ workflow-178 observes section different_first_page_header_footer variant 37ms
   ✓ workflow-179 observes section different_first_page_header_footer variant 39ms
   ✓ workflow-180 observes section different_first_page_header_footer variant 39ms
   ✓ workflow-181 observes section different_first_page_header_footer variant 38ms
   ✓ workflow-182 observes section different_first_page_header_footer variant 39ms
   ✓ workflow-183 observes section even_page_footer variant 38ms
   ✓ workflow-184 observes section even_page_header variant 38ms
   ✓ workflow-185 observes section first_page_footer variant 38ms
   ✓ workflow-186 observes section first_page_header variant 38ms
   ✓ workflow-187 observes section footer variant 38ms
   ✓ workflow-188 observes section header variant 38ms
   ✓ workflow-190 observes section start_type variant 37ms
   ✓ workflow-191 observes section start_type variant 38ms
   ✓ workflow-192 observes section start_type variant 37ms
   ✓ workflow-193 observes section start_type variant 38ms
   ✓ workflow-194 observes section start_type variant 38ms
   ✓ workflow-195 observes section start_type variant 39ms
   ✓ workflow-196 observes section start_type variant 38ms
   ✓ workflow-197 observes section start_type variant 38ms
   ✓ workflow-198 observes section page_width/page_height variant 38ms
   ✓ workflow-199 observes section page_width/page_height variant 38ms
   ✓ workflow-200 observes section orientation variant 37ms
   ✓ workflow-201 observes section orientation variant 35ms
   ✓ workflow-202 observes section orientation variant 39ms
   ✓ workflow-203 observes section orientation variant 38ms
   ✓ workflow-204 observes section orientation variant 40ms
   ✓ workflow-205 observes section margins variant 39ms
   ✓ workflow-206 observes section left_margin variant 40ms
   ✓ workflow-207 observes section right_margin variant 40ms
   ✓ workflow-208 observes section top_margin variant 38ms
   ✓ workflow-209 observes section bottom_margin variant 39ms
   ✓ workflow-210 observes section header_distance variant 38ms
   ✓ workflow-211 observes section footer_distance variant 39ms
   ✓ workflow-212 observes section gutter variant 38ms
   ✓ workflow-068 observes header binding variant 63ms
   ✓ workflow-069 observes header binding variant 57ms
   ✓ workflow-070 observes header binding variant 60ms
   ✓ workflow-071 observes header binding variant 59ms
   ✓ workflow-072 observes header binding variant 58ms
   ✓ workflow-073 observes header binding variant 58ms
   ✓ workflow-074 observes header binding variant 62ms
   ✓ workflow-075 observes header binding variant 59ms
   ✓ workflow-077 observes footer binding variant 60ms
   ✓ workflow-078 observes footer binding variant 58ms
   ✓ workflow-079 observes footer binding variant 62ms
   ✓ workflow-080 observes footer binding variant 61ms
   ✓ workflow-081 observes footer binding variant 61ms
   ✓ workflow-082 observes footer binding variant 58ms
   ✓ workflow-083 observes footer binding variant 73ms
   ✓ workflow-084 observes footer binding variant 61ms
   × workflow-010 observes comment workflow variant 64ms
   ✓ workflow-011 observes comment workflow variant 59ms
   ✓ workflow-012 observes comment workflow variant 60ms
   × workflow-013 observes comment workflow variant 59ms
   ✓ workflow-015 observes comment workflow variant 60ms
   ✓ workflow-016 observes comment workflow variant 60ms
   ✓ workflow-017 observes comment workflow variant 59ms
   ✓ workflow-018 observes comment workflow variant 59ms
   ✓ workflow-019 observes comment workflow variant 59ms
   ✓ workflow-020 observes comment workflow variant 60ms
   ✓ workflow-021 observes comment workflow variant 61ms
   ✓ workflow-029 observes comment workflow variant 61ms
   ✓ workflow-049 observes comment workflow variant 58ms
   ✓ workflow-050 observes comment workflow variant 61ms
   ✓ workflow-051 observes comment workflow variant 58ms
   ✓ workflow-052 observes comment workflow variant 66ms
   ✓ workflow-053 observes comment workflow variant 62ms
   ✓ workflow-054 observes comment workflow variant 62ms
FAIL packages/docx/src/workflow-behavior-variants.test.ts > workflow-010 observes comment workflow variant
AssertionError: expected 'Normal' to be 'Comment Text' // Object.is equality

Expected: "Comment Text"
Received: "Normal"

 ❯ packages/docx/src/workflow-behavior-variants.test.ts:2481:121


FAIL packages/docx/src/workflow-behavior-variants.test.ts > workflow-013 observes comment workflow variant
AssertionError: expected 'Normal' to be 'Comment Text' // Object.is equality

Expected: "Comment Text"
Received: "Normal"

 ❯ packages/docx/src/workflow-behavior-variants.test.ts:2502:137



⎯⎯⎯⎯⎯⎯⎯ Failed Tests 2 ⎯⎯⎯⎯⎯⎯⎯

 FAIL  packages/docx/src/workflow-behavior-variants.test.ts > workflow-010 observes comment workflow variant
AssertionError: expected 'Normal' to be 'Comment Text' // Object.is equality

Expected: "Comment Text"
Received: "Normal"

 ❯ packages/docx/src/workflow-behavior-variants.test.ts:2481:121


⎯⎯⎯⎯⎯⎯⎯⎯⎯⎯⎯⎯⎯⎯⎯⎯⎯⎯⎯⎯⎯⎯⎯⎯[1/2]⎯

 FAIL  packages/docx/src/workflow-behavior-variants.test.ts > workflow-013 observes comment workflow variant
AssertionError: expected 'Normal' to be 'Comment Text' // Object.is equality

Expected: "Comment Text"
Received: "Normal"

 ❯ packages/docx/src/workflow-behavior-variants.test.ts:2502:137


⎯⎯⎯⎯⎯⎯⎯⎯⎯⎯⎯⎯⎯⎯⎯⎯⎯⎯⎯⎯⎯⎯⎯⎯[2/2]⎯


 Test Files  1 failed (1)
      Tests  2 failed | 374 passed (376)
   Start at  22:47:48
   Duration  16.44s (transform 871ms, setup 27ms, import 1.04s, tests 15.32s, environment 0ms)

