
 RUN  v4.1.11 /Users/kjopek/Workspace/poe-setup-scripts

 ❯ packages/docx/src/workflow-behavior-variants.test.ts (534 tests | 2 failed) 23449ms
   ✓ workflow-352 observes cell grid_span read 48ms
   ✓ workflow-353 observes cell grid_span read 39ms
   ✓ workflow-354 observes cell grid_span read 41ms
   ✓ workflow-355 observes cell vertical_alignment read 38ms
   ✓ workflow-356 observes cell vertical_alignment read 37ms
   ✓ workflow-357 observes cell vertical_alignment read 40ms
   ✓ workflow-358 observes cell vertical_alignment transition 41ms
   ✓ workflow-359 observes cell vertical_alignment transition 41ms
   ✓ workflow-360 observes cell vertical_alignment transition 41ms
   ✓ workflow-361 observes cell vertical_alignment transition 39ms
   ✓ workflow-362 observes cell width read 35ms
   ✓ workflow-363 observes cell width read 39ms
   ✓ workflow-364 observes cell width transition 39ms
   ✓ workflow-365 observes cell width transition 38ms
   ✓ workflow-367 observes column width read 39ms
   ✓ workflow-368 observes column width read 37ms
   ✓ workflow-369 observes column width transition 40ms
   ✓ workflow-370 observes column width transition 38ms
   ✓ workflow-371 observes column width transition 39ms
   ✓ workflow-372 observes column width transition 39ms
   ✓ workflow-373 observes column width transition 38ms
   ✓ workflow-392 observes table alignment read 39ms
   ✓ workflow-393 observes table alignment read 39ms
   ✓ workflow-394 observes table alignment read 39ms
   ✓ workflow-395 observes table alignment read 39ms
   ✓ workflow-396 observes table alignment transition 40ms
   ✓ workflow-397 observes table alignment transition 38ms
   ✓ workflow-398 observes table alignment transition 39ms
   ✓ workflow-399 observes table alignment transition 39ms
   ✓ workflow-400 observes table autofit read 38ms
   ✓ workflow-401 observes table autofit read 38ms
   ✓ workflow-402 observes table autofit read 37ms
   ✓ workflow-403 observes table autofit transition 39ms
   ✓ workflow-404 observes table autofit transition 38ms
   ✓ workflow-405 observes table autofit transition 40ms
   ✓ workflow-406 observes table autofit transition 39ms
   ✓ workflow-407 observes table autofit transition 40ms
   ✓ workflow-408 observes table autofit transition 38ms
   ✓ workflow-409 observes table table_direction read 37ms
   ✓ workflow-410 observes table table_direction read 39ms
   ✓ workflow-411 observes table table_direction read 39ms
   ✓ workflow-412 observes table table_direction transition 40ms
   ✓ workflow-413 observes table table_direction transition 38ms
   ✓ workflow-414 observes table table_direction transition 39ms
   ✓ workflow-415 observes row grid_cols_after read 40ms
   ✓ workflow-416 observes row grid_cols_after read 38ms
   ✓ workflow-417 observes row grid_cols_after read 37ms
   ✓ workflow-418 observes row grid_cols_before read 38ms
   ✓ workflow-419 observes row grid_cols_before read 37ms
   ✓ workflow-420 observes row grid_cols_before read 34ms
   ✓ workflow-421 observes row height_rule read 38ms
   ✓ workflow-422 observes row height_rule read 38ms
   ✓ workflow-423 observes row height_rule read 38ms
   ✓ workflow-424 observes row height_rule transition 38ms
   ✓ workflow-425 observes row height_rule transition 37ms
   ✓ workflow-426 observes row height_rule transition 37ms
   ✓ workflow-427 observes row height_rule transition 37ms
   ✓ workflow-428 observes row height read 38ms
   ✓ workflow-429 observes row height read 39ms
   ✓ workflow-430 observes row height read 38ms
   ✓ workflow-431 observes row height transition 38ms
   ✓ workflow-432 observes row height transition 37ms
   ✓ workflow-433 observes row height transition 40ms
   ✓ workflow-434 observes row height transition 39ms
   ✓ workflow-163 observes font underline variant 39ms
   ✓ workflow-164 observes font underline variant 37ms
   ✓ workflow-165 observes font underline variant 39ms
   ✓ workflow-166 observes font underline variant 37ms
   ✓ workflow-167 observes font underline variant 39ms
   ✓ workflow-168 observes font underline variant 38ms
   ✓ workflow-169 observes font underline variant 40ms
   ✓ workflow-170 observes font underline variant 37ms
   ✓ workflow-171 observes font underline variant 38ms
   ✓ workflow-172 observes font underline variant 39ms
   ✓ workflow-173 observes font underline variant 36ms
   ✓ workflow-174 observes font underline variant 38ms
   ✓ workflow-175 observes font underline variant 40ms
   ✓ workflow-176 observes font underline variant 39ms
   ✓ workflow-470 observes font highlight_color variant 37ms
   ✓ workflow-471 observes font highlight_color variant 38ms
   ✓ workflow-472 observes font highlight_color variant 38ms
   ✓ workflow-473 observes font highlight_color variant 39ms
   ✓ workflow-474 observes font highlight_color variant 36ms
   ✓ workflow-475 observes font highlight_color variant 37ms
   ✓ workflow-476 observes font name variant 38ms
   ✓ workflow-477 observes font name variant 38ms
   ✓ workflow-478 observes font name variant 37ms
   ✓ workflow-479 observes font name variant 37ms
   ✓ workflow-480 observes font name variant 37ms
   ✓ workflow-481 observes font size variant 37ms
   ✓ workflow-482 observes font size variant 37ms
   ✓ workflow-483 observes font size variant 40ms
   ✓ workflow-484 observes font size variant 39ms
   ✓ workflow-485 observes font size variant 39ms
   ✓ workflow-487 observes font underline variant 38ms
   ✓ workflow-488 observes font underline variant 39ms
   ✓ workflow-489 observes font underline variant 38ms
   ✓ workflow-490 observes font underline variant 37ms
   ✓ workflow-491 observes font underline variant 40ms
   ✓ workflow-492 observes font underline variant 39ms
   ✓ workflow-493 observes font underline variant 37ms
   ✓ workflow-494 observes font underline variant 36ms
   ✓ workflow-495 observes font underline variant 38ms
   ✓ workflow-496 observes font underline variant 38ms
   ✓ workflow-497 observes font underline variant 38ms
   ✓ workflow-498 observes font underline variant 38ms
   ✓ workflow-499 observes font underline variant 38ms
   ✓ workflow-500 observes font underline variant 38ms
   ✓ workflow-501 observes font vertical alignment variant 38ms
   ✓ workflow-502 observes font vertical alignment variant 38ms
   ✓ workflow-503 observes font vertical alignment variant 37ms
   ✓ workflow-504 observes font vertical alignment variant 39ms
   ✓ workflow-505 observes font vertical alignment variant 38ms
   ✓ workflow-506 observes font vertical alignment variant 37ms
   ✓ workflow-507 observes font vertical alignment variant 39ms
   ✓ workflow-508 observes font vertical alignment variant 39ms
   ✓ workflow-509 observes font vertical alignment variant 39ms
   ✓ workflow-510 observes font vertical alignment variant 38ms
   ✓ workflow-511 observes font vertical alignment variant 41ms
   ✓ workflow-512 observes font vertical alignment variant 40ms
   ✓ workflow-513 observes font vertical alignment variant 41ms
   ✓ workflow-514 observes font vertical alignment variant 41ms
   ✓ workflow-515 observes font vertical alignment variant 42ms
   ✓ workflow-516 observes font vertical alignment variant 41ms
   ✓ workflow-517 observes font vertical alignment variant 40ms
   ✓ workflow-518 observes font vertical alignment variant 41ms
   ✓ workflow-519 observes font vertical alignment variant 39ms
   ✓ workflow-520 observes font vertical alignment variant 38ms
   ✓ workflow-521 observes font vertical alignment variant 37ms
   ✓ workflow-522 observes font all_caps variant 37ms
   ✓ workflow-523 observes font bold variant 37ms
   ✓ workflow-524 observes font complex_script variant 37ms
   ✓ workflow-525 observes font cs_bold variant 38ms
   ✓ workflow-526 observes font cs_italic variant 38ms
   ✓ workflow-527 observes font double_strike variant 39ms
   ✓ workflow-528 observes font emboss variant 38ms
   ✓ workflow-529 observes font hidden variant 40ms
   ✓ workflow-530 observes font italic variant 39ms
   ✓ workflow-531 observes font imprint variant 37ms
   ✓ workflow-532 observes font math variant 39ms
   ✓ workflow-533 observes font no_proof variant 39ms
   ✓ workflow-534 observes font outline variant 39ms
   ✓ workflow-535 observes font rtl variant 39ms
   ✓ workflow-536 observes font shadow variant 38ms
   ✓ workflow-537 observes font small_caps variant 38ms
   ✓ workflow-538 observes font snap_to_grid variant 38ms
   ✓ workflow-539 observes font spec_vanish variant 39ms
   ✓ workflow-540 observes font strike variant 39ms
   ✓ workflow-541 observes font web_hidden variant 37ms
   ✓ workflow-542 observes font all_caps variant 38ms
   ✓ workflow-543 observes font bold variant 38ms
   ✓ workflow-544 observes font complex_script variant 36ms
   ✓ workflow-545 observes font cs_bold variant 39ms
   ✓ workflow-546 observes font cs_italic variant 39ms
   ✓ workflow-547 observes font double_strike variant 38ms
   ✓ workflow-548 observes font emboss variant 38ms
   ✓ workflow-549 observes font hidden variant 39ms
   ✓ workflow-550 observes font italic variant 38ms
   ✓ workflow-551 observes font imprint variant 37ms
   ✓ workflow-552 observes font math variant 37ms
   ✓ workflow-553 observes font no_proof variant 37ms
   ✓ workflow-554 observes font outline variant 39ms
   ✓ workflow-555 observes font rtl variant 38ms
   ✓ workflow-556 observes font shadow variant 38ms
   ✓ workflow-557 observes font small_caps variant 39ms
   ✓ workflow-558 observes font snap_to_grid variant 38ms
   ✓ workflow-559 observes font spec_vanish variant 39ms
   ✓ workflow-560 observes font strike variant 39ms
   ✓ workflow-561 observes font web_hidden variant 38ms
   ✓ workflow-562 observes font all_caps variant 37ms
   ✓ workflow-563 observes font bold variant 38ms
   ✓ workflow-564 observes font complex_script variant 36ms
   ✓ workflow-565 observes font cs_bold variant 37ms
   ✓ workflow-566 observes font cs_italic variant 37ms
   ✓ workflow-567 observes font double_strike variant 39ms
   ✓ workflow-568 observes font emboss variant 38ms
   ✓ workflow-569 observes font hidden variant 38ms
   ✓ workflow-570 observes font italic variant 38ms
   ✓ workflow-571 observes font imprint variant 38ms
   ✓ workflow-572 observes font math variant 39ms
   ✓ workflow-573 observes font no_proof variant 38ms
   ✓ workflow-574 observes font outline variant 38ms
   ✓ workflow-575 observes font rtl variant 37ms
   ✓ workflow-576 observes font shadow variant 37ms
   ✓ workflow-577 observes font small_caps variant 37ms
   ✓ workflow-578 observes font snap_to_grid variant 38ms
   ✓ workflow-579 observes font spec_vanish variant 39ms
   ✓ workflow-580 observes font strike variant 39ms
   ✓ workflow-581 observes font web_hidden variant 39ms
   ✓ workflow-583 observes paragraph alignment variant 37ms
   ✓ workflow-584 observes paragraph alignment variant 35ms
   ✓ workflow-585 observes paragraph alignment variant 38ms
   ✓ workflow-586 observes paragraph alignment variant 39ms
   ✓ workflow-587 observes paragraph alignment variant 38ms
   ✓ workflow-588 observes paragraph alignment variant 39ms
   ✓ workflow-589 observes paragraph space_before variant 38ms
   ✓ workflow-590 observes paragraph space_before variant 38ms
   ✓ workflow-591 observes paragraph space_after variant 38ms
   ✓ workflow-592 observes paragraph space_after variant 37ms
   ✓ workflow-593 observes paragraph space_before variant 38ms
   ✓ workflow-594 observes paragraph space_before variant 37ms
   ✓ workflow-595 observes paragraph space_before variant 39ms
   ✓ workflow-596 observes paragraph space_after variant 36ms
   ✓ workflow-597 observes paragraph space_after variant 38ms
   ✓ workflow-598 observes paragraph space_after variant 40ms
   ✓ workflow-611 observes paragraph first_line_indent variant 38ms
   ✓ workflow-612 observes paragraph first_line_indent variant 36ms
   ✓ workflow-613 observes paragraph first_line_indent variant 38ms
   ✓ workflow-614 observes paragraph left_indent variant 38ms
   ✓ workflow-615 observes paragraph left_indent variant 38ms
   ✓ workflow-616 observes paragraph right_indent variant 36ms
   ✓ workflow-617 observes paragraph right_indent variant 38ms
   ✓ workflow-618 observes paragraph first_line_indent variant 38ms
   ✓ workflow-619 observes paragraph first_line_indent variant 38ms
   ✓ workflow-620 observes paragraph first_line_indent variant 38ms
   ✓ workflow-621 observes paragraph left_indent variant 39ms
   ✓ workflow-622 observes paragraph left_indent variant 38ms
   ✓ workflow-623 observes paragraph left_indent variant 39ms
   ✓ workflow-624 observes paragraph right_indent variant 39ms
   ✓ workflow-625 observes paragraph right_indent variant 38ms
   ✓ workflow-626 observes paragraph right_indent variant 38ms
   ✓ workflow-627 observes paragraph keep_together variant 38ms
   ✓ workflow-628 observes paragraph keep_together variant 38ms
   ✓ workflow-629 observes paragraph keep_together variant 36ms
   ✓ workflow-630 observes paragraph keep_with_next variant 38ms
   ✓ workflow-631 observes paragraph keep_with_next variant 36ms
   ✓ workflow-632 observes paragraph keep_with_next variant 38ms
   ✓ workflow-633 observes paragraph page_break_before variant 36ms
   ✓ workflow-634 observes paragraph page_break_before variant 37ms
   ✓ workflow-635 observes paragraph page_break_before variant 36ms
   ✓ workflow-636 observes paragraph widow_control variant 37ms
   ✓ workflow-637 observes paragraph widow_control variant 37ms
   ✓ workflow-638 observes paragraph widow_control variant 38ms
   ✓ workflow-639 observes paragraph keep_together variant 38ms
   ✓ workflow-640 observes paragraph keep_together variant 39ms
   ✓ workflow-641 observes paragraph keep_together variant 37ms
   ✓ workflow-642 observes paragraph keep_with_next variant 39ms
   ✓ workflow-643 observes paragraph keep_with_next variant 39ms
   ✓ workflow-644 observes paragraph keep_with_next variant 39ms
   ✓ workflow-645 observes paragraph page_break_before variant 37ms
   ✓ workflow-646 observes paragraph page_break_before variant 37ms
   ✓ workflow-647 observes paragraph page_break_before variant 38ms
   ✓ workflow-648 observes paragraph widow_control variant 38ms
   ✓ workflow-649 observes paragraph widow_control variant 38ms
   ✓ workflow-650 observes paragraph widow_control variant 38ms
   ✓ workflow-339 observes logical grid content variant 46ms
   ✓ workflow-340 observes logical grid content variant 45ms
   ✓ workflow-341 observes logical grid content variant 46ms
   ✓ workflow-342 observes logical grid content variant 47ms
   ✓ workflow-343 observes logical grid content variant 46ms
   ✓ workflow-344 observes logical grid content variant 47ms
   ✓ workflow-345 observes logical grid content variant 44ms
   ✓ workflow-346 observes logical grid content variant 48ms
   ✓ workflow-347 observes logical grid content variant 46ms
   ✓ workflow-348 observes logical grid content variant 46ms
   ✓ workflow-349 observes logical grid content variant 45ms
   ✓ workflow-350 observes logical grid content variant 46ms
   ✓ workflow-378 observes logical grid content variant 48ms
   ✓ workflow-379 observes logical grid content variant 49ms
   ✓ workflow-380 observes logical grid content variant 47ms
   ✓ workflow-381 observes logical grid content variant 50ms
   ✓ workflow-382 observes logical grid content variant 47ms
   ✓ workflow-383 observes logical grid content variant 48ms
   ✓ workflow-384 observes logical grid content variant 48ms
   ✓ workflow-385 observes logical grid content variant 48ms
   ✓ workflow-386 observes logical grid content variant 49ms
   ✓ workflow-387 observes logical grid content variant 48ms
   ✓ workflow-388 observes logical grid content variant 48ms
   ✓ workflow-389 observes logical grid content variant 47ms
   ✓ workflow-390 observes logical grid content variant 48ms
   ✓ workflow-391 observes logical grid content variant 48ms
   ✓ workflow-446 observes font color type variant 37ms
   ✓ workflow-447 observes font color type variant 38ms
   ✓ workflow-448 observes font color type variant 36ms
   ✓ workflow-449 observes font color type variant 37ms
   ✓ workflow-450 observes font color rgb variant 37ms
   ✓ workflow-451 observes font color rgb variant 37ms
   ✓ workflow-452 observes font color rgb variant 36ms
   ✓ workflow-453 observes font color rgb variant 38ms
   ✓ workflow-454 observes font color rgb variant 38ms
   ✓ workflow-455 observes font color rgb variant 37ms
   ✓ workflow-456 observes font color rgb variant 39ms
   ✓ workflow-457 observes font color rgb variant 37ms
   ✓ workflow-458 observes font color rgb variant 37ms
   ✓ workflow-459 observes font color rgb variant 38ms
   ✓ workflow-460 observes font color theme_color variant 38ms
   ✓ workflow-461 observes font color theme_color variant 38ms
   ✓ workflow-462 observes font color theme_color variant 35ms
   ✓ workflow-463 observes font color theme_color variant 38ms
   ✓ workflow-464 observes font color theme_color variant 39ms
   ✓ workflow-465 observes font color theme_color variant 38ms
   ✓ workflow-466 observes font color theme_color variant 37ms
   ✓ workflow-467 observes font color theme_color variant 38ms
   ✓ workflow-468 observes font color theme_color variant 39ms
   ✓ workflow-469 observes font color theme_color variant 40ms
   ✓ workflow-599 observes line spacing variant 38ms
   ✓ workflow-600 observes line spacing variant 38ms
   ✓ workflow-601 observes line spacing variant 38ms
   ✓ workflow-602 observes line spacing variant 36ms
   ✓ workflow-603 observes line spacing variant 37ms
   ✓ workflow-604 observes line spacing variant 37ms
   ✓ workflow-605 observes line spacing variant 39ms
   ✓ workflow-606 observes line spacing variant 36ms
   ✓ workflow-607 observes line spacing variant 37ms
   ✓ workflow-608 observes line spacing variant 36ms
   ✓ workflow-609 observes line spacing variant 37ms
   ✓ workflow-610 observes line spacing variant 39ms
   ✓ workflow-177 observes section different_first_page_header_footer variant 38ms
   ✓ workflow-178 observes section different_first_page_header_footer variant 36ms
   ✓ workflow-179 observes section different_first_page_header_footer variant 37ms
   ✓ workflow-180 observes section different_first_page_header_footer variant 37ms
   ✓ workflow-181 observes section different_first_page_header_footer variant 38ms
   ✓ workflow-182 observes section different_first_page_header_footer variant 37ms
   ✓ workflow-183 observes section even_page_footer variant 38ms
   ✓ workflow-184 observes section even_page_header variant 38ms
   ✓ workflow-185 observes section first_page_footer variant 37ms
   ✓ workflow-186 observes section first_page_header variant 37ms
   ✓ workflow-187 observes section footer variant 36ms
   ✓ workflow-188 observes section header variant 38ms
   ✓ workflow-190 observes section start_type variant 36ms
   ✓ workflow-191 observes section start_type variant 38ms
   ✓ workflow-192 observes section start_type variant 38ms
   ✓ workflow-193 observes section start_type variant 39ms
   ✓ workflow-194 observes section start_type variant 37ms
   ✓ workflow-195 observes section start_type variant 37ms
   ✓ workflow-196 observes section start_type variant 37ms
   ✓ workflow-197 observes section start_type variant 38ms
   ✓ workflow-198 observes section page_width/page_height variant 37ms
   ✓ workflow-199 observes section page_width/page_height variant 37ms
   ✓ workflow-200 observes section orientation variant 38ms
   ✓ workflow-201 observes section orientation variant 38ms
   ✓ workflow-202 observes section orientation variant 38ms
   ✓ workflow-203 observes section orientation variant 38ms
   ✓ workflow-204 observes section orientation variant 37ms
   ✓ workflow-205 observes section margins variant 38ms
   ✓ workflow-206 observes section left_margin variant 38ms
   ✓ workflow-207 observes section right_margin variant 37ms
   ✓ workflow-208 observes section top_margin variant 37ms
   ✓ workflow-209 observes section bottom_margin variant 37ms
   ✓ workflow-210 observes section header_distance variant 39ms
   ✓ workflow-211 observes section footer_distance variant 37ms
   ✓ workflow-212 observes section gutter variant 39ms
   ✓ workflow-068 observes header binding variant 65ms
   ✓ workflow-069 observes header binding variant 61ms
   ✓ workflow-070 observes header binding variant 63ms
   ✓ workflow-071 observes header binding variant 62ms
   ✓ workflow-072 observes header binding variant 62ms
   ✓ workflow-073 observes header binding variant 58ms
   ✓ workflow-074 observes header binding variant 65ms
   ✓ workflow-075 observes header binding variant 63ms
   ✓ workflow-077 observes footer binding variant 58ms
   ✓ workflow-078 observes footer binding variant 59ms
   ✓ workflow-079 observes footer binding variant 64ms
   ✓ workflow-080 observes footer binding variant 61ms
   ✓ workflow-081 observes footer binding variant 64ms
   ✓ workflow-082 observes footer binding variant 60ms
   ✓ workflow-083 observes footer binding variant 63ms
   ✓ workflow-084 observes footer binding variant 62ms
   ✓ workflow-010 observes comment workflow variant 63ms
   ✓ workflow-011 observes comment workflow variant 64ms
   ✓ workflow-012 observes comment workflow variant 85ms
   ✓ workflow-013 observes comment workflow variant 64ms
   ✓ workflow-015 observes comment workflow variant 63ms
   ✓ workflow-016 observes comment workflow variant 64ms
   ✓ workflow-017 observes comment workflow variant 61ms
   ✓ workflow-018 observes comment workflow variant 62ms
   ✓ workflow-019 observes comment workflow variant 63ms
   ✓ workflow-020 observes comment workflow variant 61ms
   ✓ workflow-021 observes comment workflow variant 62ms
   ✓ workflow-029 observes comment workflow variant 64ms
   ✓ workflow-049 observes comment workflow variant 46ms
   ✓ workflow-050 observes comment workflow variant 39ms
   ✓ workflow-051 observes comment workflow variant 60ms
   ✓ workflow-052 observes comment workflow variant 65ms
   ✓ workflow-053 observes comment workflow variant 66ms
   ✓ workflow-054 observes comment workflow variant 65ms
   ✓ workflow-111 observes content traversal variant 37ms
   ✓ workflow-112 observes content traversal variant 37ms
   ✓ workflow-113 observes content traversal variant 38ms
   ✓ workflow-114 observes content traversal variant 38ms
   ✓ workflow-115 observes content traversal variant 38ms
   ✓ workflow-116 observes content traversal variant 39ms
   ✓ workflow-117 observes content traversal variant 38ms
   ✓ workflow-118 observes content traversal variant 36ms
   ✓ workflow-119 observes content traversal variant 38ms
   ✓ workflow-120 observes content traversal variant 36ms
   ✓ workflow-121 observes content traversal variant 38ms
   ✓ workflow-125 observes content traversal variant 38ms
   ✓ workflow-126 observes content traversal variant 40ms
   ✓ workflow-127 observes content traversal variant 38ms
   ✓ workflow-128 observes content traversal variant 39ms
   ✓ workflow-138 observes content traversal variant 43ms
   ✓ workflow-139 observes content traversal variant 40ms
   ✓ workflow-140 observes content traversal variant 40ms
   ✓ workflow-141 observes content traversal variant 39ms
   ✓ workflow-143 observes content traversal variant 37ms
   ✓ workflow-144 observes content traversal variant 38ms
   ✓ workflow-145 observes content traversal variant 38ms
   ✓ workflow-146 observes content traversal variant 39ms
   ✓ workflow-147 observes content traversal variant 38ms
   ✓ workflow-014 observes explicit image insertion variant 71ms
   ✓ workflow-041 observes explicit image insertion variant 62ms
   ✓ workflow-042 observes explicit image insertion variant 61ms
   ✓ workflow-043 observes explicit image insertion variant 62ms
   ✓ workflow-044 observes explicit image insertion variant 64ms
   ✓ workflow-076 observes explicit image insertion variant 66ms
   ✓ workflow-085 observes explicit image insertion variant 64ms
   ✓ workflow-150 observes explicit image insertion variant 62ms
   ✓ workflow-151 observes explicit image insertion variant 66ms
   ✓ workflow-152 observes explicit image insertion variant 67ms
   ✓ workflow-153 observes explicit image insertion variant 68ms
   ✓ workflow-099 observes image dimensions and density variant 0ms
   ✓ workflow-100 observes image dimensions and density variant 0ms
   ✓ workflow-101 observes image dimensions and density variant 0ms
   ✓ workflow-102 observes image dimensions and density variant 0ms
   ✓ workflow-103 observes image dimensions and density variant 0ms
   ✓ workflow-104 observes image dimensions and density variant 0ms
   ✓ workflow-105 observes image dimensions and density variant 0ms
   ✓ workflow-106 observes image dimensions and density variant 0ms
   ✓ workflow-107 observes image dimensions and density variant 0ms
   ✓ workflow-108 observes image dimensions and density variant 0ms
   ✓ workflow-109 observes image dimensions and density variant 0ms
   ✓ workflow-086 observes hyperlink variant 39ms
   ✓ workflow-087 observes hyperlink variant 35ms
   ✓ workflow-088 observes hyperlink variant 37ms
   ✓ workflow-089 observes hyperlink variant 38ms
   ✓ workflow-090 observes hyperlink variant 37ms
   ✓ workflow-091 observes hyperlink variant 37ms
   ✓ workflow-092 observes hyperlink variant 36ms
   ✓ workflow-093 observes hyperlink variant 38ms
   ✓ workflow-094 observes hyperlink variant 38ms
   ✓ workflow-095 observes hyperlink variant 40ms
   ✓ workflow-096 observes hyperlink variant 38ms
   ✓ workflow-097 observes hyperlink variant 39ms
   ✓ workflow-098 observes hyperlink variant 40ms
   × workflow-001 observes original SDK lifecycle variant 25ms
   ✓ workflow-002 observes original SDK lifecycle variant 59ms
   ✓ workflow-003 observes original SDK lifecycle variant 122ms
   ✓ workflow-004 observes original SDK lifecycle variant 61ms
   ✓ workflow-005 observes original SDK lifecycle variant 59ms
   ✓ workflow-028 observes original SDK lifecycle variant 38ms
   ✓ workflow-037 observes original SDK lifecycle variant 60ms
   ✓ workflow-038 observes original SDK lifecycle variant 61ms
   ✓ workflow-039 observes original SDK lifecycle variant 64ms
   ✓ workflow-040 observes original SDK lifecycle variant 61ms
   × workflow-047 observes original SDK lifecycle variant 66ms
   ✓ workflow-048 observes original SDK lifecycle variant 64ms
   ✓ workflow-122 observes original SDK lifecycle variant 60ms
   ✓ workflow-123 observes original SDK lifecycle variant 58ms
   ✓ workflow-124 observes original SDK lifecycle variant 59ms
   ✓ workflow-129 observes original SDK lifecycle variant 63ms
   ✓ workflow-130 observes original SDK lifecycle variant 66ms
   ✓ workflow-131 observes original SDK lifecycle variant 61ms
   ✓ workflow-142 observes original SDK lifecycle variant 57ms
   ✓ workflow-148 observes original SDK lifecycle variant 60ms
   ✓ workflow-149 observes original SDK lifecycle variant 61ms
   ✓ workflow-162 observes original SDK lifecycle variant 63ms
   ✓ workflow-337 observes original SDK lifecycle variant 60ms
   ✓ workflow-338 observes original SDK lifecycle variant 61ms
   ✓ workflow-351 observes original SDK lifecycle variant 61ms
   ✓ workflow-366 observes original SDK lifecycle variant 64ms
   ✓ workflow-374 observes original SDK lifecycle variant 61ms
   ✓ workflow-375 observes original SDK lifecycle variant 59ms
   ✓ workflow-376 observes original SDK lifecycle variant 60ms
   ✓ workflow-377 observes original SDK lifecycle variant 59ms
   ✓ workflow-443 observes original SDK lifecycle variant 61ms
   ✓ workflow-444 observes original SDK lifecycle variant 59ms
   ✓ workflow-445 observes original SDK lifecycle variant 61ms
   ✓ workflow-486 observes original SDK lifecycle variant 58ms
   ✓ workflow-582 observes original SDK lifecycle variant 58ms
   ✓ workflow-132 observes owner style variant 65ms
   ✓ workflow-133 observes owner style variant 63ms
   ✓ workflow-134 observes owner style variant 65ms
   ✓ workflow-135 observes owner style variant 62ms
   ✓ workflow-136 observes owner style variant 62ms
   ✓ workflow-137 observes owner style variant 62ms
   ✓ workflow-154 observes owner style variant 62ms
   ✓ workflow-155 observes owner style variant 64ms
   ✓ workflow-156 observes owner style variant 63ms
   ✓ workflow-157 observes owner style variant 62ms
   ✓ workflow-158 observes owner style variant 64ms
   ✓ workflow-159 observes owner style variant 62ms
   ✓ workflow-160 observes owner style variant 65ms
   ✓ workflow-161 observes owner style variant 63ms
   ✓ workflow-435 observes owner style variant 64ms
   ✓ workflow-436 observes owner style variant 66ms
   ✓ workflow-437 observes owner style variant 64ms
   ✓ workflow-438 observes owner style variant 67ms
   ✓ workflow-439 observes owner style variant 66ms
   ✓ workflow-440 observes owner style variant 67ms
   ✓ workflow-441 observes owner style variant 68ms
   ✓ workflow-442 observes owner style variant 70ms
   ✓ workflow-006 observes final SDK workflow variant 63ms
   ✓ workflow-007 observes final SDK workflow variant 56ms
   ✓ workflow-008 observes final SDK workflow variant 55ms
   ✓ workflow-009 observes final SDK workflow variant 44ms
   ✓ workflow-022 observes final SDK workflow variant 68ms
   ✓ workflow-023 observes final SDK workflow variant 63ms
   ✓ workflow-024 observes final SDK workflow variant 36ms
   ✓ workflow-025 observes final SDK workflow variant 58ms
   ✓ workflow-026 observes final SDK workflow variant 59ms
   ✓ workflow-027 observes final SDK workflow variant 63ms
   ✓ workflow-110 observes final SDK workflow variant 51ms
   ✓ workflow-189 observes final SDK workflow variant 47ms
   ✓ workflow-213 observes final SDK workflow variant 111ms
   ✓ workflow-214 observes final SDK workflow variant 37ms
   ✓ workflow-215 observes final SDK workflow variant 38ms
   ✓ workflow-216 observes final SDK workflow variant 38ms
   ✓ workflow-217 observes final SDK workflow variant 38ms
   ✓ workflow-218 observes final SDK workflow variant 38ms
   ✓ workflow-219 observes final SDK workflow variant 64ms
   ✓ workflow-220 observes final SDK workflow variant 68ms
   ✓ workflow-055 observes original property collection variant 172ms
   ✓ workflow-056 observes original property collection variant 105ms
   ✓ workflow-057 observes original property collection variant 39ms
   ✓ workflow-066 observes original property collection variant 49ms
   ✓ workflow-067 observes original property collection variant 35ms
   ✓ workflow-030 observes shared document workflow variant 60ms
   ✓ workflow-031 observes shared document workflow variant 60ms
   ✓ workflow-032 observes shared document workflow variant 60ms
   ✓ workflow-033 observes shared document workflow variant 59ms
   ✓ workflow-034 observes shared document workflow variant 61ms
   ✓ workflow-035 observes shared document workflow variant 56ms
   ✓ workflow-036 observes shared document workflow variant 60ms
   ✓ workflow-045 observes shared document workflow variant 70ms
   ✓ workflow-046 observes shared document workflow variant 65ms
   ✓ workflow-058 observes shared document workflow variant 46ms
   ✓ workflow-059 observes shared document workflow variant 38ms
   ✓ workflow-060 observes shared document workflow variant 46ms
   ✓ workflow-061 observes shared document workflow variant 46ms
   ✓ workflow-062 observes shared document workflow variant 46ms
   ✓ workflow-063 observes shared document workflow variant 45ms
   ✓ workflow-064 observes shared document workflow variant 47ms
   ✓ workflow-065 observes shared document workflow variant 48ms

⎯⎯⎯⎯⎯⎯⎯ Failed Tests 2 ⎯⎯⎯⎯⎯⎯⎯

 FAIL  packages/docx/src/workflow-behavior-variants.test.ts > workflow-001 observes original SDK lifecycle variant
Error: EISDIR: illegal operation on a directory, open '/survey.docx'
 ❯ createError node_modules/@jsonjoy.com/fs-node/src/util.ts:145:16
 ❯ Volume._readfile node_modules/@jsonjoy.com/fs-node/src/volume.ts:409:47
 ❯ Volume.readFileSync node_modules/@jsonjoy.com/fs-node/src/volume.ts:431:16
 ❯ Object.open packages/docx/src/workflow-behavior-variants.test.ts:3018:201

 ❯ Object.[Symbol.asyncIterator] packages/docx/src/model-input.ts:72:35
 ❯ packages/docx/src/io.ts:86:39
 ❯ DocumentIo.#run packages/docx/src/io.ts:58:12
 ❯ DocumentIo.readBytes packages/docx/src/io.ts:74:17
 ❯ acquireDocumentModelInput packages/docx/src/model-input.ts:80:28

⎯⎯⎯⎯⎯⎯⎯⎯⎯⎯⎯⎯⎯⎯⎯⎯⎯⎯⎯⎯⎯⎯⎯⎯[1/2]⎯

 FAIL  packages/docx/src/workflow-behavior-variants.test.ts > workflow-047 observes original SDK lifecycle variant
AssertionError: expected [ 3.25, 3.25 ] to deeply equal [ 3, 3 ]

- Expected
+ Received

  [
-   3,
-   3,
+   3.25,
+   3.25,
  ]

 ❯ packages/docx/src/workflow-behavior-variants.test.ts:3072:213


⎯⎯⎯⎯⎯⎯⎯⎯⎯⎯⎯⎯⎯⎯⎯⎯⎯⎯⎯⎯⎯⎯⎯⎯[2/2]⎯


 Test Files  1 failed (1)
      Tests  2 failed | 532 passed (534)
   Start at  23:01:04
   Duration  24.68s (transform 967ms, setup 36ms, import 1.13s, tests 23.45s, environment 0ms)

JSON report written to /Users/kjopek/Workspace/poe-setup-scripts/docs/docx/workflow-behavior-evidence-20260915/completed-results.json
