
 RUN  v4.1.11 /Users/kjopek/Workspace/poe-setup-scripts

 ❯ packages/docx/src/workflow-behavior-variants.test.ts (271 tests | 3 failed) 10680ms
   ✓ workflow-352 observes cell grid_span read 47ms
   ✓ workflow-353 observes cell grid_span read 40ms
   ✓ workflow-354 observes cell grid_span read 39ms
   ✓ workflow-355 observes cell vertical_alignment read 38ms
   ✓ workflow-356 observes cell vertical_alignment read 39ms
   ✓ workflow-357 observes cell vertical_alignment read 40ms
   ✓ workflow-358 observes cell vertical_alignment transition 42ms
   ✓ workflow-359 observes cell vertical_alignment transition 43ms
   ✓ workflow-360 observes cell vertical_alignment transition 43ms
   ✓ workflow-361 observes cell vertical_alignment transition 39ms
   ✓ workflow-362 observes cell width read 41ms
   ✓ workflow-363 observes cell width read 43ms
   ✓ workflow-364 observes cell width transition 41ms
   ✓ workflow-365 observes cell width transition 37ms
   ✓ workflow-367 observes column width read 39ms
   ✓ workflow-368 observes column width read 39ms
   ✓ workflow-369 observes column width transition 37ms
   ✓ workflow-370 observes column width transition 39ms
   ✓ workflow-371 observes column width transition 38ms
   ✓ workflow-372 observes column width transition 39ms
   ✓ workflow-373 observes column width transition 37ms
   ✓ workflow-392 observes table alignment read 37ms
   ✓ workflow-393 observes table alignment read 38ms
   ✓ workflow-394 observes table alignment read 37ms
   ✓ workflow-395 observes table alignment read 38ms
   ✓ workflow-396 observes table alignment transition 40ms
   ✓ workflow-397 observes table alignment transition 38ms
   ✓ workflow-398 observes table alignment transition 39ms
   ✓ workflow-399 observes table alignment transition 40ms
   ✓ workflow-400 observes table autofit read 38ms
   ✓ workflow-401 observes table autofit read 39ms
   ✓ workflow-402 observes table autofit read 37ms
   ✓ workflow-403 observes table autofit transition 38ms
   ✓ workflow-404 observes table autofit transition 41ms
   ✓ workflow-405 observes table autofit transition 42ms
   ✓ workflow-406 observes table autofit transition 40ms
   ✓ workflow-407 observes table autofit transition 41ms
   ✓ workflow-408 observes table autofit transition 41ms
   ✓ workflow-409 observes table table_direction read 41ms
   ✓ workflow-410 observes table table_direction read 39ms
   ✓ workflow-411 observes table table_direction read 42ms
   ✓ workflow-412 observes table table_direction transition 43ms
   ✓ workflow-413 observes table table_direction transition 39ms
   ✓ workflow-414 observes table table_direction transition 38ms
   ✓ workflow-415 observes row grid_cols_after read 38ms
   ✓ workflow-416 observes row grid_cols_after read 37ms
   ✓ workflow-417 observes row grid_cols_after read 37ms
   ✓ workflow-418 observes row grid_cols_before read 37ms
   ✓ workflow-419 observes row grid_cols_before read 38ms
   ✓ workflow-420 observes row grid_cols_before read 37ms
   ✓ workflow-421 observes row height_rule read 38ms
   ✓ workflow-422 observes row height_rule read 37ms
   ✓ workflow-423 observes row height_rule read 38ms
   ✓ workflow-424 observes row height_rule transition 39ms
   ✓ workflow-425 observes row height_rule transition 39ms
   ✓ workflow-426 observes row height_rule transition 39ms
   ✓ workflow-427 observes row height_rule transition 38ms
   ✓ workflow-428 observes row height read 38ms
   ✓ workflow-429 observes row height read 39ms
   ✓ workflow-430 observes row height read 39ms
   ✓ workflow-431 observes row height transition 42ms
   ✓ workflow-432 observes row height transition 42ms
   ✓ workflow-433 observes row height transition 47ms
   ✓ workflow-434 observes row height transition 44ms
   ✓ workflow-163 observes font underline variant 44ms
   ✓ workflow-164 observes font underline variant 41ms
   ✓ workflow-165 observes font underline variant 42ms
   ✓ workflow-166 observes font underline variant 41ms
   ✓ workflow-167 observes font underline variant 41ms
   ✓ workflow-168 observes font underline variant 39ms
   ✓ workflow-169 observes font underline variant 38ms
   ✓ workflow-170 observes font underline variant 39ms
   ✓ workflow-171 observes font underline variant 39ms
   ✓ workflow-172 observes font underline variant 38ms
   ✓ workflow-173 observes font underline variant 37ms
   ✓ workflow-174 observes font underline variant 39ms
   ✓ workflow-175 observes font underline variant 39ms
   ✓ workflow-176 observes font underline variant 37ms
   ✓ workflow-470 observes font highlight_color variant 38ms
   ✓ workflow-471 observes font highlight_color variant 38ms
   ✓ workflow-472 observes font highlight_color variant 38ms
   ✓ workflow-473 observes font highlight_color variant 38ms
   ✓ workflow-474 observes font highlight_color variant 39ms
   ✓ workflow-475 observes font highlight_color variant 39ms
   ✓ workflow-476 observes font name variant 38ms
   ✓ workflow-477 observes font name variant 39ms
   ✓ workflow-478 observes font name variant 39ms
   ✓ workflow-479 observes font name variant 37ms
   ✓ workflow-480 observes font name variant 41ms
   ✓ workflow-481 observes font size variant 39ms
   ✓ workflow-482 observes font size variant 40ms
   ✓ workflow-483 observes font size variant 41ms
   ✓ workflow-484 observes font size variant 42ms
   ✓ workflow-485 observes font size variant 39ms
   ✓ workflow-487 observes font underline variant 38ms
   ✓ workflow-488 observes font underline variant 39ms
   ✓ workflow-489 observes font underline variant 39ms
   ✓ workflow-490 observes font underline variant 39ms
   ✓ workflow-491 observes font underline variant 37ms
   ✓ workflow-492 observes font underline variant 36ms
   ✓ workflow-493 observes font underline variant 39ms
   ✓ workflow-494 observes font underline variant 39ms
   ✓ workflow-495 observes font underline variant 38ms
   ✓ workflow-496 observes font underline variant 39ms
   ✓ workflow-497 observes font underline variant 39ms
   ✓ workflow-498 observes font underline variant 39ms
   ✓ workflow-499 observes font underline variant 35ms
   ✓ workflow-500 observes font underline variant 39ms
   ✓ workflow-501 observes font vertical alignment variant 38ms
   ✓ workflow-502 observes font vertical alignment variant 37ms
   ✓ workflow-503 observes font vertical alignment variant 38ms
   ✓ workflow-504 observes font vertical alignment variant 36ms
   ✓ workflow-505 observes font vertical alignment variant 38ms
   ✓ workflow-506 observes font vertical alignment variant 39ms
   ✓ workflow-507 observes font vertical alignment variant 39ms
   ✓ workflow-508 observes font vertical alignment variant 38ms
   ✓ workflow-509 observes font vertical alignment variant 37ms
   ✓ workflow-510 observes font vertical alignment variant 38ms
   ✓ workflow-511 observes font vertical alignment variant 39ms
   ✓ workflow-512 observes font vertical alignment variant 40ms
   ✓ workflow-513 observes font vertical alignment variant 38ms
   ✓ workflow-514 observes font vertical alignment variant 36ms
   ✓ workflow-515 observes font vertical alignment variant 38ms
   ✓ workflow-516 observes font vertical alignment variant 38ms
   ✓ workflow-517 observes font vertical alignment variant 36ms
   ✓ workflow-518 observes font vertical alignment variant 36ms
   ✓ workflow-519 observes font vertical alignment variant 35ms
   ✓ workflow-520 observes font vertical alignment variant 37ms
   ✓ workflow-521 observes font vertical alignment variant 35ms
   ✓ workflow-522 observes font all_caps variant 38ms
   ✓ workflow-523 observes font bold variant 36ms
   ✓ workflow-524 observes font complex_script variant 38ms
   ✓ workflow-525 observes font cs_bold variant 38ms
   ✓ workflow-526 observes font cs_italic variant 36ms
   ✓ workflow-527 observes font double_strike variant 37ms
   ✓ workflow-528 observes font emboss variant 37ms
   ✓ workflow-529 observes font hidden variant 38ms
   ✓ workflow-530 observes font italic variant 36ms
   ✓ workflow-531 observes font imprint variant 37ms
   ✓ workflow-532 observes font math variant 36ms
   ✓ workflow-533 observes font no_proof variant 38ms
   ✓ workflow-534 observes font outline variant 38ms
   ✓ workflow-535 observes font rtl variant 38ms
   ✓ workflow-536 observes font shadow variant 39ms
   ✓ workflow-537 observes font small_caps variant 39ms
   ✓ workflow-538 observes font snap_to_grid variant 38ms
   ✓ workflow-539 observes font spec_vanish variant 39ms
   ✓ workflow-540 observes font strike variant 39ms
   ✓ workflow-541 observes font web_hidden variant 39ms
   ✓ workflow-542 observes font all_caps variant 39ms
   ✓ workflow-543 observes font bold variant 37ms
   ✓ workflow-544 observes font complex_script variant 37ms
   ✓ workflow-545 observes font cs_bold variant 38ms
   ✓ workflow-546 observes font cs_italic variant 38ms
   ✓ workflow-547 observes font double_strike variant 37ms
   ✓ workflow-548 observes font emboss variant 38ms
   ✓ workflow-549 observes font hidden variant 37ms
   ✓ workflow-550 observes font italic variant 37ms
   ✓ workflow-551 observes font imprint variant 36ms
   ✓ workflow-552 observes font math variant 38ms
   ✓ workflow-553 observes font no_proof variant 38ms
   ✓ workflow-554 observes font outline variant 38ms
   ✓ workflow-555 observes font rtl variant 39ms
   ✓ workflow-556 observes font shadow variant 39ms
   ✓ workflow-557 observes font small_caps variant 36ms
   ✓ workflow-558 observes font snap_to_grid variant 38ms
   ✓ workflow-559 observes font spec_vanish variant 37ms
   ✓ workflow-560 observes font strike variant 38ms
   ✓ workflow-561 observes font web_hidden variant 38ms
   ✓ workflow-562 observes font all_caps variant 38ms
   ✓ workflow-563 observes font bold variant 38ms
   ✓ workflow-564 observes font complex_script variant 38ms
   ✓ workflow-565 observes font cs_bold variant 38ms
   ✓ workflow-566 observes font cs_italic variant 38ms
   ✓ workflow-567 observes font double_strike variant 37ms
   ✓ workflow-568 observes font emboss variant 38ms
   ✓ workflow-569 observes font hidden variant 37ms
   ✓ workflow-570 observes font italic variant 38ms
   ✓ workflow-571 observes font imprint variant 39ms
   ✓ workflow-572 observes font math variant 38ms
   ✓ workflow-573 observes font no_proof variant 38ms
   ✓ workflow-574 observes font outline variant 38ms
   ✓ workflow-575 observes font rtl variant 38ms
   ✓ workflow-576 observes font shadow variant 38ms
   ✓ workflow-577 observes font small_caps variant 38ms
   ✓ workflow-578 observes font snap_to_grid variant 37ms
   ✓ workflow-579 observes font spec_vanish variant 37ms
   ✓ workflow-580 observes font strike variant 37ms
   ✓ workflow-581 observes font web_hidden variant 37ms
   ✓ workflow-583 observes paragraph alignment variant 37ms
   ✓ workflow-584 observes paragraph alignment variant 37ms
   ✓ workflow-585 observes paragraph alignment variant 37ms
   ✓ workflow-586 observes paragraph alignment variant 39ms
   ✓ workflow-587 observes paragraph alignment variant 38ms
   ✓ workflow-588 observes paragraph alignment variant 40ms
   ✓ workflow-589 observes paragraph space_before variant 38ms
   ✓ workflow-590 observes paragraph space_before variant 37ms
   ✓ workflow-591 observes paragraph space_after variant 38ms
   ✓ workflow-592 observes paragraph space_after variant 37ms
   ✓ workflow-593 observes paragraph space_before variant 37ms
   ✓ workflow-594 observes paragraph space_before variant 37ms
   ✓ workflow-595 observes paragraph space_before variant 37ms
   ✓ workflow-596 observes paragraph space_after variant 38ms
   ✓ workflow-597 observes paragraph space_after variant 37ms
   ✓ workflow-598 observes paragraph space_after variant 37ms
   ✓ workflow-611 observes paragraph first_line_indent variant 37ms
   ✓ workflow-612 observes paragraph first_line_indent variant 37ms
   ✓ workflow-613 observes paragraph first_line_indent variant 38ms
   ✓ workflow-614 observes paragraph left_indent variant 38ms
   ✓ workflow-615 observes paragraph left_indent variant 37ms
   ✓ workflow-616 observes paragraph right_indent variant 38ms
   ✓ workflow-617 observes paragraph right_indent variant 37ms
   ✓ workflow-618 observes paragraph first_line_indent variant 38ms
   ✓ workflow-619 observes paragraph first_line_indent variant 36ms
   ✓ workflow-620 observes paragraph first_line_indent variant 38ms
   ✓ workflow-621 observes paragraph left_indent variant 38ms
   ✓ workflow-622 observes paragraph left_indent variant 38ms
   ✓ workflow-623 observes paragraph left_indent variant 38ms
   ✓ workflow-624 observes paragraph right_indent variant 38ms
   ✓ workflow-625 observes paragraph right_indent variant 38ms
   ✓ workflow-626 observes paragraph right_indent variant 38ms
   ✓ workflow-627 observes paragraph keep_together variant 38ms
   ✓ workflow-628 observes paragraph keep_together variant 38ms
   ✓ workflow-629 observes paragraph keep_together variant 39ms
   ✓ workflow-630 observes paragraph keep_with_next variant 39ms
   ✓ workflow-631 observes paragraph keep_with_next variant 36ms
   ✓ workflow-632 observes paragraph keep_with_next variant 39ms
   ✓ workflow-633 observes paragraph page_break_before variant 42ms
   ✓ workflow-634 observes paragraph page_break_before variant 40ms
   ✓ workflow-635 observes paragraph page_break_before variant 40ms
   ✓ workflow-636 observes paragraph widow_control variant 38ms
   ✓ workflow-637 observes paragraph widow_control variant 38ms
   ✓ workflow-638 observes paragraph widow_control variant 35ms
   ✓ workflow-639 observes paragraph keep_together variant 40ms
   ✓ workflow-640 observes paragraph keep_together variant 36ms
   ✓ workflow-641 observes paragraph keep_together variant 39ms
   ✓ workflow-642 observes paragraph keep_with_next variant 38ms
   ✓ workflow-643 observes paragraph keep_with_next variant 38ms
   ✓ workflow-644 observes paragraph keep_with_next variant 38ms
   ✓ workflow-645 observes paragraph page_break_before variant 38ms
   ✓ workflow-646 observes paragraph page_break_before variant 38ms
   ✓ workflow-647 observes paragraph page_break_before variant 38ms
   ✓ workflow-648 observes paragraph widow_control variant 36ms
   ✓ workflow-649 observes paragraph widow_control variant 39ms
   ✓ workflow-650 observes paragraph widow_control variant 38ms
   ✓ workflow-339 observes logical grid content variant 48ms
   ✓ workflow-340 observes logical grid content variant 48ms
   ✓ workflow-341 observes logical grid content variant 47ms
   ✓ workflow-342 observes logical grid content variant 45ms
   ✓ workflow-343 observes logical grid content variant 48ms
   ✓ workflow-344 observes logical grid content variant 49ms
   ✓ workflow-345 observes logical grid content variant 49ms
   ✓ workflow-346 observes logical grid content variant 48ms
   ✓ workflow-347 observes logical grid content variant 49ms
   ✓ workflow-348 observes logical grid content variant 49ms
   ✓ workflow-349 observes logical grid content variant 50ms
   ✓ workflow-350 observes logical grid content variant 48ms
   ✓ workflow-378 observes logical grid content variant 52ms
   ✓ workflow-379 observes logical grid content variant 46ms
   ✓ workflow-380 observes logical grid content variant 49ms
   ✓ workflow-381 observes logical grid content variant 48ms
   ✓ workflow-382 observes logical grid content variant 48ms
   ✓ workflow-383 observes logical grid content variant 49ms
   × workflow-384 observes logical grid content variant 53ms
   × workflow-385 observes logical grid content variant 49ms
   × workflow-386 observes logical grid content variant 49ms
   ✓ workflow-387 observes logical grid content variant 48ms
   ✓ workflow-388 observes logical grid content variant 49ms
   ✓ workflow-389 observes logical grid content variant 47ms
   ✓ workflow-390 observes logical grid content variant 49ms
   ✓ workflow-391 observes logical grid content variant 48ms
FAIL packages/docx/src/workflow-behavior-variants.test.ts > workflow-384 observes logical grid content variant
AssertionError: expected '1 2 3 4 5\n6\n\n9 5\n6\n\n9 7 5\n6\n\…' to be '1 2 3 4 5\n6\n9 5\n6\n9 7 5\n6\n9 5\n…' // Object.is equality

- Expected
+ Received

  1 2 3 4 5
  6
+
  9 5
  6
+
  9 7 5
  6
+
  9 5
  6
+
  9

 ❯ packages/docx/src/workflow-behavior-variants.test.ts:1823:84
    1821|  const table = document.tables[0]!;
    1822|  table.cell(1,1).merge(table.cell(2,2));
    1823| expect([...table.rows].flatMap(row => row.cells).map(cell => cell.text…
       |                                                                                    ^
    1824| });
    1825|

FAIL packages/docx/src/workflow-behavior-variants.test.ts > workflow-385 observes logical grid content variant
AssertionError: expected '1 2\n5\n 3 4 2\n5\n 6 7 2\n5\n 9' to be '1 2\n5 3 4 2\n5 6 7 2\n5 9' // Object.is equality

- Expected
+ Received

  1 2
- 5 3 4 2
+ 5
+  3 4 2
- 5 6 7 2
+ 5
+  6 7 2
- 5 9
+ 5
+  9

 ❯ packages/docx/src/workflow-behavior-variants.test.ts:1830:84
    1828|  const table = document.tables[0]!;
    1829|  table.cell(0,1).merge(table.cell(1,1));
    1830| expect([...table.rows].flatMap(row => row.cells).map(cell => cell.text…
       |                                                                                    ^
    1831| });
    1832|

FAIL packages/docx/src/workflow-behavior-variants.test.ts > workflow-386 observes logical grid content variant
AssertionError: expected '1 2 3 4\n5\n7\n 4\n5\n7\n 6 4\n5\n7\n…' to be '1 2 3 4\n5\n7 4\n5\n7 6 4\n5\n7 4\n5\…' // Object.is equality

- Expected
+ Received

  1 2 3 4
  5
- 7 4
+ 7
+  4
  5
- 7 6 4
+ 7
+  6 4
  5
- 7 4
+ 7
+  4
  5
- 7 9
+ 7
+  9

 ❯ packages/docx/src/workflow-behavior-variants.test.ts:1837:84
    1835|  const table = document.tables[0]!;
    1836|  table.cell(2,0).merge(table.cell(1,1));
    1837| expect([...table.rows].flatMap(row => row.cells).map(cell => cell.text…
       |                                                                                    ^
    1838| });
    1839|


⎯⎯⎯⎯⎯⎯⎯ Failed Tests 3 ⎯⎯⎯⎯⎯⎯⎯

 FAIL  packages/docx/src/workflow-behavior-variants.test.ts > workflow-384 observes logical grid content variant
AssertionError: expected '1 2 3 4 5\n6\n\n9 5\n6\n\n9 7 5\n6\n\…' to be '1 2 3 4 5\n6\n9 5\n6\n9 7 5\n6\n9 5\n…' // Object.is equality

- Expected
+ Received

  1 2 3 4 5
  6
+
  9 5
  6
+
  9 7 5
  6
+
  9 5
  6
+
  9

 ❯ packages/docx/src/workflow-behavior-variants.test.ts:1823:84
    1821|  const table = document.tables[0]!;
    1822|  table.cell(1,1).merge(table.cell(2,2));
    1823| expect([...table.rows].flatMap(row => row.cells).map(cell => cell.text…
       |                                                                                    ^
    1824| });
    1825|

⎯⎯⎯⎯⎯⎯⎯⎯⎯⎯⎯⎯⎯⎯⎯⎯⎯⎯⎯⎯⎯⎯⎯⎯[1/3]⎯

 FAIL  packages/docx/src/workflow-behavior-variants.test.ts > workflow-385 observes logical grid content variant
AssertionError: expected '1 2\n5\n 3 4 2\n5\n 6 7 2\n5\n 9' to be '1 2\n5 3 4 2\n5 6 7 2\n5 9' // Object.is equality

- Expected
+ Received

  1 2
- 5 3 4 2
+ 5
+  3 4 2
- 5 6 7 2
+ 5
+  6 7 2
- 5 9
+ 5
+  9

 ❯ packages/docx/src/workflow-behavior-variants.test.ts:1830:84
    1828|  const table = document.tables[0]!;
    1829|  table.cell(0,1).merge(table.cell(1,1));
    1830| expect([...table.rows].flatMap(row => row.cells).map(cell => cell.text…
       |                                                                                    ^
    1831| });
    1832|

⎯⎯⎯⎯⎯⎯⎯⎯⎯⎯⎯⎯⎯⎯⎯⎯⎯⎯⎯⎯⎯⎯⎯⎯[2/3]⎯

 FAIL  packages/docx/src/workflow-behavior-variants.test.ts > workflow-386 observes logical grid content variant
AssertionError: expected '1 2 3 4\n5\n7\n 4\n5\n7\n 6 4\n5\n7\n…' to be '1 2 3 4\n5\n7 4\n5\n7 6 4\n5\n7 4\n5\…' // Object.is equality

- Expected
+ Received

  1 2 3 4
  5
- 7 4
+ 7
+  4
  5
- 7 6 4
+ 7
+  6 4
  5
- 7 4
+ 7
+  4
  5
- 7 9
+ 7
+  9

 ❯ packages/docx/src/workflow-behavior-variants.test.ts:1837:84
    1835|  const table = document.tables[0]!;
    1836|  table.cell(2,0).merge(table.cell(1,1));
    1837| expect([...table.rows].flatMap(row => row.cells).map(cell => cell.text…
       |                                                                                    ^
    1838| });
    1839|

⎯⎯⎯⎯⎯⎯⎯⎯⎯⎯⎯⎯⎯⎯⎯⎯⎯⎯⎯⎯⎯⎯⎯⎯[3/3]⎯


 Test Files  1 failed (1)
      Tests  3 failed | 268 passed (271)
   Start at  22:44:40
   Duration  11.70s (transform 793ms, setup 28ms, import 932ms, tests 10.68s, environment 0ms)

