
> docx@0.0.1 test
> cd ../.. && vitest run packages/docx


 RUN  v4.1.11 /Users/kjopek/Workspace/poe-setup-scripts

 ✓ packages/docx/src/discovery-completeness.test.ts (11 tests) 728ms
 ✓ packages/docx/src/discovery.test.ts (22 tests) 215ms
 ✓ packages/docx/src/style-formatting-schema.test.ts (24 tests) 78ms
 ✓ packages/docx/src/image-insertion.test.ts (39 tests) 4339ms
 ✓ packages/docx/src/image-replacement.test.ts (33 tests) 10603ms
   ✓ rebinds only the chosen occurrence unless shared intent is explicit (false)  385ms
   ✓ rebinds only the chosen occurrence unless shared intent is explicit (true)  363ms
   ✓ rejects replacement inside an admitted tracked insertion before source acquisition  303ms
   ✓ retires a sole source relationship and part while preserving exact replacement bytes  305ms
   ✓ preserves dormant package incoming references during replacement (false)  414ms
   ✓ preserves dormant package incoming references during replacement (true)  421ms
   ✓ updates shared image owners across body and header stories  431ms
   ✓ refuses opaque extension carriers before replacement acquisition  309ms
   ✓ retains fragments on dormant shared incoming relationships  409ms
   ✓ writes coherent exact replacement bytes and canonical format declarations for png  309ms
   ✓ writes coherent exact replacement bytes and canonical format declarations for jpeg  316ms
   ✓ writes coherent exact replacement bytes and canonical format declarations for gif  310ms
   ✓ writes coherent exact replacement bytes and canonical format declarations for bmp  307ms
   ✓ writes coherent exact replacement bytes and canonical format declarations for tiff  309ms
   ✓ changes only declared extents and fit crop for contain  318ms
   ✓ changes only declared extents and fit crop for cover  307ms
   ✓ changes only declared extents and fit crop for stretch  308ms
   ✓ targets owner relationships when different resource types have equal basenames  423ms
   ✓ preserves exact existing anchor, crop, wrap and alternative text on default replacement  421ms
   ✓ refuses linked carrier before replacement source acquisition  304ms
   ✓ uses independent physical DPI ratio for one declared dimension  309ms
   ✓ owns producer reused stream chunks and registers cleanup before source open  306ms
   ✓ retains inactive raw XML uses of the old owner relationship  392ms
   ✓ retains zero-incoming media whose outgoing relationship metadata must remain coherent  410ms
   ✓ escapes admitted package folder characters in new content type declarations  351ms
   ✓ treats a leading-dot filename as a recognized final suffix assertion  324ms
 ✓ packages/docx/src/workflow-behavior-variants.test.ts (534 tests) 23587ms
 ✓ packages/docx/src/dialect.test.ts (30 tests) 10634ms
   ✓ rejects mixed strict related-part namespaces and relationships  499ms
   ✓ rejects mixed transitional related-part namespaces and relationships  504ms
   ✓ rejects strict active mixed elements and attributes  689ms
   ✓ rejects transitional active mixed elements and attributes  683ms
   ✓ rejects invalid strict document roots and body cardinality  686ms
   ✓ rejects invalid transitional document roots and body cardinality  695ms
   ✓ preserves strict inactive alternate content and opaque payloads  428ms
   ✓ preserves transitional inactive alternate content and opaque payloads  425ms
   ✓ maps every XML editing primitive in strict without prefix rewriting  404ms
   ✓ maps every XML editing primitive in transitional without prefix rewriting  408ms
   ✓ rejects active Strict VML while retaining Transitional VML opaquely  459ms
   ✓ creates explicit strict packages with neutral deterministic defaults  393ms
   ✓ creates explicit transitional packages with neutral deterministic defaults  391ms
   ✓ checks strict active drawing namespaces and graphic-data identifiers  687ms
   ✓ checks transitional active drawing namespaces and graphic-data identifiers  682ms
 ✓ packages/docx/src/control-bindings.test.ts (34 tests) 8016ms
   ✓ synchronizes singleton store and differently tagged aliases for "New"  325ms
   ✓ synchronizes singleton store and differently tagged aliases for ""  306ms
   ✓ synchronizes singleton store and differently tagged aliases for "<&\r\n"  319ms
   ✓ reuses an empty scalar leaf for a subsequent binding  386ms
   ✓ binds an unprefixed empty-namespace child path without mappings  310ms
   ✓ preserves unrelated external custom XML properties beside an internal binding store  349ms
   ✓ rejects nonsingleton scalar leaves and numeric type mismatch  332ms
   ✓ retains a different-store unsupported glossary declaration byte-identically during binding  351ms
 ✓ packages/docx/src/comment-extensions.test.ts (32 tests) 9088ms
   ✓ preserves every extension byte on unrelated text replacement  304ms
   ✓ edits a resolved parent or reply while retaining paragraph IDs and metadata (1)  447ms
   ✓ edits a resolved parent or reply while retaining paragraph IDs and metadata (2)  443ms
   ✓ removes a leaf reply and its ID records without changing parent resolution or shared people  435ms
   ✓ removes the whole selected thread and retains people only when a revision still owns them (false)  384ms
   ✓ removes the whole selected thread and retains people only when a revision still owns them (true)  401ms
   ✓ preserves unknown metadata owned by an unselected comment  351ms
   ✓ preserves an anchored thread in the Strict dialect through SDK and CLI edits  887ms
   ✓ accepts the maximum paragraph identity without rewriting its representation  349ms
   ✓ retains people owned by an extension revision (conflictIns)  425ms
   ✓ retains people owned by an extension revision (conflictDel)  425ms
 ✓ packages/docx/src/table-merge-variants.test.ts (63 tests) 6895ms
 ✓ packages/docx/src/table-behavior-variants.test.ts (199 tests) 7602ms
 ✓ packages/docx/src/sanitize.test.ts (17 tests) 5160ms
   ✓ enumerates fixed-order effects and retains local links and unrelated text  766ms
   ✓ cleans the owned empty relationship part of a removed embedded leaf  365ms
   ✓ removes the last embedded target and its explicit content type together  343ms
   ✓ retains embedded targets that still have another incoming binding  366ms
   ✓ removes classic comment identities and all owned markers preserving labels  318ms
   ✓ preserves original and destination on final mixed publication failure  716ms
   ✓ refuses compound object carriers after earlier staged actions without publication  327ms
 ✓ packages/docx/src/style-workflow-variants.test.ts (116 tests) 5980ms
 ✓ packages/docx/src/package-behavior-variants.test.ts (130 tests) 4808ms
 ✓ packages/docx/src/text-replace.test.ts (38 tests) 4631ms
 ✓ packages/docx/src/paragraph-edit.test.ts (47 tests) 4388ms
 ✓ packages/docx/src/xml-parts.test.ts (40 tests) 4590ms
 ✓ packages/docx/src/publication.test.ts (56 tests) 4284ms
     ✓ creates through the SDK with conflict preservation, force and owned output intent  380ms
 ✓ packages/docx/src/image-layout.test.ts (37 tests) 4179ms
 ✓ packages/docx/src/stories.test.ts (17 tests) 3949ms
   ✓ creates all headers variants and deletes an initial definition without removing later owners  668ms
   ✓ creates all footers variants and deletes an initial definition without removing later owners  661ms
   ✓ copies story-relative image and external relationships while retaining media used elsewhere  439ms
 ✓ packages/docx/src/lists.test.ts (27 tests) 4077ms
   ✓ reuses only a complete matching definition, allocates separate instances for explicit starts  319ms
   ✓ rejects style cycles, level mismatches and stale locations  369ms
   ✓ creates a mixed ordered and bullet list without changing a level already used by existing items  495ms
   ✓ isolates mixed-level authoring from other instances sharing the original abstract  308ms
 ✓ packages/docx/src/template.test.ts (30 tests) 3634ms
   ✓ expands explicit row template arrays and retains empty refillable items  323ms
   ✓ expands nested declared sections and remaps contained bookmark references per item  318ms
   ✓ supports nested row templates in sections, empty children and varied prior item counts  514ms
   ✓ preserves nested inline PNG media while remapping drawing IDs and owner-local relationships  329ms
 ✓ packages/docx/src/comments.test.ts (19 tests) 3882ms
   ✓ edits and deletes one of multiple comments while preserving unrelated annotations exactly  568ms
   ✓ preserves explicit null initials, returns fresh staged locations and supports all removal  326ms
   ✓ counts preceding hyperlink text before choosing comment endpoints  319ms
 ✓ packages/docx/src/font-resources.test.ts (15 tests) 3867ms
   ✓ preserves font bytes, theme extensions and multilingual references through typed edits and text replacement  544ms
   ✓ does not use orphaned or external themes to satisfy package references  398ms
   ✓ retains inherited theme absence in live formatting views and preserves resources on save  374ms
   ✓ rejects rebinding embedded font relationships but allows unchanged font-table XML  317ms
   ✓ uses the document text-color mapping when checking theme slots  358ms
   ✓ honors case-insensitive content types when resolving and protecting fonts  307ms
 ✓ packages/docx/src/images.test.ts (26 tests) 3808ms
   ✓ preserves original inert emf bytes during unrelated image insertion  374ms
   ✓ preserves original inert wdp bytes during unrelated image insertion  341ms
   ✓ groups original repeated image owners with linear location copying  392ms
 ✓ packages/docx/src/inspection.test.ts (31 tests) 3793ms
 ✓ packages/docx/src/sections.test.ts (28 tests) 3736ms
   ✓ preserves all header/footer variants through global policy enable and disable (false)  671ms
   ✓ preserves all header/footer variants through global policy enable and disable (true)  648ms
 ✓ packages/docx/src/notes.test.ts (25 tests) 3573ms
   ✓ inserts footnotes and endnotes with independent reserved IDs (false)  303ms
   ✓ keeps note images and relationships through scoped edits and deletion  316ms
 ✓ packages/docx/src/diff.test.ts (15 tests) 3708ms
   ✓ compares payloads independently of compression, order, dates and ZIP comments  323ms
   ✓ ignores XML prefix and attribute spelling order but retains whitespace, order and IDs  445ms
   ✓ selects annotation stories and preserves logical table structure  511ms
   ✓ returns equality, difference and trouble through explicit memfs inputs without writes  334ms
   ✓ preserves semantic XML order, adjacent character data and meaningful attribute values  404ms
   ✓ compares logical run splits and detects selected image and annotation identity changes  628ms
 ✓ packages/docx/src/package.test.ts (66 tests) 3583ms
 ✓ packages/docx/src/table-merge.test.ts (30 tests) 3528ms
   ✓ joins a rectangular span in row order and aliases all covered coordinates  318ms
   ✓ combines existing horizontal and vertical spans without dropping nested blocks  473ms
   ✓ splits into equal rectangular subspans without changing the stored grid  361ms
 ✓ packages/docx/src/document-properties.test.ts (27 tests) 3556ms
 ✓ packages/docx/src/styles-model-boundaries.test.ts (257 tests) 3541ms
   ✓ reads and sets latent default default_to_hidden with strict boolean semantics  353ms
   ✓ reads and sets latent default default_to_locked with strict boolean semantics  369ms
   ✓ reads and sets latent default default_to_quick_style with strict boolean semantics  336ms
   ✓ reads and sets latent default default_to_unhide_when_used with strict boolean semantics  335ms
 ✓ packages/docx/src/styles.test.ts (16 tests) 2991ms
   ✓ creates and edits a paragraph style without changing unedited metadata  432ms
   ✓ creates and edits a character style without changing unedited metadata  413ms
   ✓ creates and edits a table style without changing unedited metadata  404ms
 ✓ packages/docx/src/links.test.ts (36 tests) 3291ms
 ✓ packages/docx/src/pack.test.ts (28 tests) 2857ms
 ✓ packages/docx/src/removal.test.ts (31 tests) 2872ms
   ✓ retains every shared media byte and relationship during unrelated run removal  593ms
 ✓ packages/docx/src/controls.test.ts (38 tests) 2544ms
 ✓ packages/docx/src/revision-decisions.test.ts (29 tests) 2780ms
 ✓ packages/docx/src/extract.test.ts (29 tests) 2527ms
 ✓ packages/docx/src/fields.test.ts (32 tests) 2510ms
 ✓ packages/docx/src/table-edit.test.ts (28 tests) 2419ms
 ✓ packages/docx/src/bookmarks.test.ts (22 tests) 2436ms
 ✓ packages/docx/src/create.test.ts (15 tests) 2419ms
   ✓ creates deterministic independently reopened docx packages in both dialects  399ms
   ✓ creates deterministic independently reopened dotx packages in both dialects  375ms
   ✓ keeps an original conflicting title and outline style and reuses generated heading identities  341ms
 ✓ packages/docx/src/signatures.test.ts (15 tests) 2334ms
 ✓ packages/docx/src/field-structures.test.ts (9 tests) 2117ms
   ✓ creates bounded fields with separate inert instructions and caches (false)  476ms
   ✓ creates bounded fields with separate inert instructions and caches (true)  425ms
   ✓ creates referenced bookmarks and renames generated REF/PAGEREF operands without touching caches  338ms
 ✓ packages/docx/src/dummy-text.test.ts (10 tests) 2316ms
   ✓ repeats seeded output byte for byte and restarts the sequence per paragraph  435ms
   ✓ retains every unselected package member including hidden metadata and image bytes  573ms
 ✓ packages/docx/src/simple-selection.test.ts (30 tests) 2056ms
 ✓ packages/docx/src/run-format.test.ts (22 tests) 2047ms
 ✓ packages/docx/src/table-active-grid.test.ts (34 tests) 1944ms
 ✓ packages/docx/src/locations.test.ts (35 tests) 2016ms
 ✓ packages/docx/src/equations.test.ts (30 tests) 1946ms
 ✓ packages/docx/src/media-graph-regression.test.ts (9 tests) 1920ms
   ✓ keeps occurrence ownership through replacement and later crop edits (false)  375ms
   ✓ keeps occurrence ownership through replacement and later crop edits (true)  319ms
   ✓ preserves inert svg-pair resources through inline insertion and refuses their replacement before acquisition  364ms
 ✓ packages/docx/src/charts.test.ts (20 tests) 1773ms
 ✓ packages/docx/src/revisions.test.ts (30 tests) 1847ms
 ✓ packages/docx/src/objects.test.ts (21 tests) 1714ms
 ✓ packages/docx/src/admission.test.ts (21 tests) 1703ms
 ✓ packages/docx/src/control-repeat.test.ts (17 tests) 1573ms
   ✓ clears choice/date values and resets declared checkbox glyph in a reusable empty item  323ms
 ✓ packages/docx/src/tracked-text.test.ts (13 tests) 1586ms
 ✓ packages/docx/src/async-model-capabilities.test.ts (23 tests) 1525ms
 ✓ packages/docx/src/diagrams.test.ts (23 tests) 1574ms
 ✓ packages/docx/tests/public-shell.test.ts (1 test) 1442ms
   ✓ runs built public SDK and shell consumers outside source aliases  1442ms
 ✓ packages/docx/src/diff-input-ownership.test.ts (12 tests) 1521ms
 ✓ packages/docx/src/shape-edit.test.ts (21 tests) 1394ms
 ✓ packages/docx/src/text.test.ts (18 tests) 1361ms
   ✓ orders all story scopes and deduplicates shared parts  446ms
 ✓ packages/docx/tests/fixtures/documents.test.ts (23 tests) 1316ms
 ✓ packages/docx/src/run-break-contract.test.ts (18 tests) 1274ms
(node:24617) Warning: The 'NO_COLOR' env is ignored due to the 'FORCE_COLOR' env being set.
(Use `node --trace-warnings ...` to show where the warning was created)
 ✓ packages/docx/src/image-replacement-command.test.ts (8 tests) 1246ms
 ✓ packages/docx/tests/assertions.test.ts (23 tests) 1246ms
     ✓ rejects dangling styles, numbering, note IDs and unmatched bookmark ranges  362ms
 ✓ packages/docx/src/section-model.test.ts (27 tests) 1238ms
 ✓ packages/docx/src/style-formatting.test.ts (11 tests) 1182ms
 ✓ packages/docx/src/table-construction.test.ts (25 tests) 1140ms
 ✓ packages/docx/src/batch.test.ts (18 tests) 1139ms
 ✓ packages/docx/src/io.test.ts (19 tests) 1116ms
 ✓ packages/docx/src/control-clone.test.ts (11 tests) 1088ms
   ✓ remaps drawing occurrence IDs and relationships while retaining shared original media bytes  396ms
 ✓ packages/docx/src/package-view.test.ts (12 tests) 1073ms
 ✓ packages/docx/src/images-command.test.ts (13 tests) 1032ms
 ✓ packages/docx/src/package-view-resources.test.ts (10 tests) 981ms
 ✓ packages/docx/src/ancillary-resources.test.ts (6 tests) 1027ms
 ✓ packages/docx/src/paragraph-insertion-contract.test.ts (14 tests) 840ms
 ✓ packages/docx/src/settings.test.ts (14 tests) 930ms
 ✓ packages/docx/src/xml-element-view.test.ts (13 tests) 793ms
 ✓ packages/docx/src/inspection-command.test.ts (11 tests) 741ms
 ✓ packages/docx/tests/cross-format-cli.test.ts (52 tests | 4 skipped) 821ms
 ✓ packages/docx/src/document-model.test.ts (7 tests) 753ms
 ✓ packages/docx/src/styles-model.test.ts (9 tests) 745ms
 ✓ packages/docx/src/diagram-observations.test.ts (18 tests) 723ms
   ✓ public physical inventory recognizes exact shape expanded pairs in dialect false  365ms
   ✓ public physical inventory recognizes exact shape expanded pairs in dialect true  347ms
 ✓ packages/docx/src/properties-command.test.ts (10 tests) 682ms
 ✓ packages/docx/src/control-picture.test.ts (10 tests) 710ms
 ✓ packages/docx/src/relationship-deletion-references.test.ts (10 tests) 690ms
 ✓ packages/docx/src/xml-write.test.ts (42 tests) 703ms
 ✓ packages/docx/src/xml-behavior-variants.test.ts (70 tests) 608ms
 ✓ packages/docx/src/xml-command.test.ts (9 tests) 683ms
 ✓ packages/docx/src/large-profile.test.ts (6 tests) 573ms
 ✓ packages/docx/src/styles-command.test.ts (13 tests) 547ms
 ✓ packages/docx/src/pack-uri-batch.test.ts (13 tests) 549ms
 ✓ packages/docx/src/adversarial-input.test.ts (49 tests) 536ms
 ✓ packages/docx/src/fields-command.test.ts (15 tests) 518ms
 ✓ packages/docx/src/ancillary-resources-command.test.ts (8 tests) 530ms
 ✓ packages/docx/src/budget.test.ts (19 tests) 483ms
 ✓ packages/docx/src/image-insertion-command.test.ts (8 tests) 491ms
 ✓ packages/docx/src/stories-command.test.ts (5 tests) 483ms
 ✓ packages/docx/src/document-workflow-boundaries.test.ts (4 tests) 481ms
 ✓ packages/docx/src/corpus-structure-regression.test.ts (4 tests) 468ms
 ✓ packages/docx/src/sanitize-command.test.ts (3 tests) 445ms
 ✓ packages/docx/src/inline-shape-model.test.ts (3 tests) 447ms
 ✓ packages/docx/src/style-model-batch.test.ts (9 tests) 456ms
 ✓ packages/docx/src/archive.test.ts (16 tests) 434ms
 ✓ packages/docx/src/bookmarks-command.test.ts (4 tests) 461ms
   ✓ creates, lists, renames and removes a table-contained multi-run bookmark through the CLI  374ms
 ✓ packages/docx/src/numbering-model-workflow.test.ts (8 tests) 416ms
 ✓ packages/docx/src/collection-value-protocols.test.ts (21 tests) 404ms
 ✓ packages/docx/src/text-command.test.ts (5 tests) 387ms
 ✓ packages/docx/src/settings-model.test.ts (7 tests) 406ms
 ✓ packages/docx/src/structure-model-command.test.ts (4 tests) 378ms
 ✓ packages/docx/src/numeric-property-command.test.ts (5 tests) 376ms
 ✓ packages/docx/src/guide-style-identification.test.ts (3 tests) 373ms
 ✓ packages/docx/src/structure-model-batch-operations.test.ts (7 tests) 385ms
 ✓ packages/docx/src/style-formatting-command.test.ts (4 tests) 369ms
 ✓ packages/docx/src/create-command.test.ts (3 tests) 377ms
 ✓ packages/docx/src/equations-command.test.ts (6 tests) 331ms
 ✓ packages/docx/src/text-box-locations.test.ts (7 tests) 341ms
 ✓ packages/docx/src/review-model.test.ts (17 tests) 317ms
 ✓ packages/docx/src/diagrams-command.test.ts (5 tests) 326ms
 ✓ packages/docx/src/archive-write.test.ts (11 tests) 306ms
 ✓ packages/docx/src/model-active-content.test.ts (6 tests) 313ms
 ✓ packages/docx/src/review-style-model.test.ts (6 tests) 318ms
 ✓ packages/docx/src/table-read.test.ts (6 tests) 311ms
 ✓ packages/docx/src/objects-command.test.ts (3 tests) 286ms
 ✓ packages/docx/src/table-model.test.ts (14 tests) 313ms
 ✓ packages/docx/src/links-command.test.ts (7 tests) 316ms
   ✓ uses the same link SDK through direct CLI creation, listing, edit and explicit content deletion  309ms
 ✓ packages/docx/src/package-view-command.test.ts (5 tests) 293ms
 ✓ packages/docx/src/image-extraction-failure-envelope.test.ts (1 test) 268ms
 ✓ packages/docx/src/style-model-command.test.ts (4 tests) 264ms
 ✓ packages/docx/src/validation.test.ts (54 tests) 245ms
 ✓ packages/docx/src/document-session.test.ts (6 tests) 245ms
 ✓ packages/docx/src/signatures-command.test.ts (3 tests) 228ms
 ✓ packages/docx/src/highlight-xml-contract.test.ts (19 tests) 239ms
 ✓ packages/docx/src/image-layout-command.test.ts (1 test) 199ms
 ✓ packages/docx/src/relationship-deletion-command.test.ts (2 tests) 195ms
 ✓ packages/docx/src/table-command-boundaries.test.ts (3 tests) 189ms
 ✓ packages/docx/src/image-batch-operations.test.ts (5 tests) 192ms
 ✓ packages/docx/src/charts-command.test.ts (3 tests) 163ms
 ✓ packages/docx/src/notes-boundaries.test.ts (2 tests) 178ms
 ✓ packages/docx/src/model-package-owner-preservation.test.ts (2 tests) 157ms
 ✓ packages/docx/src/publication-conflict-guidance.test.ts (2 tests) 147ms
 ✓ packages/docx/src/public-enum-protocols.test.ts (18 tests) 146ms
 ✓ packages/docx/src/run-format-command.test.ts (5 tests) 143ms
 ✓ packages/docx/src/document-write-budget.test.ts (3 tests) 130ms
 ✓ packages/docx/src/control-template-command.test.ts (1 test) 130ms
 ✓ packages/docx/src/formatting-model-boundaries.test.ts (36 tests) 118ms
 ✓ packages/docx/src/xml-view-command.test.ts (1 test) 113ms
 ✓ packages/docx/src/font-tabs.test.ts (37 tests) 95ms
 ✓ packages/docx/src/shapes-command.test.ts (1 test) 106ms
 ✓ packages/docx/src/root-help-usability.test.ts (2 tests) 93ms
 ✓ packages/docx/src/package-write-budget.test.ts (3 tests) 101ms
 ✓ packages/docx/src/core-defaults-workflow.test.ts (2 tests) 94ms
 ✓ packages/docx/src/live-formatting-owner.test.ts (1 test) 81ms
 ✓ packages/docx/src/default-model-styles.test.ts (1 test) 82ms
 ✓ packages/docx/src/tracked-text-command.test.ts (8 tests) 67ms
 ✓ packages/docx/src/image-operation-contract.test.ts (6 tests) 64ms
 ✓ packages/docx/src/command.test.ts (58 tests) 66ms
 ✓ packages/docx/src/operation-json-schema.test.ts (7 tests) 71ms
 ✓ packages/docx/src/raster-operation-contract.test.ts (7 tests) 66ms
 ✓ packages/docx/src/formatting-model.test.ts (33 tests) 50ms
 ✓ packages/docx/src/binding-ownership.test.ts (1 test) 44ms
 ✓ packages/docx/src/image-characterization-variants.test.ts (138 tests) 32ms
 ✓ packages/docx/src/batch-discovery.test.ts (2 tests) 37ms
 ✓ packages/docx/src/property-values.test.ts (1 test) 36ms
 ✓ packages/docx/src/batch-admission.test.ts (7 tests) 28ms
 ✓ packages/docx/src/compatibility.test.ts (53 tests) 27ms
 ✓ packages/docx/src/xml-sequence-cases.test.ts (23 tests) 19ms
 ✓ packages/docx/src/adversarial-fields.test.ts (8 tests) 18ms
 ✓ packages/docx/src/bookmark-references.test.ts (26 tests) 16ms
 ✓ packages/docx/src/image-model.test.ts (40 tests) 14ms
 ✓ packages/docx/src/chart-values.test.ts (32 tests) 15ms
 ✓ packages/docx/src/package-xml.test.ts (48 tests) 13ms
 ✓ packages/docx/src/svg-image.test.ts (62 tests) 12ms
 ✓ packages/docx/src/revision-decisions-command.test.ts (6 tests) 11ms
 ✓ packages/docx/src/property-operation-contract.test.ts (7 tests) 11ms
 ✓ packages/docx/src/run-properties.test.ts (3 tests) 11ms
 ✓ packages/docx/src/notes-discovery.test.ts (2 tests) 9ms
 ✓ packages/docx/src/svg-fallback-operation-contract.test.ts (3 tests) 10ms
 ✓ packages/docx/src/numeric-property-schema-contract.test.ts (8 tests) 11ms
 ✓ packages/docx/src/image-model-input.test.ts (14 tests) 9ms
 ✓ packages/docx/src/capability-failure-contract.test.ts (2 tests) 10ms
 ✓ packages/docx/src/control-values-command.test.ts (7 tests) 9ms
 ✓ packages/docx/src/formatting-values.test.ts (7 tests) 10ms
 ✓ packages/docx/src/equation-operation-contract.test.ts (3 tests) 9ms
 ✓ packages/docx/src/package-resources-command.test.ts (9 tests) 12ms
 ✓ packages/docx/src/control-records-command.test.ts (5 tests) 8ms
 ✓ packages/docx/src/raster-characterization-cases.test.ts (45 tests) 10ms
 ✓ packages/docx/src/command-edge.test.ts (22 tests) 8ms
 ✓ packages/docx/src/command-properties.test.ts (51 tests) 8ms
 ✓ packages/docx/src/pack-uri.test.ts (36 tests) 8ms
 ✓ packages/docx/src/diagram-operation-contract.test.ts (3 tests) 7ms
 ✓ packages/docx/src/equation-fragments.test.ts (15 tests) 8ms
 ✓ packages/docx/src/image-replacement-operation-contract.test.ts (3 tests) 8ms
 ✓ packages/docx/src/shape-carriers.test.ts (10 tests) 7ms
 ✓ packages/docx/src/equation-properties.test.ts (12 tests) 7ms
 ✓ packages/docx/src/image-layout-operation-contract.test.ts (3 tests) 7ms
 ✓ packages/docx/tests/schema-consumer.test.ts (7 tests) 6ms
 ✓ packages/docx/src/command-option-rules.test.ts (76 tests) 6ms
 ✓ packages/docx/src/shape-operation-contract.test.ts (2 tests) 7ms
 ✓ packages/docx/src/object-operation-contract.test.ts (2 tests) 6ms
 ✓ packages/docx/src/operation-schema.test.ts (19 tests) 6ms
 ✓ packages/docx/src/chart-operation-contract.test.ts (2 tests) 6ms
 ✓ packages/docx/src/raster-header.test.ts (13 tests) 7ms
 ✓ packages/docx/src/argument-json.test.ts (13 tests) 5ms
 ✓ packages/docx/src/packing-vfs-admission.test.ts (7 tests) 5ms
 ✓ packages/docx/src/document-part-roles.test.ts (1 test) 4ms
 ✓ packages/docx/src/model-context-consistency.test.ts (3 tests) 4ms
 ✓ packages/docx/src/command-recovery-guidance.test.ts (3 tests) 4ms
 ✓ packages/docx/src/pack-inventory-negative-index.test.ts (3 tests) 2ms
 ✓ packages/docx/src/legacy-command-guidance.test.ts (4 tests) 3ms
 ✓ packages/docx/src/operation-types.test.ts (14 tests) 2ms

 Test Files  215 passed (215)
      Tests  4904 passed | 4 skipped (4908)
   Start at  23:08:22
   Duration  165.86s (transform 4.47s, setup 1.27s, import 33.01s, tests 286.78s, environment 8ms)

