[
  {
    "name": "@poe-platform/safe-fs",
    "directory": "/private/tmp/provenance-followup-scoped.gizU69/safe-fs",
    "version": "0.0.0-provenance.c84b02b",
    "files": 137
  },
  {
    "name": "@poe-platform/safe-js",
    "directory": "/private/tmp/provenance-followup-scoped.gizU69/safe-js",
    "version": "0.0.0-provenance.c84b02b",
    "files": 371
  },
  {
    "name": "@poe-platform/safe-bash",
    "directory": "/private/tmp/provenance-followup-scoped.gizU69/safe-bash",
    "version": "0.0.0-provenance.c84b02b",
    "files": 1642
  }
]
