
 RUN  v4.1.11 /Users/kjopek/Workspace/poe-code-language-delivery

 ❯ packages/safe-js/test/conformance/script-declaration-errors.test.ts (8 tests | 7 failed) 198ms
   × creates a guest SyntaxError for restricted global declaration let undefined; 43ms
   × creates a guest SyntaxError for restricted global declaration const NaN=0; 23ms
   × creates a guest SyntaxError for restricted global declaration class Infinity {} 18ms
   × creates a guest SyntaxError for restricted global declaration "use strict";let undefined; 24ms
   × preserves guest error identity after an earlier Script: var x; 24ms
   × preserves guest error identity after an earlier Script: function x(){} 20ms
   × preserves guest error identity after an earlier Script: let x; 22ms
   ✓ keeps forged error names and fatal budgets distinct from declaration errors 23ms
FAIL packages/safe-js/test/conformance/script-declaration-errors.test.ts > creates a guest SyntaxError for restricted global declaration let undefined;
AssertionError: expected { status: 'failed', …(2) } to deeply equal { status: 'passed' }

- Expected
+ Received

  {
-   "status": "passed",
+   "detail": {
+     "message": "Cannot redeclare global 'undefined'.",
+     "phase": "runtime",
+   },
+   "reason": "wrong-error-type",
+   "status": "failed",
  }

 ❯ packages/safe-js/test/conformance/script-declaration-errors.test.ts:11:80
      9|   try{
     10|     const result=await realm.evaluate(source);
     11|     expect(classifyScriptOutcome(result,{phase:"runtime",type:"SyntaxE…
       |                                                                                ^
     12|     expect(result).toMatchObject({status:"throw",phase:"runtime"});
     13|     if(result.status!=="throw")throw new Error("Expected throw");

FAIL packages/safe-js/test/conformance/script-declaration-errors.test.ts > creates a guest SyntaxError for restricted global declaration const NaN=0;
AssertionError: expected { status: 'failed', …(2) } to deeply equal { status: 'passed' }

- Expected
+ Received

  {
-   "status": "passed",
+   "detail": {
+     "message": "Cannot redeclare global 'NaN'.",
+     "phase": "runtime",
+   },
+   "reason": "wrong-error-type",
+   "status": "failed",
  }

 ❯ packages/safe-js/test/conformance/script-declaration-errors.test.ts:11:80
      9|   try{
     10|     const result=await realm.evaluate(source);
     11|     expect(classifyScriptOutcome(result,{phase:"runtime",type:"SyntaxE…
       |                                                                                ^
     12|     expect(result).toMatchObject({status:"throw",phase:"runtime"});
     13|     if(result.status!=="throw")throw new Error("Expected throw");

FAIL packages/safe-js/test/conformance/script-declaration-errors.test.ts > creates a guest SyntaxError for restricted global declaration class Infinity {}
AssertionError: expected { status: 'failed', …(2) } to deeply equal { status: 'passed' }

- Expected
+ Received

  {
-   "status": "passed",
+   "detail": {
+     "message": "Cannot redeclare global 'Infinity'.",
+     "phase": "runtime",
+   },
+   "reason": "wrong-error-type",
+   "status": "failed",
  }

 ❯ packages/safe-js/test/conformance/script-declaration-errors.test.ts:11:80
      9|   try{
     10|     const result=await realm.evaluate(source);
     11|     expect(classifyScriptOutcome(result,{phase:"runtime",type:"SyntaxE…
       |                                                                                ^
     12|     expect(result).toMatchObject({status:"throw",phase:"runtime"});
     13|     if(result.status!=="throw")throw new Error("Expected throw");

FAIL packages/safe-js/test/conformance/script-declaration-errors.test.ts > creates a guest SyntaxError for restricted global declaration "use strict";let undefined;
AssertionError: expected { status: 'failed', …(2) } to deeply equal { status: 'passed' }

- Expected
+ Received

  {
-   "status": "passed",
+   "detail": {
+     "message": "Cannot redeclare global 'undefined'.",
+     "phase": "runtime",
+   },
+   "reason": "wrong-error-type",
+   "status": "failed",
  }

 ❯ packages/safe-js/test/conformance/script-declaration-errors.test.ts:11:80
      9|   try{
     10|     const result=await realm.evaluate(source);
     11|     expect(classifyScriptOutcome(result,{phase:"runtime",type:"SyntaxE…
       |                                                                                ^
     12|     expect(result).toMatchObject({status:"throw",phase:"runtime"});
     13|     if(result.status!=="throw")throw new Error("Expected throw");

FAIL packages/safe-js/test/conformance/script-declaration-errors.test.ts > preserves guest error identity after an earlier Script: var x;
AssertionError: expected { status: 'failed', …(2) } to deeply equal { status: 'passed' }

- Expected
+ Received

  {
-   "status": "passed",
+   "detail": {
+     "message": "Cannot redeclare global 'x'.",
+     "phase": "runtime",
+   },
+   "reason": "wrong-error-type",
+   "status": "failed",
  }

 ❯ packages/safe-js/test/conformance/script-declaration-errors.test.ts:24:102
     22|   try{
     23|     expect(await realm.evaluate("let x=7;")).toMatchObject({status:"no…
     24|     expect(classifyScriptOutcome(await realm.evaluate(source),{phase:"…
       |                                                                                                      ^
     25|     expect(await realm.evaluate("x")).toMatchObject({status:"normal",v…
     26|   }finally{await realm.dispose();}

FAIL packages/safe-js/test/conformance/script-declaration-errors.test.ts > preserves guest error identity after an earlier Script: function x(){}
AssertionError: expected { status: 'failed', …(2) } to deeply equal { status: 'passed' }

- Expected
+ Received

  {
-   "status": "passed",
+   "detail": {
+     "message": "Cannot redeclare global 'x'.",
+     "phase": "runtime",
+   },
+   "reason": "wrong-error-type",
+   "status": "failed",
  }

 ❯ packages/safe-js/test/conformance/script-declaration-errors.test.ts:24:102
     22|   try{
     23|     expect(await realm.evaluate("let x=7;")).toMatchObject({status:"no…
     24|     expect(classifyScriptOutcome(await realm.evaluate(source),{phase:"…
       |                                                                                                      ^
     25|     expect(await realm.evaluate("x")).toMatchObject({status:"normal",v…
     26|   }finally{await realm.dispose();}

FAIL packages/safe-js/test/conformance/script-declaration-errors.test.ts > preserves guest error identity after an earlier Script: let x;
AssertionError: expected { status: 'failed', …(2) } to deeply equal { status: 'passed' }

- Expected
+ Received

  {
-   "status": "passed",
+   "detail": {
+     "message": "Cannot redeclare global 'x'.",
+     "phase": "runtime",
+   },
+   "reason": "wrong-error-type",
+   "status": "failed",
  }

 ❯ packages/safe-js/test/conformance/script-declaration-errors.test.ts:24:102
     22|   try{
     23|     expect(await realm.evaluate("let x=7;")).toMatchObject({status:"no…
     24|     expect(classifyScriptOutcome(await realm.evaluate(source),{phase:"…
       |                                                                                                      ^
     25|     expect(await realm.evaluate("x")).toMatchObject({status:"normal",v…
     26|   }finally{await realm.dispose();}


⎯⎯⎯⎯⎯⎯⎯ Failed Tests 7 ⎯⎯⎯⎯⎯⎯⎯

 FAIL  packages/safe-js/test/conformance/script-declaration-errors.test.ts > creates a guest SyntaxError for restricted global declaration let undefined;
 FAIL  packages/safe-js/test/conformance/script-declaration-errors.test.ts > creates a guest SyntaxError for restricted global declaration "use strict";let undefined;
AssertionError: expected { status: 'failed', …(2) } to deeply equal { status: 'passed' }

- Expected
+ Received

  {
-   "status": "passed",
+   "detail": {
+     "message": "Cannot redeclare global 'undefined'.",
+     "phase": "runtime",
+   },
+   "reason": "wrong-error-type",
+   "status": "failed",
  }

 ❯ packages/safe-js/test/conformance/script-declaration-errors.test.ts:11:80
      9|   try{
     10|     const result=await realm.evaluate(source);
     11|     expect(classifyScriptOutcome(result,{phase:"runtime",type:"SyntaxE…
       |                                                                                ^
     12|     expect(result).toMatchObject({status:"throw",phase:"runtime"});
     13|     if(result.status!=="throw")throw new Error("Expected throw");

⎯⎯⎯⎯⎯⎯⎯⎯⎯⎯⎯⎯⎯⎯⎯⎯⎯⎯⎯⎯⎯⎯⎯⎯[1/7]⎯

 FAIL  packages/safe-js/test/conformance/script-declaration-errors.test.ts > creates a guest SyntaxError for restricted global declaration const NaN=0;
AssertionError: expected { status: 'failed', …(2) } to deeply equal { status: 'passed' }

- Expected
+ Received

  {
-   "status": "passed",
+   "detail": {
+     "message": "Cannot redeclare global 'NaN'.",
+     "phase": "runtime",
+   },
+   "reason": "wrong-error-type",
+   "status": "failed",
  }

 ❯ packages/safe-js/test/conformance/script-declaration-errors.test.ts:11:80
      9|   try{
     10|     const result=await realm.evaluate(source);
     11|     expect(classifyScriptOutcome(result,{phase:"runtime",type:"SyntaxE…
       |                                                                                ^
     12|     expect(result).toMatchObject({status:"throw",phase:"runtime"});
     13|     if(result.status!=="throw")throw new Error("Expected throw");

⎯⎯⎯⎯⎯⎯⎯⎯⎯⎯⎯⎯⎯⎯⎯⎯⎯⎯⎯⎯⎯⎯⎯⎯[2/7]⎯

 FAIL  packages/safe-js/test/conformance/script-declaration-errors.test.ts > creates a guest SyntaxError for restricted global declaration class Infinity {}
AssertionError: expected { status: 'failed', …(2) } to deeply equal { status: 'passed' }

- Expected
+ Received

  {
-   "status": "passed",
+   "detail": {
+     "message": "Cannot redeclare global 'Infinity'.",
+     "phase": "runtime",
+   },
+   "reason": "wrong-error-type",
+   "status": "failed",
  }

 ❯ packages/safe-js/test/conformance/script-declaration-errors.test.ts:11:80
      9|   try{
     10|     const result=await realm.evaluate(source);
     11|     expect(classifyScriptOutcome(result,{phase:"runtime",type:"SyntaxE…
       |                                                                                ^
     12|     expect(result).toMatchObject({status:"throw",phase:"runtime"});
     13|     if(result.status!=="throw")throw new Error("Expected throw");

⎯⎯⎯⎯⎯⎯⎯⎯⎯⎯⎯⎯⎯⎯⎯⎯⎯⎯⎯⎯⎯⎯⎯⎯[3/7]⎯

 FAIL  packages/safe-js/test/conformance/script-declaration-errors.test.ts > preserves guest error identity after an earlier Script: var x;
 FAIL  packages/safe-js/test/conformance/script-declaration-errors.test.ts > preserves guest error identity after an earlier Script: function x(){}
 FAIL  packages/safe-js/test/conformance/script-declaration-errors.test.ts > preserves guest error identity after an earlier Script: let x;
AssertionError: expected { status: 'failed', …(2) } to deeply equal { status: 'passed' }

- Expected
+ Received

  {
-   "status": "passed",
+   "detail": {
+     "message": "Cannot redeclare global 'x'.",
+     "phase": "runtime",
+   },
+   "reason": "wrong-error-type",
+   "status": "failed",
  }

 ❯ packages/safe-js/test/conformance/script-declaration-errors.test.ts:24:102
     22|   try{
     23|     expect(await realm.evaluate("let x=7;")).toMatchObject({status:"no…
     24|     expect(classifyScriptOutcome(await realm.evaluate(source),{phase:"…
       |                                                                                                      ^
     25|     expect(await realm.evaluate("x")).toMatchObject({status:"normal",v…
     26|   }finally{await realm.dispose();}

⎯⎯⎯⎯⎯⎯⎯⎯⎯⎯⎯⎯⎯⎯⎯⎯⎯⎯⎯⎯⎯⎯⎯⎯[4/7]⎯


 Test Files  1 failed (1)
      Tests  7 failed | 1 passed (8)
   Start at  11:30:28
   Duration  2.43s (transform 1.68s, setup 45ms, import 2.09s, tests 198ms, environment 0ms)

