
 RUN  v4.1.11 /Users/kjopek/Workspace/poe-code-language-delivery

 ✓ packages/safe-js/src/interp/generator-allocation-order.test.ts (6 tests) 667ms
 ✓ packages/safe-js/src/snapshot/guest-generator-for-continuations.test.ts (26 tests) 434ms
 ❯ packages/safe-js/src/interp/generator-intrinsic-prototypes.test.ts (60 tests | 2 failed) 2026ms
   ✓ implements generator intrinsic prototypes: const value=(function*(){yield 1})();return [typeof value[Symbol.iterator],value.next===value.next] 44ms
   ✓ implements generator intrinsic prototypes: const first=(function*(){yield 1})();const second=(function*(){yield 2})();return first.next.call(second) 23ms
   ✓ implements generator intrinsic prototypes: const value=(function*(){yield 1})();try{value.next.call({})}catch(error){return error.name} 20ms
   ✓ implements generator intrinsic prototypes: function* values(){yield 1}return [typeof values.prototype,Object.getPrototypeOf(values())===values.prototype] 21ms
   ✓ implements generator intrinsic prototypes: function* values(){yield 1}values.prototype={extra:3};return values().extra 17ms
   ✓ implements generator intrinsic prototypes: function* first(){yield 1}function* second(){yield 2}return [Object.getPrototypeOf(first())===Object.getPrototypeOf(first()),Object.getPrototypeOf(first())!==Object.getPrototypeOf(second())] 19ms
   ✓ implements generator intrinsic prototypes: const value=(async function*(){yield 1})();return [typeof value[Symbol.asyncIterator],Object.prototype.toString.call(value)] 20ms
   ✓ preserves generator graph semantics: function* f(){} const p=Object.getPrototypeOf(f);const g=Object.getPrototypeOf(f.prototype);return [typeof p,Object.getPrototypeOf(p)===Object.getPrototypeOf(function(){}),p.prototype===g,g.constructor===p,Object.hasOwn(f.prototype,'constructor'),Object.getPrototypeOf(g)===Object.getPrototypeOf(Object.getPrototypeOf([][Symbol.iterator]())),Object.prototype.toString.call(f)] 28ms
   ✓ preserves generator graph semantics: async function* f(){} const p=Object.getPrototypeOf(f);const g=Object.getPrototypeOf(f.prototype);return [typeof p,Object.getPrototypeOf(p)===Object.getPrototypeOf(function(){}),p.prototype===g,g.constructor===p,Object.hasOwn(f.prototype,'constructor'),Object.prototype.toString.call(f)] 22ms
   ✓ preserves generator graph semantics: { source: 'function* f(x=(f.prototype={changed:true})){}const old=f.prototype;const value=f();return [Object.getPrototypeOf(value)===old,Object.getPrototypeOf(value)===f.prototype]', expected: [ false, true ] } 17ms
   ✓ preserves generator graph semantics: { source: 'async function* f(x=(f.prototype={changed:true})){}const old=f.prototype;const value=f();return [Object.getPrototypeOf(value)===old,Object.getPrototypeOf(value)===f.prototype]', expected: [ false, true ] } 19ms
   ✓ preserves generator graph semantics: function* f(){} const p=Object.getPrototypeOf(f);const bound=f.bind(null);return [Object.hasOwn(bound,'prototype'),Object.getPrototypeOf(bound)===p,bound.prototype===p.prototype,Object.getPrototypeOf(bound())===f.prototype] 23ms
   ✓ preserves generator graph semantics: function* f(){} const d=Object.getOwnPropertyDescriptor(f,'prototype');return [d.writable,d.enumerable,d.configurable,Object.getOwnPropertyNames(d.value)] 22ms
   ✓ preserves generator graph semantics: function* f(){} const shared=Object.getPrototypeOf(f.prototype);f.prototype=null;return Object.getPrototypeOf(f())===shared 17ms
   ✓ preserves generator graph semantics: function* f(){} const shared=Object.getPrototypeOf(f.prototype);f.prototype=3;return Object.getPrototypeOf(f())===shared 14ms
   ✓ preserves generator graph semantics: function* f(){}const value=f();return [value instanceof f,value instanceof Object,f instanceof Object] 16ms
   ✓ preserves generator graph semantics: async function* f(){}const value=f();return [value instanceof f,value instanceof Object,f instanceof Object] 16ms
   ✓ preserves generator graph semantics: function* f(){}try{new f()}catch(e){return e.name} 15ms
   ✓ preserves generator graph semantics: async function* f(){}try{new f()}catch(e){return e.name} 15ms
   ✓ preserves generator graph semantics: const it=(function*(){yield 1})();const parent=Object.getPrototypeOf(Object.getPrototypeOf(it));return ['next','return','throw'].map(k=>{const d=Object.getOwnPropertyDescriptor(parent,k);return [d.value.name,d.value.length,d.writable,d.enumerable,d.configurable,Object.hasOwn(d.value,'prototype')]}) 26ms
   ✓ preserves generator graph semantics: const it=(function*(){})();const receiver={};const method=it[Symbol.iterator];return [method.call(receiver)===receiver,method.name,method.length] 15ms
   ✓ preserves generator graph semantics: const it=(async function*(){})();const receiver={};const method=it[Symbol.asyncIterator];return [method.call(receiver)===receiver,method.name,method.length] 17ms
   ✓ preserves generator graph semantics: const it=(function*(){})();delete Object.getPrototypeOf(Object.getPrototypeOf(it)).next;return typeof it.next 18ms
   ✓ preserves generator graph semantics: const it=(function*(){})();delete Object.getPrototypeOf(Object.getPrototypeOf(it))[Symbol.toStringTag];return Object.prototype.toString.call(it) 17ms
   ✓ preserves generator graph semantics: const it=(async function*(){})();delete Object.getPrototypeOf(Object.getPrototypeOf(it))[Symbol.toStringTag];return Object.prototype.toString.call(it) 24ms
   ✓ preserves generator graph semantics: const it=(function*(){yield 1})();delete Object.getPrototypeOf(Object.getPrototypeOf(Object.getPrototypeOf(it)))[Symbol.iterator];try{Array.from(it);return 'array-like'}catch(e){return e.name} 19ms
   ✓ brand-checks borrowed next methods 36ms
   ✓ brand-checks borrowed return methods 47ms
   ✓ brand-checks borrowed throw methods 33ms
   ✓ uses synchronous generator protocols through for-await 20ms
   ✓ inherits the shared Iterator tag accessor and its receiver-sensitive setter 42ms
   ✓ preserves generator intrinsic graphs across a pending effect: function* f(){yield 1;yield 2}const value=f();const next=value.next;const first=next.call(value);await pause();return [first,next===value.next,Object.getPrototypeOf(value)===f.prototype,next.call(value)] 114ms
   ✓ preserves generator intrinsic graphs across a pending effect: async function* f(){yield 1;yield 2}const value=f();const next=value.next;const first=await next.call(value);await pause();return [first,next===value.next,Object.getPrototypeOf(value)===f.prototype,await next.call(value)] 85ms
   ✓ preserves generator intrinsic graphs across a pending effect: function* f(){}const value=f();const prototype=Object.getPrototypeOf(f.prototype);prototype.next=function(){return {done:true,value:this.extra}};value.extra=7;Object.freeze(f.prototype);await pause();return [value.next(),Object.isFrozen(f.prototype),Object.getPrototypeOf(value)===f.prototype] 80ms
   ✓ preserves generator intrinsic graphs across a pending effect: const it=(async function*(){})();const factory=it[Symbol.asyncIterator];const prototype=Object.getPrototypeOf(Object.getPrototypeOf(it));delete prototype[Symbol.toStringTag];await pause();return [factory===it[Symbol.asyncIterator],factory.call(it)===it,Object.prototype.toString.call(it)] 66ms
   ✓ preserves generator intrinsic graphs across a pending effect: { source: 'function* f(x=(f.prototype={},pause())){}f.prototype.extra=7;const value=f();return value.extra', expected: undefined } 60ms
   ✓ preserves generator intrinsic graphs across a pending effect: { source: 'async function* f(x=(f.prototype={},pause())){}f.prototype.extra=7;const value=f();return value.extra', expected: undefined } 64ms
   ✓ retains shared generator prototype mutations (async=false) 12ms
   ✓ retains shared generator prototype mutations (async=true) 18ms
   ✓ retains shared generator iterator-method metadata (async=false) 13ms
   ✓ retains shared generator iterator-method metadata (async=true) 13ms
   ✓ keeps generator dynamic-source constructors inside the guest realm 24ms
   × retains the replacement prototype during parameter initialization (async=false) 23ms
   × retains the replacement prototype during parameter initialization (async=true) 20ms
   ✓ restores generator prototype and borrowed method identity without reexecution (async=false) 86ms
   ✓ restores generator prototype and borrowed method identity without reexecution (async=true) 97ms
   ✓ restores the pre-intrinsic generator heap shape (async=false) 73ms
   ✓ restores the pre-intrinsic generator heap shape (async=true) 61ms
   ✓ restores generator intrinsic fallback without an intrinsic heap reference (async=false) 62ms
   ✓ restores generator intrinsic fallback without an intrinsic heap reference (async=true) 57ms
   ✓ initializes the realm for generators created by a restored ordinary function (async=false) 58ms
   ✓ initializes the realm for generators created by a restored ordinary function (async=true) 66ms
   ✓ releases selected prototype retention when parameter initialization throws (async=false) 23ms
   ✓ releases selected prototype retention when parameter initialization throws (async=true) 22ms
   ✓ preserves the implicit generator projection for legacy execution 19ms
   ✓ honors public generator protocols in contextless host adapters: const value=(function*(){yield ['original',1]})();let count=0;value.next=()=>count++?{done:true}:{done:false,value:['override',2]};return value 21ms
   ✓ honors public generator protocols in contextless host adapters: const value=(function*(){yield ['original',1]})();let count=0;Object.defineProperty(value,'next',{get(){return ()=>count++?{done:true}:{done:false,value:['getter',3]}}});return value 20ms
   ✓ honors public generator protocols in contextless host adapters: const value=(function*(){yield ['original',1]})();let count=0;value[Symbol.iterator]=()=>({next(){return count++?{done:true}:{done:false,value:['factory',4]}}});return value 22ms
   ✓ closes the public generator protocol after a contextless adapter rejects an entry 23ms
   ✓ uses the receiver when borrowing async generator next 19ms
FAIL packages/safe-js/src/interp/generator-intrinsic-prototypes.test.ts > retains the replacement prototype during parameter initialization (async=false)
AssertionError: expected 10 to be greater than 10000
 ❯ packages/safe-js/src/interp/generator-intrinsic-prototypes.test.ts:138:20
    136|   const source = `${async ? "async " : ""}function* f(x=(f.prototype={…
    137|   expect(await run(source, {budget,bindings:{inspect}})).toMatchObject…
    138|   expect(retained).toBeGreaterThan(10000);
       |                    ^
    139| });
    140|

FAIL packages/safe-js/src/interp/generator-intrinsic-prototypes.test.ts > retains the replacement prototype during parameter initialization (async=true)
AssertionError: expected 10 to be greater than 10000
 ❯ packages/safe-js/src/interp/generator-intrinsic-prototypes.test.ts:138:20
    136|   const source = `${async ? "async " : ""}function* f(x=(f.prototype={…
    137|   expect(await run(source, {budget,bindings:{inspect}})).toMatchObject…
    138|   expect(retained).toBeGreaterThan(10000);
       |                    ^
    139| });
    140|

 ✓ packages/safe-js/src/interp/generator-reentry-qualification.test.ts (4 tests) 379ms

⎯⎯⎯⎯⎯⎯⎯ Failed Tests 2 ⎯⎯⎯⎯⎯⎯⎯

 FAIL  packages/safe-js/src/interp/generator-intrinsic-prototypes.test.ts > retains the replacement prototype during parameter initialization (async=false)
 FAIL  packages/safe-js/src/interp/generator-intrinsic-prototypes.test.ts > retains the replacement prototype during parameter initialization (async=true)
AssertionError: expected 10 to be greater than 10000
 ❯ packages/safe-js/src/interp/generator-intrinsic-prototypes.test.ts:138:20
    136|   const source = `${async ? "async " : ""}function* f(x=(f.prototype={…
    137|   expect(await run(source, {budget,bindings:{inspect}})).toMatchObject…
    138|   expect(retained).toBeGreaterThan(10000);
       |                    ^
    139| });
    140|

⎯⎯⎯⎯⎯⎯⎯⎯⎯⎯⎯⎯⎯⎯⎯⎯⎯⎯⎯⎯⎯⎯⎯⎯[1/2]⎯


 Test Files  1 failed | 3 passed (4)
      Tests  2 failed | 94 passed (96)
   Start at  11:20:47
   Duration  4.24s (transform 2.98s, setup 82ms, import 4.37s, tests 3.50s, environment 0ms)

