
 RUN  v4.1.11 /Users/kjopek/Workspace/poe-code-language-delivery

 ✓ packages/safe-js/src/interp/generator-allocation-order.test.ts (6 tests) 963ms
   ✓ retains the selected prototype across repeated replay (async=false)  428ms
   ✓ retains the selected prototype across repeated replay (async=true)  347ms
 ❯ packages/safe-js/src/interp/generator-intrinsic-prototypes.test.ts (60 tests | 6 failed) 2736ms
   ✓ implements generator intrinsic prototypes: const value=(function*(){yield 1})();return [typeof value[Symbol.iterator],value.next===value.next] 67ms
   ✓ implements generator intrinsic prototypes: const first=(function*(){yield 1})();const second=(function*(){yield 2})();return first.next.call(second) 36ms
   ✓ implements generator intrinsic prototypes: const value=(function*(){yield 1})();try{value.next.call({})}catch(error){return error.name} 33ms
   ✓ implements generator intrinsic prototypes: function* values(){yield 1}return [typeof values.prototype,Object.getPrototypeOf(values())===values.prototype] 32ms
   ✓ implements generator intrinsic prototypes: function* values(){yield 1}values.prototype={extra:3};return values().extra 28ms
   ✓ implements generator intrinsic prototypes: function* first(){yield 1}function* second(){yield 2}return [Object.getPrototypeOf(first())===Object.getPrototypeOf(first()),Object.getPrototypeOf(first())!==Object.getPrototypeOf(second())] 31ms
   ✓ implements generator intrinsic prototypes: const value=(async function*(){yield 1})();return [typeof value[Symbol.asyncIterator],Object.prototype.toString.call(value)] 31ms
   ✓ preserves generator graph semantics: function* f(){} const p=Object.getPrototypeOf(f);const g=Object.getPrototypeOf(f.prototype);return [typeof p,Object.getPrototypeOf(p)===Object.getPrototypeOf(function(){}),p.prototype===g,g.constructor===p,Object.hasOwn(f.prototype,'constructor'),Object.getPrototypeOf(g)===Object.getPrototypeOf(Object.getPrototypeOf([][Symbol.iterator]())),Object.prototype.toString.call(f)] 37ms
   ✓ preserves generator graph semantics: async function* f(){} const p=Object.getPrototypeOf(f);const g=Object.getPrototypeOf(f.prototype);return [typeof p,Object.getPrototypeOf(p)===Object.getPrototypeOf(function(){}),p.prototype===g,g.constructor===p,Object.hasOwn(f.prototype,'constructor'),Object.prototype.toString.call(f)] 36ms
   × preserves generator graph semantics: function* f(x=(f.prototype={changed:true})){}const old=f.prototype;const value=f();return [Object.getPrototypeOf(value)===old,Object.getPrototypeOf(value)===f.prototype] 35ms
   × preserves generator graph semantics: async function* f(x=(f.prototype={changed:true})){}const old=f.prototype;const value=f();return [Object.getPrototypeOf(value)===old,Object.getPrototypeOf(value)===f.prototype] 27ms
   ✓ preserves generator graph semantics: function* f(){} const p=Object.getPrototypeOf(f);const bound=f.bind(null);return [Object.hasOwn(bound,'prototype'),Object.getPrototypeOf(bound)===p,bound.prototype===p.prototype,Object.getPrototypeOf(bound())===f.prototype] 33ms
   ✓ preserves generator graph semantics: function* f(){} const d=Object.getOwnPropertyDescriptor(f,'prototype');return [d.writable,d.enumerable,d.configurable,Object.getOwnPropertyNames(d.value)] 28ms
   ✓ preserves generator graph semantics: function* f(){} const shared=Object.getPrototypeOf(f.prototype);f.prototype=null;return Object.getPrototypeOf(f())===shared 27ms
   ✓ preserves generator graph semantics: function* f(){} const shared=Object.getPrototypeOf(f.prototype);f.prototype=3;return Object.getPrototypeOf(f())===shared 25ms
   ✓ preserves generator graph semantics: function* f(){}const value=f();return [value instanceof f,value instanceof Object,f instanceof Object] 27ms
   ✓ preserves generator graph semantics: async function* f(){}const value=f();return [value instanceof f,value instanceof Object,f instanceof Object] 22ms
   ✓ preserves generator graph semantics: function* f(){}try{new f()}catch(e){return e.name} 24ms
   ✓ preserves generator graph semantics: async function* f(){}try{new f()}catch(e){return e.name} 23ms
   ✓ preserves generator graph semantics: const it=(function*(){yield 1})();const parent=Object.getPrototypeOf(Object.getPrototypeOf(it));return ['next','return','throw'].map(k=>{const d=Object.getOwnPropertyDescriptor(parent,k);return [d.value.name,d.value.length,d.writable,d.enumerable,d.configurable,Object.hasOwn(d.value,'prototype')]}) 45ms
   ✓ preserves generator graph semantics: const it=(function*(){})();const receiver={};const method=it[Symbol.iterator];return [method.call(receiver)===receiver,method.name,method.length] 25ms
   ✓ preserves generator graph semantics: const it=(async function*(){})();const receiver={};const method=it[Symbol.asyncIterator];return [method.call(receiver)===receiver,method.name,method.length] 23ms
   ✓ preserves generator graph semantics: const it=(function*(){})();delete Object.getPrototypeOf(Object.getPrototypeOf(it)).next;return typeof it.next 25ms
   ✓ preserves generator graph semantics: const it=(function*(){})();delete Object.getPrototypeOf(Object.getPrototypeOf(it))[Symbol.toStringTag];return Object.prototype.toString.call(it) 24ms
   ✓ preserves generator graph semantics: const it=(async function*(){})();delete Object.getPrototypeOf(Object.getPrototypeOf(it))[Symbol.toStringTag];return Object.prototype.toString.call(it) 27ms
   ✓ preserves generator graph semantics: const it=(function*(){yield 1})();delete Object.getPrototypeOf(Object.getPrototypeOf(Object.getPrototypeOf(it)))[Symbol.iterator];try{Array.from(it);return 'array-like'}catch(e){return e.name} 29ms
   ✓ brand-checks borrowed next methods 50ms
   ✓ brand-checks borrowed return methods 57ms
   ✓ brand-checks borrowed throw methods 44ms
   ✓ uses synchronous generator protocols through for-await 30ms
   ✓ inherits the shared Iterator tag accessor and its receiver-sensitive setter 56ms
   ✓ preserves generator intrinsic graphs across a pending effect: function* f(){yield 1;yield 2}const value=f();const next=value.next;const first=next.call(value);await pause();return [first,next===value.next,Object.getPrototypeOf(value)===f.prototype,next.call(value)] 168ms
   ✓ preserves generator intrinsic graphs across a pending effect: async function* f(){yield 1;yield 2}const value=f();const next=value.next;const first=await next.call(value);await pause();return [first,next===value.next,Object.getPrototypeOf(value)===f.prototype,await next.call(value)] 119ms
   ✓ preserves generator intrinsic graphs across a pending effect: function* f(){}const value=f();const prototype=Object.getPrototypeOf(f.prototype);prototype.next=function(){return {done:true,value:this.extra}};value.extra=7;Object.freeze(f.prototype);await pause();return [value.next(),Object.isFrozen(f.prototype),Object.getPrototypeOf(value)===f.prototype] 119ms
   ✓ preserves generator intrinsic graphs across a pending effect: const it=(async function*(){})();const factory=it[Symbol.asyncIterator];const prototype=Object.getPrototypeOf(Object.getPrototypeOf(it));delete prototype[Symbol.toStringTag];await pause();return [factory===it[Symbol.asyncIterator],factory.call(it)===it,Object.prototype.toString.call(it)] 103ms
   × preserves generator intrinsic graphs across a pending effect: function* f(x=(f.prototype={},pause())){}f.prototype.extra=7;const value=f();return value.extra 44ms
   × preserves generator intrinsic graphs across a pending effect: async function* f(x=(f.prototype={},pause())){}f.prototype.extra=7;const value=f();return value.extra 38ms
   ✓ retains shared generator prototype mutations (async=false) 20ms
   ✓ retains shared generator prototype mutations (async=true) 20ms
   ✓ retains shared generator iterator-method metadata (async=false) 17ms
   ✓ retains shared generator iterator-method metadata (async=true) 22ms
   ✓ keeps generator dynamic-source constructors inside the guest realm 30ms
   × retains the selected prototype during parameter initialization (async=false) 21ms
   × retains the selected prototype during parameter initialization (async=true) 25ms
   ✓ restores generator prototype and borrowed method identity without reexecution (async=false) 145ms
   ✓ restores generator prototype and borrowed method identity without reexecution (async=true) 104ms
   ✓ restores the pre-intrinsic generator heap shape (async=false) 102ms
   ✓ restores the pre-intrinsic generator heap shape (async=true) 79ms
   ✓ restores generator intrinsic fallback without an intrinsic heap reference (async=false) 80ms
   ✓ restores generator intrinsic fallback without an intrinsic heap reference (async=true) 75ms
   ✓ initializes the realm for generators created by a restored ordinary function (async=false) 78ms
   ✓ initializes the realm for generators created by a restored ordinary function (async=true) 91ms
   ✓ releases selected prototype retention when parameter initialization throws (async=false) 25ms
   ✓ releases selected prototype retention when parameter initialization throws (async=true) 26ms
   ✓ preserves the implicit generator projection for legacy execution 20ms
   ✓ honors public generator protocols in contextless host adapters: const value=(function*(){yield ['original',1]})();let count=0;value.next=()=>count++?{done:true}:{done:false,value:['override',2]};return value 25ms
   ✓ honors public generator protocols in contextless host adapters: const value=(function*(){yield ['original',1]})();let count=0;Object.defineProperty(value,'next',{get(){return ()=>count++?{done:true}:{done:false,value:['getter',3]}}});return value 29ms
   ✓ honors public generator protocols in contextless host adapters: const value=(function*(){yield ['original',1]})();let count=0;value[Symbol.iterator]=()=>({next(){return count++?{done:true}:{done:false,value:['factory',4]}}});return value 29ms
   ✓ closes the public generator protocol after a contextless adapter rejects an entry 25ms
   ✓ uses the receiver when borrowing async generator next 18ms
FAIL packages/safe-js/src/interp/generator-intrinsic-prototypes.test.ts > preserves generator graph semantics: function* f(x=(f.prototype={changed:true})){}const old=f.prototype;const value=f();return [Object.getPrototypeOf(value)===old,Object.getPrototypeOf(value)===f.prototype]
AssertionError: expected { ok: true, …(3) } to match object { ok: true, …(1) }
(12 matching properties omitted from actual)

- Expected
+ Received

  {
    "ok": true,
    "returnValue": [
-     true,
      false,
+     true,
    ],
  }

 ❯ packages/safe-js/src/interp/generator-intrinsic-prototypes.test.ts:53:29
     51|   "const it=(function*(){yield 1})();delete Object.getPrototypeOf(Obje…
     52| ])("preserves generator graph semantics: %s", async source => {
     53|   expect(await run(source)).toMatchObject({ ok: true, returnValue: run…
       |                             ^
     54| });
     55|

FAIL packages/safe-js/src/interp/generator-intrinsic-prototypes.test.ts > preserves generator graph semantics: async function* f(x=(f.prototype={changed:true})){}const old=f.prototype;const value=f();return [Object.getPrototypeOf(value)===old,Object.getPrototypeOf(value)===f.prototype]
AssertionError: expected { ok: true, …(3) } to match object { ok: true, …(1) }
(12 matching properties omitted from actual)

- Expected
+ Received

  {
    "ok": true,
    "returnValue": [
-     true,
      false,
+     true,
    ],
  }

 ❯ packages/safe-js/src/interp/generator-intrinsic-prototypes.test.ts:53:29
     51|   "const it=(function*(){yield 1})();delete Object.getPrototypeOf(Obje…
     52| ])("preserves generator graph semantics: %s", async source => {
     53|   expect(await run(source)).toMatchObject({ ok: true, returnValue: run…
       |                             ^
     54| });
     55|

FAIL packages/safe-js/src/interp/generator-intrinsic-prototypes.test.ts > preserves generator intrinsic graphs across a pending effect: function* f(x=(f.prototype={},pause())){}f.prototype.extra=7;const value=f();return value.extra
AssertionError: expected { ok: true, …(3) } to match object { ok: true, returnValue: 7 }
(13 matching properties omitted from actual)

- Expected
+ Received

  {
    "ok": true,
-   "returnValue": 7,
+   "returnValue": undefined,
  }

 ❯ packages/safe-js/src/interp/generator-intrinsic-prototypes.test.ts:97:27
     95|   } finally { release(); }
     96|   const expected = await runInNewContext(`(async function(){const paus…
     97|   expect(await execution).toMatchObject({ok:true,returnValue:expected}…
       |                           ^
     98|   expect(await run(source, { snapshot: restore(JSON.parse(serialized),…
     99|     bindings: { pause: declareHostOperation(async () => undefined, "re…

FAIL packages/safe-js/src/interp/generator-intrinsic-prototypes.test.ts > preserves generator intrinsic graphs across a pending effect: async function* f(x=(f.prototype={},pause())){}f.prototype.extra=7;const value=f();return value.extra
AssertionError: expected { ok: true, …(3) } to match object { ok: true, returnValue: 7 }
(13 matching properties omitted from actual)

- Expected
+ Received

  {
    "ok": true,
-   "returnValue": 7,
+   "returnValue": undefined,
  }

 ❯ packages/safe-js/src/interp/generator-intrinsic-prototypes.test.ts:97:27
     95|   } finally { release(); }
     96|   const expected = await runInNewContext(`(async function(){const paus…
     97|   expect(await execution).toMatchObject({ok:true,returnValue:expected}…
       |                           ^
     98|   expect(await run(source, { snapshot: restore(JSON.parse(serialized),…
     99|     bindings: { pause: declareHostOperation(async () => undefined, "re…

FAIL packages/safe-js/src/interp/generator-intrinsic-prototypes.test.ts > retains the selected prototype during parameter initialization (async=false)
TypeError: Cannot read properties of null or undefined.
⎯⎯⎯⎯⎯⎯⎯⎯⎯⎯⎯⎯⎯⎯⎯⎯⎯⎯⎯⎯⎯⎯⎯⎯⎯⎯⎯⎯⎯⎯
Serialized Error: { span: { start: { line: 1, column: 103, offset: 102 }, end: { line: 1, column: 144, offset: 143 } } }
FAIL packages/safe-js/src/interp/generator-intrinsic-prototypes.test.ts > retains the selected prototype during parameter initialization (async=true)
TypeError: Cannot read properties of null or undefined.
⎯⎯⎯⎯⎯⎯⎯⎯⎯⎯⎯⎯⎯⎯⎯⎯⎯⎯⎯⎯⎯⎯⎯⎯⎯⎯⎯⎯⎯⎯
Serialized Error: { span: { start: { line: 1, column: 109, offset: 108 }, end: { line: 1, column: 150, offset: 149 } } }

⎯⎯⎯⎯⎯⎯⎯ Failed Tests 6 ⎯⎯⎯⎯⎯⎯⎯

 FAIL  packages/safe-js/src/interp/generator-intrinsic-prototypes.test.ts > preserves generator graph semantics: function* f(x=(f.prototype={changed:true})){}const old=f.prototype;const value=f();return [Object.getPrototypeOf(value)===old,Object.getPrototypeOf(value)===f.prototype]
 FAIL  packages/safe-js/src/interp/generator-intrinsic-prototypes.test.ts > preserves generator graph semantics: async function* f(x=(f.prototype={changed:true})){}const old=f.prototype;const value=f();return [Object.getPrototypeOf(value)===old,Object.getPrototypeOf(value)===f.prototype]
AssertionError: expected { ok: true, …(3) } to match object { ok: true, …(1) }
(12 matching properties omitted from actual)

- Expected
+ Received

  {
    "ok": true,
    "returnValue": [
-     true,
      false,
+     true,
    ],
  }

 ❯ packages/safe-js/src/interp/generator-intrinsic-prototypes.test.ts:53:29
     51|   "const it=(function*(){yield 1})();delete Object.getPrototypeOf(Obje…
     52| ])("preserves generator graph semantics: %s", async source => {
     53|   expect(await run(source)).toMatchObject({ ok: true, returnValue: run…
       |                             ^
     54| });
     55|

⎯⎯⎯⎯⎯⎯⎯⎯⎯⎯⎯⎯⎯⎯⎯⎯⎯⎯⎯⎯⎯⎯⎯⎯[1/6]⎯

 FAIL  packages/safe-js/src/interp/generator-intrinsic-prototypes.test.ts > preserves generator intrinsic graphs across a pending effect: function* f(x=(f.prototype={},pause())){}f.prototype.extra=7;const value=f();return value.extra
 FAIL  packages/safe-js/src/interp/generator-intrinsic-prototypes.test.ts > preserves generator intrinsic graphs across a pending effect: async function* f(x=(f.prototype={},pause())){}f.prototype.extra=7;const value=f();return value.extra
AssertionError: expected { ok: true, …(3) } to match object { ok: true, returnValue: 7 }
(13 matching properties omitted from actual)

- Expected
+ Received

  {
    "ok": true,
-   "returnValue": 7,
+   "returnValue": undefined,
  }

 ❯ packages/safe-js/src/interp/generator-intrinsic-prototypes.test.ts:97:27
     95|   } finally { release(); }
     96|   const expected = await runInNewContext(`(async function(){const paus…
     97|   expect(await execution).toMatchObject({ok:true,returnValue:expected}…
       |                           ^
     98|   expect(await run(source, { snapshot: restore(JSON.parse(serialized),…
     99|     bindings: { pause: declareHostOperation(async () => undefined, "re…

⎯⎯⎯⎯⎯⎯⎯⎯⎯⎯⎯⎯⎯⎯⎯⎯⎯⎯⎯⎯⎯⎯⎯⎯[2/6]⎯

 FAIL  packages/safe-js/src/interp/generator-intrinsic-prototypes.test.ts > retains the selected prototype during parameter initialization (async=false)
 FAIL  packages/safe-js/src/interp/generator-intrinsic-prototypes.test.ts > retains the selected prototype during parameter initialization (async=true)
TypeError: Cannot read properties of null or undefined.
⎯⎯⎯⎯⎯⎯⎯⎯⎯⎯⎯⎯⎯⎯⎯⎯⎯⎯⎯⎯⎯⎯⎯⎯[3/6]⎯


 Test Files  1 failed | 1 passed (2)
      Tests  6 failed | 60 passed (66)
   Start at  11:20:27
   Duration  5.46s (transform 4.03s, setup 93ms, import 5.10s, tests 3.70s, environment 0ms)

