
 RUN  v4.1.11 /Users/kjopek/Workspace/poe-code-language-delivery

 ❯ packages/safe-js/src/interp/object-binding-write.test.ts (11 tests | 11 failed) 321ms
   × checks the object binding before writing x=9 57ms
   × checks the object binding before writing x+=2 36ms
   × checks the object binding before writing x++ 30ms
   × checks the object binding before writing ++x 26ms
   × checks the object binding before writing x-- 24ms
   × checks the object binding before writing --x 24ms
   × rejects a strict update after coercion deletes x++ 18ms
   × rejects a strict update after coercion deletes ++x 18ms
   × rejects a strict update after coercion deletes x-- 19ms
   × rejects a strict update after coercion deletes --x 19ms
   × replays a retained with-environment update with its source and authority 50ms
FAIL packages/safe-js/src/interp/object-binding-write.test.ts > checks the object binding before writing x=9
AssertionError: expected { ok: true, …(3) } to match object { ok: true, …(1) }
(12 matching properties omitted from actual)

- Expected
+ Received

  {
    "ok": true,
    "returnValue": [
      "has",
      "unscopables",
-     "has",
      "set",
    ],
  }

 ❯ packages/safe-js/src/interp/object-binding-write.test.ts:12:68
     10|     set(t,k,v){if(k==='x')trace.push('set');t[k]=v;return true}});
     11|     with(p){${expression};}return trace;`;
     12|   expect(await run(`return Function(${JSON.stringify(body)})();`)).toM…
       |                                                                    ^
     13|     returnValue:expression==="x=9"?["has","unscopables","has","set"]:[…
     14| });

FAIL packages/safe-js/src/interp/object-binding-write.test.ts > checks the object binding before writing x+=2
AssertionError: expected { ok: true, …(3) } to match object { ok: true, …(1) }
(12 matching properties omitted from actual)

- Expected
+ Received

@@ -3,9 +3,8 @@
    "returnValue": [
      "has",
      "unscopables",
      "has",
      "get",
-     "has",
      "set",
    ],
  }

 ❯ packages/safe-js/src/interp/object-binding-write.test.ts:12:68
     10|     set(t,k,v){if(k==='x')trace.push('set');t[k]=v;return true}});
     11|     with(p){${expression};}return trace;`;
     12|   expect(await run(`return Function(${JSON.stringify(body)})();`)).toM…
       |                                                                    ^
     13|     returnValue:expression==="x=9"?["has","unscopables","has","set"]:[…
     14| });

FAIL packages/safe-js/src/interp/object-binding-write.test.ts > checks the object binding before writing x++
AssertionError: expected { ok: true, …(3) } to match object { ok: true, …(1) }
(12 matching properties omitted from actual)

- Expected
+ Received

@@ -3,9 +3,8 @@
    "returnValue": [
      "has",
      "unscopables",
      "has",
      "get",
-     "has",
      "set",
    ],
  }

 ❯ packages/safe-js/src/interp/object-binding-write.test.ts:12:68
     10|     set(t,k,v){if(k==='x')trace.push('set');t[k]=v;return true}});
     11|     with(p){${expression};}return trace;`;
     12|   expect(await run(`return Function(${JSON.stringify(body)})();`)).toM…
       |                                                                    ^
     13|     returnValue:expression==="x=9"?["has","unscopables","has","set"]:[…
     14| });

FAIL packages/safe-js/src/interp/object-binding-write.test.ts > checks the object binding before writing ++x
AssertionError: expected { ok: true, …(3) } to match object { ok: true, …(1) }
(12 matching properties omitted from actual)

- Expected
+ Received

@@ -3,9 +3,8 @@
    "returnValue": [
      "has",
      "unscopables",
      "has",
      "get",
-     "has",
      "set",
    ],
  }

 ❯ packages/safe-js/src/interp/object-binding-write.test.ts:12:68
     10|     set(t,k,v){if(k==='x')trace.push('set');t[k]=v;return true}});
     11|     with(p){${expression};}return trace;`;
     12|   expect(await run(`return Function(${JSON.stringify(body)})();`)).toM…
       |                                                                    ^
     13|     returnValue:expression==="x=9"?["has","unscopables","has","set"]:[…
     14| });

FAIL packages/safe-js/src/interp/object-binding-write.test.ts > checks the object binding before writing x--
AssertionError: expected { ok: true, …(3) } to match object { ok: true, …(1) }
(12 matching properties omitted from actual)

- Expected
+ Received

@@ -3,9 +3,8 @@
    "returnValue": [
      "has",
      "unscopables",
      "has",
      "get",
-     "has",
      "set",
    ],
  }

 ❯ packages/safe-js/src/interp/object-binding-write.test.ts:12:68
     10|     set(t,k,v){if(k==='x')trace.push('set');t[k]=v;return true}});
     11|     with(p){${expression};}return trace;`;
     12|   expect(await run(`return Function(${JSON.stringify(body)})();`)).toM…
       |                                                                    ^
     13|     returnValue:expression==="x=9"?["has","unscopables","has","set"]:[…
     14| });

FAIL packages/safe-js/src/interp/object-binding-write.test.ts > checks the object binding before writing --x
AssertionError: expected { ok: true, …(3) } to match object { ok: true, …(1) }
(12 matching properties omitted from actual)

- Expected
+ Received

@@ -3,9 +3,8 @@
    "returnValue": [
      "has",
      "unscopables",
      "has",
      "get",
-     "has",
      "set",
    ],
  }

 ❯ packages/safe-js/src/interp/object-binding-write.test.ts:12:68
     10|     set(t,k,v){if(k==='x')trace.push('set');t[k]=v;return true}});
     11|     with(p){${expression};}return trace;`;
     12|   expect(await run(`return Function(${JSON.stringify(body)})();`)).toM…
       |                                                                    ^
     13|     returnValue:expression==="x=9"?["has","unscopables","has","set"]:[…
     14| });

FAIL packages/safe-js/src/interp/object-binding-write.test.ts > rejects a strict update after coercion deletes x++
AssertionError: expected { ok: true, …(3) } to match object { ok: true, returnValue: [ …(2) ] }
(12 matching properties omitted from actual)

- Expected
+ Received

  {
    "ok": true,
    "returnValue": [
-     "ReferenceError",
-     false,
+     undefined,
+     true,
    ],
  }

 ❯ packages/safe-js/src/interp/object-binding-write.test.ts:20:68
     18|     with(target){try{(function(){'use strict';${expression}})()}catch(…
     19|     return [result,Object.hasOwn(target,'x')];`;
     20|   expect(await run(`return Function(${JSON.stringify(body)})();`)).toM…
       |                                                                    ^
     21| });
     22|

FAIL packages/safe-js/src/interp/object-binding-write.test.ts > rejects a strict update after coercion deletes ++x
AssertionError: expected { ok: true, …(3) } to match object { ok: true, returnValue: [ …(2) ] }
(12 matching properties omitted from actual)

- Expected
+ Received

  {
    "ok": true,
    "returnValue": [
-     "ReferenceError",
-     false,
+     undefined,
+     true,
    ],
  }

 ❯ packages/safe-js/src/interp/object-binding-write.test.ts:20:68
     18|     with(target){try{(function(){'use strict';${expression}})()}catch(…
     19|     return [result,Object.hasOwn(target,'x')];`;
     20|   expect(await run(`return Function(${JSON.stringify(body)})();`)).toM…
       |                                                                    ^
     21| });
     22|

FAIL packages/safe-js/src/interp/object-binding-write.test.ts > rejects a strict update after coercion deletes x--
AssertionError: expected { ok: true, …(3) } to match object { ok: true, returnValue: [ …(2) ] }
(12 matching properties omitted from actual)

- Expected
+ Received

  {
    "ok": true,
    "returnValue": [
-     "ReferenceError",
-     false,
+     undefined,
+     true,
    ],
  }

 ❯ packages/safe-js/src/interp/object-binding-write.test.ts:20:68
     18|     with(target){try{(function(){'use strict';${expression}})()}catch(…
     19|     return [result,Object.hasOwn(target,'x')];`;
     20|   expect(await run(`return Function(${JSON.stringify(body)})();`)).toM…
       |                                                                    ^
     21| });
     22|

FAIL packages/safe-js/src/interp/object-binding-write.test.ts > rejects a strict update after coercion deletes --x
AssertionError: expected { ok: true, …(3) } to match object { ok: true, returnValue: [ …(2) ] }
(12 matching properties omitted from actual)

- Expected
+ Received

  {
    "ok": true,
    "returnValue": [
-     "ReferenceError",
-     false,
+     undefined,
+     true,
    ],
  }

 ❯ packages/safe-js/src/interp/object-binding-write.test.ts:20:68
     18|     with(target){try{(function(){'use strict';${expression}})()}catch(…
     19|     return [result,Object.hasOwn(target,'x')];`;
     20|   expect(await run(`return Function(${JSON.stringify(body)})();`)).toM…
       |                                                                    ^
     21| });
     22|

FAIL packages/safe-js/src/interp/object-binding-write.test.ts > replays a retained with-environment update with its source and authority
AssertionError: expected { ok: true, …(3) } to match object { ok: true, returnValue: [ 7, …(3) ] }
(12 matching properties omitted from actual)

- Expected
+ Received

@@ -5,11 +5,10 @@
      [
        "has",
        "unscopables",
        "has",
        "get",
-       "has",
        "set",
      ],
      "()=>x++",
      "undefined,undefined",
    ],

 ❯ packages/safe-js/src/interp/object-binding-write.test.ts:33:75
     31|   for(let i=0;i<3;i++){
     32|     const settled=pending.catch(error=>error);
     33|     try{const saved=JSON.parse(await dump(pending));expect(await settl…
       |                                                                           ^
     34|       pending=run(source,{snapshot:restore(saved,{source})});}finally{…
     35|   }


⎯⎯⎯⎯⎯⎯ Failed Tests 11 ⎯⎯⎯⎯⎯⎯⎯

 FAIL  packages/safe-js/src/interp/object-binding-write.test.ts > checks the object binding before writing x=9
AssertionError: expected { ok: true, …(3) } to match object { ok: true, …(1) }
(12 matching properties omitted from actual)

- Expected
+ Received

  {
    "ok": true,
    "returnValue": [
      "has",
      "unscopables",
-     "has",
      "set",
    ],
  }

 ❯ packages/safe-js/src/interp/object-binding-write.test.ts:12:68
     10|     set(t,k,v){if(k==='x')trace.push('set');t[k]=v;return true}});
     11|     with(p){${expression};}return trace;`;
     12|   expect(await run(`return Function(${JSON.stringify(body)})();`)).toM…
       |                                                                    ^
     13|     returnValue:expression==="x=9"?["has","unscopables","has","set"]:[…
     14| });

⎯⎯⎯⎯⎯⎯⎯⎯⎯⎯⎯⎯⎯⎯⎯⎯⎯⎯⎯⎯⎯⎯⎯[1/11]⎯

 FAIL  packages/safe-js/src/interp/object-binding-write.test.ts > checks the object binding before writing x+=2
 FAIL  packages/safe-js/src/interp/object-binding-write.test.ts > checks the object binding before writing x++
 FAIL  packages/safe-js/src/interp/object-binding-write.test.ts > checks the object binding before writing ++x
 FAIL  packages/safe-js/src/interp/object-binding-write.test.ts > checks the object binding before writing x--
 FAIL  packages/safe-js/src/interp/object-binding-write.test.ts > checks the object binding before writing --x
AssertionError: expected { ok: true, …(3) } to match object { ok: true, …(1) }
(12 matching properties omitted from actual)

- Expected
+ Received

@@ -3,9 +3,8 @@
    "returnValue": [
      "has",
      "unscopables",
      "has",
      "get",
-     "has",
      "set",
    ],
  }

 ❯ packages/safe-js/src/interp/object-binding-write.test.ts:12:68
     10|     set(t,k,v){if(k==='x')trace.push('set');t[k]=v;return true}});
     11|     with(p){${expression};}return trace;`;
     12|   expect(await run(`return Function(${JSON.stringify(body)})();`)).toM…
       |                                                                    ^
     13|     returnValue:expression==="x=9"?["has","unscopables","has","set"]:[…
     14| });

⎯⎯⎯⎯⎯⎯⎯⎯⎯⎯⎯⎯⎯⎯⎯⎯⎯⎯⎯⎯⎯⎯⎯[2/11]⎯

 FAIL  packages/safe-js/src/interp/object-binding-write.test.ts > rejects a strict update after coercion deletes x++
 FAIL  packages/safe-js/src/interp/object-binding-write.test.ts > rejects a strict update after coercion deletes ++x
 FAIL  packages/safe-js/src/interp/object-binding-write.test.ts > rejects a strict update after coercion deletes x--
 FAIL  packages/safe-js/src/interp/object-binding-write.test.ts > rejects a strict update after coercion deletes --x
AssertionError: expected { ok: true, …(3) } to match object { ok: true, returnValue: [ …(2) ] }
(12 matching properties omitted from actual)

- Expected
+ Received

  {
    "ok": true,
    "returnValue": [
-     "ReferenceError",
-     false,
+     undefined,
+     true,
    ],
  }

 ❯ packages/safe-js/src/interp/object-binding-write.test.ts:20:68
     18|     with(target){try{(function(){'use strict';${expression}})()}catch(…
     19|     return [result,Object.hasOwn(target,'x')];`;
     20|   expect(await run(`return Function(${JSON.stringify(body)})();`)).toM…
       |                                                                    ^
     21| });
     22|

⎯⎯⎯⎯⎯⎯⎯⎯⎯⎯⎯⎯⎯⎯⎯⎯⎯⎯⎯⎯⎯⎯⎯[3/11]⎯

 FAIL  packages/safe-js/src/interp/object-binding-write.test.ts > replays a retained with-environment update with its source and authority
AssertionError: expected { ok: true, …(3) } to match object { ok: true, returnValue: [ 7, …(3) ] }
(12 matching properties omitted from actual)

- Expected
+ Received

@@ -5,11 +5,10 @@
      [
        "has",
        "unscopables",
        "has",
        "get",
-       "has",
        "set",
      ],
      "()=>x++",
      "undefined,undefined",
    ],

 ❯ packages/safe-js/src/interp/object-binding-write.test.ts:33:75
     31|   for(let i=0;i<3;i++){
     32|     const settled=pending.catch(error=>error);
     33|     try{const saved=JSON.parse(await dump(pending));expect(await settl…
       |                                                                           ^
     34|       pending=run(source,{snapshot:restore(saved,{source})});}finally{…
     35|   }

⎯⎯⎯⎯⎯⎯⎯⎯⎯⎯⎯⎯⎯⎯⎯⎯⎯⎯⎯⎯⎯⎯⎯[4/11]⎯


 Test Files  1 failed (1)
      Tests  11 failed (11)
   Start at  11:17:32
   Duration  2.15s (transform 1.37s, setup 32ms, import 1.73s, tests 321ms, environment 0ms)

