[1/118] comments-and-empty-script: virtual-bash=pass just-bash=pass
[2/118] single-quotes-preserve-metacharacters: virtual-bash=pass just-bash=pass
[3/118] double-quotes-expand-without-splitting: virtual-bash=pass just-bash=pass
[4/118] adjacent-quoted-fragments-form-one-word: virtual-bash=pass just-bash=pass
[5/118] backslash-escapes-shell-metacharacters: virtual-bash=pass just-bash=pass
[6/118] quoted-empty-and-whitespace-arguments: virtual-bash=pass just-bash=pass
[7/118] escaped-newline-joins-token: virtual-bash=pass just-bash=pass
[8/118] hash-is-comment-only-at-token-start: virtual-bash=pass just-bash=pass
[9/118] printf-reuses-format-for-extra-arguments: virtual-bash=pass just-bash=pass
[10/118] unset-parameter-expands-to-empty: virtual-bash=pass just-bash=pass
[11/118] unquoted-expansion-splits-on-default-ifs: virtual-bash=pass just-bash=pass
[12/118] quoted-expansion-preserves-all-whitespace: virtual-bash=pass just-bash=pass
[13/118] unquoted-empty-expansion-removes-argument: virtual-bash=pass just-bash=pass
[14/118] double-quote-backslash-rules: virtual-bash=pass just-bash=pass
[15/118] assignment-only-command-persists: virtual-bash=pass just-bash=pass
[16/118] assignment-value-does-not-split-or-glob: virtual-bash=pass just-bash=pass
[17/118] assignment-only-expands-left-to-right: virtual-bash=pass just-bash=pass
[18/118] prefix-assignment-is-limited-to-command: virtual-bash=pass just-bash=pass
[19/118] export-makes-variable-visible-to-child: virtual-bash=pass just-bash=pass
[20/118] ordinary-assignment-is-not-exported: virtual-bash=pass just-bash=fail
[21/118] initial-environment-keeps-literal-values: virtual-bash=pass just-bash=pass
[22/118] semicolon-continues-after-failure: virtual-bash=pass just-bash=pass
[23/118] and-list-short-circuits-side-effects: virtual-bash=pass just-bash=pass
[24/118] or-list-short-circuits-side-effects: virtual-bash=pass just-bash=pass
[25/118] and-or-lists-have-equal-left-associativity: virtual-bash=pass just-bash=pass
[26/118] last-command-determines-list-exit-status: virtual-bash=pass just-bash=pass
[27/118] explicit-exit-stops-subsequent-commands: virtual-bash=pass just-bash=pass
[28/118] pipeline-status-defaults-to-successful-last-command: virtual-bash=pass just-bash=pass
[29/118] pipeline-status-uses-failing-last-command: virtual-bash=pass just-bash=pass
[30/118] three-stage-text-pipeline: virtual-bash=pass just-bash=pass
[31/118] sort-uniq-count-pipeline: virtual-bash=pass just-bash=pass
[32/118] sed-selects-and-rewrites-lines: virtual-bash=pass just-bash=pass
[33/118] grep-no-match-is-an-expected-failure: virtual-bash=pass just-bash=pass
[34/118] grep-cut-sort-text-pipeline: virtual-bash=pass just-bash=pass
[35/118] awk-aggregates-numeric-fields: virtual-bash=pass just-bash=pass
[36/118] output-redirection-truncates-existing-file: virtual-bash=pass just-bash=pass
[37/118] append-redirection-preserves-and-creates: virtual-bash=pass just-bash=pass
[38/118] input-redirection-feeds-command: virtual-bash=pass just-bash=pass
[39/118] stdout-and-stderr-are-independent-streams: virtual-bash=pass just-bash=pass
[40/118] descriptor-duplication-after-file-redirection: virtual-bash=pass just-bash=pass
[41/118] descriptor-duplication-before-file-redirection: virtual-bash=pass just-bash=pass
[42/118] multiple-output-redirections-truncate-every-target: virtual-bash=pass just-bash=pass
[43/118] redirection-only-command-creates-empty-file: virtual-bash=pass just-bash=pass
[44/118] pipeline-output-can-be-redirected-to-file: virtual-bash=pass just-bash=pass
[45/118] fixture-stdin-flows-through-pipeline: virtual-bash=pass just-bash=pass
[46/118] sequential-cats-share-consumed-stdin: virtual-bash=pass just-bash=fail
[47/118] redirected-input-does-not-consume-inherited-stdin: virtual-bash=pass just-bash=pass
[48/118] cat-dash-operands-do-not-replay-stdin: virtual-bash=pass just-bash=fail
[49/118] explicit-input-redirection-overrides-pipe: virtual-bash=pass just-bash=pass
[50/118] command-substitution-strips-all-trailing-newlines: virtual-bash=pass just-bash=pass
[51/118] unquoted-command-substitution-undergoes-splitting: virtual-bash=pass just-bash=pass
[52/118] command-substitution-concatenates-inside-word: virtual-bash=pass just-bash=pass
[53/118] command-substitution-captures-only-stdout: virtual-bash=pass just-bash=pass
[54/118] assignment-status-comes-from-command-substitution: virtual-bash=pass just-bash=pass
[55/118] star-glob-sorts-and-excludes-dotfiles: virtual-bash=pass just-bash=pass
[56/118] question-and-bracket-globs: virtual-bash=pass just-bash=pass
[57/118] unmatched-glob-remains-literal: virtual-bash=pass just-bash=pass
[58/118] quoted-glob-is-not-expanded: virtual-bash=pass just-bash=pass
[59/118] unquoted-parameter-globs-without-resplitting-matches: virtual-bash=pass just-bash=pass
[60/118] quoted-nested-file-paths-with-spaces: virtual-bash=pass just-bash=pass
[61/118] missing-input-reports-portable-status-and-diagnostic: virtual-bash=pass just-bash=pass
[62/118] missing-grep-file-reports-portable-error-status: virtual-bash=pass just-bash=pass
[63/118] failed-input-redirection-prevents-later-truncation: virtual-bash=pass just-bash=pass
[64/118] no-match-pipeline-still-counts-zero-lines: virtual-bash=pass just-bash=pass
[65/118] parameter-defaults-distinguish-unset-and-empty: virtual-bash=pass just-bash=pass
[66/118] parameter-alternative-and-assignment-operators: virtual-bash=pass just-bash=pass
[67/118] parameter-length-and-pattern-removal: virtual-bash=pass just-bash=pass
[68/118] arithmetic-expansion-reads-and-updates-variable: virtual-bash=pass just-bash=pass
[69/118] for-loop-preserves-quoted-and-empty-words: virtual-bash=pass just-bash=pass
[70/118] for-loop-iterates-sorted-glob-matches: virtual-bash=pass just-bash=pass
[71/118] while-read-preserves-final-unterminated-line: virtual-bash=pass just-bash=pass
[72/118] read-then-cat-consume-one-shared-stream: virtual-bash=pass just-bash=fail
[73/118] until-loop-has-bounded-arithmetic-progress: virtual-bash=pass just-bash=pass
[74/118] if-elif-else-selects-existing-file-branch: virtual-bash=pass just-bash=pass
[75/118] test-numeric-string-and-directory-predicates: virtual-bash=pass just-bash=pass
[76/118] case-patterns-select-first-matching-arm: virtual-bash=pass just-bash=pass
[77/118] function-arguments-and-return-status: virtual-bash=pass just-bash=pass
[78/118] function-local-variable-restores-outer-value: virtual-bash=pass just-bash=pass
[79/118] subshell-isolates-variables-but-not-file-writes: virtual-bash=pass just-bash=pass
[80/118] brace-group-merges-stdout-and-stderr-into-file: virtual-bash=pass just-bash=pass
[81/118] pipefail-preserves-earlier-pipeline-failure: virtual-bash=pass just-bash=pass
[82/118] pipeline-negation-inverts-failure-status: virtual-bash=pass just-bash=pass
[83/118] quoted-heredoc-delimiter-disables-expansion: virtual-bash=pass just-bash=pass
[84/118] unquoted-heredoc-expands-parameters-and-commands: virtual-bash=pass just-bash=pass
[85/118] here-string-adds-one-newline: virtual-bash=pass just-bash=pass
[86/118] nested-command-substitutions-preserve-quoting: virtual-bash=pass just-bash=pass
[87/118] pipeline-feeds-while-read-loop: virtual-bash=pass just-bash=pass
[88/118] pipeline-read-does-not-mutate-parent-variable: virtual-bash=pass just-bash=pass
[89/118] seeded-pipeline-0: virtual-bash=pass just-bash=pass
[90/118] seeded-pipeline-1: virtual-bash=pass just-bash=pass
[91/118] seeded-pipeline-2: virtual-bash=pass just-bash=pass
[92/118] seeded-pipeline-3: virtual-bash=pass just-bash=pass
[93/118] seeded-pipeline-4: virtual-bash=pass just-bash=pass
[94/118] seeded-pipeline-5: virtual-bash=pass just-bash=pass
[95/118] seeded-pipeline-6: virtual-bash=pass just-bash=pass
[96/118] seeded-pipeline-7: virtual-bash=pass just-bash=pass
[97/118] seeded-pipeline-8: virtual-bash=pass just-bash=pass
[98/118] seeded-pipeline-9: virtual-bash=pass just-bash=pass
[99/118] seeded-pipeline-10: virtual-bash=pass just-bash=pass
[100/118] seeded-pipeline-11: virtual-bash=pass just-bash=pass
[101/118] seeded-pipeline-12: virtual-bash=pass just-bash=pass
[102/118] seeded-pipeline-13: virtual-bash=pass just-bash=pass
[103/118] seeded-pipeline-14: virtual-bash=pass just-bash=pass
[104/118] seeded-pipeline-15: virtual-bash=pass just-bash=pass
[105/118] binary-file-byte-fidelity: virtual-bash=pass just-bash=fail
[106/118] large-pipeline-file-roundtrip: virtual-bash=pass just-bash=pass
[107/118] plugin-jq-map-pipeline: virtual-bash=pass just-bash=pass
[108/118] plugin-rg-file-locations: virtual-bash=pass just-bash=fail
[109/118] plugin-rg-empty-pipe-implicit: virtual-bash=pass just-bash=fail
[110/118] plugin-rg-empty-pipe-explicit: virtual-bash=pass just-bash=pass
[111/118] plugin-bytes-encode-decode-hash: virtual-bash=pass just-bash=pass
[112/118] plugin-bytes-compression-roundtrip: virtual-bash=pass just-bash=pass
[113/118] plugin-diff-patch-roundtrip: virtual-bash=pass just-bash=fail
[114/118] gnu-sed-4.9:sed-regex-70: virtual-bash=pass just-bash=pass
[115/118] gnu-sed-4.9:sed-inplace-quit-per-file: virtual-bash=pass just-bash=fail
[116/118] concurrent-pipelines: virtual-bash=pass just-bash=pass
[117/118] cooperative-cancellation: virtual-bash=pass just-bash=pass
[118/118] streaming-backpressure: virtual-bash=pass just-bash=unsupported
