
> @poe-code/safe-python@0.0.0-dev test:unit
> vitest run --config vitest.config.ts src/session-codec-decoder-replacement-storage.test.ts --maxWorkers=2 --pool=forks


 RUN  v4.1.11 /Users/kjopek/Workspace/poe-code-3/packages/safe-python

 ❯ src/session-codec-decoder-replacement-storage.test.ts (18 tests | 8 failed) 1093ms
   × retains decoder replacement Unicode storage: 'c2 / "AB"' 82ms
   × retains decoder replacement Unicode storage: 'c4 / "A"' 49ms
   × retains decoder replacement Unicode storage: 'c4 / "AB"' 52ms
   × retains decoder replacement Unicode storage: 'c4 / "é"' 47ms
   × retains decoder replacement Unicode storage: 'f0 / "A"' 49ms
   × retains decoder replacement Unicode storage: 'f0 / "AB"' 48ms
   × retains decoder replacement Unicode storage: 'f0 / "é"' 46ms
   × retains decoder replacement Unicode storage: 'f0 / "€"' 52ms

⎯⎯⎯⎯⎯⎯⎯ Failed Tests 8 ⎯⎯⎯⎯⎯⎯⎯

 FAIL  src/session-codec-decoder-replacement-storage.test.ts > retains decoder replacement Unicode storage: 'c2 / "AB"'
AssertionError: expected 'utf-8 \'AB\' False True True b\'AB\'\…' to be 'utf-8 \'AB\' False True True b\'AB\'\…' // Object.is equality

- Expected
+ Received

@@ -33,8 +33,8 @@
  2 '' True (b'\\u', 0) 'ABQQQQ' False (b'', 0)
  3 'ABQ' False (b'', 0) 'QQQ' True (b'', 0)
  4 'ABQQ' False (b'', 0) 'QQ' True (b'', 0)
  5 'ABQQQ' False (b'', 0) 'Q' True (b'', 0)
  6 'ABQQQQ' False (b'', 0) '' True (b'', 0)
- charmap 'AB' False True True 1
+ charmap 'AB' True True True 1
- charmap 'AB' False True True 1
+ charmap 'AB' True True True 1


 ❯ src/session-codec-decoder-replacement-storage.test.ts:17:18
     15|   });
     16|   expect(session.exec(source).status, output).toBe('ok');
     17|   expect(output).toBe(row.stdout);
       |                  ^
     18| });
     19|

⎯⎯⎯⎯⎯⎯⎯⎯⎯⎯⎯⎯⎯⎯⎯⎯⎯⎯⎯⎯⎯⎯⎯⎯[1/8]⎯

 FAIL  src/session-codec-decoder-replacement-storage.test.ts > retains decoder replacement Unicode storage: 'c4 / "A"'
 FAIL  src/session-codec-decoder-replacement-storage.test.ts > retains decoder replacement Unicode storage: 'f0 / "A"'
AssertionError: expected 'utf-8 \'A\' False False True b\'A\'\n…' to be 'utf-8 \'A\' False False True b\'A\'\n…' // Object.is equality

- Expected
+ Received

@@ -33,8 +33,8 @@
  2 '' True (b'\\u', 0) 'AQQQQ' False (b'', 0)
  3 'AQ' False (b'', 0) 'QQQ' True (b'', 0)
  4 'AQQ' False (b'', 0) 'QQ' True (b'', 0)
  5 'AQQQ' False (b'', 0) 'Q' True (b'', 0)
  6 'AQQQQ' False (b'', 0) '' True (b'', 0)
- charmap 'A' False False True 1
+ charmap 'A' True True False 1
  charmap 'A' True True False 1


 ❯ src/session-codec-decoder-replacement-storage.test.ts:17:18
     15|   });
     16|   expect(session.exec(source).status, output).toBe('ok');
     17|   expect(output).toBe(row.stdout);
       |                  ^
     18| });
     19|

⎯⎯⎯⎯⎯⎯⎯⎯⎯⎯⎯⎯⎯⎯⎯⎯⎯⎯⎯⎯⎯⎯⎯⎯[2/8]⎯

 FAIL  src/session-codec-decoder-replacement-storage.test.ts > retains decoder replacement Unicode storage: 'c4 / "AB"'
 FAIL  src/session-codec-decoder-replacement-storage.test.ts > retains decoder replacement Unicode storage: 'f0 / "AB"'
AssertionError: expected 'utf-8 \'AB\' False False True b\'AB\'…' to be 'utf-8 \'AB\' False False True b\'AB\'…' // Object.is equality

- Expected
+ Received

@@ -33,8 +33,8 @@
  2 '' True (b'\\u', 0) 'ABQQQQ' False (b'', 0)
  3 'ABQ' False (b'', 0) 'QQQ' True (b'', 0)
  4 'ABQQ' False (b'', 0) 'QQ' True (b'', 0)
  5 'ABQQQ' False (b'', 0) 'Q' True (b'', 0)
  6 'ABQQQQ' False (b'', 0) '' True (b'', 0)
- charmap 'AB' False False True 1
+ charmap 'AB' True True False 1
- charmap 'AB' False False True 1
+ charmap 'AB' True True False 1


 ❯ src/session-codec-decoder-replacement-storage.test.ts:17:18
     15|   });
     16|   expect(session.exec(source).status, output).toBe('ok');
     17|   expect(output).toBe(row.stdout);
       |                  ^
     18| });
     19|

⎯⎯⎯⎯⎯⎯⎯⎯⎯⎯⎯⎯⎯⎯⎯⎯⎯⎯⎯⎯⎯⎯⎯⎯[3/8]⎯

 FAIL  src/session-codec-decoder-replacement-storage.test.ts > retains decoder replacement Unicode storage: 'c4 / "é"'
 FAIL  src/session-codec-decoder-replacement-storage.test.ts > retains decoder replacement Unicode storage: 'f0 / "é"'
AssertionError: expected 'utf-8 \'é\' False False True b\'\xc3\…' to be 'utf-8 \'é\' False False True b\'\xc3\…' // Object.is equality

- Expected
+ Received

@@ -33,8 +33,8 @@
  2 '' True (b'\\u', 0) 'éQQQQ' False (b'', 0)
  3 'éQ' False (b'', 0) 'QQQ' True (b'', 0)
  4 'éQQ' False (b'', 0) 'QQ' True (b'', 0)
  5 'éQQQ' False (b'', 0) 'Q' True (b'', 0)
  6 'éQQQQ' False (b'', 0) '' True (b'', 0)
- charmap 'é' False False True 1
+ charmap 'é' False True False 1
  charmap 'é' False True False 1


 ❯ src/session-codec-decoder-replacement-storage.test.ts:17:18
     15|   });
     16|   expect(session.exec(source).status, output).toBe('ok');
     17|   expect(output).toBe(row.stdout);
       |                  ^
     18| });
     19|

⎯⎯⎯⎯⎯⎯⎯⎯⎯⎯⎯⎯⎯⎯⎯⎯⎯⎯⎯⎯⎯⎯⎯⎯[4/8]⎯

 FAIL  src/session-codec-decoder-replacement-storage.test.ts > retains decoder replacement Unicode storage: 'f0 / "€"'
AssertionError: expected 'utf-8 \'€\' False False True b\'\xe2\…' to be 'utf-8 \'€\' False False True b\'\xe2\…' // Object.is equality

- Expected
+ Received

@@ -33,8 +33,8 @@
  2 '' True (b'\\u', 0) '€QQQQ' False (b'', 0)
  3 '€Q' False (b'', 0) 'QQQ' True (b'', 0)
  4 '€QQ' False (b'', 0) 'QQ' True (b'', 0)
  5 '€QQQ' False (b'', 0) 'Q' True (b'', 0)
  6 '€QQQQ' False (b'', 0) '' True (b'', 0)
- charmap '€' False False True 1
+ charmap '€' False True False 1
  charmap '€' False True False 1


 ❯ src/session-codec-decoder-replacement-storage.test.ts:17:18
     15|   });
     16|   expect(session.exec(source).status, output).toBe('ok');
     17|   expect(output).toBe(row.stdout);
       |                  ^
     18| });
     19|

⎯⎯⎯⎯⎯⎯⎯⎯⎯⎯⎯⎯⎯⎯⎯⎯⎯⎯⎯⎯⎯⎯⎯⎯[5/8]⎯


 Test Files  1 failed (1)
      Tests  8 failed | 10 passed (18)
   Start at  12:04:59
   Duration  4.97s (transform 2.99s, setup 0ms, import 3.79s, tests 1.09s, environment 0ms)

npm error Lifecycle script `test:unit` failed with error:
npm error code 1
npm error path /Users/kjopek/Workspace/poe-code-3/packages/safe-python
npm error workspace @poe-code/safe-python@0.0.0-dev
npm error location /Users/kjopek/Workspace/poe-code-3/packages/safe-python
npm error command failed
npm error command sh -c vitest run --config vitest.config.ts src/session-codec-decoder-replacement-storage.test.ts --maxWorkers=2 --pool=forks
