
> @poe-code/safe-python@0.0.0-dev test:unit
> vitest run --config vitest.config.ts src/runtime/runtime-codec-policy-cancellation.test.ts src/runtime/runtime-codec-registry.test.ts src/session-core-codec-cancellation.test.ts src/session-codec-cstring-cancellation.test.ts src/session-codec-error-name-cache.test.ts src/session-codec-handler-unregister-resume.test.ts src/session-codec-search-path-matrix.test.ts src/session-codec-bom-newline-split-user.test.ts src/session-codec-source-registry.test.ts src/session-codec-incremental-callback-user.test.ts src/session-charmap-codec-api.test.ts --maxWorkers=2 --pool=forks


 RUN  v4.1.11 /Users/kjopek/Workspace/poe-code-3/packages/safe-python

 ❯ src/session-codec-bom-newline-split-user.test.ts (9 tests | 2 failed) 2007ms
   × actual BOM/newline state transfer: 'utf-16' 37ms
   × actual BOM/newline state transfer: 'utf-32' 28ms
 ❯ src/session-codec-incremental-callback-user.test.ts (120 tests | 18 failed) 4101ms
   × incremental callback user audit: 'utf-8; reenter; return' 112ms
   × incremental callback user audit: 'utf-8; reenter; raise' 102ms
   × incremental callback user audit: 'utf-8; reenter; overflow' 92ms
   × incremental callback user audit: 'utf-8-sig; reenter; return' 100ms
   × incremental callback user audit: 'utf-8-sig; reenter; raise' 85ms
   × incremental callback user audit: 'utf-8-sig; reenter; overflow' 116ms
   × incremental callback user audit: 'utf-16-le; reenter; return' 74ms
   × incremental callback user audit: 'utf-16-le; reenter; raise' 56ms
   × incremental callback user audit: 'utf-16-le; reenter; overflow' 70ms
   × incremental callback user audit: 'utf-16-be; reenter; return' 58ms
   × incremental callback user audit: 'utf-16-be; reenter; raise' 58ms
   × incremental callback user audit: 'utf-16-be; reenter; overflow' 60ms
   × incremental callback user audit: 'utf-32-le; reenter; return' 66ms
   × incremental callback user audit: 'utf-32-le; reenter; raise' 66ms
   × incremental callback user audit: 'utf-32-le; reenter; overflow' 55ms
   × incremental callback user audit: 'utf-32-be; reenter; return' 70ms
   × incremental callback user audit: 'utf-32-be; reenter; raise' 71ms
   × incremental callback user audit: 'utf-32-be; reenter; overflow' 57ms
 ❯ src/session-charmap-codec-api.test.ts (19 tests | 4 failed) 547ms
   × preserves 'encode' 'mapping' failure identity 28ms
   × preserves 'encode' 'handler' failure identity 19ms
   × preserves 'decode' 'mapping' failure identity 20ms
   × preserves 'decode' 'handler' failure identity 30ms
 ❯ src/session-codec-source-registry.test.ts (4 tests | 4 failed) 151ms
   × source registry: 'source decoder receives an ownerless …' 76ms
   × source registry: 'source callback failures retain nativ…' 25ms
   × source registry: 'source codec callbacks use the suppli…' 19ms
   × keeps cancellation in source decoder callbacks terminal 30ms

⎯⎯⎯⎯⎯⎯ Failed Tests 28 ⎯⎯⎯⎯⎯⎯⎯

 FAIL  src/session-charmap-codec-api.test.ts > preserves 'encode' 'mapping' failure identity
 FAIL  src/session-charmap-codec-api.test.ts > preserves 'decode' 'mapping' failure identity
AssertionError: mapping traceback: expected 'exception' to be 'ok' // Object.is equality

Expected: "ok"
Received: "exception"

 ❯ run src/session-charmap-codec-api.test.ts:13:32
     11|     if(message.status==="ok")detail=String(message.value.primitive);
     12|   }
     13|   expect(result.status,detail).toBe("ok");
       |                                ^
     14| }
     15|
 ❯ src/session-charmap-codec-api.test.ts:135:5

⎯⎯⎯⎯⎯⎯⎯⎯⎯⎯⎯⎯⎯⎯⎯⎯⎯⎯⎯⎯⎯⎯⎯[1/28]⎯

 FAIL  src/session-charmap-codec-api.test.ts > preserves 'encode' 'handler' failure identity
 FAIL  src/session-charmap-codec-api.test.ts > preserves 'decode' 'handler' failure identity
AssertionError: handler traceback: expected 'exception' to be 'ok' // Object.is equality

Expected: "ok"
Received: "exception"

 ❯ run src/session-charmap-codec-api.test.ts:13:32
     11|     if(message.status==="ok")detail=String(message.value.primitive);
     12|   }
     13|   expect(result.status,detail).toBe("ok");
       |                                ^
     14| }
     15|
 ❯ src/session-charmap-codec-api.test.ts:135:5

⎯⎯⎯⎯⎯⎯⎯⎯⎯⎯⎯⎯⎯⎯⎯⎯⎯⎯⎯⎯⎯⎯⎯[2/28]⎯

 FAIL  src/session-codec-bom-newline-split-user.test.ts > actual BOM/newline state transfer: 'utf-16'
AssertionError: encoded b'\xff\xfe\xff\xfeA\x00\xe9\x00=\xd8\x00\xde\r\x00\n\x00\xff\xfeZ\x00'
: expected 'exception' to be 'ok' // Object.is equality

Expected: "ok"
Received: "exception"

 ❯ src/session-codec-bom-newline-split-user.test.ts:17:33
     15|   });
     16|   const result = session.exec(source);
     17|   expect(result.status, output).toBe('ok');
       |                                 ^
     18|   expect(output).toBe(row.oracle.stdout);
     19| });

⎯⎯⎯⎯⎯⎯⎯⎯⎯⎯⎯⎯⎯⎯⎯⎯⎯⎯⎯⎯⎯⎯⎯[3/28]⎯

 FAIL  src/session-codec-bom-newline-split-user.test.ts > actual BOM/newline state transfer: 'utf-32'
AssertionError: encoded b'\xff\xfe\x00\x00\xff\xfe\x00\x00A\x00\x00\x00\xe9\x00\x00\x00\x00\xf6\x01\x00\r\x00\x00\x00\n\x00\x00\x00\xff\xfe\x00\x00Z\x00\x00\x00'
: expected 'exception' to be 'ok' // Object.is equality

Expected: "ok"
Received: "exception"

 ❯ src/session-codec-bom-newline-split-user.test.ts:17:33
     15|   });
     16|   const result = session.exec(source);
     17|   expect(result.status, output).toBe('ok');
       |                                 ^
     18|   expect(output).toBe(row.oracle.stdout);
     19| });

⎯⎯⎯⎯⎯⎯⎯⎯⎯⎯⎯⎯⎯⎯⎯⎯⎯⎯⎯⎯⎯⎯⎯[4/28]⎯

 FAIL  src/session-codec-incremental-callback-user.test.ts > incremental callback user audit: 'utf-8; reenter; return'
 FAIL  src/session-codec-incremental-callback-user.test.ts > incremental callback user audit: 'utf-8; reenter; raise'
 FAIL  src/session-codec-incremental-callback-user.test.ts > incremental callback user audit: 'utf-8; reenter; overflow'
 FAIL  src/session-codec-incremental-callback-user.test.ts > incremental callback user audit: 'utf-8-sig; reenter; return'
 FAIL  src/session-codec-incremental-callback-user.test.ts > incremental callback user audit: 'utf-8-sig; reenter; raise'
 FAIL  src/session-codec-incremental-callback-user.test.ts > incremental callback user audit: 'utf-8-sig; reenter; overflow'
 FAIL  src/session-codec-incremental-callback-user.test.ts > incremental callback user audit: 'utf-16-le; reenter; return'
 FAIL  src/session-codec-incremental-callback-user.test.ts > incremental callback user audit: 'utf-16-le; reenter; raise'
 FAIL  src/session-codec-incremental-callback-user.test.ts > incremental callback user audit: 'utf-16-le; reenter; overflow'
 FAIL  src/session-codec-incremental-callback-user.test.ts > incremental callback user audit: 'utf-16-be; reenter; return'
 FAIL  src/session-codec-incremental-callback-user.test.ts > incremental callback user audit: 'utf-16-be; reenter; raise'
 FAIL  src/session-codec-incremental-callback-user.test.ts > incremental callback user audit: 'utf-16-be; reenter; overflow'
 FAIL  src/session-codec-incremental-callback-user.test.ts > incremental callback user audit: 'utf-32-le; reenter; return'
 FAIL  src/session-codec-incremental-callback-user.test.ts > incremental callback user audit: 'utf-32-le; reenter; raise'
 FAIL  src/session-codec-incremental-callback-user.test.ts > incremental callback user audit: 'utf-32-le; reenter; overflow'
 FAIL  src/session-codec-incremental-callback-user.test.ts > incremental callback user audit: 'utf-32-be; reenter; return'
 FAIL  src/session-codec-incremental-callback-user.test.ts > incremental callback user audit: 'utf-32-be; reenter; raise'
 FAIL  src/session-codec-incremental-callback-user.test.ts > incremental callback user audit: 'utf-32-be; reenter; overflow'
AssertionError: {"status":"terminated","reason":"internal","message":"Maximum call stack size exceeded"}: expected 'terminated' to be 'ok' // Object.is equality

Expected: "ok"
Received: "terminated"

 ❯ src/session-codec-incremental-callback-user.test.ts:22:91
     20|   });
     21|   const result = session.exec(source);
     22|   expect(result.status, result.status === "terminated" ? JSON.stringif…
       |                                                                                           ^
     23|   expect(output).toBe(row.stdout);
     24| });

⎯⎯⎯⎯⎯⎯⎯⎯⎯⎯⎯⎯⎯⎯⎯⎯⎯⎯⎯⎯⎯⎯⎯[5/28]⎯

 FAIL  src/session-codec-source-registry.test.ts > source registry: 'source decoder receives an ownerless …'
 FAIL  src/session-codec-source-registry.test.ts > source registry: 'source callback failures retain nativ…'
 FAIL  src/session-codec-source-registry.test.ts > source registry: 'source codec callbacks use the suppli…'
AssertionError: expected 'terminated' to be 'ok' // Object.is equality

Expected: "ok"
Received: "terminated"

 ❯ src/session-codec-source-registry.test.ts:23:33
     21|   // Check the discriminant before a deep matcher can inspect opaque h…
     22|   // Keep the complete result/output assertion once execution has succ…
     23|   expect(result.status, detail).toBe("ok");
       |                                 ^
     24|   expect({result, output}).toEqual({result: {status: "ok"}, output: re…
     25| });

⎯⎯⎯⎯⎯⎯⎯⎯⎯⎯⎯⎯⎯⎯⎯⎯⎯⎯⎯⎯⎯⎯⎯[6/28]⎯

 FAIL  src/session-codec-source-registry.test.ts > keeps cancellation in source decoder callbacks terminal
AssertionError: expected { status: 'terminated', …(2) } to match object { status: 'terminated', …(1) }
(1 matching property omitted from actual)

- Expected
+ Received

  {
-   "reason": "cancelled",
+   "reason": "internal",
    "status": "terminated",
  }

 ❯ src/session-codec-source-registry.test.ts:38:18
     36|   const result = session.exec(codecSourceRegistryCases[2].source);
     37|   expect(result.status).toBe("terminated");
     38|   expect(result).toMatchObject({status: "terminated", reason: "cancell…
       |                  ^
     39|   expect(reads).toBe(1);
     40|   expect(output).toBe("search source_service\ndecode\n");

⎯⎯⎯⎯⎯⎯⎯⎯⎯⎯⎯⎯⎯⎯⎯⎯⎯⎯⎯⎯⎯⎯⎯[7/28]⎯


 Test Files  4 failed | 7 passed (11)
      Tests  28 failed | 313 passed (341)
   Start at  11:08:33
   Duration  17.80s (transform 10.13s, setup 0ms, import 22.13s, tests 11.11s, environment 1ms)

npm error Lifecycle script `test:unit` failed with error:
npm error code 1
npm error path /Users/kjopek/Workspace/poe-code-3/packages/safe-python
npm error workspace @poe-code/safe-python@0.0.0-dev
npm error location /Users/kjopek/Workspace/poe-code-3/packages/safe-python
npm error command failed
npm error command sh -c vitest run --config vitest.config.ts src/runtime/runtime-codec-policy-cancellation.test.ts src/runtime/runtime-codec-registry.test.ts src/session-core-codec-cancellation.test.ts src/session-codec-cstring-cancellation.test.ts src/session-codec-error-name-cache.test.ts src/session-codec-handler-unregister-resume.test.ts src/session-codec-search-path-matrix.test.ts src/session-codec-bom-newline-split-user.test.ts src/session-codec-source-registry.test.ts src/session-codec-incremental-callback-user.test.ts src/session-charmap-codec-api.test.ts --maxWorkers=2 --pool=forks
