
> @poe-code/safe-python@0.0.0-dev test:unit
> vitest run --config vitest.config.ts src/session-codec-bom-newline-split-user.test.ts src/session-codec-source-registry.test.ts --maxWorkers=2 --pool=forks


 RUN  v4.1.11 /Users/kjopek/Workspace/poe-code-3/packages/safe-python

 ❯ src/session-codec-source-registry.test.ts (4 tests | 4 failed) 156ms
   × source registry: 'source decoder receives an ownerless …' 80ms
   × source registry: 'source callback failures retain nativ…' 27ms
   × source registry: 'source codec callbacks use the suppli…' 19ms
   × keeps cancellation in source decoder callbacks terminal 29ms
 ❯ src/session-codec-bom-newline-split-user.test.ts (9 tests | 2 failed) 1298ms
   × actual BOM/newline state transfer: 'utf-16' 25ms
   × actual BOM/newline state transfer: 'utf-32' 26ms

⎯⎯⎯⎯⎯⎯⎯ Failed Tests 6 ⎯⎯⎯⎯⎯⎯⎯

 FAIL  src/session-codec-bom-newline-split-user.test.ts > actual BOM/newline state transfer: 'utf-16'
AssertionError: encoded b'\xff\xfe\xff\xfeA\x00\xe9\x00=\xd8\x00\xde\r\x00\n\x00\xff\xfeZ\x00'
: expected 'exception' to be 'ok' // Object.is equality

Expected: "ok"
Received: "exception"

 ❯ src/session-codec-bom-newline-split-user.test.ts:17:33
     15|   });
     16|   const result = session.exec(source);
     17|   expect(result.status, output).toBe('ok');
       |                                 ^
     18|   expect(output).toBe(row.oracle.stdout);
     19| });

⎯⎯⎯⎯⎯⎯⎯⎯⎯⎯⎯⎯⎯⎯⎯⎯⎯⎯⎯⎯⎯⎯⎯⎯[1/6]⎯

 FAIL  src/session-codec-bom-newline-split-user.test.ts > actual BOM/newline state transfer: 'utf-32'
AssertionError: encoded b'\xff\xfe\x00\x00\xff\xfe\x00\x00A\x00\x00\x00\xe9\x00\x00\x00\x00\xf6\x01\x00\r\x00\x00\x00\n\x00\x00\x00\xff\xfe\x00\x00Z\x00\x00\x00'
: expected 'exception' to be 'ok' // Object.is equality

Expected: "ok"
Received: "exception"

 ❯ src/session-codec-bom-newline-split-user.test.ts:17:33
     15|   });
     16|   const result = session.exec(source);
     17|   expect(result.status, output).toBe('ok');
       |                                 ^
     18|   expect(output).toBe(row.oracle.stdout);
     19| });

⎯⎯⎯⎯⎯⎯⎯⎯⎯⎯⎯⎯⎯⎯⎯⎯⎯⎯⎯⎯⎯⎯⎯⎯[2/6]⎯

 FAIL  src/session-codec-source-registry.test.ts > source registry: 'source decoder receives an ownerless …'
 FAIL  src/session-codec-source-registry.test.ts > source registry: 'source callback failures retain nativ…'
 FAIL  src/session-codec-source-registry.test.ts > source registry: 'source codec callbacks use the suppli…'
AssertionError: expected 'terminated' to be 'ok' // Object.is equality

Expected: "ok"
Received: "terminated"

 ❯ src/session-codec-source-registry.test.ts:23:33
     21|   // Check the discriminant before a deep matcher can inspect opaque h…
     22|   // Keep the complete result/output assertion once execution has succ…
     23|   expect(result.status, detail).toBe("ok");
       |                                 ^
     24|   expect({result, output}).toEqual({result: {status: "ok"}, output: re…
     25| });

⎯⎯⎯⎯⎯⎯⎯⎯⎯⎯⎯⎯⎯⎯⎯⎯⎯⎯⎯⎯⎯⎯⎯⎯[3/6]⎯

 FAIL  src/session-codec-source-registry.test.ts > keeps cancellation in source decoder callbacks terminal
AssertionError: expected { status: 'terminated', …(2) } to match object { status: 'terminated', …(1) }
(1 matching property omitted from actual)

- Expected
+ Received

  {
-   "reason": "cancelled",
+   "reason": "internal",
    "status": "terminated",
  }

 ❯ src/session-codec-source-registry.test.ts:38:18
     36|   const result = session.exec(codecSourceRegistryCases[2].source);
     37|   expect(result.status).toBe("terminated");
     38|   expect(result).toMatchObject({status: "terminated", reason: "cancell…
       |                  ^
     39|   expect(reads).toBe(1);
     40|   expect(output).toBe("search source_service\ndecode\n");

⎯⎯⎯⎯⎯⎯⎯⎯⎯⎯⎯⎯⎯⎯⎯⎯⎯⎯⎯⎯⎯⎯⎯⎯[4/6]⎯


 Test Files  2 failed (2)
      Tests  6 failed | 7 passed (13)
   Start at  11:56:59
   Duration  6.99s (transform 8.60s, setup 0ms, import 11.08s, tests 1.45s, environment 0ms)

npm error Lifecycle script `test:unit` failed with error:
npm error code 1
npm error path /Users/kjopek/Workspace/poe-code-3/packages/safe-python
npm error workspace @poe-code/safe-python@0.0.0-dev
npm error location /Users/kjopek/Workspace/poe-code-3/packages/safe-python
npm error command failed
npm error command sh -c vitest run --config vitest.config.ts src/session-codec-bom-newline-split-user.test.ts src/session-codec-source-registry.test.ts --maxWorkers=2 --pool=forks

> @poe-code/safe-python@0.0.0-dev test:unit
> vitest run --config vitest.config.ts src/session-codec-interpreter-isolation.test.ts src/session-codec-search-mutation.test.ts src/session-codec-recovery-index-boundaries.test.ts src/session-core-codec-cancellation.test.ts src/session-codec-stateful-encoder-user.test.ts src/session-codec-utf7-chained-input.test.ts src/session-codec-handler-unregister-resume.test.ts src/session-codec-stream-adversarial.test.ts src/runtime/multibyte-state-utf8-recovery.test.ts src/runtime/runtime-codec-registry.test.ts --maxWorkers=2 --pool=forks


 RUN  v4.1.11 /Users/kjopek/Workspace/poe-code-3/packages/safe-python

 ❯ src/session-codec-stateful-encoder-user.test.ts (24 tests | 24 failed) 684ms
   × 'iso2022_jp' restores encoder state after recovery and guest failure 89ms
   × 'iso2022_jp_1' restores encoder state after recovery and guest failure 39ms
   × 'iso2022_jp_2' restores encoder state after recovery and guest failure 34ms
   × 'iso2022_jp_3' restores encoder state after recovery and guest failure 28ms
   × 'iso2022_jp_2004' restores encoder state after recovery and guest failure 28ms
   × 'iso2022_jp_ext' restores encoder state after recovery and guest failure 38ms
   × 'iso2022_kr' restores encoder state after recovery and guest failure 45ms
   × 'hz' restores encoder state after recovery and guest failure 27ms
   × 'iso2022_jp' keeps encoder recovery cancellation terminal (throws=false) 39ms
   × 'iso2022_jp' keeps encoder recovery cancellation terminal (throws=true) 33ms
   × 'iso2022_jp_1' keeps encoder recovery cancellation terminal (throws=false) 20ms
   × 'iso2022_jp_1' keeps encoder recovery cancellation terminal (throws=true) 20ms
   × 'iso2022_jp_2' keeps encoder recovery cancellation terminal (throws=false) 19ms
   × 'iso2022_jp_2' keeps encoder recovery cancellation terminal (throws=true) 20ms
   × 'iso2022_jp_3' keeps encoder recovery cancellation terminal (throws=false) 22ms
   × 'iso2022_jp_3' keeps encoder recovery cancellation terminal (throws=true) 24ms
   × 'iso2022_jp_2004' keeps encoder recovery cancellation terminal (throws=false) 22ms
   × 'iso2022_jp_2004' keeps encoder recovery cancellation terminal (throws=true) 20ms
   × 'iso2022_jp_ext' keeps encoder recovery cancellation terminal (throws=false) 19ms
   × 'iso2022_jp_ext' keeps encoder recovery cancellation terminal (throws=true) 22ms
   × 'iso2022_kr' keeps encoder recovery cancellation terminal (throws=false) 20ms
   × 'iso2022_kr' keeps encoder recovery cancellation terminal (throws=true) 19ms
   × 'hz' keeps encoder recovery cancellation terminal (throws=false) 17ms
   × 'hz' keeps encoder recovery cancellation terminal (throws=true) 18ms

⎯⎯⎯⎯⎯⎯ Failed Tests 24 ⎯⎯⎯⎯⎯⎯⎯

 FAIL  src/session-codec-stateful-encoder-user.test.ts > 'iso2022_jp' restores encoder state after recovery and guest failure
AssertionError: LookupError('unknown encoding: iso2022_jp'): expected 'exception' to be 'ok' // Object.is equality

Expected: "ok"
Received: "exception"

 ❯ src/session-codec-stateful-encoder-user.test.ts:25:33
     23|     if (diagnostic.status === "ok") detail = String(diagnostic.value.p…
     24|   }
     25|   expect(result.status, detail).toBe("ok");
       |                                 ^
     26|   expect(output).toBe(oracle.stdout);
     27|   expect(reads).toBeGreaterThanOrEqual(3);

⎯⎯⎯⎯⎯⎯⎯⎯⎯⎯⎯⎯⎯⎯⎯⎯⎯⎯⎯⎯⎯⎯⎯[1/24]⎯

 FAIL  src/session-codec-stateful-encoder-user.test.ts > 'iso2022_jp_1' restores encoder state after recovery and guest failure
AssertionError: LookupError('unknown encoding: iso2022_jp_1'): expected 'exception' to be 'ok' // Object.is equality

Expected: "ok"
Received: "exception"

 ❯ src/session-codec-stateful-encoder-user.test.ts:25:33
     23|     if (diagnostic.status === "ok") detail = String(diagnostic.value.p…
     24|   }
     25|   expect(result.status, detail).toBe("ok");
       |                                 ^
     26|   expect(output).toBe(oracle.stdout);
     27|   expect(reads).toBeGreaterThanOrEqual(3);

⎯⎯⎯⎯⎯⎯⎯⎯⎯⎯⎯⎯⎯⎯⎯⎯⎯⎯⎯⎯⎯⎯⎯[2/24]⎯

 FAIL  src/session-codec-stateful-encoder-user.test.ts > 'iso2022_jp_2' restores encoder state after recovery and guest failure
AssertionError: LookupError('unknown encoding: iso2022_jp_2'): expected 'exception' to be 'ok' // Object.is equality

Expected: "ok"
Received: "exception"

 ❯ src/session-codec-stateful-encoder-user.test.ts:25:33
     23|     if (diagnostic.status === "ok") detail = String(diagnostic.value.p…
     24|   }
     25|   expect(result.status, detail).toBe("ok");
       |                                 ^
     26|   expect(output).toBe(oracle.stdout);
     27|   expect(reads).toBeGreaterThanOrEqual(3);

⎯⎯⎯⎯⎯⎯⎯⎯⎯⎯⎯⎯⎯⎯⎯⎯⎯⎯⎯⎯⎯⎯⎯[3/24]⎯

 FAIL  src/session-codec-stateful-encoder-user.test.ts > 'iso2022_jp_3' restores encoder state after recovery and guest failure
AssertionError: LookupError('unknown encoding: iso2022_jp_3'): expected 'exception' to be 'ok' // Object.is equality

Expected: "ok"
Received: "exception"

 ❯ src/session-codec-stateful-encoder-user.test.ts:25:33
     23|     if (diagnostic.status === "ok") detail = String(diagnostic.value.p…
     24|   }
     25|   expect(result.status, detail).toBe("ok");
       |                                 ^
     26|   expect(output).toBe(oracle.stdout);
     27|   expect(reads).toBeGreaterThanOrEqual(3);

⎯⎯⎯⎯⎯⎯⎯⎯⎯⎯⎯⎯⎯⎯⎯⎯⎯⎯⎯⎯⎯⎯⎯[4/24]⎯

 FAIL  src/session-codec-stateful-encoder-user.test.ts > 'iso2022_jp_2004' restores encoder state after recovery and guest failure
AssertionError: LookupError('unknown encoding: iso2022_jp_2004'): expected 'exception' to be 'ok' // Object.is equality

Expected: "ok"
Received: "exception"

 ❯ src/session-codec-stateful-encoder-user.test.ts:25:33
     23|     if (diagnostic.status === "ok") detail = String(diagnostic.value.p…
     24|   }
     25|   expect(result.status, detail).toBe("ok");
       |                                 ^
     26|   expect(output).toBe(oracle.stdout);
     27|   expect(reads).toBeGreaterThanOrEqual(3);

⎯⎯⎯⎯⎯⎯⎯⎯⎯⎯⎯⎯⎯⎯⎯⎯⎯⎯⎯⎯⎯⎯⎯[5/24]⎯

 FAIL  src/session-codec-stateful-encoder-user.test.ts > 'iso2022_jp_ext' restores encoder state after recovery and guest failure
AssertionError: LookupError('unknown encoding: iso2022_jp_ext'): expected 'exception' to be 'ok' // Object.is equality

Expected: "ok"
Received: "exception"

 ❯ src/session-codec-stateful-encoder-user.test.ts:25:33
     23|     if (diagnostic.status === "ok") detail = String(diagnostic.value.p…
     24|   }
     25|   expect(result.status, detail).toBe("ok");
       |                                 ^
     26|   expect(output).toBe(oracle.stdout);
     27|   expect(reads).toBeGreaterThanOrEqual(3);

⎯⎯⎯⎯⎯⎯⎯⎯⎯⎯⎯⎯⎯⎯⎯⎯⎯⎯⎯⎯⎯⎯⎯[6/24]⎯

 FAIL  src/session-codec-stateful-encoder-user.test.ts > 'iso2022_kr' restores encoder state after recovery and guest failure
AssertionError: LookupError('unknown encoding: iso2022_kr'): expected 'exception' to be 'ok' // Object.is equality

Expected: "ok"
Received: "exception"

 ❯ src/session-codec-stateful-encoder-user.test.ts:25:33
     23|     if (diagnostic.status === "ok") detail = String(diagnostic.value.p…
     24|   }
     25|   expect(result.status, detail).toBe("ok");
       |                                 ^
     26|   expect(output).toBe(oracle.stdout);
     27|   expect(reads).toBeGreaterThanOrEqual(3);

⎯⎯⎯⎯⎯⎯⎯⎯⎯⎯⎯⎯⎯⎯⎯⎯⎯⎯⎯⎯⎯⎯⎯[7/24]⎯

 FAIL  src/session-codec-stateful-encoder-user.test.ts > 'hz' restores encoder state after recovery and guest failure
AssertionError: LookupError('unknown encoding: hz'): expected 'exception' to be 'ok' // Object.is equality

Expected: "ok"
Received: "exception"

 ❯ src/session-codec-stateful-encoder-user.test.ts:25:33
     23|     if (diagnostic.status === "ok") detail = String(diagnostic.value.p…
     24|   }
     25|   expect(result.status, detail).toBe("ok");
       |                                 ^
     26|   expect(output).toBe(oracle.stdout);
     27|   expect(reads).toBeGreaterThanOrEqual(3);

⎯⎯⎯⎯⎯⎯⎯⎯⎯⎯⎯⎯⎯⎯⎯⎯⎯⎯⎯⎯⎯⎯⎯[8/24]⎯

 FAIL  src/session-codec-stateful-encoder-user.test.ts > 'iso2022_jp' keeps encoder recovery cancellation terminal (throws=false)
 FAIL  src/session-codec-stateful-encoder-user.test.ts > 'iso2022_jp' keeps encoder recovery cancellation terminal (throws=true)
AssertionError: LookupError('unknown encoding: iso2022_jp'): expected 'exception' to be 'terminated' // Object.is equality

Expected: "terminated"
Received: "exception"

 ❯ src/session-codec-stateful-encoder-user.test.ts:51:35
     49|       if (diagnostic.status === "ok") detail = String(diagnostic.value…
     50|     }
     51|     expect(result.status, detail).toBe("terminated");
       |                                   ^
     52|     if (result.status === "terminated") expect(result.reason).toBe("ca…
     53|     const before = writes;

⎯⎯⎯⎯⎯⎯⎯⎯⎯⎯⎯⎯⎯⎯⎯⎯⎯⎯⎯⎯⎯⎯⎯[9/24]⎯

 FAIL  src/session-codec-stateful-encoder-user.test.ts > 'iso2022_jp_1' keeps encoder recovery cancellation terminal (throws=false)
 FAIL  src/session-codec-stateful-encoder-user.test.ts > 'iso2022_jp_1' keeps encoder recovery cancellation terminal (throws=true)
AssertionError: LookupError('unknown encoding: iso2022_jp_1'): expected 'exception' to be 'terminated' // Object.is equality

Expected: "terminated"
Received: "exception"

 ❯ src/session-codec-stateful-encoder-user.test.ts:51:35
     49|       if (diagnostic.status === "ok") detail = String(diagnostic.value…
     50|     }
     51|     expect(result.status, detail).toBe("terminated");
       |                                   ^
     52|     if (result.status === "terminated") expect(result.reason).toBe("ca…
     53|     const before = writes;

⎯⎯⎯⎯⎯⎯⎯⎯⎯⎯⎯⎯⎯⎯⎯⎯⎯⎯⎯⎯⎯⎯[10/24]⎯

 FAIL  src/session-codec-stateful-encoder-user.test.ts > 'iso2022_jp_2' keeps encoder recovery cancellation terminal (throws=false)
 FAIL  src/session-codec-stateful-encoder-user.test.ts > 'iso2022_jp_2' keeps encoder recovery cancellation terminal (throws=true)
AssertionError: LookupError('unknown encoding: iso2022_jp_2'): expected 'exception' to be 'terminated' // Object.is equality

Expected: "terminated"
Received: "exception"

 ❯ src/session-codec-stateful-encoder-user.test.ts:51:35
     49|       if (diagnostic.status === "ok") detail = String(diagnostic.value…
     50|     }
     51|     expect(result.status, detail).toBe("terminated");
       |                                   ^
     52|     if (result.status === "terminated") expect(result.reason).toBe("ca…
     53|     const before = writes;

⎯⎯⎯⎯⎯⎯⎯⎯⎯⎯⎯⎯⎯⎯⎯⎯⎯⎯⎯⎯⎯⎯[11/24]⎯

 FAIL  src/session-codec-stateful-encoder-user.test.ts > 'iso2022_jp_3' keeps encoder recovery cancellation terminal (throws=false)
 FAIL  src/session-codec-stateful-encoder-user.test.ts > 'iso2022_jp_3' keeps encoder recovery cancellation terminal (throws=true)
AssertionError: LookupError('unknown encoding: iso2022_jp_3'): expected 'exception' to be 'terminated' // Object.is equality

Expected: "terminated"
Received: "exception"

 ❯ src/session-codec-stateful-encoder-user.test.ts:51:35
     49|       if (diagnostic.status === "ok") detail = String(diagnostic.value…
     50|     }
     51|     expect(result.status, detail).toBe("terminated");
       |                                   ^
     52|     if (result.status === "terminated") expect(result.reason).toBe("ca…
     53|     const before = writes;

⎯⎯⎯⎯⎯⎯⎯⎯⎯⎯⎯⎯⎯⎯⎯⎯⎯⎯⎯⎯⎯⎯[12/24]⎯

 FAIL  src/session-codec-stateful-encoder-user.test.ts > 'iso2022_jp_2004' keeps encoder recovery cancellation terminal (throws=false)
 FAIL  src/session-codec-stateful-encoder-user.test.ts > 'iso2022_jp_2004' keeps encoder recovery cancellation terminal (throws=true)
AssertionError: LookupError('unknown encoding: iso2022_jp_2004'): expected 'exception' to be 'terminated' // Object.is equality

Expected: "terminated"
Received: "exception"

 ❯ src/session-codec-stateful-encoder-user.test.ts:51:35
     49|       if (diagnostic.status === "ok") detail = String(diagnostic.value…
     50|     }
     51|     expect(result.status, detail).toBe("terminated");
       |                                   ^
     52|     if (result.status === "terminated") expect(result.reason).toBe("ca…
     53|     const before = writes;

⎯⎯⎯⎯⎯⎯⎯⎯⎯⎯⎯⎯⎯⎯⎯⎯⎯⎯⎯⎯⎯⎯[13/24]⎯

 FAIL  src/session-codec-stateful-encoder-user.test.ts > 'iso2022_jp_ext' keeps encoder recovery cancellation terminal (throws=false)
 FAIL  src/session-codec-stateful-encoder-user.test.ts > 'iso2022_jp_ext' keeps encoder recovery cancellation terminal (throws=true)
AssertionError: LookupError('unknown encoding: iso2022_jp_ext'): expected 'exception' to be 'terminated' // Object.is equality

Expected: "terminated"
Received: "exception"

 ❯ src/session-codec-stateful-encoder-user.test.ts:51:35
     49|       if (diagnostic.status === "ok") detail = String(diagnostic.value…
     50|     }
     51|     expect(result.status, detail).toBe("terminated");
       |                                   ^
     52|     if (result.status === "terminated") expect(result.reason).toBe("ca…
     53|     const before = writes;

⎯⎯⎯⎯⎯⎯⎯⎯⎯⎯⎯⎯⎯⎯⎯⎯⎯⎯⎯⎯⎯⎯[14/24]⎯

 FAIL  src/session-codec-stateful-encoder-user.test.ts > 'iso2022_kr' keeps encoder recovery cancellation terminal (throws=false)
 FAIL  src/session-codec-stateful-encoder-user.test.ts > 'iso2022_kr' keeps encoder recovery cancellation terminal (throws=true)
AssertionError: LookupError('unknown encoding: iso2022_kr'): expected 'exception' to be 'terminated' // Object.is equality

Expected: "terminated"
Received: "exception"

 ❯ src/session-codec-stateful-encoder-user.test.ts:51:35
     49|       if (diagnostic.status === "ok") detail = String(diagnostic.value…
     50|     }
     51|     expect(result.status, detail).toBe("terminated");
       |                                   ^
     52|     if (result.status === "terminated") expect(result.reason).toBe("ca…
     53|     const before = writes;

⎯⎯⎯⎯⎯⎯⎯⎯⎯⎯⎯⎯⎯⎯⎯⎯⎯⎯⎯⎯⎯⎯[15/24]⎯

 FAIL  src/session-codec-stateful-encoder-user.test.ts > 'hz' keeps encoder recovery cancellation terminal (throws=false)
 FAIL  src/session-codec-stateful-encoder-user.test.ts > 'hz' keeps encoder recovery cancellation terminal (throws=true)
AssertionError: LookupError('unknown encoding: hz'): expected 'exception' to be 'terminated' // Object.is equality

Expected: "terminated"
Received: "exception"

 ❯ src/session-codec-stateful-encoder-user.test.ts:51:35
     49|       if (diagnostic.status === "ok") detail = String(diagnostic.value…
     50|     }
     51|     expect(result.status, detail).toBe("terminated");
       |                                   ^
     52|     if (result.status === "terminated") expect(result.reason).toBe("ca…
     53|     const before = writes;

⎯⎯⎯⎯⎯⎯⎯⎯⎯⎯⎯⎯⎯⎯⎯⎯⎯⎯⎯⎯⎯⎯[16/24]⎯


 Test Files  1 failed | 9 passed (10)
      Tests  24 failed | 173 passed (197)
   Start at  11:59:25
   Duration  21.02s (transform 12.12s, setup 0ms, import 30.30s, tests 9.18s, environment 1ms)

npm error Lifecycle script `test:unit` failed with error:
npm error code 1
npm error path /Users/kjopek/Workspace/poe-code-3/packages/safe-python
npm error workspace @poe-code/safe-python@0.0.0-dev
npm error location /Users/kjopek/Workspace/poe-code-3/packages/safe-python
npm error command failed
npm error command sh -c vitest run --config vitest.config.ts src/session-codec-interpreter-isolation.test.ts src/session-codec-search-mutation.test.ts src/session-codec-recovery-index-boundaries.test.ts src/session-core-codec-cancellation.test.ts src/session-codec-stateful-encoder-user.test.ts src/session-codec-utf7-chained-input.test.ts src/session-codec-handler-unregister-resume.test.ts src/session-codec-stream-adversarial.test.ts src/runtime/multibyte-state-utf8-recovery.test.ts src/runtime/runtime-codec-registry.test.ts --maxWorkers=2 --pool=forks
{"name":"source decoder receives an ownerless buffer after newline translation","status":"terminated","reason":"internal","message":"source codec decoding requires an ownerless memoryview provider","reads":0,"output":""}
{"name":"source callback failures retain native tokenizer conversion","status":"terminated","reason":"internal","message":"source codec decoding requires an ownerless memoryview provider","reads":0,"output":""}
{"name":"source codec callbacks use the supplied input and output services","status":"terminated","reason":"internal","message":"source codec decoding requires an ownerless memoryview provider","reads":0,"output":""}
{"name":"utf-16","status":"ok","output":"LookupError unknown encoding: utf-16\n"}
{"name":"utf-32","status":"ok","output":"LookupError unknown encoding: utf-32\n"}
{"name":"iso2022_jp","status":"ok","output":"LookupError unknown encoding: iso2022_jp\n"}
{"name":"iso2022_jp_1","status":"ok","output":"LookupError unknown encoding: iso2022_jp_1\n"}
{"name":"iso2022_jp_2","status":"ok","output":"LookupError unknown encoding: iso2022_jp_2\n"}
{"name":"iso2022_jp_3","status":"ok","output":"LookupError unknown encoding: iso2022_jp_3\n"}
{"name":"iso2022_jp_2004","status":"ok","output":"LookupError unknown encoding: iso2022_jp_2004\n"}
{"name":"iso2022_jp_ext","status":"ok","output":"LookupError unknown encoding: iso2022_jp_ext\n"}
{"name":"iso2022_kr","status":"ok","output":"LookupError unknown encoding: iso2022_kr\n"}
{"name":"hz","status":"ok","output":"LookupError unknown encoding: hz\n"}
