
> @poe-code/safe-python@0.0.0-dev test:unit
> vitest run --config vitest.config.ts src/session-codec-bom-newline-split-user.test.ts --maxWorkers=2 --pool=forks


 RUN  v4.1.11 /Users/kjopek/Workspace/poe-code-3/packages/safe-python

 ❯ src/session-codec-bom-newline-split-user.test.ts (9 tests | 2 failed) 1244ms
   × actual BOM/newline state transfer: 'utf-16' 22ms
   × actual BOM/newline state transfer: 'utf-32' 21ms

⎯⎯⎯⎯⎯⎯⎯ Failed Tests 2 ⎯⎯⎯⎯⎯⎯⎯

 FAIL  src/session-codec-bom-newline-split-user.test.ts > actual BOM/newline state transfer: 'utf-16'
AssertionError: encoded b'\xff\xfe\xff\xfeA\x00\xe9\x00=\xd8\x00\xde\r\x00\n\x00\xff\xfeZ\x00'
: expected 'exception' to be 'ok' // Object.is equality

Expected: "ok"
Received: "exception"

 ❯ src/session-codec-bom-newline-split-user.test.ts:17:33
     15|   });
     16|   const result = session.exec(source);
     17|   expect(result.status, output).toBe('ok');
       |                                 ^
     18|   expect(output).toBe(row.oracle.stdout);
     19| });

⎯⎯⎯⎯⎯⎯⎯⎯⎯⎯⎯⎯⎯⎯⎯⎯⎯⎯⎯⎯⎯⎯⎯⎯[1/2]⎯

 FAIL  src/session-codec-bom-newline-split-user.test.ts > actual BOM/newline state transfer: 'utf-32'
AssertionError: encoded b'\xff\xfe\x00\x00\xff\xfe\x00\x00A\x00\x00\x00\xe9\x00\x00\x00\x00\xf6\x01\x00\r\x00\x00\x00\n\x00\x00\x00\xff\xfe\x00\x00Z\x00\x00\x00'
: expected 'exception' to be 'ok' // Object.is equality

Expected: "ok"
Received: "exception"

 ❯ src/session-codec-bom-newline-split-user.test.ts:17:33
     15|   });
     16|   const result = session.exec(source);
     17|   expect(result.status, output).toBe('ok');
       |                                 ^
     18|   expect(output).toBe(row.oracle.stdout);
     19| });

⎯⎯⎯⎯⎯⎯⎯⎯⎯⎯⎯⎯⎯⎯⎯⎯⎯⎯⎯⎯⎯⎯⎯⎯[2/2]⎯


 Test Files  1 failed (1)
      Tests  2 failed | 7 passed (9)
   Start at  11:04:41
   Duration  5.93s (transform 3.54s, setup 0ms, import 4.56s, tests 1.24s, environment 0ms)

npm error Lifecycle script `test:unit` failed with error:
npm error code 1
npm error path /Users/kjopek/Workspace/poe-code-3/packages/safe-python
npm error workspace @poe-code/safe-python@0.0.0-dev
npm error location /Users/kjopek/Workspace/poe-code-3/packages/safe-python
npm error command failed
npm error command sh -c vitest run --config vitest.config.ts src/session-codec-bom-newline-split-user.test.ts --maxWorkers=2 --pool=forks
