
> @poe-code/safe-python@0.0.0-dev test:unit
> vitest run --config vitest.config.ts src/session-charmap-codec-api.test.ts src/session-codec-source-registry.test.ts src/session-codec-native-wide-modules.test.ts src/session-codec-incremental-callback-user.test.ts --maxWorkers=2 --pool=forks


 RUN  v4.1.11 /Users/kjopek/Workspace/poe-code-3/packages/safe-python

 ❯ src/session-charmap-codec-api.test.ts (19 tests | 4 failed) 552ms
   × preserves 'encode' 'mapping' failure identity 21ms
   × preserves 'encode' 'handler' failure identity 19ms
   × preserves 'decode' 'mapping' failure identity 18ms
   × preserves 'decode' 'handler' failure identity 19ms
 ❯ src/session-codec-native-wide-modules.test.ts (10 tests | 10 failed) 299ms
   × native wide codec module: 'utf-16 registry and module API' 84ms
   × native wide codec module: 'utf-16 incremental encoder state and …' 35ms
   × native wide codec module: 'utf-16 every incremental split and st…' 24ms
   × native wide codec module: 'utf-16 missing BOM and truncated inpu…' 22ms
   × native wide codec module: 'utf-16 stream adapters BOM and reset' 26ms
   × native wide codec module: 'utf-32 registry and module API' 19ms
   × native wide codec module: 'utf-32 incremental encoder state and …' 21ms
   × native wide codec module: 'utf-32 every incremental split and st…' 23ms
   × native wide codec module: 'utf-32 missing BOM and truncated inpu…' 23ms
   × native wide codec module: 'utf-32 stream adapters BOM and reset' 20ms
 ❯ src/session-codec-incremental-callback-user.test.ts (120 tests | 18 failed) 4016ms
   × incremental callback user audit: 'utf-8; reenter; return' 195ms
   × incremental callback user audit: 'utf-8; reenter; raise' 163ms
   × incremental callback user audit: 'utf-8; reenter; overflow' 142ms
   × incremental callback user audit: 'utf-8-sig; reenter; return' 67ms
   × incremental callback user audit: 'utf-8-sig; reenter; raise' 77ms
   × incremental callback user audit: 'utf-8-sig; reenter; overflow' 73ms
   × incremental callback user audit: 'utf-16-le; reenter; return' 74ms
   × incremental callback user audit: 'utf-16-le; reenter; raise' 69ms
   × incremental callback user audit: 'utf-16-le; reenter; overflow' 57ms
   × incremental callback user audit: 'utf-16-be; reenter; return' 71ms
   × incremental callback user audit: 'utf-16-be; reenter; raise' 71ms
   × incremental callback user audit: 'utf-16-be; reenter; overflow' 69ms
   × incremental callback user audit: 'utf-32-le; reenter; return' 64ms
   × incremental callback user audit: 'utf-32-le; reenter; raise' 53ms
   × incremental callback user audit: 'utf-32-le; reenter; overflow' 61ms
   × incremental callback user audit: 'utf-32-be; reenter; return' 66ms
   × incremental callback user audit: 'utf-32-be; reenter; raise' 56ms
   × incremental callback user audit: 'utf-32-be; reenter; overflow' 63ms
 ❯ src/session-codec-source-registry.test.ts (4 tests | 4 failed) 150ms
   × source registry: 'source decoder receives an ownerless …' 72ms
   × source registry: 'source callback failures retain nativ…' 29ms
   × source registry: 'source codec callbacks use the suppli…' 21ms
   × keeps cancellation in source decoder callbacks terminal 27ms

⎯⎯⎯⎯⎯⎯ Failed Tests 36 ⎯⎯⎯⎯⎯⎯⎯

 FAIL  src/session-charmap-codec-api.test.ts > preserves 'encode' 'mapping' failure identity
 FAIL  src/session-charmap-codec-api.test.ts > preserves 'decode' 'mapping' failure identity
AssertionError: mapping traceback: expected 'exception' to be 'ok' // Object.is equality

Expected: "ok"
Received: "exception"

 ❯ run src/session-charmap-codec-api.test.ts:13:32
     11|     if(message.status==="ok")detail=String(message.value.primitive);
     12|   }
     13|   expect(result.status,detail).toBe("ok");
       |                                ^
     14| }
     15|
 ❯ src/session-charmap-codec-api.test.ts:135:5

⎯⎯⎯⎯⎯⎯⎯⎯⎯⎯⎯⎯⎯⎯⎯⎯⎯⎯⎯⎯⎯⎯⎯[1/36]⎯

 FAIL  src/session-charmap-codec-api.test.ts > preserves 'encode' 'handler' failure identity
 FAIL  src/session-charmap-codec-api.test.ts > preserves 'decode' 'handler' failure identity
AssertionError: handler traceback: expected 'exception' to be 'ok' // Object.is equality

Expected: "ok"
Received: "exception"

 ❯ run src/session-charmap-codec-api.test.ts:13:32
     11|     if(message.status==="ok")detail=String(message.value.primitive);
     12|   }
     13|   expect(result.status,detail).toBe("ok");
       |                                ^
     14| }
     15|
 ❯ src/session-charmap-codec-api.test.ts:135:5

⎯⎯⎯⎯⎯⎯⎯⎯⎯⎯⎯⎯⎯⎯⎯⎯⎯⎯⎯⎯⎯⎯⎯[2/36]⎯

 FAIL  src/session-codec-incremental-callback-user.test.ts > incremental callback user audit: 'utf-8; reenter; return'
 FAIL  src/session-codec-incremental-callback-user.test.ts > incremental callback user audit: 'utf-8; reenter; raise'
 FAIL  src/session-codec-incremental-callback-user.test.ts > incremental callback user audit: 'utf-8; reenter; overflow'
 FAIL  src/session-codec-incremental-callback-user.test.ts > incremental callback user audit: 'utf-8-sig; reenter; return'
 FAIL  src/session-codec-incremental-callback-user.test.ts > incremental callback user audit: 'utf-8-sig; reenter; raise'
 FAIL  src/session-codec-incremental-callback-user.test.ts > incremental callback user audit: 'utf-8-sig; reenter; overflow'
 FAIL  src/session-codec-incremental-callback-user.test.ts > incremental callback user audit: 'utf-16-le; reenter; return'
 FAIL  src/session-codec-incremental-callback-user.test.ts > incremental callback user audit: 'utf-16-le; reenter; raise'
 FAIL  src/session-codec-incremental-callback-user.test.ts > incremental callback user audit: 'utf-16-le; reenter; overflow'
 FAIL  src/session-codec-incremental-callback-user.test.ts > incremental callback user audit: 'utf-16-be; reenter; return'
 FAIL  src/session-codec-incremental-callback-user.test.ts > incremental callback user audit: 'utf-16-be; reenter; raise'
 FAIL  src/session-codec-incremental-callback-user.test.ts > incremental callback user audit: 'utf-16-be; reenter; overflow'
 FAIL  src/session-codec-incremental-callback-user.test.ts > incremental callback user audit: 'utf-32-le; reenter; return'
 FAIL  src/session-codec-incremental-callback-user.test.ts > incremental callback user audit: 'utf-32-le; reenter; raise'
 FAIL  src/session-codec-incremental-callback-user.test.ts > incremental callback user audit: 'utf-32-le; reenter; overflow'
 FAIL  src/session-codec-incremental-callback-user.test.ts > incremental callback user audit: 'utf-32-be; reenter; return'
 FAIL  src/session-codec-incremental-callback-user.test.ts > incremental callback user audit: 'utf-32-be; reenter; raise'
 FAIL  src/session-codec-incremental-callback-user.test.ts > incremental callback user audit: 'utf-32-be; reenter; overflow'
AssertionError: {"status":"terminated","reason":"internal","message":"Maximum call stack size exceeded"}: expected 'terminated' to be 'ok' // Object.is equality

Expected: "ok"
Received: "terminated"

 ❯ src/session-codec-incremental-callback-user.test.ts:22:91
     20|   });
     21|   const result = session.exec(source);
     22|   expect(result.status, result.status === "terminated" ? JSON.stringif…
       |                                                                                           ^
     23|   expect(output).toBe(row.stdout);
     24| });

⎯⎯⎯⎯⎯⎯⎯⎯⎯⎯⎯⎯⎯⎯⎯⎯⎯⎯⎯⎯⎯⎯⎯[3/36]⎯

 FAIL  src/session-codec-native-wide-modules.test.ts > native wide codec module: 'utf-16 registry and module API'
 FAIL  src/session-codec-native-wide-modules.test.ts > native wide codec module: 'utf-16 incremental encoder state and …'
 FAIL  src/session-codec-native-wide-modules.test.ts > native wide codec module: 'utf-16 every incremental split and st…'
 FAIL  src/session-codec-native-wide-modules.test.ts > native wide codec module: 'utf-16 missing BOM and truncated inpu…'
 FAIL  src/session-codec-native-wide-modules.test.ts > native wide codec module: 'utf-16 stream adapters BOM and reset'
 FAIL  src/session-codec-native-wide-modules.test.ts > native wide codec module: 'utf-32 registry and module API'
 FAIL  src/session-codec-native-wide-modules.test.ts > native wide codec module: 'utf-32 incremental encoder state and …'
 FAIL  src/session-codec-native-wide-modules.test.ts > native wide codec module: 'utf-32 every incremental split and st…'
 FAIL  src/session-codec-native-wide-modules.test.ts > native wide codec module: 'utf-32 missing BOM and truncated inpu…'
 FAIL  src/session-codec-native-wide-modules.test.ts > native wide codec module: 'utf-32 stream adapters BOM and reset'
AssertionError: No module named 'sys': expected 'exception' to be 'ok' // Object.is equality

Expected: "ok"
Received: "exception"

 ❯ src/session-codec-native-wide-modules.test.ts:14:33
     12|     if (diagnostic.status === "ok") detail = String(diagnostic.value.p…
     13|   }
     14|   expect(result.status, detail).toBe("ok");
       |                                 ^
     15| });
     16|

⎯⎯⎯⎯⎯⎯⎯⎯⎯⎯⎯⎯⎯⎯⎯⎯⎯⎯⎯⎯⎯⎯⎯[4/36]⎯

 FAIL  src/session-codec-source-registry.test.ts > source registry: 'source decoder receives an ownerless …'
 FAIL  src/session-codec-source-registry.test.ts > source registry: 'source callback failures retain nativ…'
 FAIL  src/session-codec-source-registry.test.ts > source registry: 'source codec callbacks use the suppli…'
AssertionError: expected 'terminated' to be 'ok' // Object.is equality

Expected: "ok"
Received: "terminated"

 ❯ src/session-codec-source-registry.test.ts:23:33
     21|   // Check the discriminant before a deep matcher can inspect opaque h…
     22|   // Keep the complete result/output assertion once execution has succ…
     23|   expect(result.status, detail).toBe("ok");
       |                                 ^
     24|   expect({result, output}).toEqual({result: {status: "ok"}, output: re…
     25| });

⎯⎯⎯⎯⎯⎯⎯⎯⎯⎯⎯⎯⎯⎯⎯⎯⎯⎯⎯⎯⎯⎯⎯[5/36]⎯

 FAIL  src/session-codec-source-registry.test.ts > keeps cancellation in source decoder callbacks terminal
AssertionError: expected { status: 'terminated', …(2) } to match object { status: 'terminated', …(1) }
(1 matching property omitted from actual)

- Expected
+ Received

  {
-   "reason": "cancelled",
+   "reason": "internal",
    "status": "terminated",
  }

 ❯ src/session-codec-source-registry.test.ts:38:18
     36|   const result = session.exec(codecSourceRegistryCases[2].source);
     37|   expect(result.status).toBe("terminated");
     38|   expect(result).toMatchObject({status: "terminated", reason: "cancell…
       |                  ^
     39|   expect(reads).toBe(1);
     40|   expect(output).toBe("search source_service\ndecode\n");

⎯⎯⎯⎯⎯⎯⎯⎯⎯⎯⎯⎯⎯⎯⎯⎯⎯⎯⎯⎯⎯⎯⎯[6/36]⎯


 Test Files  4 failed (4)
      Tests  36 failed | 117 passed (153)
   Start at  11:24:08
   Duration  10.81s (transform 10.00s, setup 0ms, import 15.71s, tests 5.02s, environment 0ms)

npm error Lifecycle script `test:unit` failed with error:
npm error code 1
npm error path /Users/kjopek/Workspace/poe-code-3/packages/safe-python
npm error workspace @poe-code/safe-python@0.0.0-dev
npm error location /Users/kjopek/Workspace/poe-code-3/packages/safe-python
npm error command failed
npm error command sh -c vitest run --config vitest.config.ts src/session-charmap-codec-api.test.ts src/session-codec-source-registry.test.ts src/session-codec-native-wide-modules.test.ts src/session-codec-incremental-callback-user.test.ts --maxWorkers=2 --pool=forks

> @poe-code/safe-python@0.0.0-dev test:unit
> vitest run --config vitest.config.ts src/session-codec-interpreter-isolation.test.ts src/session-codec-cache-identity.test.ts src/session-codec-search-mutation.test.ts src/session-codec-handler-field-precedence.test.ts src/session-codec-recovery-index-boundaries.test.ts src/session-codec-incremental-state-transfer-user.test.ts src/session-codec-stream-eof.test.ts src/session-codec-bom-newline-split-user.test.ts src/session-core-codec-cancellation.test.ts src/session-codec-handler-unregister-resume.test.ts --maxWorkers=2 --pool=forks


 RUN  v4.1.11 /Users/kjopek/Workspace/poe-code-3/packages/safe-python

 ❯ src/session-codec-bom-newline-split-user.test.ts (9 tests | 2 failed) 1288ms
   × actual BOM/newline state transfer: 'utf-16' 20ms
   × actual BOM/newline state transfer: 'utf-32' 24ms

⎯⎯⎯⎯⎯⎯⎯ Failed Tests 2 ⎯⎯⎯⎯⎯⎯⎯

 FAIL  src/session-codec-bom-newline-split-user.test.ts > actual BOM/newline state transfer: 'utf-16'
AssertionError: encoded b'\xff\xfe\xff\xfeA\x00\xe9\x00=\xd8\x00\xde\r\x00\n\x00\xff\xfeZ\x00'
: expected 'exception' to be 'ok' // Object.is equality

Expected: "ok"
Received: "exception"

 ❯ src/session-codec-bom-newline-split-user.test.ts:17:33
     15|   });
     16|   const result = session.exec(source);
     17|   expect(result.status, output).toBe('ok');
       |                                 ^
     18|   expect(output).toBe(row.oracle.stdout);
     19| });

⎯⎯⎯⎯⎯⎯⎯⎯⎯⎯⎯⎯⎯⎯⎯⎯⎯⎯⎯⎯⎯⎯⎯⎯[1/2]⎯

 FAIL  src/session-codec-bom-newline-split-user.test.ts > actual BOM/newline state transfer: 'utf-32'
AssertionError: encoded b'\xff\xfe\x00\x00\xff\xfe\x00\x00A\x00\x00\x00\xe9\x00\x00\x00\x00\xf6\x01\x00\r\x00\x00\x00\n\x00\x00\x00\xff\xfe\x00\x00Z\x00\x00\x00'
: expected 'exception' to be 'ok' // Object.is equality

Expected: "ok"
Received: "exception"

 ❯ src/session-codec-bom-newline-split-user.test.ts:17:33
     15|   });
     16|   const result = session.exec(source);
     17|   expect(result.status, output).toBe('ok');
       |                                 ^
     18|   expect(output).toBe(row.oracle.stdout);
     19| });

⎯⎯⎯⎯⎯⎯⎯⎯⎯⎯⎯⎯⎯⎯⎯⎯⎯⎯⎯⎯⎯⎯⎯⎯[2/2]⎯


 Test Files  1 failed | 9 passed (10)
      Tests  2 failed | 141 passed (143)
   Start at  11:24:45
   Duration  12.33s (transform 7.13s, setup 0ms, import 16.30s, tests 7.25s, environment 1ms)

npm error Lifecycle script `test:unit` failed with error:
npm error code 1
npm error path /Users/kjopek/Workspace/poe-code-3/packages/safe-python
npm error workspace @poe-code/safe-python@0.0.0-dev
npm error location /Users/kjopek/Workspace/poe-code-3/packages/safe-python
npm error command failed
npm error command sh -c vitest run --config vitest.config.ts src/session-codec-interpreter-isolation.test.ts src/session-codec-cache-identity.test.ts src/session-codec-search-mutation.test.ts src/session-codec-handler-field-precedence.test.ts src/session-codec-recovery-index-boundaries.test.ts src/session-codec-incremental-state-transfer-user.test.ts src/session-codec-stream-eof.test.ts src/session-codec-bom-newline-split-user.test.ts src/session-core-codec-cancellation.test.ts src/session-codec-handler-unregister-resume.test.ts --maxWorkers=2 --pool=forks
