{
  "version": "0.1.607",
  "dist": {
    "shasum": "b145b7fc7b10a24119819069a2bbfa117de2ea7a",
    "tarball": "https://registry.npmjs.org/@poe-platform/safe-js/-/safe-js-0.1.607.tgz",
    "fileCount": 359,
    "integrity": "sha512-803LjqQlBfBQ/OcCKa2FnpG7DrSzeyjD5UTTp6Wu2fINjcg6mUOWuneij+MDYMD1jPUa8Rd0HVCzugVkuPfl2w==",
    "signatures": [
      {
        "sig": "MEUCIQCa9qQvptkxFhR5c9CQL8MvpLIf2PEmJH3V1G7FAUcBIgIgaxU9tVqn2YZFEUQ91j8NcR6f0Oyrjc6gYX3pDDdpdK0=",
        "keyid": "SHA256:DhQ8wR5APBvFHLF/+Tc+AYvPOdTpcIDqOhxsBHRwC7U"
      },
      {
        "keyid": "SHA256:DhQ8wR5APBvFHLF/+Tc+AYvPOdTpcIDqOhxsBHRwC7U",
        "sig": "MEUCIQDFsGdgGtyY2EmoH6/Js1ALmkotFiKrtye0TtuhJx3QXQIgA+KJja5ini+B8JiKocDgZ0tWOZc849Th+Iy1NWz2aTw="
      }
    ],
    "attestations": {
      "url": "https://registry.npmjs.org/-/npm/v1/attestations/@poe-platform%2fsafe-js@0.1.607",
      "provenance": {
        "predicateType": "https://slsa.dev/provenance/v1"
      }
    },
    "unpackedSize": 43053832
  }
}
