{
  "version": "15.0.41",
  "gitHead": "a03cf4f986dcbb7de309cbe4c1f5587551d81d04",
  "dist": {
    "integrity": "sha512-FM/nQ/K1ghJXhf2Mv1eOV/ssMP4L2hSt4XJPKz1Gm8co91/jqy9SFz180tbdY23It2Uz5DJm6I+e0fPS1vS7vA==",
    "shasum": "443840314e87ee1cb4049ed48900a6dfb9cee221",
    "tarball": "https://registry.npmjs.org/poe-code/-/poe-code-15.0.41.tgz",
    "fileCount": 5927,
    "unpackedSize": 212886871,
    "attestations": {
      "url": "https://registry.npmjs.org/-/npm/v1/attestations/poe-code@15.0.41",
      "provenance": {
        "predicateType": "https://slsa.dev/provenance/v1"
      }
    },
    "signatures": [
      {
        "keyid": "SHA256:DhQ8wR5APBvFHLF/+Tc+AYvPOdTpcIDqOhxsBHRwC7U",
        "sig": "MEUCIF1Yu/ofo6Grr62GuGoXsqAbZEOoPs8QPElcqe8t4SdcAiEAhcwdan7VdFFFxXTVDN/cheVMhK6fqBikNjPOwOcpJkc="
      }
    ]
  }
}
