
 RUN  v4.1.11 /Users/kjopek/Workspace/poe-code

 ❯ packages/safe-js/test/adversarial/generated-interactions-counterexamples.test.ts (6 tests | 2 failed) 552ms
     × minimized disposal replay: async function f(){await using r={async [Symbol.asyncDispose](){}}}await f();return 1 156ms
     × minimized disposal replay: async function f(){await using r={[Symbol.asyncDispose](){}}}await f();return 1 72ms
     ✓ minimized disposal replay: async function f(){await 0}await f();return 1 115ms
     ✓ minimized disposal replay: await using r={async [Symbol.asyncDispose](){}};return 1 138ms
     ✓ minimal source-module admission and legacy neighbor 43ms
   ✓ minimized host cancellation contract 27ms

 Test Files  1 failed (1)
      Tests  2 failed | 4 passed (6)
   Start at  09:42:53
   Duration  3.75s (transform 2.41s, setup 79ms, import 2.98s, tests 552ms, environment 0ms)

FAIL packages/safe-js/test/adversarial/generated-interactions-counterexamples.test.ts > pending disposal qualification > minimized disposal replay: async function f(){await using r={async [Symbol.asyncDispose](){}}}await f();return 1
SnapshotValidationError: Invalid snapshot at $.heap["924"]: Expected a guest heap array.
⎯⎯⎯⎯⎯⎯⎯⎯⎯⎯⎯⎯⎯⎯⎯⎯⎯⎯⎯⎯⎯⎯⎯⎯⎯⎯⎯⎯⎯⎯
Serialized Error: { code: 'invalidValue', path: '$.heap["924"]' }
FAIL packages/safe-js/test/adversarial/generated-interactions-counterexamples.test.ts > pending disposal qualification > minimized disposal replay: async function f(){await using r={[Symbol.asyncDispose](){}}}await f();return 1
SnapshotValidationError: Invalid snapshot at $.heap["920"]: Wrong guest heap reference kind.
⎯⎯⎯⎯⎯⎯⎯⎯⎯⎯⎯⎯⎯⎯⎯⎯⎯⎯⎯⎯⎯⎯⎯⎯⎯⎯⎯⎯⎯⎯
Serialized Error: { code: 'invalidValue', path: '$.heap["920"]' }

⎯⎯⎯⎯⎯⎯⎯ Failed Tests 2 ⎯⎯⎯⎯⎯⎯⎯

 FAIL  packages/safe-js/test/adversarial/generated-interactions-counterexamples.test.ts > pending disposal qualification > minimized disposal replay: async function f(){await using r={async [Symbol.asyncDispose](){}}}await f();return 1
SnapshotValidationError: Invalid snapshot at $.heap["924"]: Expected a guest heap array.
⎯⎯⎯⎯⎯⎯⎯⎯⎯⎯⎯⎯⎯⎯⎯⎯⎯⎯⎯⎯⎯⎯⎯⎯[1/2]⎯

 FAIL  packages/safe-js/test/adversarial/generated-interactions-counterexamples.test.ts > pending disposal qualification > minimized disposal replay: async function f(){await using r={[Symbol.asyncDispose](){}}}await f();return 1
SnapshotValidationError: Invalid snapshot at $.heap["920"]: Wrong guest heap reference kind.
⎯⎯⎯⎯⎯⎯⎯⎯⎯⎯⎯⎯⎯⎯⎯⎯⎯⎯⎯⎯⎯⎯⎯⎯[2/2]⎯
