TAP version 13
# Subtest: public sort owns named VFS Buffer fragments before advancing the source, delimiter=10
not ok 1 - public sort owns named VFS Buffer fragments before advancing the source, delimiter=10
  ---
  duration_ms: 5.189833
  type: 'test'
  location: '/Users/kjopek/Workspace/safe-bash/tests/commands/core-sort/borrowed-buffer.test.ts:1:173'
  failureType: 'testCodeFailure'
  error: |-
    Expected values to be strictly deep-equal:
    + actual - expected
    
      Buffer(6) [Uint8Array] [
    -   97,
    -   49,
        10,
    -   98,
        49,
        10,
    +   10,
    +   97,
    +   10
      ]
    
  code: 'ERR_ASSERTION'
  name: 'AssertionError'
  expected:
    0: 97
    1: 49
    2: 10
    3: 98
    4: 49
    5: 10
  actual:
    0: 10
    1: 49
    2: 10
    3: 10
    4: 97
    5: 10
  operator: 'deepStrictEqual'
  stack: |-
    TestContext.<anonymous> (/Users/kjopek/Workspace/safe-bash/tests/commands/core-sort/borrowed-buffer.test.ts:24:14)
    async Test.run (node:internal/test_runner/test:1054:7)
    async startSubtestAfterBootstrap (node:internal/test_runner/harness:296:3)
  ...
# Subtest: public sort owns named VFS Buffer fragments before advancing the source, delimiter=0
not ok 2 - public sort owns named VFS Buffer fragments before advancing the source, delimiter=0
  ---
  duration_ms: 0.983333
  type: 'test'
  location: '/Users/kjopek/Workspace/safe-bash/tests/commands/core-sort/borrowed-buffer.test.ts:1:173'
  failureType: 'testCodeFailure'
  error: |-
    Expected values to be strictly deep-equal:
    + actual - expected
    
      Buffer(6) [Uint8Array] [
    -   97,
    -   49,
        0,
    -   98,
        49,
        0,
    +   0,
    +   97,
    +   0
      ]
    
  code: 'ERR_ASSERTION'
  name: 'AssertionError'
  expected:
    0: 97
    1: 49
    2: 0
    3: 98
    4: 49
    5: 0
  actual:
    0: 0
    1: 49
    2: 0
    3: 0
    4: 97
    5: 0
  operator: 'deepStrictEqual'
  stack: |-
    TestContext.<anonymous> (/Users/kjopek/Workspace/safe-bash/tests/commands/core-sort/borrowed-buffer.test.ts:24:14)
    async Test.run (node:internal/test_runner/test:1054:7)
    async Test.processPendingSubtests (node:internal/test_runner/test:744:7)
  ...
1..2
# tests 2
# suites 0
# pass 0
# fail 2
# cancelled 0
# skipped 0
# todo 0
# duration_ms 263.588041
