TAP version 13
# Subtest: fresh GNU heldout: C all byte values except LF
ok 1 - fresh GNU heldout: C all byte values except LF
  ---
  duration_ms: 21.616791
  type: 'test'
  ...
# Subtest: fresh GNU heldout: invalid UTF8 and non-BMP codepoint order
ok 2 - fresh GNU heldout: invalid UTF8 and non-BMP codepoint order
  ---
  duration_ms: 7.786125
  type: 'test'
  ...
# Subtest: fresh GNU heldout: NUL records with embedded LF
ok 3 - fresh GNU heldout: NUL records with embedded LF
  ---
  duration_ms: 5.776042
  type: 'test'
  ...
# Subtest: fresh GNU heldout: reverse NUL unique
ok 4 - fresh GNU heldout: reverse NUL unique
  ---
  duration_ms: 6.071375
  type: 'test'
  ...
# Subtest: fresh GNU heldout: large precise numeric stable
ok 5 - fresh GNU heldout: large precise numeric stable
  ---
  duration_ms: 6.572042
  type: 'test'
  ...
# Subtest: fresh GNU heldout: stable reverse keys
ok 6 - fresh GNU heldout: stable reverse keys
  ---
  duration_ms: 5.912875
  type: 'test'
  ...
# Subtest: fresh GNU heldout: fold unique
ok 7 - fresh GNU heldout: fold unique
  ---
  duration_ms: 5.608333
  type: 'test'
  ...
# Subtest: fresh GNU heldout: blank key character ranges
ok 8 - fresh GNU heldout: blank key character ranges
  ---
  duration_ms: 5.466709
  type: 'test'
  ...
# Subtest: fresh GNU heldout: long equal prefix
ok 9 - fresh GNU heldout: long equal prefix
  ---
  duration_ms: 2185.83475
  type: 'test'
  ...
# Subtest: fresh GNU heldout: unterminated final empty-adjacent records
ok 10 - fresh GNU heldout: unterminated final empty-adjacent records
  ---
  duration_ms: 5.716792
  type: 'test'
  ...
# Subtest: fresh GNU heldout: only delimiters
ok 11 - fresh GNU heldout: only delimiters
  ---
  duration_ms: 4.852375
  type: 'test'
  ...
# Subtest: fresh GNU heldout: empty input
ok 12 - fresh GNU heldout: empty input
  ---
  duration_ms: 4.807291
  type: 'test'
  ...
# Subtest: owned input chunks: Buffer=false, spanning=false
ok 13 - owned input chunks: Buffer=false, spanning=false
  ---
  duration_ms: 0.215834
  type: 'test'
  ...
# Subtest: owned input chunks: Buffer=false, spanning=true
ok 14 - owned input chunks: Buffer=false, spanning=true
  ---
  duration_ms: 0.070083
  type: 'test'
  ...
# Subtest: owned input chunks: Buffer=true, spanning=false
ok 15 - owned input chunks: Buffer=true, spanning=false
  ---
  duration_ms: 0.115708
  type: 'test'
  ...
# Subtest: owned input chunks: Buffer=true, spanning=true
ok 16 - owned input chunks: Buffer=true, spanning=true
  ---
  duration_ms: 0.047542
  type: 'test'
  ...
# Subtest: failed input preserves publication: input,missing
ok 17 - failed input preserves publication: input,missing
  ---
  duration_ms: 0.525334
  type: 'test'
  ...
# Subtest: failed input preserves publication: -o,input,input,missing
ok 18 - failed input preserves publication: -o,input,input,missing
  ---
  duration_ms: 0.163833
  type: 'test'
  ...
# Subtest: buffer cap retains original output before publication
not ok 19 - buffer cap retains original output before publication
  ---
  duration_ms: 100.429541
  type: 'test'
  location: '/private/tmp/safe-bash-sort-performance-dXHa3m/harness/holdouts.mjs:64:1'
  failureType: 'testCodeFailure'
  error: |-
    Expected values to be strictly equal:
    
    0 !== 2
    
  code: 'ERR_ASSERTION'
  name: 'AssertionError'
  expected: 2
  actual: 0
  operator: 'strictEqual'
  stack: |-
    TestContext.<anonymous> (file:///private/tmp/safe-bash-sort-performance-dXHa3m/harness/holdouts.mjs:67:10)
    async Test.run (node:internal/test_runner/test:1054:7)
    async Test.processPendingSubtests (node:internal/test_runner/test:744:7)
  ...
# Subtest: late read failure closes input and cannot delete/overwrite destination
ok 20 - late read failure closes input and cannot delete/overwrite destination
  ---
  duration_ms: 1.385
  type: 'test'
  ...
# Subtest: check mode still stops at first disorder without a later pull
ok 21 - check mode still stops at first disorder without a later pull
  ---
  duration_ms: 0.152166
  type: 'test'
  ...
# Subtest: exact cancellation reason before/during input: false
ok 22 - exact cancellation reason before/during input: false
  ---
  duration_ms: 1.98825
  type: 'test'
  ...
# Subtest: exact cancellation reason before/during input: true
ok 23 - exact cancellation reason before/during input: true
  ---
  duration_ms: 0.146542
  type: 'test'
  ...
# Subtest: owned output, awaited backpressure, and unchanged 64KiB partial-output boundary
ok 24 - owned output, awaited backpressure, and unchanged 64KiB partial-output boundary
  ---
  duration_ms: 91.92825
  type: 'test'
  ...
# Subtest: abort blocked output retains reason and observes late rejection
ok 25 - abort blocked output retains reason and observes late rejection
  ---
  duration_ms: 0.295458
  type: 'test'
  ...
# Subtest: actual Shell pipeline, in-place sort, and shared output quota
ok 26 - actual Shell pipeline, in-place sort, and shared output quota
  ---
  duration_ms: 9.056875
  type: 'test'
  ...
1..26
# tests 26
# suites 0
# pass 25
# fail 1
# cancelled 0
# skipped 0
# todo 0
# duration_ms 2565.49075
