[main a2fb303bb] fix(safe-js): enforce typed-array integrity invariants
 91 files changed, 35442 insertions(+), 5 deletions(-)
 create mode 100644 docs/plans/qualify-builtins/remaining-categories-20260913/additional-runtime-test-commands.json
 create mode 100644 docs/plans/qualify-builtins/remaining-categories-20260913/build.log
 create mode 100644 docs/plans/qualify-builtins/remaining-categories-20260913/built-sdk-controls.json
 create mode 100644 docs/plans/qualify-builtins/remaining-categories-20260913/bun-built-controls.json
 create mode 100644 docs/plans/qualify-builtins/remaining-categories-20260913/bun-built-controls.stderr
 create mode 100644 docs/plans/qualify-builtins/remaining-categories-20260913/candidate-source.json
 create mode 100644 docs/plans/qualify-builtins/remaining-categories-20260913/category-status.json
 create mode 100644 docs/plans/qualify-builtins/remaining-categories-20260913/cli-controls.json
 create mode 100644 docs/plans/qualify-builtins/remaining-categories-20260913/commands.json
 create mode 100644 docs/plans/qualify-builtins/remaining-categories-20260913/controls.json
 create mode 100644 docs/plans/qualify-builtins/remaining-categories-20260913/corpus-command.json
 create mode 100644 docs/plans/qualify-builtins/remaining-categories-20260913/corpus.jsonl
 create mode 100644 docs/plans/qualify-builtins/remaining-categories-20260913/corpus.log
 create mode 100644 docs/plans/qualify-builtins/remaining-categories-20260913/detached-and-forged-controls.json
 create mode 100644 docs/plans/qualify-builtins/remaining-categories-20260913/dispositions.json
 create mode 100644 docs/plans/qualify-builtins/remaining-categories-20260913/edition-receipt.json
 create mode 100644 docs/plans/qualify-builtins/remaining-categories-20260913/environment.json
 create mode 100644 docs/plans/qualify-builtins/remaining-categories-20260913/final-build.log
 create mode 100644 docs/plans/qualify-builtins/remaining-categories-20260913/final-built-sdk-controls.json
 create mode 100644 docs/plans/qualify-builtins/remaining-categories-20260913/final-bun-query-control.json
 create mode 100644 docs/plans/qualify-builtins/remaining-categories-20260913/final-bun-query-control.stderr
 create mode 100644 docs/plans/qualify-builtins/remaining-categories-20260913/final-candidate-source.json
 create mode 100644 docs/plans/qualify-builtins/remaining-categories-20260913/final-focused.log
 create mode 100644 docs/plans/qualify-builtins/remaining-categories-20260913/final-lint.log
 create mode 100644 docs/plans/qualify-builtins/remaining-categories-20260913/final-node18-latest-tests.log
 create mode 100644 docs/plans/qualify-builtins/remaining-categories-20260913/final-node18-min-tests.log
 create mode 100644 docs/plans/qualify-builtins/remaining-categories-20260913/final-node20-tests.log
 create mode 100644 docs/plans/qualify-builtins/remaining-categories-20260913/final-node24-tests.log
 create mode 100644 docs/plans/qualify-builtins/remaining-categories-20260913/final-runtime-test-commands.json
 create mode 100644 docs/plans/qualify-builtins/remaining-categories-20260913/final-sdk-commands.json
 create mode 100644 docs/plans/qualify-builtins/remaining-categories-20260913/final-sdk-node18-min.json
 create mode 100644 docs/plans/qualify-builtins/remaining-categories-20260913/final-sdk-node18-min.stderr
 create mode 100644 docs/plans/qualify-builtins/remaining-categories-20260913/final-sdk-node22.json
 create mode 100644 docs/plans/qualify-builtins/remaining-categories-20260913/final-sdk-node22.stderr
 create mode 100644 docs/plans/qualify-builtins/remaining-categories-20260913/final-source-verification.json
 create mode 100644 docs/plans/qualify-builtins/remaining-categories-20260913/focused-integrity.json
 create mode 100644 docs/plans/qualify-builtins/remaining-categories-20260913/focused.log
 create mode 100644 docs/plans/qualify-builtins/remaining-categories-20260913/green.log
 create mode 100644 docs/plans/qualify-builtins/remaining-categories-20260913/host-view-controls.json
 create mode 100644 docs/plans/qualify-builtins/remaining-categories-20260913/integrity-final-corpus.jsonl
 create mode 100644 docs/plans/qualify-builtins/remaining-categories-20260913/integrity-final-corpus.log
 create mode 100644 docs/plans/qualify-builtins/remaining-categories-20260913/job-order-controls.json
 create mode 100644 docs/plans/qualify-builtins/remaining-categories-20260913/ledger-append.md
 create mode 100644 docs/plans/qualify-builtins/remaining-categories-20260913/lint.log
 create mode 100644 docs/plans/qualify-builtins/remaining-categories-20260913/manual-qa.md
 create mode 100644 docs/plans/qualify-builtins/remaining-categories-20260913/mapped-runtime-commands.json
 create mode 100644 docs/plans/qualify-builtins/remaining-categories-20260913/minimum-mapped-corpus.jsonl
 create mode 100644 docs/plans/qualify-builtins/remaining-categories-20260913/minimum-mapped-corpus.log
 create mode 100644 docs/plans/qualify-builtins/remaining-categories-20260913/node18-latest-tests.log
 create mode 100644 docs/plans/qualify-builtins/remaining-categories-20260913/node18-min-tests.log
 create mode 100644 docs/plans/qualify-builtins/remaining-categories-20260913/node20-mapped-corpus.jsonl
 create mode 100644 docs/plans/qualify-builtins/remaining-categories-20260913/node20-mapped-corpus.log
 create mode 100644 docs/plans/qualify-builtins/remaining-categories-20260913/node20-tests.log
 create mode 100644 docs/plans/qualify-builtins/remaining-categories-20260913/node24-mapped-corpus.jsonl
 create mode 100644 docs/plans/qualify-builtins/remaining-categories-20260913/node24-mapped-corpus.log
 create mode 100644 docs/plans/qualify-builtins/remaining-categories-20260913/node24-tests.log
 create mode 100644 docs/plans/qualify-builtins/remaining-categories-20260913/o12-investigation.log
 create mode 100644 docs/plans/qualify-builtins/remaining-categories-20260913/package-test-final.log
 create mode 100644 docs/plans/qualify-builtins/remaining-categories-20260913/package-test-rerun.log
 create mode 100644 docs/plans/qualify-builtins/remaining-categories-20260913/package-test.log
 create mode 100644 docs/plans/qualify-builtins/remaining-categories-20260913/qualification.md
 create mode 100644 docs/plans/qualify-builtins/remaining-categories-20260913/qualified-corpus.jsonl
 create mode 100644 docs/plans/qualify-builtins/remaining-categories-20260913/qualified-corpus.log
 create mode 100644 docs/plans/qualify-builtins/remaining-categories-20260913/query-red.log
 create mode 100644 docs/plans/qualify-builtins/remaining-categories-20260913/query-sdk-controls.json
 create mode 100644 docs/plans/qualify-builtins/remaining-categories-20260913/receipt.json
 create mode 100644 docs/plans/qualify-builtins/remaining-categories-20260913/reconciliation.json
 create mode 100644 docs/plans/qualify-builtins/remaining-categories-20260913/red.log
 create mode 100644 docs/plans/qualify-builtins/remaining-categories-20260913/remote-main-observation.txt
 create mode 100644 docs/plans/qualify-builtins/remaining-categories-20260913/repair-reuse.json
 create mode 100644 docs/plans/qualify-builtins/remaining-categories-20260913/repaired-corpus.jsonl
 create mode 100644 docs/plans/qualify-builtins/remaining-categories-20260913/repaired-corpus.log
 create mode 100644 docs/plans/qualify-builtins/remaining-categories-20260913/runtime-test-commands.json
 create mode 100644 docs/plans/qualify-builtins/remaining-categories-20260913/runtime.patch
 create mode 100644 docs/plans/qualify-builtins/remaining-categories-20260913/sdk-commands.json
 create mode 100644 docs/plans/qualify-builtins/remaining-categories-20260913/sdk-node18-min.json
 create mode 100644 docs/plans/qualify-builtins/remaining-categories-20260913/sdk-node18-min.stderr
 create mode 100644 docs/plans/qualify-builtins/remaining-categories-20260913/sdk-node22-initial.json
 create mode 100644 docs/plans/qualify-builtins/remaining-categories-20260913/sdk-node22.json
 create mode 100644 docs/plans/qualify-builtins/remaining-categories-20260913/sdk-node22.stderr
 create mode 100644 docs/plans/qualify-builtins/remaining-categories-20260913/selected-historical-cases.json
 create mode 100644 docs/plans/qualify-builtins/remaining-categories-20260913/selected-paths.json
 create mode 100644 docs/plans/qualify-builtins/remaining-categories-20260913/source-before.json
 create mode 100644 docs/plans/qualify-builtins/remaining-categories-20260913/source-consistency.json
 create mode 100644 docs/plans/qualify-builtins/remaining-categories-20260913/stage-whitespace-review.json
 create mode 100644 docs/plans/qualify-builtins/remaining-categories-20260913/test-versions.json
 create mode 100644 docs/plans/qualify-builtins/remaining-categories-20260913/timeout-controls.json
 create mode 100644 packages/safe-js/src/interp/resizable-typed-array-integrity.test.ts
