
 RUN  v4.1.11 /Users/kjopek/Workspace/poe-code

 ❯ packages/safe-js/src/interp/resizable-typed-array-integrity.test.ts (8 tests | 6 failed) 407ms
   × refuses integrity changes on resizable Uint8Array views without mutation 109ms
   × refuses integrity changes on resizable Float16Array views without mutation 70ms
   × refuses integrity changes on resizable BigInt64Array views without mutation 47ms
   ✓ refuses Proxy false success before ownKeys and descriptor traps 27ms
   × forwards refusal through an empty Proxy handler 17ms
   ✓ preserves fixed-buffer and ordinary-object integrity controls 24ms
   × keeps a rejected view extensible through shrinking and regrowing its buffer 29ms
   × preserves rejected integrity changes across pending and completed replay 83ms
FAIL packages/safe-js/src/interp/resizable-typed-array-integrity.test.ts > refuses integrity changes on resizable Uint8Array views without mutation
AssertionError: expected [ true, undefined, false, …(18) ] to deeply equal [ false, 'TypeError', true, …(18) ]

- Expected
+ Received

  [
-   false,
-   "TypeError",
    true,
-   "TypeError",
-   true,
-   "TypeError",
-   true,
+   undefined,
    false,
-   "TypeError",
-   true,
-   "TypeError",
-   true,
-   "TypeError",
-   true,
+   undefined,
    false,
-   "TypeError",
+   undefined,
+   false,
    true,
-   "TypeError",
-   true,
+   undefined,
+   false,
+   undefined,
+   false,
    "TypeError",
+   false,
    true,
+   undefined,
+   false,
+   undefined,
+   false,
+   undefined,
+   false,
  ]

 ❯ packages/safe-js/src/interp/resizable-typed-array-integrity.test.ts:16:43
     14|       }
     15|     } return results;`;
     16|   expect((await run(source)).returnValue).toEqual(Array.from({ length:…
       |                                           ^
     17|     false, "TypeError", true, "TypeError", true, "TypeError", true
     18|   ]).flat());

FAIL packages/safe-js/src/interp/resizable-typed-array-integrity.test.ts > refuses integrity changes on resizable Float16Array views without mutation
AssertionError: expected [ true, undefined, false, …(18) ] to deeply equal [ false, 'TypeError', true, …(18) ]

- Expected
+ Received

  [
+   true,
+   undefined,
    false,
-   "TypeError",
-   true,
-   "TypeError",
-   true,
-   "TypeError",
-   true,
+   undefined,
    false,
-   "TypeError",
-   true,
-   "TypeError",
+   undefined,
+   false,
    true,
+   undefined,
+   false,
    "TypeError",
-   true,
    false,
    "TypeError",
+   false,
    true,
+   undefined,
+   false,
    "TypeError",
-   true,
+   false,
    "TypeError",
-   true,
+   false,
  ]

 ❯ packages/safe-js/src/interp/resizable-typed-array-integrity.test.ts:16:43
     14|       }
     15|     } return results;`;
     16|   expect((await run(source)).returnValue).toEqual(Array.from({ length:…
       |                                           ^
     17|     false, "TypeError", true, "TypeError", true, "TypeError", true
     18|   ]).flat());

FAIL packages/safe-js/src/interp/resizable-typed-array-integrity.test.ts > refuses integrity changes on resizable BigInt64Array views without mutation
AssertionError: expected [ true, undefined, false, …(18) ] to deeply equal [ false, 'TypeError', true, …(18) ]

- Expected
+ Received

  [
-   false,
-   "TypeError",
    true,
-   "TypeError",
-   true,
-   "TypeError",
-   true,
+   undefined,
    false,
-   "TypeError",
-   true,
-   "TypeError",
-   true,
-   "TypeError",
-   true,
+   undefined,
    false,
-   "TypeError",
+   undefined,
+   false,
    true,
-   "TypeError",
-   true,
+   undefined,
+   false,
+   undefined,
+   false,
    "TypeError",
+   false,
    true,
+   undefined,
+   false,
+   undefined,
+   false,
+   undefined,
+   false,
  ]

 ❯ packages/safe-js/src/interp/resizable-typed-array-integrity.test.ts:16:43
     14|       }
     15|     } return results;`;
     16|   expect((await run(source)).returnValue).toEqual(Array.from({ length:…
       |                                           ^
     17|     false, "TypeError", true, "TypeError", true, "TypeError", true
     18|   ]).flat());

FAIL packages/safe-js/src/interp/resizable-typed-array-integrity.test.ts > forwards refusal through an empty Proxy handler
AssertionError: expected [ true, false ] to deeply equal [ false, true ]

- Expected
+ Received

  [
-   false,
    true,
+   false,
  ]

 ❯ packages/safe-js/src/interp/resizable-typed-array-integrity.test.ts:33:6
     31|   expect((await run(`const a=new Uint8Array(new ArrayBuffer(0,{maxByte…
     32|     const p=new Proxy(a,{});return [Reflect.preventExtensions(p),Objec…
     33|     .toEqual([false, true]);
       |      ^
     34| });
     35|

FAIL packages/safe-js/src/interp/resizable-typed-array-integrity.test.ts > keeps a rejected view extensible through shrinking and regrowing its buffer
TypeError: Cannot define property extra, object is not extensible
⎯⎯⎯⎯⎯⎯⎯⎯⎯⎯⎯⎯⎯⎯⎯⎯⎯⎯⎯⎯⎯⎯⎯⎯⎯⎯⎯⎯⎯⎯
Serialized Error: { span: { start: { line: 3, column: 24, offset: 168 }, end: { line: 3, column: 33, offset: 177 } } }
FAIL packages/safe-js/src/interp/resizable-typed-array-integrity.test.ts > preserves rejected integrity changes across pending and completed replay
AssertionError: expected { ok: true, …(3) } to match object { ok: true, returnValue: [ …(3) ] }
(12 matching properties omitted from actual)

- Expected
+ Received

  {
    "ok": true,
    "returnValue": [
      "TypeError",
      16,
-     true,
+     false,
    ],
  }

 ❯ packages/safe-js/src/interp/resizable-typed-array-integrity.test.ts:59:27
     57|   try {
     58|     const pending = restore(JSON.parse(await dump(execution)), { sourc…
     59|     expect(await settled).toMatchObject({ ok: true, returnValue: ["Typ…
       |                           ^
     60|     expect(await run(source, { snapshot: pending })).toMatchObject({ o…
     61|     const completed = restore(JSON.parse(await dump(execution)), { sou…


⎯⎯⎯⎯⎯⎯⎯ Failed Tests 6 ⎯⎯⎯⎯⎯⎯⎯

 FAIL  packages/safe-js/src/interp/resizable-typed-array-integrity.test.ts > refuses integrity changes on resizable Uint8Array views without mutation
 FAIL  packages/safe-js/src/interp/resizable-typed-array-integrity.test.ts > refuses integrity changes on resizable BigInt64Array views without mutation
AssertionError: expected [ true, undefined, false, …(18) ] to deeply equal [ false, 'TypeError', true, …(18) ]

- Expected
+ Received

  [
-   false,
-   "TypeError",
    true,
-   "TypeError",
-   true,
-   "TypeError",
-   true,
+   undefined,
    false,
-   "TypeError",
-   true,
-   "TypeError",
-   true,
-   "TypeError",
-   true,
+   undefined,
    false,
-   "TypeError",
+   undefined,
+   false,
    true,
-   "TypeError",
-   true,
+   undefined,
+   false,
+   undefined,
+   false,
    "TypeError",
+   false,
    true,
+   undefined,
+   false,
+   undefined,
+   false,
+   undefined,
+   false,
  ]

 ❯ packages/safe-js/src/interp/resizable-typed-array-integrity.test.ts:16:43
     14|       }
     15|     } return results;`;
     16|   expect((await run(source)).returnValue).toEqual(Array.from({ length:…
       |                                           ^
     17|     false, "TypeError", true, "TypeError", true, "TypeError", true
     18|   ]).flat());

⎯⎯⎯⎯⎯⎯⎯⎯⎯⎯⎯⎯⎯⎯⎯⎯⎯⎯⎯⎯⎯⎯⎯⎯[1/6]⎯

 FAIL  packages/safe-js/src/interp/resizable-typed-array-integrity.test.ts > refuses integrity changes on resizable Float16Array views without mutation
AssertionError: expected [ true, undefined, false, …(18) ] to deeply equal [ false, 'TypeError', true, …(18) ]

- Expected
+ Received

  [
+   true,
+   undefined,
    false,
-   "TypeError",
-   true,
-   "TypeError",
-   true,
-   "TypeError",
-   true,
+   undefined,
    false,
-   "TypeError",
-   true,
-   "TypeError",
+   undefined,
+   false,
    true,
+   undefined,
+   false,
    "TypeError",
-   true,
    false,
    "TypeError",
+   false,
    true,
+   undefined,
+   false,
    "TypeError",
-   true,
+   false,
    "TypeError",
-   true,
+   false,
  ]

 ❯ packages/safe-js/src/interp/resizable-typed-array-integrity.test.ts:16:43
     14|       }
     15|     } return results;`;
     16|   expect((await run(source)).returnValue).toEqual(Array.from({ length:…
       |                                           ^
     17|     false, "TypeError", true, "TypeError", true, "TypeError", true
     18|   ]).flat());

⎯⎯⎯⎯⎯⎯⎯⎯⎯⎯⎯⎯⎯⎯⎯⎯⎯⎯⎯⎯⎯⎯⎯⎯[2/6]⎯

 FAIL  packages/safe-js/src/interp/resizable-typed-array-integrity.test.ts > forwards refusal through an empty Proxy handler
AssertionError: expected [ true, false ] to deeply equal [ false, true ]

- Expected
+ Received

  [
-   false,
    true,
+   false,
  ]

 ❯ packages/safe-js/src/interp/resizable-typed-array-integrity.test.ts:33:6
     31|   expect((await run(`const a=new Uint8Array(new ArrayBuffer(0,{maxByte…
     32|     const p=new Proxy(a,{});return [Reflect.preventExtensions(p),Objec…
     33|     .toEqual([false, true]);
       |      ^
     34| });
     35|

⎯⎯⎯⎯⎯⎯⎯⎯⎯⎯⎯⎯⎯⎯⎯⎯⎯⎯⎯⎯⎯⎯⎯⎯[3/6]⎯

 FAIL  packages/safe-js/src/interp/resizable-typed-array-integrity.test.ts > keeps a rejected view extensible through shrinking and regrowing its buffer
TypeError: Cannot define property extra, object is not extensible
⎯⎯⎯⎯⎯⎯⎯⎯⎯⎯⎯⎯⎯⎯⎯⎯⎯⎯⎯⎯⎯⎯⎯⎯[4/6]⎯

 FAIL  packages/safe-js/src/interp/resizable-typed-array-integrity.test.ts > preserves rejected integrity changes across pending and completed replay
AssertionError: expected { ok: true, …(3) } to match object { ok: true, returnValue: [ …(3) ] }
(12 matching properties omitted from actual)

- Expected
+ Received

  {
    "ok": true,
    "returnValue": [
      "TypeError",
      16,
-     true,
+     false,
    ],
  }

 ❯ packages/safe-js/src/interp/resizable-typed-array-integrity.test.ts:59:27
     57|   try {
     58|     const pending = restore(JSON.parse(await dump(execution)), { sourc…
     59|     expect(await settled).toMatchObject({ ok: true, returnValue: ["Typ…
       |                           ^
     60|     expect(await run(source, { snapshot: pending })).toMatchObject({ o…
     61|     const completed = restore(JSON.parse(await dump(execution)), { sou…

⎯⎯⎯⎯⎯⎯⎯⎯⎯⎯⎯⎯⎯⎯⎯⎯⎯⎯⎯⎯⎯⎯⎯⎯[5/6]⎯


 Test Files  1 failed (1)
      Tests  6 failed | 2 passed (8)
   Start at  18:27:06
   Duration  2.49s (transform 1.55s, setup 36ms, import 1.95s, tests 407ms, environment 0ms)

