
> @poe-code/pandoc@0.0.1 test
> cd ../.. && vitest run packages/pandoc


 RUN  v4.1.11 /Users/kjopek/Workspace/poe-code-5

 ✓ packages/pandoc/src/epub-writer.test.ts (21 tests) 300ms
 ✓ packages/pandoc/src/pdf-integration.test.ts (15 tests) 2115ms
   ✓ converts representable pptx content to mapped PDF text  1470ms
 ✓ packages/pandoc/src/json.test.ts (115 tests) 1527ms
 ✓ packages/pandoc/src/pptx-registry.test.ts (1 test) 914ms
   ✓ exposes verified PPTX conversion through the registry and byte command adapter  912ms
 ✓ packages/pandoc/src/pptx-conversion.test.ts (24 tests) 5295ms
   ✓ rejects table formatting and section semantics that cannot be preserved  323ms
   ✓ preserves original nested list structure in the conversion round trip  424ms
   ✓ resolves presentation relationship order independently for more than nine slides  851ms
   ✓ rejects conservative geometric overflow instead of claiming measured text fit  338ms
   ✓ retains mixed list nesting, numbering starts and continuation paragraphs  364ms
 ✓ packages/pandoc/src/pdf-writer.test.ts (10 tests) 599ms
 ✓ packages/pandoc/src/publication-feature-matrix.test.ts (5 tests) 336ms
   ✓ uses a feature rejection rather than a capability gate for pptx  328ms
 ✓ packages/pandoc/src/archive-adversarial.test.ts (25 tests) 703ms
 ✓ packages/pandoc/src/latex-writer.test.ts (23 tests) 320ms
 ✓ packages/pandoc/src/table-writers.test.ts (15 tests) 422ms
 ✓ packages/pandoc/src/publication-options.test.ts (9 tests) 166ms
 ✓ packages/pandoc/src/delimited.test.ts (22 tests) 167ms
 ✓ packages/pandoc/src/epub.test.ts (31 tests) 163ms
 ✓ packages/pandoc/src/pptx-dependency.test.ts (1 test) 407ms
   ✓ admits original presentation bytes through the public presentation engine  406ms
 ✓ packages/pandoc/src/rtf-writer.test.ts (20 tests) 198ms
 ✓ packages/pandoc/src/safe-bash.test.ts (17 tests) 151ms
 ✓ packages/pandoc/src/gfm.test.ts (41 tests) 120ms
 ✓ packages/pandoc/src/html-writer.test.ts (14 tests) 193ms
 ✓ packages/pandoc/src/adversarial.test.ts (35 tests) 70ms
 ✓ packages/pandoc/src/resources.test.ts (30 tests) 133ms
 ✓ packages/pandoc/src/tables.test.ts (14 tests) 91ms
 ✓ packages/pandoc/src/latex.test.ts (53 tests) 135ms
 ✓ packages/pandoc/src/rst-writer.test.ts (26 tests) 100ms
 ✓ packages/pandoc/src/rst.test.ts (36 tests) 131ms
 ✓ packages/pandoc/src/markdown-writer.test.ts (17 tests) 84ms
 ✓ packages/pandoc/src/rtf.test.ts (68 tests) 91ms
 ✓ packages/pandoc/src/pdf-cancellation.test.ts (2 tests) 20ms
 ✓ packages/pandoc/src/plain-writer.test.ts (8 tests) 84ms
 ✓ packages/pandoc/src/commonmark-blocks.test.ts (117 tests) 36ms
 ✓ packages/pandoc/src/consumer.test.ts (21 tests) 58ms
 ✓ packages/pandoc/src/epub-defaults.test.ts (5 tests) 34ms
 ✓ packages/pandoc/src/html.test.ts (11 tests) 31ms
 ✓ packages/pandoc/src/commonmark-inlines.test.ts (76 tests) 51ms
 ✓ packages/pandoc/src/orchestration.test.ts (13 tests) 40ms
 ✓ packages/pandoc/src/execution.test.ts (26 tests) 24ms
 ✓ packages/pandoc/src/ast.test.ts (35 tests) 36ms
 ✓ packages/pandoc/src/latex-cancellation.test.ts (2 tests) 8ms
 ✓ packages/pandoc/src/markdown-matrix-regression.test.ts (3 tests) 24ms
 ✓ packages/pandoc/src/formats.test.ts (8 tests) 9ms
 ✓ packages/pandoc/src/command-status.test.ts (4 tests) 13ms
 ✓ packages/pandoc/src/latex-matrix-regression.test.ts (2 tests) 11ms
 ✓ packages/pandoc/src/json-cancellation.test.ts (9 tests) 9ms
 ✓ packages/pandoc/src/cli-adapter.test.ts (5 tests) 8ms
 ✓ packages/pandoc/src/descriptor-consumer.test.ts (1 test) 3ms
 ✓ packages/pandoc/src/command-info.test.ts (1 test) 3ms
 ✓ packages/pandoc/src/inspection.test.ts (2 tests) 4ms
 ✓ packages/pandoc/src/commonmark-characters.test.ts (28 tests) 5ms

 Test Files  47 passed (47)
      Tests  1067 passed (1067)
   Start at  23:03:33
   Duration  17.90s (transform 2.47s, setup 654ms, import 15.48s, tests 15.44s, environment 3ms)

