
> @poe-code/pandoc@0.0.1 test
> cd ../.. && vitest run packages/pandoc


 RUN  v4.1.11 /Users/kjopek/Workspace/poe-code-5

 ✓ packages/pandoc/src/pdf-integration.test.ts (15 tests) 4709ms
   ✓ projects supported metadata and heading outlines through the SDK  598ms
   ✓ converts representable pptx content to mapped PDF text  2145ms
 ✓ packages/pandoc/src/json.test.ts (115 tests) 2155ms
 ✓ packages/pandoc/src/pptx-registry.test.ts (1 test) 1853ms
   ✓ exposes verified PPTX conversion through the registry and byte command adapter  1851ms
 ✓ packages/pandoc/src/archive-adversarial.test.ts (25 tests) 1529ms
 ✓ packages/pandoc/src/pdf-writer.test.ts (10 tests) 1686ms
   ✓ delivers built-in PDF bytes without an injected writer  501ms
   ✓ exposes supplied font fallback resources and point page options in SDK and CLI  353ms
 ✓ packages/pandoc/src/pptx-dependency.test.ts (1 test) 567ms
   ✓ admits original presentation bytes through the public presentation engine  566ms
 ✓ packages/pandoc/src/table-writers.test.ts (15 tests) 796ms
   ✓ bounded generated spans preserve text exactly once in HTML and lossy GFM  434ms
 ✓ packages/pandoc/src/pptx-conversion.test.ts (24 tests) 19007ms
   ✓ rejects table formatting and section semantics that cannot be preserved  784ms
   ✓ keeps preamble, title-only and consecutive empty slides in order  770ms
   ✓ treats deeper headings as content and rejects ambiguous automatic heading inference  552ms
   ✓ preserves original nested list structure in the conversion round trip  1614ms
   ✓ writes hyperlink relationships and recovers linked text  782ms
   ✓ separates structural extraction order from visual reading order  376ms
   ✓ writes and reads speaker notes separately from visible content  842ms
   ✓ retains original jpg bytes and contains the image without changing its aspect ratio  494ms
   ✓ retains original png bytes and contains the image without changing its aspect ratio  504ms
   ✓ resolves presentation relationship order independently for more than nine slides  3043ms
   ✓ keeps an original rectangular table with surrounding paragraphs on the same slide  658ms
   ✓ uses explicit reference layout names, preserves deck ratio and rejects missing layouts  385ms
   ✓ rejects conservative geometric overflow instead of claiming measured text fit  1295ms
   ✓ rejects authored animations and diagnoses explicit lossy extraction  464ms
   ✓ rebuilds reader slide Divs without discarding title-only and empty slides  1051ms
   ✓ retains mixed list nesting, numbering starts and continuation paragraphs  1452ms
   ✓ retains adjacent numbered list restarts instead of merging their items  657ms
   ✓ rejects unsupported source numbering and diagnoses an explicit decimal projection  970ms
   ✓ rejects authored charts and embedded objects without native activation  684ms
   ✓ reports unmeasured text layout and allows warning rejection  693ms
   ✓ rejects stretched image requests and non-plaintext speaker-note links  404ms
 ✓ packages/pandoc/src/latex-writer.test.ts (23 tests) 729ms
   ✓ writes longtable headers and spans with complete row slots  517ms
 ✓ packages/pandoc/src/publication-feature-matrix.test.ts (5 tests) 1333ms
   ✓ uses a feature rejection rather than a capability gate for pptx  1313ms
 ✓ packages/pandoc/src/epub-writer.test.ts (20 tests) 935ms
   ✓ handles empty and bounded long books deterministically without empty trailing chapters  523ms
 ✓ packages/pandoc/src/rtf-writer.test.ts (20 tests) 522ms
 ✓ packages/pandoc/src/html-writer.test.ts (14 tests) 398ms
 ✓ packages/pandoc/src/safe-bash.test.ts (17 tests) 426ms
 ✓ packages/pandoc/src/epub.test.ts (31 tests) 547ms
 ✓ packages/pandoc/src/rst.test.ts (36 tests) 271ms
 ✓ packages/pandoc/src/latex.test.ts (53 tests) 292ms
 ✓ packages/pandoc/src/resources.test.ts (30 tests) 302ms
 ✓ packages/pandoc/src/gfm.test.ts (41 tests) 360ms
 ✓ packages/pandoc/src/delimited.test.ts (22 tests) 577ms
 ✓ packages/pandoc/src/publication-options.test.ts (9 tests) 667ms
   ✓ uses typed PDF geometry and text size options  513ms
 ✓ packages/pandoc/src/rst-writer.test.ts (26 tests) 267ms
 ✓ packages/pandoc/src/rtf.test.ts (68 tests) 223ms
 ✓ packages/pandoc/src/tables.test.ts (14 tests) 276ms
 ✓ packages/pandoc/src/markdown-writer.test.ts (17 tests) 226ms
 ✓ packages/pandoc/src/plain-writer.test.ts (8 tests) 205ms
 ✓ packages/pandoc/src/adversarial.test.ts (35 tests) 294ms
 ✓ packages/pandoc/src/consumer.test.ts (21 tests) 141ms
 ✓ packages/pandoc/src/orchestration.test.ts (13 tests) 66ms
 ✓ packages/pandoc/src/commonmark-inlines.test.ts (76 tests) 85ms
 ✓ packages/pandoc/src/html.test.ts (11 tests) 96ms
 ✓ packages/pandoc/src/epub-defaults.test.ts (5 tests) 107ms
 ✓ packages/pandoc/src/commonmark-blocks.test.ts (117 tests) 176ms
 ✓ packages/pandoc/src/execution.test.ts (26 tests) 46ms
 ✓ packages/pandoc/src/ast.test.ts (35 tests) 54ms
 ✓ packages/pandoc/src/markdown-matrix-regression.test.ts (3 tests) 19ms
 ✓ packages/pandoc/src/latex-cancellation.test.ts (2 tests) 39ms
 ✓ packages/pandoc/src/pdf-cancellation.test.ts (2 tests) 205ms
 ✓ packages/pandoc/src/json-cancellation.test.ts (9 tests) 14ms
 ✓ packages/pandoc/src/formats.test.ts (8 tests) 16ms
 ✓ packages/pandoc/src/command-status.test.ts (4 tests) 15ms
 ✓ packages/pandoc/src/latex-matrix-regression.test.ts (2 tests) 15ms
 ✓ packages/pandoc/src/inspection.test.ts (2 tests) 7ms
 ✓ packages/pandoc/src/commonmark-characters.test.ts (28 tests) 6ms
 ✓ packages/pandoc/src/cli-adapter.test.ts (5 tests) 9ms
 ✓ packages/pandoc/src/descriptor-consumer.test.ts (1 test) 9ms
 ✓ packages/pandoc/src/command-info.test.ts (1 test) 8ms

 Test Files  47 passed (47)
      Tests  1066 passed (1066)
   Start at  22:57:34
   Duration  50.80s (transform 4.80s, setup 1.87s, import 49.98s, tests 42.28s, environment 4ms)

