TAP version 13
# Subtest: Workerd public entry bundles without native filesystem authority
ok 1 - Workerd public entry bundles without native filesystem authority
  ---
  duration_ms: 282.512583
  type: 'test'
  ...
# Subtest: built platform resolution does not add a nested canonical filesystem package scope
ok 2 - built platform resolution does not add a nested canonical filesystem package scope
  ---
  duration_ms: 0.238708
  type: 'test'
  ...
# Subtest: built . export initializes in a fresh native ESM process
ok 3 - built . export initializes in a fresh native ESM process
  ---
  duration_ms: 554.821584
  type: 'test'
  ...
# Subtest: built ./core export initializes in a fresh native ESM process
ok 4 - built ./core export initializes in a fresh native ESM process
  ---
  duration_ms: 397.753083
  type: 'test'
  ...
# Subtest: built ./cli export initializes in a fresh native ESM process
ok 5 - built ./cli export initializes in a fresh native ESM process
  ---
  duration_ms: 51.832042
  type: 'test'
  ...
# Subtest: built ./workerd export initializes in a fresh native ESM process
ok 6 - built ./workerd export initializes in a fresh native ESM process
  ---
  duration_ms: 419.144292
  type: 'test'
  ...
# Subtest: built SDK and snapshot helpers initialize together without preloading value modules
ok 7 - built SDK and snapshot helpers initialize together without preloading value modules
  ---
  duration_ms: 518.846084
  type: 'test'
  ...
# Subtest: built replay-data helpers initialize without preloading the SDK
ok 8 - built replay-data helpers initialize without preloading the SDK
  ---
  duration_ms: 381.568208
  type: 'test'
  ...
1..8
# tests 8
# suites 0
# pass 8
# fail 0
# cancelled 0
# skipped 0
# todo 0
# duration_ms 2725.807833
