
 RUN  v4.1.11 /Users/kjopek/Workspace/poe-code

 ❯ packages/safe-js/src/parse/duplicate-prototype-setters.test.ts (19 tests | 7 failed) 108ms
   × rejects duplicate prototype setters before execution: ({__proto__: null, __proto__: null}) 8ms
   × rejects duplicate prototype setters before execution: ({__proto__: null, "__proto__": {}}) 2ms
   × rejects duplicate prototype setters before execution: ({"__pr\u006fto__": null, __proto__: null}) 2ms
   × rejects duplicate prototype setters before execution: ({__pr\u006fto__: null, __proto__: null}) 1ms
   × rejects duplicate prototype setters before execution: ({__proto__: null, ...{}, __proto__: null}) 1ms
   × rejects duplicate prototype setters before execution: function neverCalled() { return {__proto__: null, __proto__: null}; } 2ms
   × rejects duplicate prototype setters before execution: ({value: {__proto__: null, __proto__: null}}) 1ms
   ✓ accepts ordinary properties and repeated destructuring keys: ({__proto__: null, ["__proto__"]: null}) 1ms
   ✓ accepts ordinary properties and repeated destructuring keys: ({__proto__: null, __proto__() {}}) 1ms
   ✓ accepts ordinary properties and repeated destructuring keys: ({__proto__: null, get __proto__() {}}) 1ms
   ✓ accepts ordinary properties and repeated destructuring keys: ({__proto__: null, set __proto__(x) {}}) 0ms
   ✓ accepts ordinary properties and repeated destructuring keys: var __proto__; ({__proto__: null, __proto__}) 0ms
   ✓ accepts ordinary properties and repeated destructuring keys: var {__proto__: a, __proto__: b} = {} 0ms
   ✓ accepts ordinary properties and repeated destructuring keys: var a, b; ({__proto__: a, __proto__: b} = {}) 1ms
   ✓ accepts ordinary properties and repeated destructuring keys: var a, b; ([{__proto__: a, __proto__: b}] = [{}]) 0ms
   ✓ accepts ordinary properties and repeated destructuring keys: ({__proto__: a, __proto__: b}) => [a,b] 1ms
   ✓ accepts ordinary properties and repeated destructuring keys: var a,b; for ({__proto__: a, __proto__: b} of [{}]) {} 1ms
   ✓ accepts ordinary properties and repeated destructuring keys: ({a: {__proto__: null}, b: {__proto__: null}}) 0ms
   ✓ rejects direct, indirect and dynamic source without executing its side effects 81ms
FAIL packages/safe-js/src/parse/duplicate-prototype-setters.test.ts > rejects duplicate prototype setters before execution: ({__proto__: null, __proto__: null})
ParseError: Duplicate __proto__ prototype setter at line 1, column 20.
⎯⎯⎯⎯⎯⎯⎯⎯⎯⎯⎯⎯⎯⎯⎯⎯⎯⎯⎯⎯⎯⎯⎯⎯⎯⎯⎯⎯⎯⎯
Serialized Error: { filename: '<input>', kind: 'ParseError', excerpt: '1 | ({__proto__: null, __proto__: null})', caret: '  |                    ^', span: { start: { column: 20, line: 1, offset: 19 }, end: { column: 21, line: 1, offset: 20 } } }
FAIL packages/safe-js/src/parse/duplicate-prototype-setters.test.ts > rejects duplicate prototype setters before execution: ({__proto__: null, "__proto__": {}})
ParseError: Duplicate __proto__ prototype setter at line 1, column 20.
⎯⎯⎯⎯⎯⎯⎯⎯⎯⎯⎯⎯⎯⎯⎯⎯⎯⎯⎯⎯⎯⎯⎯⎯⎯⎯⎯⎯⎯⎯
Serialized Error: { filename: '<input>', kind: 'ParseError', excerpt: '1 | ({__proto__: null, "__proto__": {}})', caret: '  |                    ^', span: { start: { column: 20, line: 1, offset: 19 }, end: { column: 21, line: 1, offset: 20 } } }
FAIL packages/safe-js/src/parse/duplicate-prototype-setters.test.ts > rejects duplicate prototype setters before execution: ({"__pr\u006fto__": null, __proto__: null})
ParseError: Duplicate __proto__ prototype setter at line 1, column 27.
⎯⎯⎯⎯⎯⎯⎯⎯⎯⎯⎯⎯⎯⎯⎯⎯⎯⎯⎯⎯⎯⎯⎯⎯⎯⎯⎯⎯⎯⎯
Serialized Error: { filename: '<input>', kind: 'ParseError', excerpt: '1 | ({"__pr\u006fto__": null, __proto__: null})', caret: '  |                           ^', span: { start: { column: 27, line: 1, offset: 26 }, end: { column: 28, line: 1, offset: 27 } } }
FAIL packages/safe-js/src/parse/duplicate-prototype-setters.test.ts > rejects duplicate prototype setters before execution: ({__pr\u006fto__: null, __proto__: null})
ParseError: Duplicate __proto__ prototype setter at line 1, column 25.
⎯⎯⎯⎯⎯⎯⎯⎯⎯⎯⎯⎯⎯⎯⎯⎯⎯⎯⎯⎯⎯⎯⎯⎯⎯⎯⎯⎯⎯⎯
Serialized Error: { filename: '<input>', kind: 'ParseError', excerpt: '1 | ({__pr\u006fto__: null, __proto__: null})', caret: '  |                         ^', span: { start: { column: 25, line: 1, offset: 24 }, end: { column: 26, line: 1, offset: 25 } } }
FAIL packages/safe-js/src/parse/duplicate-prototype-setters.test.ts > rejects duplicate prototype setters before execution: ({__proto__: null, ...{}, __proto__: null})
ParseError: Duplicate __proto__ prototype setter at line 1, column 27.
⎯⎯⎯⎯⎯⎯⎯⎯⎯⎯⎯⎯⎯⎯⎯⎯⎯⎯⎯⎯⎯⎯⎯⎯⎯⎯⎯⎯⎯⎯
Serialized Error: { filename: '<input>', kind: 'ParseError', excerpt: '1 | ({__proto__: null, ...{}, __proto__: null})', caret: '  |                           ^', span: { start: { column: 27, line: 1, offset: 26 }, end: { column: 28, line: 1, offset: 27 } } }
FAIL packages/safe-js/src/parse/duplicate-prototype-setters.test.ts > rejects duplicate prototype setters before execution: function neverCalled() { return {__proto__: null, __proto__: null}; }
ParseError: Duplicate __proto__ prototype setter at line 1, column 51.
⎯⎯⎯⎯⎯⎯⎯⎯⎯⎯⎯⎯⎯⎯⎯⎯⎯⎯⎯⎯⎯⎯⎯⎯⎯⎯⎯⎯⎯⎯
Serialized Error: { filename: '<input>', kind: 'ParseError', excerpt: '1 | function neverCalled() { return {__proto__: null, __proto__: null}; }', caret: '  |                                                   ^', span: { start: { column: 51, line: 1, offset: 50 }, end: { column: 52, line: 1, offset: 51 } } }
FAIL packages/safe-js/src/parse/duplicate-prototype-setters.test.ts > rejects duplicate prototype setters before execution: ({value: {__proto__: null, __proto__: null}})
ParseError: Duplicate __proto__ prototype setter at line 1, column 28.
⎯⎯⎯⎯⎯⎯⎯⎯⎯⎯⎯⎯⎯⎯⎯⎯⎯⎯⎯⎯⎯⎯⎯⎯⎯⎯⎯⎯⎯⎯
Serialized Error: { filename: '<input>', kind: 'ParseError', excerpt: '1 | ({value: {__proto__: null, __proto__: null}})', caret: '  |                            ^', span: { start: { column: 28, line: 1, offset: 27 }, end: { column: 29, line: 1, offset: 28 } } }
 ✓ packages/safe-js/src/parse/literal-member-assignment-targets.test.ts (27 tests) 721ms
 ✓ packages/safe-js/src/parse/parser.test.ts (90 tests) 137ms
 ✓ packages/safe-js/test/conformance/prototype-setter-function-name.test.ts (12 tests) 689ms
   ✓ preserves dynamic prototype closures, source and authority through repeated replay  414ms

⎯⎯⎯⎯⎯⎯⎯ Failed Tests 7 ⎯⎯⎯⎯⎯⎯⎯

 FAIL  packages/safe-js/src/parse/duplicate-prototype-setters.test.ts > rejects duplicate prototype setters before execution: ({__proto__: null, __proto__: null})
 FAIL  packages/safe-js/src/parse/duplicate-prototype-setters.test.ts > rejects duplicate prototype setters before execution: ({__proto__: null, "__proto__": {}})
ParseError: Duplicate __proto__ prototype setter at line 1, column 20.
⎯⎯⎯⎯⎯⎯⎯⎯⎯⎯⎯⎯⎯⎯⎯⎯⎯⎯⎯⎯⎯⎯⎯⎯[1/7]⎯

 FAIL  packages/safe-js/src/parse/duplicate-prototype-setters.test.ts > rejects duplicate prototype setters before execution: ({"__pr\u006fto__": null, __proto__: null})
 FAIL  packages/safe-js/src/parse/duplicate-prototype-setters.test.ts > rejects duplicate prototype setters before execution: ({__proto__: null, ...{}, __proto__: null})
ParseError: Duplicate __proto__ prototype setter at line 1, column 27.
⎯⎯⎯⎯⎯⎯⎯⎯⎯⎯⎯⎯⎯⎯⎯⎯⎯⎯⎯⎯⎯⎯⎯⎯[2/7]⎯

 FAIL  packages/safe-js/src/parse/duplicate-prototype-setters.test.ts > rejects duplicate prototype setters before execution: ({__pr\u006fto__: null, __proto__: null})
ParseError: Duplicate __proto__ prototype setter at line 1, column 25.
⎯⎯⎯⎯⎯⎯⎯⎯⎯⎯⎯⎯⎯⎯⎯⎯⎯⎯⎯⎯⎯⎯⎯⎯[3/7]⎯

 FAIL  packages/safe-js/src/parse/duplicate-prototype-setters.test.ts > rejects duplicate prototype setters before execution: function neverCalled() { return {__proto__: null, __proto__: null}; }
ParseError: Duplicate __proto__ prototype setter at line 1, column 51.
⎯⎯⎯⎯⎯⎯⎯⎯⎯⎯⎯⎯⎯⎯⎯⎯⎯⎯⎯⎯⎯⎯⎯⎯[4/7]⎯

 FAIL  packages/safe-js/src/parse/duplicate-prototype-setters.test.ts > rejects duplicate prototype setters before execution: ({value: {__proto__: null, __proto__: null}})
ParseError: Duplicate __proto__ prototype setter at line 1, column 28.
⎯⎯⎯⎯⎯⎯⎯⎯⎯⎯⎯⎯⎯⎯⎯⎯⎯⎯⎯⎯⎯⎯⎯⎯[5/7]⎯


 Test Files  1 failed | 3 passed (4)
      Tests  7 failed | 141 passed (148)
   Start at  10:08:04
   Duration  3.74s (transform 3.47s, setup 93ms, import 4.88s, tests 1.65s, environment 0ms)

