
 RUN  v4.1.11 /Users/kjopek/Workspace/poe-code

 ❯ packages/safe-js/src/parse/duplicate-prototype-setters.test.ts (19 tests | 8 failed) 86ms
   × rejects duplicate prototype setters before execution: ({__proto__: null, __proto__: null}) 6ms
   × rejects duplicate prototype setters before execution: ({__proto__: null, "__proto__": {}}) 1ms
   × rejects duplicate prototype setters before execution: ({"__pr\u006fto__": null, __proto__: null}) 1ms
   × rejects duplicate prototype setters before execution: ({__pr\u006fto__: null, __proto__: null}) 0ms
   × rejects duplicate prototype setters before execution: ({__proto__: null, ...{}, __proto__: null}) 0ms
   × rejects duplicate prototype setters before execution: function neverCalled() { return {__proto__: null, __proto__: null}; } 1ms
   × rejects duplicate prototype setters before execution: ({value: {__proto__: null, __proto__: null}}) 0ms
   ✓ accepts ordinary properties and repeated destructuring keys: ({__proto__: null, ["__proto__"]: null}) 1ms
   ✓ accepts ordinary properties and repeated destructuring keys: ({__proto__: null, __proto__() {}}) 0ms
   ✓ accepts ordinary properties and repeated destructuring keys: ({__proto__: null, get __proto__() {}}) 0ms
   ✓ accepts ordinary properties and repeated destructuring keys: ({__proto__: null, set __proto__(x) {}}) 0ms
   ✓ accepts ordinary properties and repeated destructuring keys: var __proto__; ({__proto__: null, __proto__}) 1ms
   ✓ accepts ordinary properties and repeated destructuring keys: var {__proto__: a, __proto__: b} = {} 0ms
   ✓ accepts ordinary properties and repeated destructuring keys: var a, b; ({__proto__: a, __proto__: b} = {}) 1ms
   ✓ accepts ordinary properties and repeated destructuring keys: var a, b; ([{__proto__: a, __proto__: b}] = [{}]) 0ms
   ✓ accepts ordinary properties and repeated destructuring keys: ({__proto__: a, __proto__: b}) => [a,b] 0ms
   ✓ accepts ordinary properties and repeated destructuring keys: var a,b; for ({__proto__: a, __proto__: b} of [{}]) {} 1ms
   ✓ accepts ordinary properties and repeated destructuring keys: ({a: {__proto__: null}, b: {__proto__: null}}) 0ms
   × rejects direct, indirect and dynamic source without executing its side effects 70ms
FAIL packages/safe-js/src/parse/duplicate-prototype-setters.test.ts > rejects duplicate prototype setters before execution: ({__proto__: null, __proto__: null})
AssertionError: expected [Function] to throw an error
 ❯ packages/safe-js/src/parse/duplicate-prototype-setters.test.ts:15:41
     13|   '({value: {__proto__: null, __proto__: null}})'
     14| ])("rejects duplicate prototype setters before execution: %s", source …
     15|   expect(() => parseEvalScript(source)).toThrow();
       |                                         ^
     16|   expect(() => parseEvalScript('"use strict";' + source)).toThrow();
     17|   expect(() => parseModule(source)).toThrow();

FAIL packages/safe-js/src/parse/duplicate-prototype-setters.test.ts > rejects duplicate prototype setters before execution: ({__proto__: null, "__proto__": {}})
AssertionError: expected [Function] to throw an error
 ❯ packages/safe-js/src/parse/duplicate-prototype-setters.test.ts:15:41
     13|   '({value: {__proto__: null, __proto__: null}})'
     14| ])("rejects duplicate prototype setters before execution: %s", source …
     15|   expect(() => parseEvalScript(source)).toThrow();
       |                                         ^
     16|   expect(() => parseEvalScript('"use strict";' + source)).toThrow();
     17|   expect(() => parseModule(source)).toThrow();

FAIL packages/safe-js/src/parse/duplicate-prototype-setters.test.ts > rejects duplicate prototype setters before execution: ({"__pr\u006fto__": null, __proto__: null})
AssertionError: expected [Function] to throw an error
 ❯ packages/safe-js/src/parse/duplicate-prototype-setters.test.ts:15:41
     13|   '({value: {__proto__: null, __proto__: null}})'
     14| ])("rejects duplicate prototype setters before execution: %s", source …
     15|   expect(() => parseEvalScript(source)).toThrow();
       |                                         ^
     16|   expect(() => parseEvalScript('"use strict";' + source)).toThrow();
     17|   expect(() => parseModule(source)).toThrow();

FAIL packages/safe-js/src/parse/duplicate-prototype-setters.test.ts > rejects duplicate prototype setters before execution: ({__pr\u006fto__: null, __proto__: null})
AssertionError: expected [Function] to throw an error
 ❯ packages/safe-js/src/parse/duplicate-prototype-setters.test.ts:15:41
     13|   '({value: {__proto__: null, __proto__: null}})'
     14| ])("rejects duplicate prototype setters before execution: %s", source …
     15|   expect(() => parseEvalScript(source)).toThrow();
       |                                         ^
     16|   expect(() => parseEvalScript('"use strict";' + source)).toThrow();
     17|   expect(() => parseModule(source)).toThrow();

FAIL packages/safe-js/src/parse/duplicate-prototype-setters.test.ts > rejects duplicate prototype setters before execution: ({__proto__: null, ...{}, __proto__: null})
AssertionError: expected [Function] to throw an error
 ❯ packages/safe-js/src/parse/duplicate-prototype-setters.test.ts:15:41
     13|   '({value: {__proto__: null, __proto__: null}})'
     14| ])("rejects duplicate prototype setters before execution: %s", source …
     15|   expect(() => parseEvalScript(source)).toThrow();
       |                                         ^
     16|   expect(() => parseEvalScript('"use strict";' + source)).toThrow();
     17|   expect(() => parseModule(source)).toThrow();

FAIL packages/safe-js/src/parse/duplicate-prototype-setters.test.ts > rejects duplicate prototype setters before execution: function neverCalled() { return {__proto__: null, __proto__: null}; }
AssertionError: expected [Function] to throw an error
 ❯ packages/safe-js/src/parse/duplicate-prototype-setters.test.ts:15:41
     13|   '({value: {__proto__: null, __proto__: null}})'
     14| ])("rejects duplicate prototype setters before execution: %s", source …
     15|   expect(() => parseEvalScript(source)).toThrow();
       |                                         ^
     16|   expect(() => parseEvalScript('"use strict";' + source)).toThrow();
     17|   expect(() => parseModule(source)).toThrow();

FAIL packages/safe-js/src/parse/duplicate-prototype-setters.test.ts > rejects duplicate prototype setters before execution: ({value: {__proto__: null, __proto__: null}})
AssertionError: expected [Function] to throw an error
 ❯ packages/safe-js/src/parse/duplicate-prototype-setters.test.ts:15:41
     13|   '({value: {__proto__: null, __proto__: null}})'
     14| ])("rejects duplicate prototype setters before execution: %s", source …
     15|   expect(() => parseEvalScript(source)).toThrow();
       |                                         ^
     16|   expect(() => parseEvalScript('"use strict";' + source)).toThrow();
     17|   expect(() => parseModule(source)).toThrow();

FAIL packages/safe-js/src/parse/duplicate-prototype-setters.test.ts > rejects direct, indirect and dynamic source without executing its side effects
AssertionError: expected { ok: true, …(3) } to match object { ok: true, returnValue: [ …(2) ] }
(12 matching properties omitted from actual)

- Expected
+ Received

  {
    "ok": true,
    "returnValue": [
-     [
-       "SyntaxError",
-       "SyntaxError",
-       "SyntaxError",
-       "SyntaxError",
-     ],
-     "undefined",
+     [],
+     "number",
    ],
  }

 ❯ packages/safe-js/src/parse/duplicate-prototype-setters.test.ts:47:18
     45|     catch (error) { trace.push(error.name); }
     46|     return [trace, typeof globalThis.marker];`);
     47|   expect(result).toMatchObject({ok: true, returnValue: [Array(4).fill(…
       |                  ^
     48| });
     49|


⎯⎯⎯⎯⎯⎯⎯ Failed Tests 8 ⎯⎯⎯⎯⎯⎯⎯

 FAIL  packages/safe-js/src/parse/duplicate-prototype-setters.test.ts > rejects duplicate prototype setters before execution: ({__proto__: null, __proto__: null})
 FAIL  packages/safe-js/src/parse/duplicate-prototype-setters.test.ts > rejects duplicate prototype setters before execution: ({__proto__: null, "__proto__": {}})
 FAIL  packages/safe-js/src/parse/duplicate-prototype-setters.test.ts > rejects duplicate prototype setters before execution: ({"__pr\u006fto__": null, __proto__: null})
 FAIL  packages/safe-js/src/parse/duplicate-prototype-setters.test.ts > rejects duplicate prototype setters before execution: ({__pr\u006fto__: null, __proto__: null})
 FAIL  packages/safe-js/src/parse/duplicate-prototype-setters.test.ts > rejects duplicate prototype setters before execution: ({__proto__: null, ...{}, __proto__: null})
 FAIL  packages/safe-js/src/parse/duplicate-prototype-setters.test.ts > rejects duplicate prototype setters before execution: function neverCalled() { return {__proto__: null, __proto__: null}; }
 FAIL  packages/safe-js/src/parse/duplicate-prototype-setters.test.ts > rejects duplicate prototype setters before execution: ({value: {__proto__: null, __proto__: null}})
AssertionError: expected [Function] to throw an error
 ❯ packages/safe-js/src/parse/duplicate-prototype-setters.test.ts:15:41
     13|   '({value: {__proto__: null, __proto__: null}})'
     14| ])("rejects duplicate prototype setters before execution: %s", source …
     15|   expect(() => parseEvalScript(source)).toThrow();
       |                                         ^
     16|   expect(() => parseEvalScript('"use strict";' + source)).toThrow();
     17|   expect(() => parseModule(source)).toThrow();

⎯⎯⎯⎯⎯⎯⎯⎯⎯⎯⎯⎯⎯⎯⎯⎯⎯⎯⎯⎯⎯⎯⎯⎯[1/8]⎯

 FAIL  packages/safe-js/src/parse/duplicate-prototype-setters.test.ts > rejects direct, indirect and dynamic source without executing its side effects
AssertionError: expected { ok: true, …(3) } to match object { ok: true, returnValue: [ …(2) ] }
(12 matching properties omitted from actual)

- Expected
+ Received

  {
    "ok": true,
    "returnValue": [
-     [
-       "SyntaxError",
-       "SyntaxError",
-       "SyntaxError",
-       "SyntaxError",
-     ],
-     "undefined",
+     [],
+     "number",
    ],
  }

 ❯ packages/safe-js/src/parse/duplicate-prototype-setters.test.ts:47:18
     45|     catch (error) { trace.push(error.name); }
     46|     return [trace, typeof globalThis.marker];`);
     47|   expect(result).toMatchObject({ok: true, returnValue: [Array(4).fill(…
       |                  ^
     48| });
     49|

⎯⎯⎯⎯⎯⎯⎯⎯⎯⎯⎯⎯⎯⎯⎯⎯⎯⎯⎯⎯⎯⎯⎯⎯[2/8]⎯


 Test Files  1 failed (1)
      Tests  8 failed | 11 passed (19)
   Start at  10:07:46
   Duration  2.53s (transform 1.84s, setup 41ms, import 2.28s, tests 86ms, environment 0ms)

