✔ pip installation parses explicit pins, local wheels and requirement files (0.666125ms)
✔ pip interception respects Python option operands and entrypoint boundaries (0.083666ms)
✔ unsupported pip commands and every unknown option fail explicitly (0.294417ms)
✔ pip help is available without packages (0.094875ms)
✔ startup arguments stop at the execution boundary: ["-BOOu","-E","-P","-c","pass","-I"] (0.956292ms)
✔ startup arguments stop at the execution boundary: ["-Imhttp.server","-O"] (0.138417ms)
✔ startup arguments stop at the execution boundary: ["-Werror","-W","ignore::UserWarning","script.py","-O"] (0.042709ms)
✔ startup arguments stop at the execution boundary: ["--","-O"] (0.075417ms)
✔ startup arguments stop at the execution boundary: ["-","-O"] (0.035792ms)
✔ startup arguments stop at the execution boundary: [] (0.028208ms)
✔ startup arguments stop at the execution boundary: ["-B","--help","-i"] (0.078417ms)
✔ startup arguments stop at the execution boundary: ["-OVV"] (0.106833ms)
✔ startup arguments stop at the execution boundary: ["-bsdvqRS","-cpass"] (0.225708ms)
✔ explicit -X setting utf8 reaches native startup (0.313333ms)
✔ explicit -X setting utf8=0 reaches native startup (0.055708ms)
✔ explicit -X setting utf8=1 reaches native startup (0.030167ms)
✔ explicit -X setting dev reaches native startup (0.023833ms)
✔ explicit -X setting warn_default_encoding reaches native startup (0.02725ms)
✔ explicit -X setting int_max_str_digits=0 reaches native startup (0.025334ms)
✔ explicit -X setting int_max_str_digits=640 reaches native startup (0.027209ms)
✔ unsupported or incomplete invocation fails explicitly: ["-i"] (0.182417ms)
✔ unsupported or incomplete invocation fails explicitly: ["-t"] (0.029625ms)
✔ unsupported or incomplete invocation fails explicitly: ["-x"] (0.026833ms)
✔ unsupported or incomplete invocation fails explicitly: ["-z"] (0.027083ms)
✔ unsupported or incomplete invocation fails explicitly: ["--bad"] (0.03ms)
✔ unsupported or incomplete invocation fails explicitly: ["-X","unknown"] (0.029959ms)
✔ unsupported or incomplete invocation fails explicitly: ["-X","utf8=2"] (0.026417ms)
✔ unsupported or incomplete invocation fails explicitly: ["-X","dev=no"] (0.026375ms)
✔ unsupported or incomplete invocation fails explicitly: ["-X","int_max_str_digits=12"] (0.070875ms)
✔ unsupported or incomplete invocation fails explicitly: ["-X","int_max_str_digits=xyz"] (0.033792ms)
✔ unsupported or incomplete invocation fails explicitly: ["-X","int_max_str_digits=2147483648"] (0.026041ms)
✔ unsupported or incomplete invocation fails explicitly: ["-W"] (0.024333ms)
✔ unsupported or incomplete invocation fails explicitly: ["-X"] (0.0285ms)
✔ unsupported or incomplete invocation fails explicitly: ["-c"] (0.023208ms)
✔ unsupported or incomplete invocation fails explicitly: ["-m"] (0.068667ms)
✔ environment is independently copied for runtime initialization (0.046583ms)
✔ canonical path environment is deferred until the filesystem is mounted (0.034125ms)
✔ PYTHONINSPECT fails explicitly unless native environment handling is disabled (0.084875ms)
✔ PYTHONHOME fails explicitly unless native environment handling is disabled (0.034833ms)
✔ startup suppresses the Pyodide default interactive inspect mode (0.037875ms)
✔ native signed decimal -X value is accepted: "+640" (0.033292ms)
✔ native signed decimal -X value is accepted: "-0" (0.020667ms)
✔ native signed decimal -X value is accepted: " 640" (0.02325ms)
✔ native signed decimal -X value is accepted: "\t+640" (0.020166ms)
✔ version flags continue option validation and preserve subsequent startup flags (0.048417ms)
✔ informational invocation ignores execution-only environment restrictions: ["--help"] (0.028542ms)
✔ informational invocation ignores execution-only environment restrictions: ["-BhOi"] (0.019209ms)
✔ informational invocation ignores execution-only environment restrictions: ["--version"] (0.021917ms)
✔ informational invocation ignores execution-only environment restrictions: ["-VV"] (0.01925ms)
✔ informational invocation ignores execution-only environment restrictions: ["-V","-c","pass"] (0.037875ms)
✔ guest arguments and option operands do not enable informational mode: ["--","--help"] (0.039541ms)
✔ guest arguments and option operands do not enable informational mode: ["-","--version"] (0.028209ms)
✔ guest arguments and option operands do not enable informational mode: ["script.py","-h"] (0.025125ms)
✔ guest arguments and option operands do not enable informational mode: ["-c","pass","-V"] (0.024833ms)
✔ guest arguments and option operands do not enable informational mode: ["-m","module","--help"] (0.025083ms)
✔ guest arguments and option operands do not enable informational mode: ["-W","--help","-c","pass"] (0.025209ms)
✔ empty package environment never loads installer or runtime extensions (0.536083ms)
✔ installer refuses unsupported runtime ABI before any download (0.285ms)
✔ installer closes package transport callbacks before user Python starts (0.253083ms)
✔ bootstrap and native dependency loading use supported callbacks instead of worker console output (0.577584ms)
✔ native loader error callbacks fail installation instead of silently succeeding (0.143417ms)
✔ failed installer bootstrap closes package transport before returning (0.173792ms)
✔ reported bootstrap errors and callback setup failures close installer transport (0.398167ms)
✔ dependency verification failures never commit the environment and remove installer callbacks (0.263375ms)
✔ provisioning is lazy and caches authenticated bytes for offline replay (2.100666ms)
✔ remote packages require configured authorization and offline misses fail (0.63975ms)
✔ package hashes reject corrupt downloads and permit retry (0.644292ms)
✔ requirements read canonical files, reject pip options, and support local wheels (1.017209ms)
✔ failed installation does not commit environment and cancellation is preserved (0.258833ms)
✔ canonical wheel URLs preserve special characters and missing requirements explain path (0.528625ms)
✔ concurrent environment commits refuse stale writers rather than losing installed packages (0.415792ms)
✔ persistent canonical cache supports fresh managers (0.738875ms)
✔ redirect policy is authorized at every hop and private network enforcement propagates (1.231583ms)
✔ cancelled partial downloads publish no cache bytes and a fresh invocation can retry (0.571167ms)
✔ content cache corruption fails integrity checks before replay (0.316666ms)
✔ invalid package options and malformed manifests fail clearly (0.139334ms)
✔ cancelled preparation sessions retire even before the caller assigns its start result (0.066ms)
✔ decoded compressed downloads do not report a misleading encoded content length total (0.317333ms)
✔ cancellation during manifest read prevents publishing an installed environment (0.216ms)
✔ cancellation during a cached artifact read rejects replay (0.311834ms)
✔ cancellation while caching content does not publish its URL record or report success (0.282667ms)
✔ opened cached artifacts retain authenticated bytes when the host cache buffer changes (0.462334ms)
✔ new downloads retain authenticated bytes independently of cache set buffers (0.195667ms)
✔ cancellation from cached progress rejects opening the artifact (0.234541ms)
✔ cancellation during authorization preserves the abort reason and admits no transport (0.196791ms)
✔ cancellation while receiving a redirect disposes it without authorizing another hop (0.167709ms)
✔ preparation binds prior requirements and conflict detection to the same manifest snapshot (0.245ms)
✔ worker replies reject oversized backend strings before invoking serialization (0.617666ms)
✔ bounded reply encoding preserves byte arrays and Unicode escaping (0.393958ms)
✔ python and python3 pass literal invocation and retire workers (16.847083ms)
✔ worker failure retires the invocation (2.516125ms)
✔ pre-aborted execution never creates an interpreter (0.495833ms)
✔ pipe writes are acknowledged only after awaited shell output (4.224375ms)
✔ termination wakes a command waiting for the interpreter (3.002834ms)
✔ worker descriptor writes immediately reach the injected application filesystem (5.0325ms)
✔ Python descriptor writes consume the shared shell output budget (3.04025ms)
✔ subscription cleanup failure still terminates the interpreter (3.068084ms)
✔ an exited interpreter cannot admit another filesystem operation (4.733667ms)
✔ cancellation during worker factory prevents interpreter startup (1.908125ms)
✔ cancellation during worker subscribe prevents interpreter startup (0.927875ms)
✔ initialization progress is lazy, ordered and separate from command output (1.808125ms)
✔ failed initialization finishes progress after worker retirement (1.410542ms)
✔ exit while a stream request is outstanding is a protocol failure (1.966125ms)
✔ a terminated interpreter cannot publish late progress or stream writes (3.885167ms)
✔ progress callback failure during initializing retires owned workers (1.219167ms)
✔ progress callback failure during ready retires owned workers (1.278416ms)
✔ progress callback failure during finished retires owned workers (0.914834ms)
✔ stdin RPC preserves reused producer buffers, partial reads and EOF (7.399417ms)
✔ broken output pipes reach the interpreter as EPIPE rather than EOF (1.188875ms)
✔ internal pipe closure delivers EPIPE while preserving stderr and interpreter status (10.03125ms)
✔ pip help and rejected options do not load an interpreter or pretend success (2.501417ms)
✔ interpreter installer failures remain clear shell diagnostics (1.102459ms)
✔ SDK packages and shell requirements use canonical storage and mark installation-only invocations (2.490292ms)
✔ package transport exceptions preserve their diagnostic without an errno code (1.747542ms)
✔ worker RPC owns shared replies and propagates backend errno (0.793208ms)
✔ worker RPC rejects invalid response lengths (0.0895ms)
✔ package RPC preserves installer diagnostics separately from filesystem errno (0.147791ms)
✔ Python is a public explicit plugin and leaves the aggregate unchanged (5.016292ms)
ℹ tests 118
ℹ suites 0
ℹ pass 118
ℹ fail 0
ℹ cancelled 0
ℹ skipped 0
ℹ todo 0
ℹ duration_ms 730.066709
