
> docx@0.0.1 test
> cd ../.. && vitest run packages/docx


 RUN  v4.1.11 /Users/kjopek/Workspace/poe-setup-scripts

 ✓ packages/docx/src/dialect.test.ts (30 tests) 10793ms
   ✓ rejects mixed strict related-part namespaces and relationships  489ms
   ✓ rejects mixed transitional related-part namespaces and relationships  522ms
   ✓ rejects strict active mixed elements and attributes  698ms
   ✓ rejects transitional active mixed elements and attributes  695ms
   ✓ rejects invalid strict document roots and body cardinality  680ms
   ✓ rejects invalid transitional document roots and body cardinality  686ms
   ✓ preserves strict inactive alternate content and opaque payloads  432ms
   ✓ preserves transitional inactive alternate content and opaque payloads  431ms
   ✓ maps every XML editing primitive in strict without prefix rewriting  413ms
   ✓ maps every XML editing primitive in transitional without prefix rewriting  410ms
   ✓ rejects active Strict VML while retaining Transitional VML opaquely  471ms
   ✓ creates explicit strict packages with neutral deterministic defaults  394ms
   ✓ creates explicit transitional packages with neutral deterministic defaults  416ms
   ✓ checks strict active drawing namespaces and graphic-data identifiers  696ms
   ✓ checks transitional active drawing namespaces and graphic-data identifiers  719ms
 ✓ packages/docx/src/image-replacement.test.ts (33 tests) 10773ms
   ✓ rebinds only the chosen occurrence unless shared intent is explicit (false)  387ms
   ✓ rebinds only the chosen occurrence unless shared intent is explicit (true)  393ms
   ✓ rejects replacement inside an admitted tracked insertion before source acquisition  313ms
   ✓ retires a sole source relationship and part while preserving exact replacement bytes  340ms
   ✓ preserves dormant package incoming references during replacement (false)  445ms
   ✓ preserves dormant package incoming references during replacement (true)  419ms
   ✓ updates shared image owners across body and header stories  465ms
   ✓ refuses opaque extension carriers before replacement acquisition  308ms
   ✓ retains fragments on dormant shared incoming relationships  422ms
   ✓ writes coherent exact replacement bytes and canonical format declarations for png  316ms
   ✓ writes coherent exact replacement bytes and canonical format declarations for jpeg  310ms
   ✓ writes coherent exact replacement bytes and canonical format declarations for gif  332ms
   ✓ writes coherent exact replacement bytes and canonical format declarations for bmp  328ms
   ✓ writes coherent exact replacement bytes and canonical format declarations for tiff  306ms
   ✓ changes only declared extents and fit crop for contain  311ms
   ✓ changes only declared extents and fit crop for cover  302ms
   ✓ changes only declared extents and fit crop for stretch  305ms
   ✓ targets owner relationships when different resource types have equal basenames  412ms
   ✓ preserves exact existing anchor, crop, wrap and alternative text on default replacement  402ms
   ✓ refuses linked carrier before replacement source acquisition  304ms
   ✓ refuses alternate carrier before replacement source acquisition  302ms
   ✓ uses independent physical DPI ratio for one declared dimension  305ms
   ✓ owns producer reused stream chunks and registers cleanup before source open  306ms
   ✓ retains inactive raw XML uses of the old owner relationship  381ms
   ✓ retains zero-incoming media whose outgoing relationship metadata must remain coherent  417ms
   ✓ escapes admitted package folder characters in new content type declarations  348ms
   ✓ treats a leading-dot filename as a recognized final suffix assertion  325ms
 ✓ packages/docx/src/workflow-behavior-variants.test.ts (534 tests) 24082ms
 ✓ packages/docx/src/comment-extensions.test.ts (32 tests) 9084ms
   ✓ preserves every extension byte on unrelated text replacement  314ms
   ✓ edits a resolved parent or reply while retaining paragraph IDs and metadata (1)  436ms
   ✓ edits a resolved parent or reply while retaining paragraph IDs and metadata (2)  439ms
   ✓ removes a leaf reply and its ID records without changing parent resolution or shared people  453ms
   ✓ removes the whole selected thread and retains people only when a revision still owns them (false)  411ms
   ✓ removes the whole selected thread and retains people only when a revision still owns them (true)  398ms
   ✓ preserves unknown metadata owned by an unselected comment  349ms
   ✓ preserves an anchored thread in the Strict dialect through SDK and CLI edits  882ms
   ✓ accepts the maximum paragraph identity without rewriting its representation  351ms
   ✓ retains people owned by an extension revision (conflictIns)  431ms
   ✓ retains people owned by an extension revision (conflictDel)  429ms
 ✓ packages/docx/src/control-bindings.test.ts (34 tests) 8043ms
   ✓ synchronizes singleton store and differently tagged aliases for "New"  328ms
   ✓ synchronizes singleton store and differently tagged aliases for ""  309ms
   ✓ synchronizes singleton store and differently tagged aliases for "<&\r\n"  312ms
   ✓ reuses an empty scalar leaf for a subsequent binding  389ms
   ✓ preserves unrelated external custom XML properties beside an internal binding store  347ms
   ✓ rejects nonsingleton scalar leaves and numeric type mismatch  325ms
   ✓ retains a different-store unsupported glossary declaration byte-identically during binding  357ms
 ✓ packages/docx/src/table-behavior-variants.test.ts (199 tests) 7687ms
 ✓ packages/docx/src/table-merge-variants.test.ts (63 tests) 6970ms
 ✓ packages/docx/src/sanitize.test.ts (17 tests) 5162ms
   ✓ enumerates fixed-order effects and retains local links and unrelated text  767ms
   ✓ cleans the owned empty relationship part of a removed embedded leaf  366ms
   ✓ removes the last embedded target and its explicit content type together  343ms
   ✓ retains embedded targets that still have another incoming binding  369ms
   ✓ removes classic comment identities and all owned markers preserving labels  310ms
   ✓ preserves original and destination on final mixed publication failure  747ms
   ✓ refuses compound object carriers after earlier staged actions without publication  339ms
 ✓ packages/docx/src/style-workflow-variants.test.ts (116 tests) 6046ms
 ✓ packages/docx/src/package-behavior-variants.test.ts (130 tests) 4878ms
 ✓ packages/docx/src/text-replace.test.ts (38 tests) 4690ms
 ✓ packages/docx/src/paragraph-edit.test.ts (47 tests) 4384ms
 ✓ packages/docx/src/xml-parts.test.ts (40 tests) 4575ms
 ✓ packages/docx/src/publication.test.ts (56 tests) 4275ms
     ✓ creates through the SDK with conflict preservation, force and owned output intent  381ms
 ✓ packages/docx/src/image-insertion.test.ts (39 tests) 4382ms
 ✓ packages/docx/src/lists.test.ts (27 tests) 4143ms
   ✓ reuses only a complete matching definition, allocates separate instances for explicit starts  315ms
   ✓ rejects style cycles, level mismatches and stale locations  370ms
   ✓ creates a mixed ordered and bullet list without changing a level already used by existing items  537ms
   ✓ isolates mixed-level authoring from other instances sharing the original abstract  312ms
 ✓ packages/docx/src/image-layout.test.ts (37 tests) 4242ms
 ✓ packages/docx/src/comments.test.ts (19 tests) 4010ms
   ✓ edits and deletes one of multiple comments while preserving unrelated annotations exactly  573ms
   ✓ preserves explicit null initials, returns fresh staged locations and supports all removal  356ms
   ✓ counts preceding hyperlink text before choosing comment endpoints  326ms
 ✓ packages/docx/src/stories.test.ts (17 tests) 4073ms
   ✓ creates all headers variants and deletes an initial definition without removing later owners  664ms
   ✓ creates all footers variants and deletes an initial definition without removing later owners  714ms
   ✓ copies story-relative image and external relationships while retaining media used elsewhere  432ms
 ✓ packages/docx/src/images.test.ts (26 tests) 3857ms
   ✓ preserves original inert emf bytes during unrelated image insertion  376ms
   ✓ preserves original inert wdp bytes during unrelated image insertion  351ms
   ✓ groups original repeated image owners with linear location copying  392ms
 ✓ packages/docx/src/font-resources.test.ts (15 tests) 3932ms
   ✓ preserves font bytes, theme extensions and multilingual references through typed edits and text replacement  561ms
   ✓ does not use orphaned or external themes to satisfy package references  416ms
   ✓ retains inherited theme absence in live formatting views and preserves resources on save  396ms
   ✓ rejects rebinding embedded font relationships but allows unchanged font-table XML  319ms
   ✓ uses the document text-color mapping when checking theme slots  358ms
   ✓ honors case-insensitive content types when resolving and protecting fonts  308ms
 ✓ packages/docx/src/sections.test.ts (28 tests) 3815ms
   ✓ preserves all header/footer variants through global policy enable and disable (false)  675ms
   ✓ preserves all header/footer variants through global policy enable and disable (true)  665ms
 ✓ packages/docx/src/inspection.test.ts (31 tests) 3847ms
 ✓ packages/docx/src/template.test.ts (30 tests) 3759ms
   ✓ expands explicit row template arrays and retains empty refillable items  349ms
   ✓ expands explicit block template arrays and retains empty refillable items  313ms
   ✓ expands nested declared sections and remaps contained bookmark references per item  324ms
   ✓ supports nested row templates in sections, empty children and varied prior item counts  538ms
   ✓ preserves nested inline PNG media while remapping drawing IDs and owner-local relationships  332ms
 ✓ packages/docx/src/diff.test.ts (15 tests) 3783ms
   ✓ compares payloads independently of compression, order, dates and ZIP comments  347ms
   ✓ ignores XML prefix and attribute spelling order but retains whitespace, order and IDs  456ms
   ✓ selects annotation stories and preserves logical table structure  524ms
   ✓ returns equality, difference and trouble through explicit memfs inputs without writes  334ms
   ✓ preserves semantic XML order, adjacent character data and meaningful attribute values  403ms
   ✓ compares logical run splits and detects selected image and annotation identity changes  635ms
 ✓ packages/docx/src/package.test.ts (66 tests) 3575ms
 ✓ packages/docx/src/notes.test.ts (25 tests) 3625ms
   ✓ inserts footnotes and endnotes with independent reserved IDs (false)  311ms
   ✓ keeps note images and relationships through scoped edits and deletion  321ms
 ✓ packages/docx/src/styles-model-boundaries.test.ts (257 tests) 3376ms
   ✓ reads and sets latent default default_to_hidden with strict boolean semantics  326ms
   ✓ reads and sets latent default default_to_locked with strict boolean semantics  329ms
   ✓ reads and sets latent default default_to_quick_style with strict boolean semantics  324ms
   ✓ reads and sets latent default default_to_unhide_when_used with strict boolean semantics  331ms
 ✓ packages/docx/src/document-properties.test.ts (27 tests) 3481ms
 ✓ packages/docx/src/links.test.ts (36 tests) 3264ms
 ✓ packages/docx/src/table-merge.test.ts (30 tests) 3610ms
   ✓ joins a rectangular span in row order and aliases all covered coordinates  318ms
   ✓ combines existing horizontal and vertical spans without dropping nested blocks  497ms
   ✓ splits into equal rectangular subspans without changing the stored grid  357ms
 ✓ packages/docx/src/styles.test.ts (16 tests) 2982ms
   ✓ creates and edits a paragraph style without changing unedited metadata  421ms
   ✓ creates and edits a character style without changing unedited metadata  402ms
   ✓ creates and edits a table style without changing unedited metadata  403ms
   ✓ sets document defaults, reciprocal linked styles, next style and a unique type default  317ms
 ✓ packages/docx/src/removal.test.ts (31 tests) 2875ms
   ✓ retains every shared media byte and relationship during unrelated run removal  618ms
 ✓ packages/docx/src/pack.test.ts (28 tests) 2873ms
 ✓ packages/docx/src/revision-decisions.test.ts (29 tests) 2856ms
 ✓ packages/docx/src/controls.test.ts (38 tests) 2506ms
 ✓ packages/docx/src/extract.test.ts (29 tests) 2499ms
 ✓ packages/docx/src/fields.test.ts (32 tests) 2530ms
 ✓ packages/docx/src/bookmarks.test.ts (22 tests) 2406ms
 ✓ packages/docx/src/create.test.ts (15 tests) 2439ms
   ✓ creates deterministic independently reopened docx packages in both dialects  399ms
   ✓ creates deterministic independently reopened dotx packages in both dialects  371ms
   ✓ keeps an original conflicting title and outline style and reuses generated heading identities  360ms
 ✓ packages/docx/src/table-edit.test.ts (28 tests) 2445ms
 ✓ packages/docx/src/signatures.test.ts (15 tests) 2340ms
 ✓ packages/docx/src/dummy-text.test.ts (10 tests) 2353ms
   ✓ repeats seeded output byte for byte and restarts the sequence per paragraph  424ms
   ✓ retains every unselected package member including hidden metadata and image bytes  577ms
 ✓ packages/docx/src/simple-selection.test.ts (30 tests) 2070ms
 ✓ packages/docx/src/field-structures.test.ts (9 tests) 2122ms
   ✓ creates bounded fields with separate inert instructions and caches (false)  467ms
   ✓ creates bounded fields with separate inert instructions and caches (true)  424ms
   ✓ creates referenced bookmarks and renames generated REF/PAGEREF operands without touching caches  320ms
 ✓ packages/docx/src/locations.test.ts (35 tests) 2008ms
 ✓ packages/docx/src/run-format.test.ts (22 tests) 2038ms
 ✓ packages/docx/src/equations.test.ts (30 tests) 1967ms
 ✓ packages/docx/src/table-active-grid.test.ts (34 tests) 1954ms
 ✓ packages/docx/src/revisions.test.ts (30 tests) 1857ms
 ✓ packages/docx/src/media-graph-regression.test.ts (9 tests) 1966ms
   ✓ keeps occurrence ownership through replacement and later crop edits (false)  379ms
   ✓ keeps occurrence ownership through replacement and later crop edits (true)  316ms
   ✓ preserves inert svg-pair resources through inline insertion and refuses their replacement before acquisition  390ms
 ✓ packages/docx/src/charts.test.ts (20 tests) 1812ms
 ✓ packages/docx/src/objects.test.ts (21 tests) 1728ms
 ✓ packages/docx/src/tracked-text.test.ts (13 tests) 1580ms
 ✓ packages/docx/src/admission.test.ts (21 tests) 1707ms
 ✓ packages/docx/src/diagrams.test.ts (23 tests) 1610ms
 ✓ packages/docx/src/control-repeat.test.ts (17 tests) 1596ms
   ✓ clears choice/date values and resets declared checkbox glyph in a reusable empty item  317ms
 ✓ packages/docx/src/async-model-capabilities.test.ts (23 tests) 1535ms
 ✓ packages/docx/src/diff-input-ownership.test.ts (12 tests) 1509ms
 ✓ packages/docx/tests/public-shell.test.ts (1 test) 1413ms
   ✓ runs built public SDK and shell consumers outside source aliases  1412ms
 ✓ packages/docx/src/shape-edit.test.ts (21 tests) 1374ms
 ✓ packages/docx/tests/fixtures/documents.test.ts (23 tests) 1307ms
 ✓ packages/docx/src/text.test.ts (18 tests) 1358ms
   ✓ orders all story scopes and deduplicates shared parts  459ms
 ✓ packages/docx/src/run-break-contract.test.ts (18 tests) 1275ms
 ✓ packages/docx/src/image-replacement-command.test.ts (8 tests) 1234ms
(node:29334) Warning: The 'NO_COLOR' env is ignored due to the 'FORCE_COLOR' env being set.
(Use `node --trace-warnings ...` to show where the warning was created)
 ✓ packages/docx/tests/assertions.test.ts (23 tests) 1244ms
     ✓ rejects dangling styles, numbering, note IDs and unmatched bookmark ranges  361ms
 ✓ packages/docx/src/section-model.test.ts (27 tests) 1240ms
 ✓ packages/docx/src/style-formatting.test.ts (11 tests) 1177ms
 ✓ packages/docx/src/table-construction.test.ts (25 tests) 1160ms
 ✓ packages/docx/src/batch.test.ts (18 tests) 1137ms
 ✓ packages/docx/src/io.test.ts (19 tests) 1130ms
 ✓ packages/docx/src/control-clone.test.ts (11 tests) 1104ms
   ✓ remaps drawing occurrence IDs and relationships while retaining shared original media bytes  401ms
 ✓ packages/docx/src/package-view.test.ts (12 tests) 1069ms
 ✓ packages/docx/src/images-command.test.ts (13 tests) 1053ms
 ✓ packages/docx/src/ancillary-resources.test.ts (6 tests) 1045ms
 ✓ packages/docx/src/settings.test.ts (14 tests) 931ms
 ✓ packages/docx/src/package-view-resources.test.ts (10 tests) 962ms
 ✓ packages/docx/src/paragraph-insertion-contract.test.ts (14 tests) 826ms
 ✓ packages/docx/src/xml-element-view.test.ts (13 tests) 792ms
 ✓ packages/docx/tests/cross-format-cli.test.ts (52 tests | 4 skipped) 784ms
 ✓ packages/docx/src/document-model.test.ts (7 tests) 760ms
 ✓ packages/docx/src/styles-model.test.ts (9 tests) 764ms
 ✓ packages/docx/src/inspection-command.test.ts (11 tests) 767ms
 ✓ packages/docx/src/discovery-completeness.test.ts (11 tests) 760ms
 ✓ packages/docx/src/diagram-observations.test.ts (18 tests) 722ms
   ✓ public physical inventory recognizes exact shape expanded pairs in dialect false  367ms
   ✓ public physical inventory recognizes exact shape expanded pairs in dialect true  344ms
 ✓ packages/docx/src/control-picture.test.ts (10 tests) 713ms
 ✓ packages/docx/src/xml-write.test.ts (42 tests) 706ms
 ✓ packages/docx/src/relationship-deletion-references.test.ts (10 tests) 682ms
 ✓ packages/docx/src/xml-command.test.ts (9 tests) 678ms
 ✓ packages/docx/src/properties-command.test.ts (10 tests) 692ms
 ✓ packages/docx/src/xml-behavior-variants.test.ts (70 tests) 611ms
 ✓ packages/docx/src/large-profile.test.ts (6 tests) 570ms
 ✓ packages/docx/src/pack-uri-batch.test.ts (13 tests) 539ms
 ✓ packages/docx/src/styles-command.test.ts (13 tests) 549ms
 ✓ packages/docx/src/adversarial-input.test.ts (49 tests) 526ms
 ✓ packages/docx/src/ancillary-resources-command.test.ts (8 tests) 530ms
 ✓ packages/docx/src/fields-command.test.ts (15 tests) 517ms
 ✓ packages/docx/src/image-insertion-command.test.ts (8 tests) 489ms
 ✓ packages/docx/src/stories-command.test.ts (5 tests) 495ms
 ✓ packages/docx/src/budget.test.ts (19 tests) 485ms
 ✓ packages/docx/src/document-workflow-boundaries.test.ts (4 tests) 483ms
 ✓ packages/docx/src/corpus-structure-regression.test.ts (4 tests) 467ms
 ✓ packages/docx/src/bookmarks-command.test.ts (4 tests) 452ms
   ✓ creates, lists, renames and removes a table-contained multi-run bookmark through the CLI  366ms
 ✓ packages/docx/src/style-model-batch.test.ts (9 tests) 458ms
 ✓ packages/docx/src/inline-shape-model.test.ts (3 tests) 460ms
 ✓ packages/docx/src/sanitize-command.test.ts (3 tests) 451ms
 ✓ packages/docx/src/archive.test.ts (16 tests) 433ms
 ✓ packages/docx/src/numbering-model-workflow.test.ts (8 tests) 425ms
 ✓ packages/docx/src/settings-model.test.ts (7 tests) 395ms
 ✓ packages/docx/src/text-command.test.ts (5 tests) 394ms
 ✓ packages/docx/src/collection-value-protocols.test.ts (21 tests) 400ms
 ✓ packages/docx/src/structure-model-batch-operations.test.ts (7 tests) 378ms
 ✓ packages/docx/src/structure-model-command.test.ts (4 tests) 380ms
 ✓ packages/docx/src/create-command.test.ts (3 tests) 373ms
 ✓ packages/docx/src/numeric-property-command.test.ts (5 tests) 388ms
 ✓ packages/docx/src/style-formatting-command.test.ts (4 tests) 369ms
 ✓ packages/docx/src/guide-style-identification.test.ts (3 tests) 377ms
 ✓ packages/docx/src/equations-command.test.ts (6 tests) 330ms
 ✓ packages/docx/src/text-box-locations.test.ts (7 tests) 342ms
 ✓ packages/docx/src/review-style-model.test.ts (6 tests) 319ms
 ✓ packages/docx/src/diagrams-command.test.ts (5 tests) 326ms
 ✓ packages/docx/src/links-command.test.ts (7 tests) 296ms
 ✓ packages/docx/src/review-model.test.ts (17 tests) 327ms
 ✓ packages/docx/src/table-model.test.ts (14 tests) 310ms
 ✓ packages/docx/src/model-active-content.test.ts (6 tests) 322ms
 ✓ packages/docx/src/table-read.test.ts (6 tests) 309ms
 ✓ packages/docx/src/archive-write.test.ts (11 tests) 309ms
 ✓ packages/docx/src/package-view-command.test.ts (5 tests) 284ms
 ✓ packages/docx/src/objects-command.test.ts (3 tests) 292ms
 ✓ packages/docx/src/image-extraction-failure-envelope.test.ts (1 test) 271ms
 ✓ packages/docx/src/style-model-command.test.ts (4 tests) 268ms
 ✓ packages/docx/src/document-session.test.ts (6 tests) 245ms
 ✓ packages/docx/src/validation.test.ts (54 tests) 245ms
 ✓ packages/docx/src/highlight-xml-contract.test.ts (19 tests) 241ms
 ✓ packages/docx/src/signatures-command.test.ts (3 tests) 228ms
 ✓ packages/docx/src/discovery.test.ts (22 tests) 216ms
 ✓ packages/docx/src/image-layout-command.test.ts (1 test) 199ms
 ✓ packages/docx/src/relationship-deletion-command.test.ts (2 tests) 202ms
 ✓ packages/docx/src/image-batch-operations.test.ts (5 tests) 188ms
 ✓ packages/docx/src/table-command-boundaries.test.ts (3 tests) 185ms
 ✓ packages/docx/src/notes-boundaries.test.ts (2 tests) 184ms
 ✓ packages/docx/src/model-package-owner-preservation.test.ts (2 tests) 153ms
 ✓ packages/docx/src/charts-command.test.ts (3 tests) 169ms
 ✓ packages/docx/src/publication-conflict-guidance.test.ts (2 tests) 150ms
 ✓ packages/docx/src/public-enum-protocols.test.ts (18 tests) 147ms
 ✓ packages/docx/src/control-template-command.test.ts (1 test) 131ms
 ✓ packages/docx/src/run-format-command.test.ts (5 tests) 146ms
 ✓ packages/docx/src/formatting-model-boundaries.test.ts (36 tests) 114ms
 ✓ packages/docx/src/document-write-budget.test.ts (3 tests) 133ms
 ✓ packages/docx/src/shapes-command.test.ts (1 test) 105ms
 ✓ packages/docx/src/xml-view-command.test.ts (1 test) 116ms
 ✓ packages/docx/src/package-write-budget.test.ts (3 tests) 102ms
 ✓ packages/docx/src/font-tabs.test.ts (37 tests) 102ms
 ✓ packages/docx/src/root-help-usability.test.ts (2 tests) 94ms
 ✓ packages/docx/src/core-defaults-workflow.test.ts (2 tests) 97ms
 ✓ packages/docx/src/default-model-styles.test.ts (1 test) 79ms
 ✓ packages/docx/src/live-formatting-owner.test.ts (1 test) 82ms
 ✓ packages/docx/src/style-formatting-schema.test.ts (24 tests) 76ms
 ✓ packages/docx/src/operation-json-schema.test.ts (7 tests) 69ms
 ✓ packages/docx/src/tracked-text-command.test.ts (8 tests) 67ms
 ✓ packages/docx/src/command.test.ts (58 tests) 66ms
 ✓ packages/docx/src/raster-operation-contract.test.ts (7 tests) 66ms
 ✓ packages/docx/src/image-operation-contract.test.ts (6 tests) 62ms
 ✓ packages/docx/src/paragraph-format-namespace-owner.test.ts (1 test) 53ms
 ✓ packages/docx/src/formatting-model.test.ts (33 tests) 51ms
 ✓ packages/docx/src/binding-ownership.test.ts (1 test) 42ms
 ✓ packages/docx/src/batch-discovery.test.ts (2 tests) 36ms
 ✓ packages/docx/src/property-values.test.ts (1 test) 42ms
 ✓ packages/docx/src/image-characterization-variants.test.ts (138 tests) 34ms
 ✓ packages/docx/src/batch-admission.test.ts (7 tests) 30ms
 ✓ packages/docx/src/compatibility.test.ts (53 tests) 27ms
 ✓ packages/docx/src/xml-sequence-cases.test.ts (23 tests) 19ms
 ✓ packages/docx/src/adversarial-fields.test.ts (8 tests) 20ms
 ✓ packages/docx/src/bookmark-references.test.ts (26 tests) 16ms
 ✓ packages/docx/src/chart-values.test.ts (32 tests) 16ms
 ✓ packages/docx/src/image-model.test.ts (40 tests) 16ms
 ✓ packages/docx/src/package-xml.test.ts (48 tests) 13ms
 ✓ packages/docx/src/svg-image.test.ts (62 tests) 13ms
 ✓ packages/docx/src/package-resources-command.test.ts (9 tests) 10ms
 ✓ packages/docx/src/property-operation-contract.test.ts (7 tests) 11ms
 ✓ packages/docx/src/numeric-property-schema-contract.test.ts (8 tests) 11ms
 ✓ packages/docx/src/run-properties.test.ts (3 tests) 13ms
 ✓ packages/docx/src/revision-decisions-command.test.ts (6 tests) 12ms
 ✓ packages/docx/src/formatting-values.test.ts (7 tests) 11ms
 ✓ packages/docx/src/svg-fallback-operation-contract.test.ts (3 tests) 10ms
 ✓ packages/docx/src/capability-failure-contract.test.ts (2 tests) 10ms
 ✓ packages/docx/src/equation-operation-contract.test.ts (3 tests) 9ms
 ✓ packages/docx/src/raster-characterization-cases.test.ts (45 tests) 9ms
 ✓ packages/docx/src/control-values-command.test.ts (7 tests) 9ms
 ✓ packages/docx/src/image-model-input.test.ts (14 tests) 9ms
 ✓ packages/docx/src/notes-discovery.test.ts (2 tests) 9ms
 ✓ packages/docx/src/control-records-command.test.ts (5 tests) 8ms
 ✓ packages/docx/src/image-replacement-operation-contract.test.ts (3 tests) 8ms
 ✓ packages/docx/src/equation-fragments.test.ts (15 tests) 8ms
 ✓ packages/docx/src/command-edge.test.ts (22 tests) 8ms
 ✓ packages/docx/src/pack-uri.test.ts (36 tests) 8ms
 ✓ packages/docx/src/command-properties.test.ts (51 tests) 9ms
 ✓ packages/docx/src/image-layout-operation-contract.test.ts (3 tests) 8ms
 ✓ packages/docx/src/shape-operation-contract.test.ts (2 tests) 7ms
 ✓ packages/docx/src/diagram-operation-contract.test.ts (3 tests) 7ms
 ✓ packages/docx/src/shape-carriers.test.ts (10 tests) 8ms
 ✓ packages/docx/src/raster-header.test.ts (13 tests) 6ms
 ✓ packages/docx/src/equation-properties.test.ts (12 tests) 7ms
 ✓ packages/docx/src/object-operation-contract.test.ts (2 tests) 6ms
 ✓ packages/docx/tests/schema-consumer.test.ts (7 tests) 6ms
 ✓ packages/docx/src/chart-operation-contract.test.ts (2 tests) 6ms
 ✓ packages/docx/src/command-option-rules.test.ts (76 tests) 6ms
 ✓ packages/docx/src/operation-schema.test.ts (19 tests) 6ms
 ✓ packages/docx/src/packing-vfs-admission.test.ts (7 tests) 6ms
 ✓ packages/docx/src/argument-json.test.ts (13 tests) 5ms
 ✓ packages/docx/src/document-part-roles.test.ts (1 test) 4ms
 ✓ packages/docx/src/model-context-consistency.test.ts (3 tests) 4ms
 ✓ packages/docx/src/command-recovery-guidance.test.ts (3 tests) 4ms
 ✓ packages/docx/src/legacy-command-guidance.test.ts (4 tests) 3ms
 ✓ packages/docx/src/operation-types.test.ts (14 tests) 2ms
 ✓ packages/docx/src/pack-inventory-negative-index.test.ts (3 tests) 2ms

 Test Files  216 passed (216)
      Tests  4905 passed | 4 skipped (4909)
   Start at  23:15:46
   Duration  166.52s (transform 4.38s, setup 1.25s, import 32.15s, tests 289.11s, environment 8ms)

