[main 0bf355700] fix(safe-js): roll back partial atomic wait activation
 68 files changed, 11225 insertions(+), 4 deletions(-)
 create mode 100644 docs/plans/qualify-shared-memory/activation-rollback/build.log
 create mode 100644 docs/plans/qualify-shared-memory/activation-rollback/built-probe-1.log
 create mode 100644 docs/plans/qualify-shared-memory/activation-rollback/built-probe-2.log
 create mode 100644 docs/plans/qualify-shared-memory/activation-rollback/change-and-undo.log
 create mode 100644 docs/plans/qualify-shared-memory/activation-rollback/final-focused.log
 create mode 100644 docs/plans/qualify-shared-memory/activation-rollback/final-focused.log.gz
 create mode 100644 docs/plans/qualify-shared-memory/activation-rollback/gated-green.log
 create mode 100644 docs/plans/qualify-shared-memory/activation-rollback/gated-green.log.gz
 create mode 100644 docs/plans/qualify-shared-memory/activation-rollback/green.log
 create mode 100644 docs/plans/qualify-shared-memory/activation-rollback/green.log.gz
 create mode 100644 docs/plans/qualify-shared-memory/activation-rollback/ledger-section.md
 create mode 100644 docs/plans/qualify-shared-memory/activation-rollback/lint-complete.log
 create mode 100644 docs/plans/qualify-shared-memory/activation-rollback/lint-final-typed.log
 create mode 100644 docs/plans/qualify-shared-memory/activation-rollback/lint-final.log
 create mode 100644 docs/plans/qualify-shared-memory/activation-rollback/lint.log
 create mode 100644 docs/plans/qualify-shared-memory/activation-rollback/log-normalization.json
 create mode 100644 docs/plans/qualify-shared-memory/activation-rollback/manual-qa.md
 create mode 100644 docs/plans/qualify-shared-memory/activation-rollback/node18.18.0-recovery.log
 create mode 100644 docs/plans/qualify-shared-memory/activation-rollback/node18.18.0-rollback.log
 create mode 100644 docs/plans/qualify-shared-memory/activation-rollback/node18.18.0-semantics-initial.log
 create mode 100644 docs/plans/qualify-shared-memory/activation-rollback/node18.18.0-semantics.log
 create mode 100644 docs/plans/qualify-shared-memory/activation-rollback/node18.20.8-recovery.log
 create mode 100644 docs/plans/qualify-shared-memory/activation-rollback/node18.20.8-rollback.log
 create mode 100644 docs/plans/qualify-shared-memory/activation-rollback/node18.20.8-semantics-initial.log
 create mode 100644 docs/plans/qualify-shared-memory/activation-rollback/node18.20.8-semantics.log
 create mode 100644 docs/plans/qualify-shared-memory/activation-rollback/node20.20.2-recovery.log
 create mode 100644 docs/plans/qualify-shared-memory/activation-rollback/node20.20.2-rollback.log
 create mode 100644 docs/plans/qualify-shared-memory/activation-rollback/node20.20.2-semantics-initial.log
 create mode 100644 docs/plans/qualify-shared-memory/activation-rollback/node20.20.2-semantics.log
 create mode 100644 docs/plans/qualify-shared-memory/activation-rollback/node22.23.2-recovery.log
 create mode 100644 docs/plans/qualify-shared-memory/activation-rollback/node22.23.2-rollback.log
 create mode 100644 docs/plans/qualify-shared-memory/activation-rollback/node22.23.2-semantics-initial.log
 create mode 100644 docs/plans/qualify-shared-memory/activation-rollback/node22.23.2-semantics.log
 create mode 100644 docs/plans/qualify-shared-memory/activation-rollback/node24.21.0-recovery.log
 create mode 100644 docs/plans/qualify-shared-memory/activation-rollback/node24.21.0-rollback.log
 create mode 100644 docs/plans/qualify-shared-memory/activation-rollback/node24.21.0-semantics-initial.log
 create mode 100644 docs/plans/qualify-shared-memory/activation-rollback/node24.21.0-semantics.log
 create mode 100644 docs/plans/qualify-shared-memory/activation-rollback/node26.8.2-recovery.log
 create mode 100644 docs/plans/qualify-shared-memory/activation-rollback/node26.8.2-rollback.log
 create mode 100644 docs/plans/qualify-shared-memory/activation-rollback/node26.8.2-semantics-initial.log
 create mode 100644 docs/plans/qualify-shared-memory/activation-rollback/node26.8.2-semantics.log
 create mode 100644 docs/plans/qualify-shared-memory/activation-rollback/package-test.log
 create mode 100644 docs/plans/qualify-shared-memory/activation-rollback/package-test.log.gz
 create mode 100644 docs/plans/qualify-shared-memory/activation-rollback/preservation.json
 create mode 100644 docs/plans/qualify-shared-memory/activation-rollback/published-clauses.json
 create mode 100644 docs/plans/qualify-shared-memory/activation-rollback/qualification.md
 create mode 100644 docs/plans/qualify-shared-memory/activation-rollback/recovery-current.log
 create mode 100644 docs/plans/qualify-shared-memory/activation-rollback/recovery-matrix.json
 create mode 100644 docs/plans/qualify-shared-memory/activation-rollback/red.log
 create mode 100644 docs/plans/qualify-shared-memory/activation-rollback/red.log.gz
 create mode 100644 docs/plans/qualify-shared-memory/activation-rollback/runtime-matrix.json
 create mode 100644 docs/plans/qualify-shared-memory/activation-rollback/semantic-matrix-initial.json
 create mode 100644 docs/plans/qualify-shared-memory/activation-rollback/semantic-matrix.json
 create mode 100644 docs/plans/qualify-shared-memory/activation-rollback/source-before-test-typecheck.json
 create mode 100644 docs/plans/qualify-shared-memory/activation-rollback/source-before.json
 create mode 100644 docs/plans/qualify-shared-memory/activation-rollback/source-candidate.json
 create mode 100644 docs/plans/qualify-shared-memory/activation-rollback/task.patch
 create mode 100644 docs/plans/qualify-shared-memory/activation-rollback/test-typecheck-complete.log
 create mode 100644 docs/plans/qualify-shared-memory/activation-rollback/test-typecheck-final.log
 create mode 100644 docs/plans/qualify-shared-memory/activation-rollback/test-typecheck.log
 create mode 100644 docs/plans/qualify-shared-memory/activation-rollback/tsconfig.json
 create mode 100644 docs/plans/qualify-shared-memory/activation-rollback/upstream-agent-mapping.json
 create mode 100644 docs/plans/qualify-shared-memory/activation-rollback/upstream-disposition.json
 create mode 100644 docs/plans/qualify-shared-memory/activation-rollback/upstream.jsonl
 create mode 100644 docs/plans/qualify-shared-memory/activation-rollback/upstream.log
 create mode 100644 packages/safe-js/src/snapshot/atomic-wait-rollback.test.ts
