TAP version 13
# Subtest: independent literal required-command contract is exactly 22 names
ok 1 - independent literal required-command contract is exactly 22 names
  ---
  duration_ms: 0.874417
  type: 'test'
  ...
# Subtest: memory: cardinality53 missing standard command cat rejects before callback
ok 2 - memory: cardinality53 missing standard command cat rejects before callback
  ---
  duration_ms: 5.193791
  type: 'test'
  ...
# {"backend":"memory","family":"standard","missing":"cat","substitute":"registry_unblock_substitute_cat","beforeCount":53,"afterCount":53,"observed":"adapter-tools preflight: missing required standard command: cat","callbackEntered":false}
# Subtest: memory: cardinality53 missing standard command cp rejects before callback
ok 3 - memory: cardinality53 missing standard command cp rejects before callback
  ---
  duration_ms: 0.787791
  type: 'test'
  ...
# {"backend":"memory","family":"standard","missing":"cp","substitute":"registry_unblock_substitute_cp","beforeCount":53,"afterCount":53,"observed":"adapter-tools preflight: missing required standard command: cp","callbackEntered":false}
# Subtest: memory: cardinality53 missing standard command find rejects before callback
ok 4 - memory: cardinality53 missing standard command find rejects before callback
  ---
  duration_ms: 0.576042
  type: 'test'
  ...
# {"backend":"memory","family":"standard","missing":"find","substitute":"registry_unblock_substitute_find","beforeCount":53,"afterCount":53,"observed":"adapter-tools preflight: missing required standard command: find","callbackEntered":false}
# Subtest: memory: cardinality53 missing standard command mkdir rejects before callback
ok 5 - memory: cardinality53 missing standard command mkdir rejects before callback
  ---
  duration_ms: 0.496958
  type: 'test'
  ...
# {"backend":"memory","family":"standard","missing":"mkdir","substitute":"registry_unblock_substitute_mkdir","beforeCount":53,"afterCount":53,"observed":"adapter-tools preflight: missing required standard command: mkdir","callbackEntered":false}
# Subtest: memory: cardinality53 missing standard command mv rejects before callback
ok 6 - memory: cardinality53 missing standard command mv rejects before callback
  ---
  duration_ms: 0.568667
  type: 'test'
  ...
# {"backend":"memory","family":"standard","missing":"mv","substitute":"registry_unblock_substitute_mv","beforeCount":53,"afterCount":53,"observed":"adapter-tools preflight: missing required standard command: mv","callbackEntered":false}
# Subtest: memory: cardinality53 missing standard command printf rejects before callback
ok 7 - memory: cardinality53 missing standard command printf rejects before callback
  ---
  duration_ms: 0.392875
  type: 'test'
  ...
# {"backend":"memory","family":"standard","missing":"printf","substitute":"registry_unblock_substitute_printf","beforeCount":53,"afterCount":53,"observed":"adapter-tools preflight: missing required standard command: printf","callbackEntered":false}
# Subtest: memory: cardinality53 missing standard command pwd rejects before callback
ok 8 - memory: cardinality53 missing standard command pwd rejects before callback
  ---
  duration_ms: 0.333084
  type: 'test'
  ...
# {"backend":"memory","family":"standard","missing":"pwd","substitute":"registry_unblock_substitute_pwd","beforeCount":53,"afterCount":53,"observed":"adapter-tools preflight: missing required standard command: pwd","callbackEntered":false}
# Subtest: memory: cardinality53 missing standard command rm rejects before callback
ok 9 - memory: cardinality53 missing standard command rm rejects before callback
  ---
  duration_ms: 0.911542
  type: 'test'
  ...
# {"backend":"memory","family":"standard","missing":"rm","substitute":"registry_unblock_substitute_rm","beforeCount":53,"afterCount":53,"observed":"adapter-tools preflight: missing required standard command: rm","callbackEntered":false}
# Subtest: memory: cardinality53 missing standard command rmdir rejects before callback
ok 10 - memory: cardinality53 missing standard command rmdir rejects before callback
  ---
  duration_ms: 2.321375
  type: 'test'
  ...
# {"backend":"memory","family":"standard","missing":"rmdir","substitute":"registry_unblock_substitute_rmdir","beforeCount":53,"afterCount":53,"observed":"adapter-tools preflight: missing required standard command: rmdir","callbackEntered":false}
# Subtest: memory: cardinality53 missing standard command sort rejects before callback
ok 11 - memory: cardinality53 missing standard command sort rejects before callback
  ---
  duration_ms: 1.193833
  type: 'test'
  ...
# {"backend":"memory","family":"standard","missing":"sort","substitute":"registry_unblock_substitute_sort","beforeCount":53,"afterCount":53,"observed":"adapter-tools preflight: missing required standard command: sort","callbackEntered":false}
# Subtest: memory: cardinality53 missing standard command tee rejects before callback
ok 12 - memory: cardinality53 missing standard command tee rejects before callback
  ---
  duration_ms: 0.714833
  type: 'test'
  ...
# {"backend":"memory","family":"standard","missing":"tee","substitute":"registry_unblock_substitute_tee","beforeCount":53,"afterCount":53,"observed":"adapter-tools preflight: missing required standard command: tee","callbackEntered":false}
# Subtest: memory: cardinality53 missing standard command test rejects before callback
ok 13 - memory: cardinality53 missing standard command test rejects before callback
  ---
  duration_ms: 0.669584
  type: 'test'
  ...
# {"backend":"memory","family":"standard","missing":"test","substitute":"registry_unblock_substitute_test","beforeCount":53,"afterCount":53,"observed":"adapter-tools preflight: missing required standard command: test","callbackEntered":false}
# Subtest: memory: cardinality53 missing standard command touch rejects before callback
ok 14 - memory: cardinality53 missing standard command touch rejects before callback
  ---
  duration_ms: 0.340792
  type: 'test'
  ...
# {"backend":"memory","family":"standard","missing":"touch","substitute":"registry_unblock_substitute_touch","beforeCount":53,"afterCount":53,"observed":"adapter-tools preflight: missing required standard command: touch","callbackEntered":false}
# Subtest: memory: cardinality53 missing standard command xargs rejects before callback
ok 15 - memory: cardinality53 missing standard command xargs rejects before callback
  ---
  duration_ms: 0.527875
  type: 'test'
  ...
# {"backend":"memory","family":"standard","missing":"xargs","substitute":"registry_unblock_substitute_xargs","beforeCount":53,"afterCount":53,"observed":"adapter-tools preflight: missing required standard command: xargs","callbackEntered":false}
# Subtest: memory: cardinality53 missing text command sed rejects before callback
ok 16 - memory: cardinality53 missing text command sed rejects before callback
  ---
  duration_ms: 0.697792
  type: 'test'
  ...
# {"backend":"memory","family":"text","missing":"sed","substitute":"registry_unblock_substitute_sed","beforeCount":53,"afterCount":53,"observed":"adapter-tools preflight: missing required text command: sed","callbackEntered":false}
# Subtest: memory: cardinality53 missing text command awk rejects before callback
ok 17 - memory: cardinality53 missing text command awk rejects before callback
  ---
  duration_ms: 0.526125
  type: 'test'
  ...
# {"backend":"memory","family":"text","missing":"awk","substitute":"registry_unblock_substitute_awk","beforeCount":53,"afterCount":53,"observed":"adapter-tools preflight: missing required text command: awk","callbackEntered":false}
# Subtest: memory: cardinality53 missing structured command jq rejects before callback
ok 18 - memory: cardinality53 missing structured command jq rejects before callback
  ---
  duration_ms: 0.470041
  type: 'test'
  ...
# {"backend":"memory","family":"structured","missing":"jq","substitute":"registry_unblock_substitute_jq","beforeCount":53,"afterCount":53,"observed":"adapter-tools preflight: missing required structured command: jq","callbackEntered":false}
# Subtest: memory: cardinality53 missing search command rg rejects before callback
ok 19 - memory: cardinality53 missing search command rg rejects before callback
  ---
  duration_ms: 0.6925
  type: 'test'
  ...
# {"backend":"memory","family":"search","missing":"rg","substitute":"registry_unblock_substitute_rg","beforeCount":53,"afterCount":53,"observed":"adapter-tools preflight: missing required search command: rg","callbackEntered":false}
# Subtest: memory: cardinality53 missing bytes command sha256sum rejects before callback
ok 20 - memory: cardinality53 missing bytes command sha256sum rejects before callback
  ---
  duration_ms: 0.402375
  type: 'test'
  ...
# {"backend":"memory","family":"bytes","missing":"sha256sum","substitute":"registry_unblock_substitute_sha256sum","beforeCount":53,"afterCount":53,"observed":"adapter-tools preflight: missing required bytes command: sha256sum","callbackEntered":false}
# Subtest: memory: cardinality53 missing bytes command gzip rejects before callback
ok 21 - memory: cardinality53 missing bytes command gzip rejects before callback
  ---
  duration_ms: 0.655958
  type: 'test'
  ...
# {"backend":"memory","family":"bytes","missing":"gzip","substitute":"registry_unblock_substitute_gzip","beforeCount":53,"afterCount":53,"observed":"adapter-tools preflight: missing required bytes command: gzip","callbackEntered":false}
# Subtest: memory: cardinality53 missing diffPatch command diff rejects before callback
ok 22 - memory: cardinality53 missing diffPatch command diff rejects before callback
  ---
  duration_ms: 0.799791
  type: 'test'
  ...
# {"backend":"memory","family":"diffPatch","missing":"diff","substitute":"registry_unblock_substitute_diff","beforeCount":53,"afterCount":53,"observed":"adapter-tools preflight: missing required diffPatch command: diff","callbackEntered":false}
# Subtest: memory: cardinality53 missing diffPatch command patch rejects before callback
ok 23 - memory: cardinality53 missing diffPatch command patch rejects before callback
  ---
  duration_ms: 1.053708
  type: 'test'
  ...
# {"backend":"memory","family":"diffPatch","missing":"patch","substitute":"registry_unblock_substitute_patch","beforeCount":53,"afterCount":53,"observed":"adapter-tools preflight: missing required diffPatch command: patch","callbackEntered":false}
# Subtest: memory: optional command addition cardinality54 executes real workflows
ok 24 - memory: optional command addition cardinality54 executes real workflows
  ---
  duration_ms: 27.114
  type: 'test'
  ...
# {"backend":"memory","beforeCount":53,"afterCount":54,"callbackEntered":true,"optionalExecuted":true,"dispatched":["registry_unblock_optional","cat","sed","awk","jq","jq","xargs","find","rg","cat","gzip","gzip","diff"]}
# Subtest: real: cardinality53 missing standard command cat rejects before callback
ok 25 - real: cardinality53 missing standard command cat rejects before callback
  ---
  duration_ms: 6.374334
  type: 'test'
  ...
# {"backend":"real","family":"standard","missing":"cat","substitute":"registry_unblock_substitute_cat","beforeCount":53,"afterCount":53,"observed":"adapter-tools preflight: missing required standard command: cat","callbackEntered":false}
# Subtest: real: cardinality53 missing standard command cp rejects before callback
ok 26 - real: cardinality53 missing standard command cp rejects before callback
  ---
  duration_ms: 4.124459
  type: 'test'
  ...
# {"backend":"real","family":"standard","missing":"cp","substitute":"registry_unblock_substitute_cp","beforeCount":53,"afterCount":53,"observed":"adapter-tools preflight: missing required standard command: cp","callbackEntered":false}
# Subtest: real: cardinality53 missing standard command find rejects before callback
ok 27 - real: cardinality53 missing standard command find rejects before callback
  ---
  duration_ms: 4.338916
  type: 'test'
  ...
# {"backend":"real","family":"standard","missing":"find","substitute":"registry_unblock_substitute_find","beforeCount":53,"afterCount":53,"observed":"adapter-tools preflight: missing required standard command: find","callbackEntered":false}
# Subtest: real: cardinality53 missing standard command mkdir rejects before callback
ok 28 - real: cardinality53 missing standard command mkdir rejects before callback
  ---
  duration_ms: 3.375583
  type: 'test'
  ...
# {"backend":"real","family":"standard","missing":"mkdir","substitute":"registry_unblock_substitute_mkdir","beforeCount":53,"afterCount":53,"observed":"adapter-tools preflight: missing required standard command: mkdir","callbackEntered":false}
# Subtest: real: cardinality53 missing standard command mv rejects before callback
ok 29 - real: cardinality53 missing standard command mv rejects before callback
  ---
  duration_ms: 3.728208
  type: 'test'
  ...
# {"backend":"real","family":"standard","missing":"mv","substitute":"registry_unblock_substitute_mv","beforeCount":53,"afterCount":53,"observed":"adapter-tools preflight: missing required standard command: mv","callbackEntered":false}
# Subtest: real: cardinality53 missing standard command printf rejects before callback
ok 30 - real: cardinality53 missing standard command printf rejects before callback
  ---
  duration_ms: 3.676208
  type: 'test'
  ...
# {"backend":"real","family":"standard","missing":"printf","substitute":"registry_unblock_substitute_printf","beforeCount":53,"afterCount":53,"observed":"adapter-tools preflight: missing required standard command: printf","callbackEntered":false}
# Subtest: real: cardinality53 missing standard command pwd rejects before callback
ok 31 - real: cardinality53 missing standard command pwd rejects before callback
  ---
  duration_ms: 3.65525
  type: 'test'
  ...
# {"backend":"real","family":"standard","missing":"pwd","substitute":"registry_unblock_substitute_pwd","beforeCount":53,"afterCount":53,"observed":"adapter-tools preflight: missing required standard command: pwd","callbackEntered":false}
# Subtest: real: cardinality53 missing standard command rm rejects before callback
ok 32 - real: cardinality53 missing standard command rm rejects before callback
  ---
  duration_ms: 4.370666
  type: 'test'
  ...
# {"backend":"real","family":"standard","missing":"rm","substitute":"registry_unblock_substitute_rm","beforeCount":53,"afterCount":53,"observed":"adapter-tools preflight: missing required standard command: rm","callbackEntered":false}
# Subtest: real: cardinality53 missing standard command rmdir rejects before callback
ok 33 - real: cardinality53 missing standard command rmdir rejects before callback
  ---
  duration_ms: 4.070542
  type: 'test'
  ...
# {"backend":"real","family":"standard","missing":"rmdir","substitute":"registry_unblock_substitute_rmdir","beforeCount":53,"afterCount":53,"observed":"adapter-tools preflight: missing required standard command: rmdir","callbackEntered":false}
# Subtest: real: cardinality53 missing standard command sort rejects before callback
ok 34 - real: cardinality53 missing standard command sort rejects before callback
  ---
  duration_ms: 6.821917
  type: 'test'
  ...
# {"backend":"real","family":"standard","missing":"sort","substitute":"registry_unblock_substitute_sort","beforeCount":53,"afterCount":53,"observed":"adapter-tools preflight: missing required standard command: sort","callbackEntered":false}
# Subtest: real: cardinality53 missing standard command tee rejects before callback
ok 35 - real: cardinality53 missing standard command tee rejects before callback
  ---
  duration_ms: 3.992875
  type: 'test'
  ...
# {"backend":"real","family":"standard","missing":"tee","substitute":"registry_unblock_substitute_tee","beforeCount":53,"afterCount":53,"observed":"adapter-tools preflight: missing required standard command: tee","callbackEntered":false}
# Subtest: real: cardinality53 missing standard command test rejects before callback
ok 36 - real: cardinality53 missing standard command test rejects before callback
  ---
  duration_ms: 3.360375
  type: 'test'
  ...
# {"backend":"real","family":"standard","missing":"test","substitute":"registry_unblock_substitute_test","beforeCount":53,"afterCount":53,"observed":"adapter-tools preflight: missing required standard command: test","callbackEntered":false}
# Subtest: real: cardinality53 missing standard command touch rejects before callback
ok 37 - real: cardinality53 missing standard command touch rejects before callback
  ---
  duration_ms: 3.596875
  type: 'test'
  ...
# {"backend":"real","family":"standard","missing":"touch","substitute":"registry_unblock_substitute_touch","beforeCount":53,"afterCount":53,"observed":"adapter-tools preflight: missing required standard command: touch","callbackEntered":false}
# Subtest: real: cardinality53 missing standard command xargs rejects before callback
ok 38 - real: cardinality53 missing standard command xargs rejects before callback
  ---
  duration_ms: 4.267417
  type: 'test'
  ...
# {"backend":"real","family":"standard","missing":"xargs","substitute":"registry_unblock_substitute_xargs","beforeCount":53,"afterCount":53,"observed":"adapter-tools preflight: missing required standard command: xargs","callbackEntered":false}
# Subtest: real: cardinality53 missing text command sed rejects before callback
ok 39 - real: cardinality53 missing text command sed rejects before callback
  ---
  duration_ms: 3.840166
  type: 'test'
  ...
# {"backend":"real","family":"text","missing":"sed","substitute":"registry_unblock_substitute_sed","beforeCount":53,"afterCount":53,"observed":"adapter-tools preflight: missing required text command: sed","callbackEntered":false}
# Subtest: real: cardinality53 missing text command awk rejects before callback
ok 40 - real: cardinality53 missing text command awk rejects before callback
  ---
  duration_ms: 3.738125
  type: 'test'
  ...
# {"backend":"real","family":"text","missing":"awk","substitute":"registry_unblock_substitute_awk","beforeCount":53,"afterCount":53,"observed":"adapter-tools preflight: missing required text command: awk","callbackEntered":false}
# Subtest: real: cardinality53 missing structured command jq rejects before callback
ok 41 - real: cardinality53 missing structured command jq rejects before callback
  ---
  duration_ms: 4.515542
  type: 'test'
  ...
# {"backend":"real","family":"structured","missing":"jq","substitute":"registry_unblock_substitute_jq","beforeCount":53,"afterCount":53,"observed":"adapter-tools preflight: missing required structured command: jq","callbackEntered":false}
# Subtest: real: cardinality53 missing search command rg rejects before callback
ok 42 - real: cardinality53 missing search command rg rejects before callback
  ---
  duration_ms: 3.984875
  type: 'test'
  ...
# {"backend":"real","family":"search","missing":"rg","substitute":"registry_unblock_substitute_rg","beforeCount":53,"afterCount":53,"observed":"adapter-tools preflight: missing required search command: rg","callbackEntered":false}
# Subtest: real: cardinality53 missing bytes command sha256sum rejects before callback
ok 43 - real: cardinality53 missing bytes command sha256sum rejects before callback
  ---
  duration_ms: 4.117958
  type: 'test'
  ...
# {"backend":"real","family":"bytes","missing":"sha256sum","substitute":"registry_unblock_substitute_sha256sum","beforeCount":53,"afterCount":53,"observed":"adapter-tools preflight: missing required bytes command: sha256sum","callbackEntered":false}
# Subtest: real: cardinality53 missing bytes command gzip rejects before callback
ok 44 - real: cardinality53 missing bytes command gzip rejects before callback
  ---
  duration_ms: 6.436917
  type: 'test'
  ...
# {"backend":"real","family":"bytes","missing":"gzip","substitute":"registry_unblock_substitute_gzip","beforeCount":53,"afterCount":53,"observed":"adapter-tools preflight: missing required bytes command: gzip","callbackEntered":false}
# Subtest: real: cardinality53 missing diffPatch command diff rejects before callback
ok 45 - real: cardinality53 missing diffPatch command diff rejects before callback
  ---
  duration_ms: 3.828625
  type: 'test'
  ...
# {"backend":"real","family":"diffPatch","missing":"diff","substitute":"registry_unblock_substitute_diff","beforeCount":53,"afterCount":53,"observed":"adapter-tools preflight: missing required diffPatch command: diff","callbackEntered":false}
# Subtest: real: cardinality53 missing diffPatch command patch rejects before callback
ok 46 - real: cardinality53 missing diffPatch command patch rejects before callback
  ---
  duration_ms: 3.736166
  type: 'test'
  ...
# {"backend":"real","family":"diffPatch","missing":"patch","substitute":"registry_unblock_substitute_patch","beforeCount":53,"afterCount":53,"observed":"adapter-tools preflight: missing required diffPatch command: patch","callbackEntered":false}
# Subtest: real: optional command addition cardinality54 executes real workflows
ok 47 - real: optional command addition cardinality54 executes real workflows
  ---
  duration_ms: 11.297667
  type: 'test'
  ...
# {"backend":"real","beforeCount":53,"afterCount":54,"callbackEntered":true,"optionalExecuted":true,"dispatched":["registry_unblock_optional","cat","sed","awk","jq","jq","xargs","find","rg","cat","gzip","gzip","diff"]}
# Subtest: s3: cardinality53 missing standard command cat rejects before callback
ok 48 - s3: cardinality53 missing standard command cat rejects before callback
  ---
  duration_ms: 4.123708
  type: 'test'
  ...
# {"backend":"s3","family":"standard","missing":"cat","substitute":"registry_unblock_substitute_cat","beforeCount":53,"afterCount":53,"observed":"adapter-tools preflight: missing required standard command: cat","callbackEntered":false}
# Subtest: s3: cardinality53 missing standard command cp rejects before callback
ok 49 - s3: cardinality53 missing standard command cp rejects before callback
  ---
  duration_ms: 1.500625
  type: 'test'
  ...
# {"backend":"s3","family":"standard","missing":"cp","substitute":"registry_unblock_substitute_cp","beforeCount":53,"afterCount":53,"observed":"adapter-tools preflight: missing required standard command: cp","callbackEntered":false}
# Subtest: s3: cardinality53 missing standard command find rejects before callback
ok 50 - s3: cardinality53 missing standard command find rejects before callback
  ---
  duration_ms: 1.512208
  type: 'test'
  ...
# {"backend":"s3","family":"standard","missing":"find","substitute":"registry_unblock_substitute_find","beforeCount":53,"afterCount":53,"observed":"adapter-tools preflight: missing required standard command: find","callbackEntered":false}
# Subtest: s3: cardinality53 missing standard command mkdir rejects before callback
ok 51 - s3: cardinality53 missing standard command mkdir rejects before callback
  ---
  duration_ms: 2.895458
  type: 'test'
  ...
# {"backend":"s3","family":"standard","missing":"mkdir","substitute":"registry_unblock_substitute_mkdir","beforeCount":53,"afterCount":53,"observed":"adapter-tools preflight: missing required standard command: mkdir","callbackEntered":false}
# Subtest: s3: cardinality53 missing standard command mv rejects before callback
ok 52 - s3: cardinality53 missing standard command mv rejects before callback
  ---
  duration_ms: 0.953
  type: 'test'
  ...
# {"backend":"s3","family":"standard","missing":"mv","substitute":"registry_unblock_substitute_mv","beforeCount":53,"afterCount":53,"observed":"adapter-tools preflight: missing required standard command: mv","callbackEntered":false}
# Subtest: s3: cardinality53 missing standard command printf rejects before callback
ok 53 - s3: cardinality53 missing standard command printf rejects before callback
  ---
  duration_ms: 1.463125
  type: 'test'
  ...
# {"backend":"s3","family":"standard","missing":"printf","substitute":"registry_unblock_substitute_printf","beforeCount":53,"afterCount":53,"observed":"adapter-tools preflight: missing required standard command: printf","callbackEntered":false}
# Subtest: s3: cardinality53 missing standard command pwd rejects before callback
ok 54 - s3: cardinality53 missing standard command pwd rejects before callback
  ---
  duration_ms: 1.15275
  type: 'test'
  ...
# {"backend":"s3","family":"standard","missing":"pwd","substitute":"registry_unblock_substitute_pwd","beforeCount":53,"afterCount":53,"observed":"adapter-tools preflight: missing required standard command: pwd","callbackEntered":false}
# Subtest: s3: cardinality53 missing standard command rm rejects before callback
ok 55 - s3: cardinality53 missing standard command rm rejects before callback
  ---
  duration_ms: 1.163459
  type: 'test'
  ...
# {"backend":"s3","family":"standard","missing":"rm","substitute":"registry_unblock_substitute_rm","beforeCount":53,"afterCount":53,"observed":"adapter-tools preflight: missing required standard command: rm","callbackEntered":false}
# Subtest: s3: cardinality53 missing standard command rmdir rejects before callback
ok 56 - s3: cardinality53 missing standard command rmdir rejects before callback
  ---
  duration_ms: 1.179417
  type: 'test'
  ...
# {"backend":"s3","family":"standard","missing":"rmdir","substitute":"registry_unblock_substitute_rmdir","beforeCount":53,"afterCount":53,"observed":"adapter-tools preflight: missing required standard command: rmdir","callbackEntered":false}
# Subtest: s3: cardinality53 missing standard command sort rejects before callback
ok 57 - s3: cardinality53 missing standard command sort rejects before callback
  ---
  duration_ms: 0.936375
  type: 'test'
  ...
# {"backend":"s3","family":"standard","missing":"sort","substitute":"registry_unblock_substitute_sort","beforeCount":53,"afterCount":53,"observed":"adapter-tools preflight: missing required standard command: sort","callbackEntered":false}
# Subtest: s3: cardinality53 missing standard command tee rejects before callback
ok 58 - s3: cardinality53 missing standard command tee rejects before callback
  ---
  duration_ms: 1.106292
  type: 'test'
  ...
# {"backend":"s3","family":"standard","missing":"tee","substitute":"registry_unblock_substitute_tee","beforeCount":53,"afterCount":53,"observed":"adapter-tools preflight: missing required standard command: tee","callbackEntered":false}
# Subtest: s3: cardinality53 missing standard command test rejects before callback
ok 59 - s3: cardinality53 missing standard command test rejects before callback
  ---
  duration_ms: 3.701875
  type: 'test'
  ...
# {"backend":"s3","family":"standard","missing":"test","substitute":"registry_unblock_substitute_test","beforeCount":53,"afterCount":53,"observed":"adapter-tools preflight: missing required standard command: test","callbackEntered":false}
# Subtest: s3: cardinality53 missing standard command touch rejects before callback
ok 60 - s3: cardinality53 missing standard command touch rejects before callback
  ---
  duration_ms: 0.911375
  type: 'test'
  ...
# {"backend":"s3","family":"standard","missing":"touch","substitute":"registry_unblock_substitute_touch","beforeCount":53,"afterCount":53,"observed":"adapter-tools preflight: missing required standard command: touch","callbackEntered":false}
# Subtest: s3: cardinality53 missing standard command xargs rejects before callback
ok 61 - s3: cardinality53 missing standard command xargs rejects before callback
  ---
  duration_ms: 1.011708
  type: 'test'
  ...
# {"backend":"s3","family":"standard","missing":"xargs","substitute":"registry_unblock_substitute_xargs","beforeCount":53,"afterCount":53,"observed":"adapter-tools preflight: missing required standard command: xargs","callbackEntered":false}
# Subtest: s3: cardinality53 missing text command sed rejects before callback
ok 62 - s3: cardinality53 missing text command sed rejects before callback
  ---
  duration_ms: 0.886083
  type: 'test'
  ...
# {"backend":"s3","family":"text","missing":"sed","substitute":"registry_unblock_substitute_sed","beforeCount":53,"afterCount":53,"observed":"adapter-tools preflight: missing required text command: sed","callbackEntered":false}
# Subtest: s3: cardinality53 missing text command awk rejects before callback
ok 63 - s3: cardinality53 missing text command awk rejects before callback
  ---
  duration_ms: 0.93125
  type: 'test'
  ...
# {"backend":"s3","family":"text","missing":"awk","substitute":"registry_unblock_substitute_awk","beforeCount":53,"afterCount":53,"observed":"adapter-tools preflight: missing required text command: awk","callbackEntered":false}
# Subtest: s3: cardinality53 missing structured command jq rejects before callback
ok 64 - s3: cardinality53 missing structured command jq rejects before callback
  ---
  duration_ms: 0.9135
  type: 'test'
  ...
# {"backend":"s3","family":"structured","missing":"jq","substitute":"registry_unblock_substitute_jq","beforeCount":53,"afterCount":53,"observed":"adapter-tools preflight: missing required structured command: jq","callbackEntered":false}
# Subtest: s3: cardinality53 missing search command rg rejects before callback
ok 65 - s3: cardinality53 missing search command rg rejects before callback
  ---
  duration_ms: 1.23475
  type: 'test'
  ...
# {"backend":"s3","family":"search","missing":"rg","substitute":"registry_unblock_substitute_rg","beforeCount":53,"afterCount":53,"observed":"adapter-tools preflight: missing required search command: rg","callbackEntered":false}
# Subtest: s3: cardinality53 missing bytes command sha256sum rejects before callback
ok 66 - s3: cardinality53 missing bytes command sha256sum rejects before callback
  ---
  duration_ms: 1.07225
  type: 'test'
  ...
# {"backend":"s3","family":"bytes","missing":"sha256sum","substitute":"registry_unblock_substitute_sha256sum","beforeCount":53,"afterCount":53,"observed":"adapter-tools preflight: missing required bytes command: sha256sum","callbackEntered":false}
# Subtest: s3: cardinality53 missing bytes command gzip rejects before callback
ok 67 - s3: cardinality53 missing bytes command gzip rejects before callback
  ---
  duration_ms: 0.832291
  type: 'test'
  ...
# {"backend":"s3","family":"bytes","missing":"gzip","substitute":"registry_unblock_substitute_gzip","beforeCount":53,"afterCount":53,"observed":"adapter-tools preflight: missing required bytes command: gzip","callbackEntered":false}
# Subtest: s3: cardinality53 missing diffPatch command diff rejects before callback
ok 68 - s3: cardinality53 missing diffPatch command diff rejects before callback
  ---
  duration_ms: 0.901666
  type: 'test'
  ...
# {"backend":"s3","family":"diffPatch","missing":"diff","substitute":"registry_unblock_substitute_diff","beforeCount":53,"afterCount":53,"observed":"adapter-tools preflight: missing required diffPatch command: diff","callbackEntered":false}
# Subtest: s3: cardinality53 missing diffPatch command patch rejects before callback
ok 69 - s3: cardinality53 missing diffPatch command patch rejects before callback
  ---
  duration_ms: 0.903375
  type: 'test'
  ...
# {"backend":"s3","family":"diffPatch","missing":"patch","substitute":"registry_unblock_substitute_patch","beforeCount":53,"afterCount":53,"observed":"adapter-tools preflight: missing required diffPatch command: patch","callbackEntered":false}
# Subtest: s3: optional command addition cardinality54 executes real workflows
ok 70 - s3: optional command addition cardinality54 executes real workflows
  ---
  duration_ms: 11.94975
  type: 'test'
  ...
# {"backend":"s3","beforeCount":53,"afterCount":54,"callbackEntered":true,"optionalExecuted":true,"dispatched":["registry_unblock_optional","cat","sed","awk","jq","jq","xargs","find","rg","cat","gzip","gzip","diff"]}
# Subtest: webdav: cardinality53 missing standard command cat rejects before callback
ok 71 - webdav: cardinality53 missing standard command cat rejects before callback
  ---
  duration_ms: 38.400208
  type: 'test'
  ...
# {"backend":"webdav","family":"standard","missing":"cat","substitute":"registry_unblock_substitute_cat","beforeCount":53,"afterCount":53,"observed":"adapter-tools preflight: missing required standard command: cat","callbackEntered":false}
# Subtest: webdav: cardinality53 missing standard command cp rejects before callback
ok 72 - webdav: cardinality53 missing standard command cp rejects before callback
  ---
  duration_ms: 23.167667
  type: 'test'
  ...
# {"backend":"webdav","family":"standard","missing":"cp","substitute":"registry_unblock_substitute_cp","beforeCount":53,"afterCount":53,"observed":"adapter-tools preflight: missing required standard command: cp","callbackEntered":false}
# Subtest: webdav: cardinality53 missing standard command find rejects before callback
ok 73 - webdav: cardinality53 missing standard command find rejects before callback
  ---
  duration_ms: 15.608541
  type: 'test'
  ...
# {"backend":"webdav","family":"standard","missing":"find","substitute":"registry_unblock_substitute_find","beforeCount":53,"afterCount":53,"observed":"adapter-tools preflight: missing required standard command: find","callbackEntered":false}
# Subtest: webdav: cardinality53 missing standard command mkdir rejects before callback
ok 74 - webdav: cardinality53 missing standard command mkdir rejects before callback
  ---
  duration_ms: 15.864125
  type: 'test'
  ...
# {"backend":"webdav","family":"standard","missing":"mkdir","substitute":"registry_unblock_substitute_mkdir","beforeCount":53,"afterCount":53,"observed":"adapter-tools preflight: missing required standard command: mkdir","callbackEntered":false}
# Subtest: webdav: cardinality53 missing standard command mv rejects before callback
ok 75 - webdav: cardinality53 missing standard command mv rejects before callback
  ---
  duration_ms: 15.7305
  type: 'test'
  ...
# {"backend":"webdav","family":"standard","missing":"mv","substitute":"registry_unblock_substitute_mv","beforeCount":53,"afterCount":53,"observed":"adapter-tools preflight: missing required standard command: mv","callbackEntered":false}
# Subtest: webdav: cardinality53 missing standard command printf rejects before callback
ok 76 - webdav: cardinality53 missing standard command printf rejects before callback
  ---
  duration_ms: 17.210334
  type: 'test'
  ...
# {"backend":"webdav","family":"standard","missing":"printf","substitute":"registry_unblock_substitute_printf","beforeCount":53,"afterCount":53,"observed":"adapter-tools preflight: missing required standard command: printf","callbackEntered":false}
# Subtest: webdav: cardinality53 missing standard command pwd rejects before callback
ok 77 - webdav: cardinality53 missing standard command pwd rejects before callback
  ---
  duration_ms: 14.752042
  type: 'test'
  ...
# {"backend":"webdav","family":"standard","missing":"pwd","substitute":"registry_unblock_substitute_pwd","beforeCount":53,"afterCount":53,"observed":"adapter-tools preflight: missing required standard command: pwd","callbackEntered":false}
# Subtest: webdav: cardinality53 missing standard command rm rejects before callback
ok 78 - webdav: cardinality53 missing standard command rm rejects before callback
  ---
  duration_ms: 18.172
  type: 'test'
  ...
# {"backend":"webdav","family":"standard","missing":"rm","substitute":"registry_unblock_substitute_rm","beforeCount":53,"afterCount":53,"observed":"adapter-tools preflight: missing required standard command: rm","callbackEntered":false}
# Subtest: webdav: cardinality53 missing standard command rmdir rejects before callback
ok 79 - webdav: cardinality53 missing standard command rmdir rejects before callback
  ---
  duration_ms: 14.875125
  type: 'test'
  ...
# {"backend":"webdav","family":"standard","missing":"rmdir","substitute":"registry_unblock_substitute_rmdir","beforeCount":53,"afterCount":53,"observed":"adapter-tools preflight: missing required standard command: rmdir","callbackEntered":false}
# Subtest: webdav: cardinality53 missing standard command sort rejects before callback
ok 80 - webdav: cardinality53 missing standard command sort rejects before callback
  ---
  duration_ms: 15.809416
  type: 'test'
  ...
# {"backend":"webdav","family":"standard","missing":"sort","substitute":"registry_unblock_substitute_sort","beforeCount":53,"afterCount":53,"observed":"adapter-tools preflight: missing required standard command: sort","callbackEntered":false}
# Subtest: webdav: cardinality53 missing standard command tee rejects before callback
ok 81 - webdav: cardinality53 missing standard command tee rejects before callback
  ---
  duration_ms: 12.278875
  type: 'test'
  ...
# {"backend":"webdav","family":"standard","missing":"tee","substitute":"registry_unblock_substitute_tee","beforeCount":53,"afterCount":53,"observed":"adapter-tools preflight: missing required standard command: tee","callbackEntered":false}
# Subtest: webdav: cardinality53 missing standard command test rejects before callback
ok 82 - webdav: cardinality53 missing standard command test rejects before callback
  ---
  duration_ms: 15.285
  type: 'test'
  ...
# {"backend":"webdav","family":"standard","missing":"test","substitute":"registry_unblock_substitute_test","beforeCount":53,"afterCount":53,"observed":"adapter-tools preflight: missing required standard command: test","callbackEntered":false}
# Subtest: webdav: cardinality53 missing standard command touch rejects before callback
ok 83 - webdav: cardinality53 missing standard command touch rejects before callback
  ---
  duration_ms: 11.295375
  type: 'test'
  ...
# {"backend":"webdav","family":"standard","missing":"touch","substitute":"registry_unblock_substitute_touch","beforeCount":53,"afterCount":53,"observed":"adapter-tools preflight: missing required standard command: touch","callbackEntered":false}
# Subtest: webdav: cardinality53 missing standard command xargs rejects before callback
ok 84 - webdav: cardinality53 missing standard command xargs rejects before callback
  ---
  duration_ms: 14.993958
  type: 'test'
  ...
# {"backend":"webdav","family":"standard","missing":"xargs","substitute":"registry_unblock_substitute_xargs","beforeCount":53,"afterCount":53,"observed":"adapter-tools preflight: missing required standard command: xargs","callbackEntered":false}
# Subtest: webdav: cardinality53 missing text command sed rejects before callback
ok 85 - webdav: cardinality53 missing text command sed rejects before callback
  ---
  duration_ms: 13.225042
  type: 'test'
  ...
# {"backend":"webdav","family":"text","missing":"sed","substitute":"registry_unblock_substitute_sed","beforeCount":53,"afterCount":53,"observed":"adapter-tools preflight: missing required text command: sed","callbackEntered":false}
# Subtest: webdav: cardinality53 missing text command awk rejects before callback
ok 86 - webdav: cardinality53 missing text command awk rejects before callback
  ---
  duration_ms: 13.650125
  type: 'test'
  ...
# {"backend":"webdav","family":"text","missing":"awk","substitute":"registry_unblock_substitute_awk","beforeCount":53,"afterCount":53,"observed":"adapter-tools preflight: missing required text command: awk","callbackEntered":false}
# Subtest: webdav: cardinality53 missing structured command jq rejects before callback
ok 87 - webdav: cardinality53 missing structured command jq rejects before callback
  ---
  duration_ms: 12.108167
  type: 'test'
  ...
# {"backend":"webdav","family":"structured","missing":"jq","substitute":"registry_unblock_substitute_jq","beforeCount":53,"afterCount":53,"observed":"adapter-tools preflight: missing required structured command: jq","callbackEntered":false}
# Subtest: webdav: cardinality53 missing search command rg rejects before callback
ok 88 - webdav: cardinality53 missing search command rg rejects before callback
  ---
  duration_ms: 13.9295
  type: 'test'
  ...
# {"backend":"webdav","family":"search","missing":"rg","substitute":"registry_unblock_substitute_rg","beforeCount":53,"afterCount":53,"observed":"adapter-tools preflight: missing required search command: rg","callbackEntered":false}
# Subtest: webdav: cardinality53 missing bytes command sha256sum rejects before callback
ok 89 - webdav: cardinality53 missing bytes command sha256sum rejects before callback
  ---
  duration_ms: 9.960709
  type: 'test'
  ...
# {"backend":"webdav","family":"bytes","missing":"sha256sum","substitute":"registry_unblock_substitute_sha256sum","beforeCount":53,"afterCount":53,"observed":"adapter-tools preflight: missing required bytes command: sha256sum","callbackEntered":false}
# Subtest: webdav: cardinality53 missing bytes command gzip rejects before callback
ok 90 - webdav: cardinality53 missing bytes command gzip rejects before callback
  ---
  duration_ms: 12.200208
  type: 'test'
  ...
# {"backend":"webdav","family":"bytes","missing":"gzip","substitute":"registry_unblock_substitute_gzip","beforeCount":53,"afterCount":53,"observed":"adapter-tools preflight: missing required bytes command: gzip","callbackEntered":false}
# Subtest: webdav: cardinality53 missing diffPatch command diff rejects before callback
ok 91 - webdav: cardinality53 missing diffPatch command diff rejects before callback
  ---
  duration_ms: 10.967166
  type: 'test'
  ...
# {"backend":"webdav","family":"diffPatch","missing":"diff","substitute":"registry_unblock_substitute_diff","beforeCount":53,"afterCount":53,"observed":"adapter-tools preflight: missing required diffPatch command: diff","callbackEntered":false}
# Subtest: webdav: cardinality53 missing diffPatch command patch rejects before callback
ok 92 - webdav: cardinality53 missing diffPatch command patch rejects before callback
  ---
  duration_ms: 12.210417
  type: 'test'
  ...
# {"backend":"webdav","family":"diffPatch","missing":"patch","substitute":"registry_unblock_substitute_patch","beforeCount":53,"afterCount":53,"observed":"adapter-tools preflight: missing required diffPatch command: patch","callbackEntered":false}
# Subtest: webdav: optional command addition cardinality54 executes real workflows
ok 93 - webdav: optional command addition cardinality54 executes real workflows
  ---
  duration_ms: 25.291166
  type: 'test'
  ...
# {"backend":"webdav","beforeCount":53,"afterCount":54,"callbackEntered":true,"optionalExecuted":true,"dispatched":["registry_unblock_optional","cat","sed","awk","jq","jq","xargs","find","rg","cat","gzip","gzip","diff"]}
# Subtest: mount: cardinality53 missing standard command cat rejects before callback
ok 94 - mount: cardinality53 missing standard command cat rejects before callback
  ---
  duration_ms: 6.2675
  type: 'test'
  ...
# {"backend":"mount","family":"standard","missing":"cat","substitute":"registry_unblock_substitute_cat","beforeCount":53,"afterCount":53,"observed":"adapter-tools preflight: missing required standard command: cat","callbackEntered":false}
# Subtest: mount: cardinality53 missing standard command cp rejects before callback
ok 95 - mount: cardinality53 missing standard command cp rejects before callback
  ---
  duration_ms: 5.717125
  type: 'test'
  ...
# {"backend":"mount","family":"standard","missing":"cp","substitute":"registry_unblock_substitute_cp","beforeCount":53,"afterCount":53,"observed":"adapter-tools preflight: missing required standard command: cp","callbackEntered":false}
# Subtest: mount: cardinality53 missing standard command find rejects before callback
ok 96 - mount: cardinality53 missing standard command find rejects before callback
  ---
  duration_ms: 7.008292
  type: 'test'
  ...
# {"backend":"mount","family":"standard","missing":"find","substitute":"registry_unblock_substitute_find","beforeCount":53,"afterCount":53,"observed":"adapter-tools preflight: missing required standard command: find","callbackEntered":false}
# Subtest: mount: cardinality53 missing standard command mkdir rejects before callback
ok 97 - mount: cardinality53 missing standard command mkdir rejects before callback
  ---
  duration_ms: 5.447
  type: 'test'
  ...
# {"backend":"mount","family":"standard","missing":"mkdir","substitute":"registry_unblock_substitute_mkdir","beforeCount":53,"afterCount":53,"observed":"adapter-tools preflight: missing required standard command: mkdir","callbackEntered":false}
# Subtest: mount: cardinality53 missing standard command mv rejects before callback
ok 98 - mount: cardinality53 missing standard command mv rejects before callback
  ---
  duration_ms: 5.122625
  type: 'test'
  ...
# {"backend":"mount","family":"standard","missing":"mv","substitute":"registry_unblock_substitute_mv","beforeCount":53,"afterCount":53,"observed":"adapter-tools preflight: missing required standard command: mv","callbackEntered":false}
# Subtest: mount: cardinality53 missing standard command printf rejects before callback
ok 99 - mount: cardinality53 missing standard command printf rejects before callback
  ---
  duration_ms: 6.41825
  type: 'test'
  ...
# {"backend":"mount","family":"standard","missing":"printf","substitute":"registry_unblock_substitute_printf","beforeCount":53,"afterCount":53,"observed":"adapter-tools preflight: missing required standard command: printf","callbackEntered":false}
# Subtest: mount: cardinality53 missing standard command pwd rejects before callback
ok 100 - mount: cardinality53 missing standard command pwd rejects before callback
  ---
  duration_ms: 5.955875
  type: 'test'
  ...
# {"backend":"mount","family":"standard","missing":"pwd","substitute":"registry_unblock_substitute_pwd","beforeCount":53,"afterCount":53,"observed":"adapter-tools preflight: missing required standard command: pwd","callbackEntered":false}
# Subtest: mount: cardinality53 missing standard command rm rejects before callback
ok 101 - mount: cardinality53 missing standard command rm rejects before callback
  ---
  duration_ms: 8.719333
  type: 'test'
  ...
# {"backend":"mount","family":"standard","missing":"rm","substitute":"registry_unblock_substitute_rm","beforeCount":53,"afterCount":53,"observed":"adapter-tools preflight: missing required standard command: rm","callbackEntered":false}
# Subtest: mount: cardinality53 missing standard command rmdir rejects before callback
ok 102 - mount: cardinality53 missing standard command rmdir rejects before callback
  ---
  duration_ms: 4.973625
  type: 'test'
  ...
# {"backend":"mount","family":"standard","missing":"rmdir","substitute":"registry_unblock_substitute_rmdir","beforeCount":53,"afterCount":53,"observed":"adapter-tools preflight: missing required standard command: rmdir","callbackEntered":false}
# Subtest: mount: cardinality53 missing standard command sort rejects before callback
ok 103 - mount: cardinality53 missing standard command sort rejects before callback
  ---
  duration_ms: 4.838875
  type: 'test'
  ...
# {"backend":"mount","family":"standard","missing":"sort","substitute":"registry_unblock_substitute_sort","beforeCount":53,"afterCount":53,"observed":"adapter-tools preflight: missing required standard command: sort","callbackEntered":false}
# Subtest: mount: cardinality53 missing standard command tee rejects before callback
ok 104 - mount: cardinality53 missing standard command tee rejects before callback
  ---
  duration_ms: 5.108458
  type: 'test'
  ...
# {"backend":"mount","family":"standard","missing":"tee","substitute":"registry_unblock_substitute_tee","beforeCount":53,"afterCount":53,"observed":"adapter-tools preflight: missing required standard command: tee","callbackEntered":false}
# Subtest: mount: cardinality53 missing standard command test rejects before callback
ok 105 - mount: cardinality53 missing standard command test rejects before callback
  ---
  duration_ms: 6.181417
  type: 'test'
  ...
# {"backend":"mount","family":"standard","missing":"test","substitute":"registry_unblock_substitute_test","beforeCount":53,"afterCount":53,"observed":"adapter-tools preflight: missing required standard command: test","callbackEntered":false}
# Subtest: mount: cardinality53 missing standard command touch rejects before callback
ok 106 - mount: cardinality53 missing standard command touch rejects before callback
  ---
  duration_ms: 4.781792
  type: 'test'
  ...
# {"backend":"mount","family":"standard","missing":"touch","substitute":"registry_unblock_substitute_touch","beforeCount":53,"afterCount":53,"observed":"adapter-tools preflight: missing required standard command: touch","callbackEntered":false}
# Subtest: mount: cardinality53 missing standard command xargs rejects before callback
ok 107 - mount: cardinality53 missing standard command xargs rejects before callback
  ---
  duration_ms: 5.683958
  type: 'test'
  ...
# {"backend":"mount","family":"standard","missing":"xargs","substitute":"registry_unblock_substitute_xargs","beforeCount":53,"afterCount":53,"observed":"adapter-tools preflight: missing required standard command: xargs","callbackEntered":false}
# Subtest: mount: cardinality53 missing text command sed rejects before callback
ok 108 - mount: cardinality53 missing text command sed rejects before callback
  ---
  duration_ms: 6.311042
  type: 'test'
  ...
# {"backend":"mount","family":"text","missing":"sed","substitute":"registry_unblock_substitute_sed","beforeCount":53,"afterCount":53,"observed":"adapter-tools preflight: missing required text command: sed","callbackEntered":false}
# Subtest: mount: cardinality53 missing text command awk rejects before callback
ok 109 - mount: cardinality53 missing text command awk rejects before callback
  ---
  duration_ms: 4.851584
  type: 'test'
  ...
# {"backend":"mount","family":"text","missing":"awk","substitute":"registry_unblock_substitute_awk","beforeCount":53,"afterCount":53,"observed":"adapter-tools preflight: missing required text command: awk","callbackEntered":false}
# Subtest: mount: cardinality53 missing structured command jq rejects before callback
ok 110 - mount: cardinality53 missing structured command jq rejects before callback
  ---
  duration_ms: 6.081584
  type: 'test'
  ...
# {"backend":"mount","family":"structured","missing":"jq","substitute":"registry_unblock_substitute_jq","beforeCount":53,"afterCount":53,"observed":"adapter-tools preflight: missing required structured command: jq","callbackEntered":false}
# Subtest: mount: cardinality53 missing search command rg rejects before callback
ok 111 - mount: cardinality53 missing search command rg rejects before callback
  ---
  duration_ms: 5.719042
  type: 'test'
  ...
# {"backend":"mount","family":"search","missing":"rg","substitute":"registry_unblock_substitute_rg","beforeCount":53,"afterCount":53,"observed":"adapter-tools preflight: missing required search command: rg","callbackEntered":false}
# Subtest: mount: cardinality53 missing bytes command sha256sum rejects before callback
ok 112 - mount: cardinality53 missing bytes command sha256sum rejects before callback
  ---
  duration_ms: 8.591167
  type: 'test'
  ...
# {"backend":"mount","family":"bytes","missing":"sha256sum","substitute":"registry_unblock_substitute_sha256sum","beforeCount":53,"afterCount":53,"observed":"adapter-tools preflight: missing required bytes command: sha256sum","callbackEntered":false}
# Subtest: mount: cardinality53 missing bytes command gzip rejects before callback
ok 113 - mount: cardinality53 missing bytes command gzip rejects before callback
  ---
  duration_ms: 5.254417
  type: 'test'
  ...
# {"backend":"mount","family":"bytes","missing":"gzip","substitute":"registry_unblock_substitute_gzip","beforeCount":53,"afterCount":53,"observed":"adapter-tools preflight: missing required bytes command: gzip","callbackEntered":false}
# Subtest: mount: cardinality53 missing diffPatch command diff rejects before callback
ok 114 - mount: cardinality53 missing diffPatch command diff rejects before callback
  ---
  duration_ms: 4.547583
  type: 'test'
  ...
# {"backend":"mount","family":"diffPatch","missing":"diff","substitute":"registry_unblock_substitute_diff","beforeCount":53,"afterCount":53,"observed":"adapter-tools preflight: missing required diffPatch command: diff","callbackEntered":false}
# Subtest: mount: cardinality53 missing diffPatch command patch rejects before callback
ok 115 - mount: cardinality53 missing diffPatch command patch rejects before callback
  ---
  duration_ms: 4.317166
  type: 'test'
  ...
# {"backend":"mount","family":"diffPatch","missing":"patch","substitute":"registry_unblock_substitute_patch","beforeCount":53,"afterCount":53,"observed":"adapter-tools preflight: missing required diffPatch command: patch","callbackEntered":false}
# Subtest: mount: optional command addition cardinality54 executes real workflows
ok 116 - mount: optional command addition cardinality54 executes real workflows
  ---
  duration_ms: 13.547333
  type: 'test'
  ...
# {"backend":"mount","beforeCount":53,"afterCount":54,"callbackEntered":true,"optionalExecuted":true,"dispatched":["registry_unblock_optional","cat","sed","awk","jq","jq","xargs","find","rg","cat","gzip","gzip","diff"]}
# Subtest: overlay: cardinality53 missing standard command cat rejects before callback
ok 117 - overlay: cardinality53 missing standard command cat rejects before callback
  ---
  duration_ms: 1.937458
  type: 'test'
  ...
# {"backend":"overlay","family":"standard","missing":"cat","substitute":"registry_unblock_substitute_cat","beforeCount":53,"afterCount":53,"observed":"adapter-tools preflight: missing required standard command: cat","callbackEntered":false}
# Subtest: overlay: cardinality53 missing standard command cp rejects before callback
ok 118 - overlay: cardinality53 missing standard command cp rejects before callback
  ---
  duration_ms: 1.469916
  type: 'test'
  ...
# {"backend":"overlay","family":"standard","missing":"cp","substitute":"registry_unblock_substitute_cp","beforeCount":53,"afterCount":53,"observed":"adapter-tools preflight: missing required standard command: cp","callbackEntered":false}
# Subtest: overlay: cardinality53 missing standard command find rejects before callback
ok 119 - overlay: cardinality53 missing standard command find rejects before callback
  ---
  duration_ms: 1.300041
  type: 'test'
  ...
# {"backend":"overlay","family":"standard","missing":"find","substitute":"registry_unblock_substitute_find","beforeCount":53,"afterCount":53,"observed":"adapter-tools preflight: missing required standard command: find","callbackEntered":false}
# Subtest: overlay: cardinality53 missing standard command mkdir rejects before callback
ok 120 - overlay: cardinality53 missing standard command mkdir rejects before callback
  ---
  duration_ms: 1.213292
  type: 'test'
  ...
# {"backend":"overlay","family":"standard","missing":"mkdir","substitute":"registry_unblock_substitute_mkdir","beforeCount":53,"afterCount":53,"observed":"adapter-tools preflight: missing required standard command: mkdir","callbackEntered":false}
# Subtest: overlay: cardinality53 missing standard command mv rejects before callback
ok 121 - overlay: cardinality53 missing standard command mv rejects before callback
  ---
  duration_ms: 1.173458
  type: 'test'
  ...
# {"backend":"overlay","family":"standard","missing":"mv","substitute":"registry_unblock_substitute_mv","beforeCount":53,"afterCount":53,"observed":"adapter-tools preflight: missing required standard command: mv","callbackEntered":false}
# Subtest: overlay: cardinality53 missing standard command printf rejects before callback
ok 122 - overlay: cardinality53 missing standard command printf rejects before callback
  ---
  duration_ms: 1.066209
  type: 'test'
  ...
# {"backend":"overlay","family":"standard","missing":"printf","substitute":"registry_unblock_substitute_printf","beforeCount":53,"afterCount":53,"observed":"adapter-tools preflight: missing required standard command: printf","callbackEntered":false}
# Subtest: overlay: cardinality53 missing standard command pwd rejects before callback
ok 123 - overlay: cardinality53 missing standard command pwd rejects before callback
  ---
  duration_ms: 1.189375
  type: 'test'
  ...
# {"backend":"overlay","family":"standard","missing":"pwd","substitute":"registry_unblock_substitute_pwd","beforeCount":53,"afterCount":53,"observed":"adapter-tools preflight: missing required standard command: pwd","callbackEntered":false}
# Subtest: overlay: cardinality53 missing standard command rm rejects before callback
ok 124 - overlay: cardinality53 missing standard command rm rejects before callback
  ---
  duration_ms: 1.436833
  type: 'test'
  ...
# {"backend":"overlay","family":"standard","missing":"rm","substitute":"registry_unblock_substitute_rm","beforeCount":53,"afterCount":53,"observed":"adapter-tools preflight: missing required standard command: rm","callbackEntered":false}
# Subtest: overlay: cardinality53 missing standard command rmdir rejects before callback
ok 125 - overlay: cardinality53 missing standard command rmdir rejects before callback
  ---
  duration_ms: 4.710708
  type: 'test'
  ...
# {"backend":"overlay","family":"standard","missing":"rmdir","substitute":"registry_unblock_substitute_rmdir","beforeCount":53,"afterCount":53,"observed":"adapter-tools preflight: missing required standard command: rmdir","callbackEntered":false}
# Subtest: overlay: cardinality53 missing standard command sort rejects before callback
ok 126 - overlay: cardinality53 missing standard command sort rejects before callback
  ---
  duration_ms: 0.905709
  type: 'test'
  ...
# {"backend":"overlay","family":"standard","missing":"sort","substitute":"registry_unblock_substitute_sort","beforeCount":53,"afterCount":53,"observed":"adapter-tools preflight: missing required standard command: sort","callbackEntered":false}
# Subtest: overlay: cardinality53 missing standard command tee rejects before callback
ok 127 - overlay: cardinality53 missing standard command tee rejects before callback
  ---
  duration_ms: 0.799167
  type: 'test'
  ...
# {"backend":"overlay","family":"standard","missing":"tee","substitute":"registry_unblock_substitute_tee","beforeCount":53,"afterCount":53,"observed":"adapter-tools preflight: missing required standard command: tee","callbackEntered":false}
# Subtest: overlay: cardinality53 missing standard command test rejects before callback
ok 128 - overlay: cardinality53 missing standard command test rejects before callback
  ---
  duration_ms: 0.831333
  type: 'test'
  ...
# {"backend":"overlay","family":"standard","missing":"test","substitute":"registry_unblock_substitute_test","beforeCount":53,"afterCount":53,"observed":"adapter-tools preflight: missing required standard command: test","callbackEntered":false}
# Subtest: overlay: cardinality53 missing standard command touch rejects before callback
ok 129 - overlay: cardinality53 missing standard command touch rejects before callback
  ---
  duration_ms: 0.799167
  type: 'test'
  ...
# {"backend":"overlay","family":"standard","missing":"touch","substitute":"registry_unblock_substitute_touch","beforeCount":53,"afterCount":53,"observed":"adapter-tools preflight: missing required standard command: touch","callbackEntered":false}
# Subtest: overlay: cardinality53 missing standard command xargs rejects before callback
ok 130 - overlay: cardinality53 missing standard command xargs rejects before callback
  ---
  duration_ms: 0.814042
  type: 'test'
  ...
# {"backend":"overlay","family":"standard","missing":"xargs","substitute":"registry_unblock_substitute_xargs","beforeCount":53,"afterCount":53,"observed":"adapter-tools preflight: missing required standard command: xargs","callbackEntered":false}
# Subtest: overlay: cardinality53 missing text command sed rejects before callback
ok 131 - overlay: cardinality53 missing text command sed rejects before callback
  ---
  duration_ms: 1.136958
  type: 'test'
  ...
# {"backend":"overlay","family":"text","missing":"sed","substitute":"registry_unblock_substitute_sed","beforeCount":53,"afterCount":53,"observed":"adapter-tools preflight: missing required text command: sed","callbackEntered":false}
# Subtest: overlay: cardinality53 missing text command awk rejects before callback
ok 132 - overlay: cardinality53 missing text command awk rejects before callback
  ---
  duration_ms: 0.934791
  type: 'test'
  ...
# {"backend":"overlay","family":"text","missing":"awk","substitute":"registry_unblock_substitute_awk","beforeCount":53,"afterCount":53,"observed":"adapter-tools preflight: missing required text command: awk","callbackEntered":false}
# Subtest: overlay: cardinality53 missing structured command jq rejects before callback
ok 133 - overlay: cardinality53 missing structured command jq rejects before callback
  ---
  duration_ms: 1.406334
  type: 'test'
  ...
# {"backend":"overlay","family":"structured","missing":"jq","substitute":"registry_unblock_substitute_jq","beforeCount":53,"afterCount":53,"observed":"adapter-tools preflight: missing required structured command: jq","callbackEntered":false}
# Subtest: overlay: cardinality53 missing search command rg rejects before callback
ok 134 - overlay: cardinality53 missing search command rg rejects before callback
  ---
  duration_ms: 0.869833
  type: 'test'
  ...
# {"backend":"overlay","family":"search","missing":"rg","substitute":"registry_unblock_substitute_rg","beforeCount":53,"afterCount":53,"observed":"adapter-tools preflight: missing required search command: rg","callbackEntered":false}
# Subtest: overlay: cardinality53 missing bytes command sha256sum rejects before callback
ok 135 - overlay: cardinality53 missing bytes command sha256sum rejects before callback
  ---
  duration_ms: 0.962209
  type: 'test'
  ...
# {"backend":"overlay","family":"bytes","missing":"sha256sum","substitute":"registry_unblock_substitute_sha256sum","beforeCount":53,"afterCount":53,"observed":"adapter-tools preflight: missing required bytes command: sha256sum","callbackEntered":false}
# Subtest: overlay: cardinality53 missing bytes command gzip rejects before callback
ok 136 - overlay: cardinality53 missing bytes command gzip rejects before callback
  ---
  duration_ms: 1.045458
  type: 'test'
  ...
# {"backend":"overlay","family":"bytes","missing":"gzip","substitute":"registry_unblock_substitute_gzip","beforeCount":53,"afterCount":53,"observed":"adapter-tools preflight: missing required bytes command: gzip","callbackEntered":false}
# Subtest: overlay: cardinality53 missing diffPatch command diff rejects before callback
ok 137 - overlay: cardinality53 missing diffPatch command diff rejects before callback
  ---
  duration_ms: 1.138917
  type: 'test'
  ...
# {"backend":"overlay","family":"diffPatch","missing":"diff","substitute":"registry_unblock_substitute_diff","beforeCount":53,"afterCount":53,"observed":"adapter-tools preflight: missing required diffPatch command: diff","callbackEntered":false}
# Subtest: overlay: cardinality53 missing diffPatch command patch rejects before callback
ok 138 - overlay: cardinality53 missing diffPatch command patch rejects before callback
  ---
  duration_ms: 0.96175
  type: 'test'
  ...
# {"backend":"overlay","family":"diffPatch","missing":"patch","substitute":"registry_unblock_substitute_patch","beforeCount":53,"afterCount":53,"observed":"adapter-tools preflight: missing required diffPatch command: patch","callbackEntered":false}
# Subtest: overlay: optional command addition cardinality54 executes real workflows
ok 139 - overlay: optional command addition cardinality54 executes real workflows
  ---
  duration_ms: 18.047125
  type: 'test'
  ...
# {"backend":"overlay","beforeCount":53,"afterCount":54,"callbackEntered":true,"optionalExecuted":true,"dispatched":["registry_unblock_optional","cat","sed","awk","jq","jq","xargs","find","rg","cat","gzip","gzip","diff"]}
# Subtest: readonly: cardinality53 missing standard command cat rejects before callback
ok 140 - readonly: cardinality53 missing standard command cat rejects before callback
  ---
  duration_ms: 0.3625
  type: 'test'
  ...
# {"backend":"readonly","family":"standard","missing":"cat","substitute":"registry_unblock_substitute_cat","beforeCount":53,"afterCount":53,"observed":"adapter-tools preflight: missing required standard command: cat","callbackEntered":false}
# Subtest: readonly: cardinality53 missing standard command cp rejects before callback
ok 141 - readonly: cardinality53 missing standard command cp rejects before callback
  ---
  duration_ms: 0.182083
  type: 'test'
  ...
# {"backend":"readonly","family":"standard","missing":"cp","substitute":"registry_unblock_substitute_cp","beforeCount":53,"afterCount":53,"observed":"adapter-tools preflight: missing required standard command: cp","callbackEntered":false}
# Subtest: readonly: cardinality53 missing standard command find rejects before callback
ok 142 - readonly: cardinality53 missing standard command find rejects before callback
  ---
  duration_ms: 0.163791
  type: 'test'
  ...
# {"backend":"readonly","family":"standard","missing":"find","substitute":"registry_unblock_substitute_find","beforeCount":53,"afterCount":53,"observed":"adapter-tools preflight: missing required standard command: find","callbackEntered":false}
# Subtest: readonly: cardinality53 missing standard command mkdir rejects before callback
ok 143 - readonly: cardinality53 missing standard command mkdir rejects before callback
  ---
  duration_ms: 0.157208
  type: 'test'
  ...
# {"backend":"readonly","family":"standard","missing":"mkdir","substitute":"registry_unblock_substitute_mkdir","beforeCount":53,"afterCount":53,"observed":"adapter-tools preflight: missing required standard command: mkdir","callbackEntered":false}
# Subtest: readonly: cardinality53 missing standard command mv rejects before callback
ok 144 - readonly: cardinality53 missing standard command mv rejects before callback
  ---
  duration_ms: 0.146458
  type: 'test'
  ...
# {"backend":"readonly","family":"standard","missing":"mv","substitute":"registry_unblock_substitute_mv","beforeCount":53,"afterCount":53,"observed":"adapter-tools preflight: missing required standard command: mv","callbackEntered":false}
# Subtest: readonly: cardinality53 missing standard command printf rejects before callback
ok 145 - readonly: cardinality53 missing standard command printf rejects before callback
  ---
  duration_ms: 0.1575
  type: 'test'
  ...
# {"backend":"readonly","family":"standard","missing":"printf","substitute":"registry_unblock_substitute_printf","beforeCount":53,"afterCount":53,"observed":"adapter-tools preflight: missing required standard command: printf","callbackEntered":false}
# Subtest: readonly: cardinality53 missing standard command pwd rejects before callback
ok 146 - readonly: cardinality53 missing standard command pwd rejects before callback
  ---
  duration_ms: 0.15125
  type: 'test'
  ...
# {"backend":"readonly","family":"standard","missing":"pwd","substitute":"registry_unblock_substitute_pwd","beforeCount":53,"afterCount":53,"observed":"adapter-tools preflight: missing required standard command: pwd","callbackEntered":false}
# Subtest: readonly: cardinality53 missing standard command rm rejects before callback
ok 147 - readonly: cardinality53 missing standard command rm rejects before callback
  ---
  duration_ms: 0.139292
  type: 'test'
  ...
# {"backend":"readonly","family":"standard","missing":"rm","substitute":"registry_unblock_substitute_rm","beforeCount":53,"afterCount":53,"observed":"adapter-tools preflight: missing required standard command: rm","callbackEntered":false}
# Subtest: readonly: cardinality53 missing standard command rmdir rejects before callback
ok 148 - readonly: cardinality53 missing standard command rmdir rejects before callback
  ---
  duration_ms: 0.142666
  type: 'test'
  ...
# {"backend":"readonly","family":"standard","missing":"rmdir","substitute":"registry_unblock_substitute_rmdir","beforeCount":53,"afterCount":53,"observed":"adapter-tools preflight: missing required standard command: rmdir","callbackEntered":false}
# Subtest: readonly: cardinality53 missing standard command sort rejects before callback
ok 149 - readonly: cardinality53 missing standard command sort rejects before callback
  ---
  duration_ms: 0.148
  type: 'test'
  ...
# {"backend":"readonly","family":"standard","missing":"sort","substitute":"registry_unblock_substitute_sort","beforeCount":53,"afterCount":53,"observed":"adapter-tools preflight: missing required standard command: sort","callbackEntered":false}
# Subtest: readonly: cardinality53 missing standard command tee rejects before callback
ok 150 - readonly: cardinality53 missing standard command tee rejects before callback
  ---
  duration_ms: 0.1375
  type: 'test'
  ...
# {"backend":"readonly","family":"standard","missing":"tee","substitute":"registry_unblock_substitute_tee","beforeCount":53,"afterCount":53,"observed":"adapter-tools preflight: missing required standard command: tee","callbackEntered":false}
# Subtest: readonly: cardinality53 missing standard command test rejects before callback
ok 151 - readonly: cardinality53 missing standard command test rejects before callback
  ---
  duration_ms: 0.133666
  type: 'test'
  ...
# {"backend":"readonly","family":"standard","missing":"test","substitute":"registry_unblock_substitute_test","beforeCount":53,"afterCount":53,"observed":"adapter-tools preflight: missing required standard command: test","callbackEntered":false}
# Subtest: readonly: cardinality53 missing standard command touch rejects before callback
ok 152 - readonly: cardinality53 missing standard command touch rejects before callback
  ---
  duration_ms: 0.141459
  type: 'test'
  ...
# {"backend":"readonly","family":"standard","missing":"touch","substitute":"registry_unblock_substitute_touch","beforeCount":53,"afterCount":53,"observed":"adapter-tools preflight: missing required standard command: touch","callbackEntered":false}
# Subtest: readonly: cardinality53 missing standard command xargs rejects before callback
ok 153 - readonly: cardinality53 missing standard command xargs rejects before callback
  ---
  duration_ms: 0.136625
  type: 'test'
  ...
# {"backend":"readonly","family":"standard","missing":"xargs","substitute":"registry_unblock_substitute_xargs","beforeCount":53,"afterCount":53,"observed":"adapter-tools preflight: missing required standard command: xargs","callbackEntered":false}
# Subtest: readonly: cardinality53 missing text command sed rejects before callback
ok 154 - readonly: cardinality53 missing text command sed rejects before callback
  ---
  duration_ms: 0.144042
  type: 'test'
  ...
# {"backend":"readonly","family":"text","missing":"sed","substitute":"registry_unblock_substitute_sed","beforeCount":53,"afterCount":53,"observed":"adapter-tools preflight: missing required text command: sed","callbackEntered":false}
# Subtest: readonly: cardinality53 missing text command awk rejects before callback
ok 155 - readonly: cardinality53 missing text command awk rejects before callback
  ---
  duration_ms: 0.140875
  type: 'test'
  ...
# {"backend":"readonly","family":"text","missing":"awk","substitute":"registry_unblock_substitute_awk","beforeCount":53,"afterCount":53,"observed":"adapter-tools preflight: missing required text command: awk","callbackEntered":false}
# Subtest: readonly: cardinality53 missing structured command jq rejects before callback
ok 156 - readonly: cardinality53 missing structured command jq rejects before callback
  ---
  duration_ms: 0.138459
  type: 'test'
  ...
# {"backend":"readonly","family":"structured","missing":"jq","substitute":"registry_unblock_substitute_jq","beforeCount":53,"afterCount":53,"observed":"adapter-tools preflight: missing required structured command: jq","callbackEntered":false}
# Subtest: readonly: cardinality53 missing search command rg rejects before callback
ok 157 - readonly: cardinality53 missing search command rg rejects before callback
  ---
  duration_ms: 0.139208
  type: 'test'
  ...
# {"backend":"readonly","family":"search","missing":"rg","substitute":"registry_unblock_substitute_rg","beforeCount":53,"afterCount":53,"observed":"adapter-tools preflight: missing required search command: rg","callbackEntered":false}
# Subtest: readonly: cardinality53 missing bytes command sha256sum rejects before callback
ok 158 - readonly: cardinality53 missing bytes command sha256sum rejects before callback
  ---
  duration_ms: 0.140958
  type: 'test'
  ...
# {"backend":"readonly","family":"bytes","missing":"sha256sum","substitute":"registry_unblock_substitute_sha256sum","beforeCount":53,"afterCount":53,"observed":"adapter-tools preflight: missing required bytes command: sha256sum","callbackEntered":false}
# Subtest: readonly: cardinality53 missing bytes command gzip rejects before callback
ok 159 - readonly: cardinality53 missing bytes command gzip rejects before callback
  ---
  duration_ms: 0.13525
  type: 'test'
  ...
# {"backend":"readonly","family":"bytes","missing":"gzip","substitute":"registry_unblock_substitute_gzip","beforeCount":53,"afterCount":53,"observed":"adapter-tools preflight: missing required bytes command: gzip","callbackEntered":false}
# Subtest: readonly: cardinality53 missing diffPatch command diff rejects before callback
ok 160 - readonly: cardinality53 missing diffPatch command diff rejects before callback
  ---
  duration_ms: 0.135666
  type: 'test'
  ...
# {"backend":"readonly","family":"diffPatch","missing":"diff","substitute":"registry_unblock_substitute_diff","beforeCount":53,"afterCount":53,"observed":"adapter-tools preflight: missing required diffPatch command: diff","callbackEntered":false}
# Subtest: readonly: cardinality53 missing diffPatch command patch rejects before callback
ok 161 - readonly: cardinality53 missing diffPatch command patch rejects before callback
  ---
  duration_ms: 0.136541
  type: 'test'
  ...
# {"backend":"readonly","family":"diffPatch","missing":"patch","substitute":"registry_unblock_substitute_patch","beforeCount":53,"afterCount":53,"observed":"adapter-tools preflight: missing required diffPatch command: patch","callbackEntered":false}
# Subtest: readonly: optional command addition cardinality54 executes real workflows
ok 162 - readonly: optional command addition cardinality54 executes real workflows
  ---
  duration_ms: 8.67575
  type: 'test'
  ...
# {"backend":"readonly","beforeCount":53,"afterCount":54,"callbackEntered":true,"optionalExecuted":true,"dispatched":["registry_unblock_optional","cat","sed","awk","jq","jq","xargs","find","rg","cat","gzip","gzip","diff"]}
1..162
# tests 162
# suites 0
# pass 162
# fail 0
# cancelled 0
# skipped 0
# todo 0
# duration_ms 1190.380041
