TAP version 13
# Subtest: memory: independent six-family named-file probes
ok 1 - memory: independent six-family named-file probes
  ---
  duration_ms: 32.907
  type: 'test'
  ...
# Subtest: memory: aggregate six-family coding-agent flow
ok 2 - memory: aggregate six-family coding-agent flow
  ---
  duration_ms: 10.587166
  type: 'test'
  ...
# Subtest: memory: binary stdin, compression, hashes and redirected bytes
ok 3 - memory: binary stdin, compression, hashes and redirected bytes
  ---
  duration_ms: 5.110916
  type: 'test'
  ...
# Subtest: memory: cwd, supplied stdin and explicitly empty stdin
ok 4 - memory: cwd, supplied stdin and explicitly empty stdin
  ---
  duration_ms: 2.820042
  type: 'test'
  ...
# Subtest: memory: create, copy, append, inspect and remove files
ok 5 - memory: create, copy, append, inspect and remove files
  ---
  duration_ms: 2.624084
  type: 'test'
  ...
# Subtest: memory: move retains bytes and removes source
ok 6 - memory: move retains bytes and removes source
  ---
  duration_ms: 0.822708
  type: 'test'
  ...
# Subtest: memory: touch creates an empty file successfully
ok 7 - memory: touch creates an empty file successfully
  ---
  duration_ms: 0.533333
  type: 'test'
  ...
# Subtest: memory: in-place edit, diff-to-patch stdin and reverse
ok 8 - memory: in-place edit, diff-to-patch stdin and reverse
  ---
  duration_ms: 3.668583
  type: 'test'
  ...
# Subtest: memory: missing paths, stderr redirection and command errors
ok 9 - memory: missing paths, stderr redirection and command errors
  ---
  duration_ms: 3.043042
  type: 'test'
  ...
# Subtest: memory: cancellation interrupts actual blocked command pipeline
ok 10 - memory: cancellation interrupts actual blocked command pipeline
  ---
  duration_ms: 3.095125
  type: 'test'
  ...
# Subtest: memory: output limit terminates real binary reads
ok 11 - memory: output limit terminates real binary reads
  ---
  duration_ms: 0.619375
  type: 'test'
  ...
# Subtest: real: independent six-family named-file probes
ok 12 - real: independent six-family named-file probes
  ---
  duration_ms: 14.60525
  type: 'test'
  ...
# Subtest: real: aggregate six-family coding-agent flow
ok 13 - real: aggregate six-family coding-agent flow
  ---
  duration_ms: 20.426708
  type: 'test'
  ...
# Subtest: real: binary stdin, compression, hashes and redirected bytes
ok 14 - real: binary stdin, compression, hashes and redirected bytes
  ---
  duration_ms: 11.535042
  type: 'test'
  ...
# Subtest: real: cwd, supplied stdin and explicitly empty stdin
ok 15 - real: cwd, supplied stdin and explicitly empty stdin
  ---
  duration_ms: 7.263833
  type: 'test'
  ...
# Subtest: real: create, copy, append, inspect and remove files
ok 16 - real: create, copy, append, inspect and remove files
  ---
  duration_ms: 9.818833
  type: 'test'
  ...
# Subtest: real: move retains bytes and removes source
ok 17 - real: move retains bytes and removes source
  ---
  duration_ms: 7.946208
  type: 'test'
  ...
# Subtest: real: touch creates an empty file successfully
ok 18 - real: touch creates an empty file successfully
  ---
  duration_ms: 4.439625
  type: 'test'
  ...
# Subtest: real: in-place edit, diff-to-patch stdin and reverse
ok 19 - real: in-place edit, diff-to-patch stdin and reverse
  ---
  duration_ms: 16.365584
  type: 'test'
  ...
# Subtest: real: missing paths, stderr redirection and command errors
ok 20 - real: missing paths, stderr redirection and command errors
  ---
  duration_ms: 16.4555
  type: 'test'
  ...
# Subtest: real: cancellation interrupts actual blocked command pipeline
ok 21 - real: cancellation interrupts actual blocked command pipeline
  ---
  duration_ms: 5.68375
  type: 'test'
  ...
# Subtest: real: output limit terminates real binary reads
ok 22 - real: output limit terminates real binary reads
  ---
  duration_ms: 5.1315
  type: 'test'
  ...
# Subtest: s3: independent six-family named-file probes
ok 23 - s3: independent six-family named-file probes
  ---
  duration_ms: 14.422042
  type: 'test'
  ...
# Subtest: s3: aggregate six-family coding-agent flow
ok 24 - s3: aggregate six-family coding-agent flow
  ---
  duration_ms: 11.922875
  type: 'test'
  ...
# Subtest: s3: binary stdin, compression, hashes and redirected bytes
ok 25 - s3: binary stdin, compression, hashes and redirected bytes
  ---
  duration_ms: 8.036083
  type: 'test'
  ...
# Subtest: s3: cwd, supplied stdin and explicitly empty stdin
ok 26 - s3: cwd, supplied stdin and explicitly empty stdin
  ---
  duration_ms: 3.583583
  type: 'test'
  ...
# Subtest: s3: create, copy, append, inspect and remove files
not ok 27 - s3: create, copy, append, inspect and remove files
  ---
  duration_ms: 4.987125
  type: 'test'
  location: '/private/tmp/safe-bash-registry-post-tar-nuzewj1c/source-attempt-1/tests/integration/adapter-tools/matrix.test.ts:4:856'
  failureType: 'testCodeFailure'
  error: |-
    rmdir: ENOTSUP: S3 object deletion cannot atomically require an empty directory prefix, rmdir '/work/scratch/nested'
    
    
    1 !== 0
    
  code: 'ERR_ASSERTION'
  name: 'AssertionError'
  expected: 0
  actual: 1
  operator: 'strictEqual'
  stack: |-
    success (/private/tmp/safe-bash-registry-post-tar-nuzewj1c/source-attempt-1/tests/integration/adapter-tools/fixtures.ts:198:10)
    <anonymous> (/private/tmp/safe-bash-registry-post-tar-nuzewj1c/source-attempt-1/tests/integration/adapter-tools/matrix.test.ts:105:7)
    process.processTicksAndRejections (node:internal/process/task_queues:103:5)
    async withFixture (/private/tmp/safe-bash-registry-post-tar-nuzewj1c/source-attempt-1/tests/integration/adapter-tools/fixtures.ts:183:5)
    async TestContext.<anonymous> (/private/tmp/safe-bash-registry-post-tar-nuzewj1c/source-attempt-1/tests/integration/adapter-tools/matrix.test.ts:101:5)
    async Test.run (node:internal/test_runner/test:1054:7)
    async Test.processPendingSubtests (node:internal/test_runner/test:744:7)
  ...
# Subtest: s3: move retains bytes and removes source
ok 28 - s3: move retains bytes and removes source
  ---
  duration_ms: 2.936
  type: 'test'
  ...
# Subtest: s3: touch creates an empty file successfully
ok 29 - s3: touch creates an empty file successfully
  ---
  duration_ms: 2.194459
  type: 'test'
  ...
# Subtest: s3: in-place edit, diff-to-patch stdin and reverse
ok 30 - s3: in-place edit, diff-to-patch stdin and reverse
  ---
  duration_ms: 13.6535
  type: 'test'
  ...
# Subtest: s3: missing paths, stderr redirection and command errors
ok 31 - s3: missing paths, stderr redirection and command errors
  ---
  duration_ms: 7.198375
  type: 'test'
  ...
# Subtest: s3: cancellation interrupts actual blocked command pipeline
ok 32 - s3: cancellation interrupts actual blocked command pipeline
  ---
  duration_ms: 2.313
  type: 'test'
  ...
# Subtest: s3: output limit terminates real binary reads
ok 33 - s3: output limit terminates real binary reads
  ---
  duration_ms: 1.718042
  type: 'test'
  ...
# Subtest: webdav: independent six-family named-file probes
ok 34 - webdav: independent six-family named-file probes
  ---
  duration_ms: 72.953583
  type: 'test'
  ...
# Subtest: webdav: aggregate six-family coding-agent flow
ok 35 - webdav: aggregate six-family coding-agent flow
  ---
  duration_ms: 78.662958
  type: 'test'
  ...
# Subtest: webdav: binary stdin, compression, hashes and redirected bytes
ok 36 - webdav: binary stdin, compression, hashes and redirected bytes
  ---
  duration_ms: 37.912584
  type: 'test'
  ...
# Subtest: webdav: cwd, supplied stdin and explicitly empty stdin
ok 37 - webdav: cwd, supplied stdin and explicitly empty stdin
  ---
  duration_ms: 22.014042
  type: 'test'
  ...
# Subtest: webdav: create, copy, append, inspect and remove files
not ok 38 - webdav: create, copy, append, inspect and remove files
  ---
  duration_ms: 39.977917
  type: 'test'
  location: '/private/tmp/safe-bash-registry-post-tar-nuzewj1c/source-attempt-1/tests/integration/adapter-tools/matrix.test.ts:4:856'
  failureType: 'testCodeFailure'
  error: |-
    rmdir: ENOTSUP: rmdir has no safe portable WebDAV equivalent, rmdir '/work/scratch/nested'
    
    
    1 !== 0
    
  code: 'ERR_ASSERTION'
  name: 'AssertionError'
  expected: 0
  actual: 1
  operator: 'strictEqual'
  stack: |-
    success (/private/tmp/safe-bash-registry-post-tar-nuzewj1c/source-attempt-1/tests/integration/adapter-tools/fixtures.ts:198:10)
    <anonymous> (/private/tmp/safe-bash-registry-post-tar-nuzewj1c/source-attempt-1/tests/integration/adapter-tools/matrix.test.ts:105:7)
    process.processTicksAndRejections (node:internal/process/task_queues:103:5)
    async withFixture (/private/tmp/safe-bash-registry-post-tar-nuzewj1c/source-attempt-1/tests/integration/adapter-tools/fixtures.ts:183:5)
    async TestContext.<anonymous> (/private/tmp/safe-bash-registry-post-tar-nuzewj1c/source-attempt-1/tests/integration/adapter-tools/matrix.test.ts:101:5)
    async Test.run (node:internal/test_runner/test:1054:7)
    async Test.processPendingSubtests (node:internal/test_runner/test:744:7)
  ...
# Subtest: webdav: move retains bytes and removes source
ok 39 - webdav: move retains bytes and removes source
  ---
  duration_ms: 23.197459
  type: 'test'
  ...
# Subtest: webdav: touch creates an empty file successfully
ok 40 - webdav: touch creates an empty file successfully
  ---
  duration_ms: 16.048208
  type: 'test'
  ...
# Subtest: webdav: in-place edit, diff-to-patch stdin and reverse
ok 41 - webdav: in-place edit, diff-to-patch stdin and reverse
  ---
  duration_ms: 71.6845
  type: 'test'
  ...
# Subtest: webdav: missing paths, stderr redirection and command errors
ok 42 - webdav: missing paths, stderr redirection and command errors
  ---
  duration_ms: 61.952125
  type: 'test'
  ...
# Subtest: webdav: cancellation interrupts actual blocked command pipeline
ok 43 - webdav: cancellation interrupts actual blocked command pipeline
  ---
  duration_ms: 16.719458
  type: 'test'
  ...
# Subtest: webdav: output limit terminates real binary reads
ok 44 - webdav: output limit terminates real binary reads
  ---
  duration_ms: 20.60125
  type: 'test'
  ...
# Subtest: mount: independent six-family named-file probes
ok 45 - mount: independent six-family named-file probes
  ---
  duration_ms: 23.678709
  type: 'test'
  ...
# Subtest: mount: aggregate six-family coding-agent flow
ok 46 - mount: aggregate six-family coding-agent flow
  ---
  duration_ms: 57.308334
  type: 'test'
  ...
# Subtest: mount: binary stdin, compression, hashes and redirected bytes
ok 47 - mount: binary stdin, compression, hashes and redirected bytes
  ---
  duration_ms: 17.395875
  type: 'test'
  ...
# Subtest: mount: cwd, supplied stdin and explicitly empty stdin
ok 48 - mount: cwd, supplied stdin and explicitly empty stdin
  ---
  duration_ms: 13.042583
  type: 'test'
  ...
# Subtest: mount: create, copy, append, inspect and remove files
ok 49 - mount: create, copy, append, inspect and remove files
  ---
  duration_ms: 25.94625
  type: 'test'
  ...
# Subtest: mount: move retains bytes and removes source
ok 50 - mount: move retains bytes and removes source
  ---
  duration_ms: 14.796583
  type: 'test'
  ...
# Subtest: mount: touch creates an empty file successfully
ok 51 - mount: touch creates an empty file successfully
  ---
  duration_ms: 7.03875
  type: 'test'
  ...
# Subtest: mount: in-place edit, diff-to-patch stdin and reverse
ok 52 - mount: in-place edit, diff-to-patch stdin and reverse
  ---
  duration_ms: 25.478291
  type: 'test'
  ...
# Subtest: mount: missing paths, stderr redirection and command errors
ok 53 - mount: missing paths, stderr redirection and command errors
  ---
  duration_ms: 42.174667
  type: 'test'
  ...
# Subtest: mount: cancellation interrupts actual blocked command pipeline
ok 54 - mount: cancellation interrupts actual blocked command pipeline
  ---
  duration_ms: 9.859958
  type: 'test'
  ...
# Subtest: mount: output limit terminates real binary reads
ok 55 - mount: output limit terminates real binary reads
  ---
  duration_ms: 10.349958
  type: 'test'
  ...
# Subtest: overlay: independent six-family named-file probes
ok 56 - overlay: independent six-family named-file probes
  ---
  duration_ms: 23.992666
  type: 'test'
  ...
# Subtest: overlay: aggregate six-family coding-agent flow
ok 57 - overlay: aggregate six-family coding-agent flow
  ---
  duration_ms: 21.74975
  type: 'test'
  ...
# Subtest: overlay: binary stdin, compression, hashes and redirected bytes
ok 58 - overlay: binary stdin, compression, hashes and redirected bytes
  ---
  duration_ms: 4.510167
  type: 'test'
  ...
# Subtest: overlay: cwd, supplied stdin and explicitly empty stdin
ok 59 - overlay: cwd, supplied stdin and explicitly empty stdin
  ---
  duration_ms: 9.041667
  type: 'test'
  ...
# Subtest: overlay: create, copy, append, inspect and remove files
ok 60 - overlay: create, copy, append, inspect and remove files
  ---
  duration_ms: 5.586417
  type: 'test'
  ...
# Subtest: overlay: move retains bytes and removes source
ok 61 - overlay: move retains bytes and removes source
  ---
  duration_ms: 4.046
  type: 'test'
  ...
# Subtest: overlay: touch creates an empty file successfully
ok 62 - overlay: touch creates an empty file successfully
  ---
  duration_ms: 1.464333
  type: 'test'
  ...
# Subtest: overlay: in-place edit, diff-to-patch stdin and reverse
ok 63 - overlay: in-place edit, diff-to-patch stdin and reverse
  ---
  duration_ms: 14.384292
  type: 'test'
  ...
# Subtest: overlay: missing paths, stderr redirection and command errors
ok 64 - overlay: missing paths, stderr redirection and command errors
  ---
  duration_ms: 27.185458
  type: 'test'
  ...
# Subtest: overlay: cancellation interrupts actual blocked command pipeline
ok 65 - overlay: cancellation interrupts actual blocked command pipeline
  ---
  duration_ms: 2.214083
  type: 'test'
  ...
# Subtest: overlay: output limit terminates real binary reads
ok 66 - overlay: output limit terminates real binary reads
  ---
  duration_ms: 2.214334
  type: 'test'
  ...
# Subtest: mount: cross-backend pipeline and copy use real mount plus S3
ok 67 - mount: cross-backend pipeline and copy use real mount plus S3
  ---
  duration_ms: 14.879542
  type: 'test'
  ...
# Subtest: overlay: edit and remove lower files without changing S3 lower
ok 68 - overlay: edit and remove lower files without changing S3 lower
  ---
  duration_ms: 3.651417
  type: 'test'
  ...
# Subtest: readonly: all six aggregate families can inspect without mutation
ok 69 - readonly: all six aggregate families can inspect without mutation
  ---
  duration_ms: 8.142917
  type: 'test'
  ...
# Subtest: structured capability gap: raw slurped text can be split into lines
ok 70 - structured capability gap: raw slurped text can be split into lines
  ---
  duration_ms: 1.988791
  type: 'test'
  ...
# Subtest: readonly: rejects mutation: printf 'changed' > target.txt
ok 71 - readonly: rejects mutation: printf 'changed' > target.txt
  ---
  duration_ms: 1.174083
  type: 'test'
  ...
# Subtest: readonly: rejects mutation: printf 'changed' >> target.txt
ok 72 - readonly: rejects mutation: printf 'changed' >> target.txt
  ---
  duration_ms: 0.893708
  type: 'test'
  ...
# Subtest: readonly: rejects mutation: mkdir denied
ok 73 - readonly: rejects mutation: mkdir denied
  ---
  duration_ms: 0.692625
  type: 'test'
  ...
# Subtest: readonly: rejects mutation: cp old.txt denied.txt
ok 74 - readonly: rejects mutation: cp old.txt denied.txt
  ---
  duration_ms: 0.803042
  type: 'test'
  ...
# Subtest: readonly: rejects mutation: mv old.txt denied.txt
ok 75 - readonly: rejects mutation: mv old.txt denied.txt
  ---
  duration_ms: 0.635208
  type: 'test'
  ...
# Subtest: readonly: rejects mutation: rm old.txt
ok 76 - readonly: rejects mutation: rm old.txt
  ---
  duration_ms: 0.659
  type: 'test'
  ...
# Subtest: readonly: rejects mutation: sed -i 's/beta/BETA/' target.txt
ok 77 - readonly: rejects mutation: sed -i 's/beta/BETA/' target.txt
  ---
  duration_ms: 1.066584
  type: 'test'
  ...
# Subtest: readonly: rejects mutation: patch -i change.diff
ok 78 - readonly: rejects mutation: patch -i change.diff
  ---
  duration_ms: 1.440708
  type: 'test'
  ...
# Subtest: readonly: rejects mutation: gzip payload.bin
ok 79 - readonly: rejects mutation: gzip payload.bin
  ---
  duration_ms: 1.643125
  type: 'test'
  ...
1..79
# tests 79
# suites 0
# pass 77
# fail 2
# cancelled 0
# skipped 0
# todo 0
# duration_ms 1703.086416
