TAP version 13
# Subtest: preflight rejects missing required standard command: cat
ok 1 - preflight rejects missing required standard command: cat
  ---
  duration_ms: 5.297042
  type: 'test'
  ...
# Subtest: preflight rejects missing required standard command: cp
ok 2 - preflight rejects missing required standard command: cp
  ---
  duration_ms: 0.915375
  type: 'test'
  ...
# Subtest: preflight rejects missing required standard command: find
ok 3 - preflight rejects missing required standard command: find
  ---
  duration_ms: 0.638917
  type: 'test'
  ...
# Subtest: preflight rejects missing required standard command: mkdir
ok 4 - preflight rejects missing required standard command: mkdir
  ---
  duration_ms: 0.545833
  type: 'test'
  ...
# Subtest: preflight rejects missing required standard command: mv
ok 5 - preflight rejects missing required standard command: mv
  ---
  duration_ms: 0.492333
  type: 'test'
  ...
# Subtest: preflight rejects missing required standard command: printf
ok 6 - preflight rejects missing required standard command: printf
  ---
  duration_ms: 0.34225
  type: 'test'
  ...
# Subtest: preflight rejects missing required standard command: pwd
ok 7 - preflight rejects missing required standard command: pwd
  ---
  duration_ms: 0.323959
  type: 'test'
  ...
# Subtest: preflight rejects missing required standard command: rm
ok 8 - preflight rejects missing required standard command: rm
  ---
  duration_ms: 0.617666
  type: 'test'
  ...
# Subtest: preflight rejects missing required standard command: rmdir
ok 9 - preflight rejects missing required standard command: rmdir
  ---
  duration_ms: 1.2105
  type: 'test'
  ...
# Subtest: preflight rejects missing required standard command: sort
ok 10 - preflight rejects missing required standard command: sort
  ---
  duration_ms: 0.53375
  type: 'test'
  ...
# Subtest: preflight rejects missing required standard command: tee
ok 11 - preflight rejects missing required standard command: tee
  ---
  duration_ms: 0.30475
  type: 'test'
  ...
# Subtest: preflight rejects missing required standard command: test
ok 12 - preflight rejects missing required standard command: test
  ---
  duration_ms: 0.24125
  type: 'test'
  ...
# Subtest: preflight rejects missing required standard command: touch
ok 13 - preflight rejects missing required standard command: touch
  ---
  duration_ms: 0.225542
  type: 'test'
  ...
# Subtest: preflight rejects missing required standard command: xargs
ok 14 - preflight rejects missing required standard command: xargs
  ---
  duration_ms: 0.234917
  type: 'test'
  ...
# Subtest: preflight rejects missing standard plugin commands
ok 15 - preflight rejects missing standard plugin commands
  ---
  duration_ms: 0.265375
  type: 'test'
  ...
# Subtest: preflight rejects missing required text command: sed
ok 16 - preflight rejects missing required text command: sed
  ---
  duration_ms: 0.26275
  type: 'test'
  ...
# Subtest: preflight rejects missing required text command: awk
ok 17 - preflight rejects missing required text command: awk
  ---
  duration_ms: 0.307667
  type: 'test'
  ...
# Subtest: preflight rejects missing text plugin commands
ok 18 - preflight rejects missing text plugin commands
  ---
  duration_ms: 0.20825
  type: 'test'
  ...
# Subtest: preflight rejects missing required structured command: jq
ok 19 - preflight rejects missing required structured command: jq
  ---
  duration_ms: 0.245958
  type: 'test'
  ...
# Subtest: preflight rejects missing structured plugin commands
ok 20 - preflight rejects missing structured plugin commands
  ---
  duration_ms: 0.2025
  type: 'test'
  ...
# Subtest: preflight rejects missing required search command: rg
ok 21 - preflight rejects missing required search command: rg
  ---
  duration_ms: 0.214542
  type: 'test'
  ...
# Subtest: preflight rejects missing search plugin commands
ok 22 - preflight rejects missing search plugin commands
  ---
  duration_ms: 0.209833
  type: 'test'
  ...
# Subtest: preflight rejects missing required bytes command: sha256sum
ok 23 - preflight rejects missing required bytes command: sha256sum
  ---
  duration_ms: 0.198917
  type: 'test'
  ...
# Subtest: preflight rejects missing required bytes command: gzip
ok 24 - preflight rejects missing required bytes command: gzip
  ---
  duration_ms: 0.188708
  type: 'test'
  ...
# Subtest: preflight rejects missing bytes plugin commands
ok 25 - preflight rejects missing bytes plugin commands
  ---
  duration_ms: 0.196083
  type: 'test'
  ...
# Subtest: preflight rejects missing required diffPatch command: diff
ok 26 - preflight rejects missing required diffPatch command: diff
  ---
  duration_ms: 0.212542
  type: 'test'
  ...
# Subtest: preflight rejects missing required diffPatch command: patch
ok 27 - preflight rejects missing required diffPatch command: patch
  ---
  duration_ms: 1.325417
  type: 'test'
  ...
# Subtest: preflight rejects missing diffPatch plugin commands
ok 28 - preflight rejects missing diffPatch plugin commands
  ---
  duration_ms: 0.345916
  type: 'test'
  ...
# Subtest: preflight rejects an absent aggregate plugin
ok 29 - preflight rejects an absent aggregate plugin
  ---
  duration_ms: 0.320083
  type: 'test'
  ...
# Subtest: preflight permits an unrelated executable command alongside all workflow commands
ok 30 - preflight permits an unrelated executable command alongside all workflow commands
  ---
  duration_ms: 0.843042
  type: 'test'
  ...
1..30
# tests 30
# suites 0
# pass 30
# fail 0
# cancelled 0
# skipped 0
# todo 0
# duration_ms 213.771333
