[
  {
    "name": "@poe-platform/safe-fs",
    "directory": "/Users/kjopek/Workspace/safejs-environment-main-itld68sy/docs/plans/qualify-environment-contract/delivery-20260914/artifacts-normal-final/safe-fs",
    "version": "0.0.0-contract-qualification",
    "files": 137
  },
  {
    "name": "@poe-platform/safe-js",
    "directory": "/Users/kjopek/Workspace/safejs-environment-main-itld68sy/docs/plans/qualify-environment-contract/delivery-20260914/artifacts-normal-final/safe-js",
    "version": "0.0.0-contract-qualification",
    "files": 350
  },
  {
    "name": "@poe-platform/safe-bash",
    "directory": "/Users/kjopek/Workspace/safejs-environment-main-itld68sy/docs/plans/qualify-environment-contract/delivery-20260914/artifacts-normal-final/safe-bash",
    "version": "0.0.0-contract-qualification",
    "files": 1673
  }
]
