
 RUN  v4.1.11 /Users/kjopek/Workspace/poe-setup-scripts

 ❯ packages/docx/src/inline-shape-model.test.ts (2 tests | 1 failed) 237ms
   ✓ admits inline picture bytes asynchronously and retains live shape sizing through save 169ms
   × returns synchronous admitted image metadata from an ordered run drawing 67ms
FAIL packages/docx/src/inline-shape-model.test.ts > returns synchronous admitted image metadata from an ordered run drawing
Error: This image part has no admitted bounded raster characterization.
 ❯ PackageView.[image] packages/docx/src/package-view.ts:145:23
    143|   [packageImage](part: ImagePartView): Image {
    144|     const image = this.#images.get(this[packageMetadata](part).partnam…
    145|     if (!image) throw new UnsupportedEditError("This image part has no…
       |                       ^
    146|     return image;
    147|   }
 ❯ ImagePartView.get image [as image] packages/docx/src/package-view.ts:443:56
 ❯ Drawing.get image [as image] packages/docx/src/inline-shape-model.ts:37:17
 ❯ packages/docx/src/inline-shape-model.test.ts:40:18

⎯⎯⎯⎯⎯⎯⎯⎯⎯⎯⎯⎯⎯⎯⎯⎯⎯⎯⎯⎯⎯⎯⎯⎯⎯⎯⎯⎯⎯⎯
Serialized Error: { code: 'unsupported-edit' }

⎯⎯⎯⎯⎯⎯⎯ Failed Tests 1 ⎯⎯⎯⎯⎯⎯⎯

 FAIL  packages/docx/src/inline-shape-model.test.ts > returns synchronous admitted image metadata from an ordered run drawing
Error: This image part has no admitted bounded raster characterization.
 ❯ PackageView.[image] packages/docx/src/package-view.ts:145:23
    143|   [packageImage](part: ImagePartView): Image {
    144|     const image = this.#images.get(this[packageMetadata](part).partnam…
    145|     if (!image) throw new UnsupportedEditError("This image part has no…
       |                       ^
    146|     return image;
    147|   }
 ❯ ImagePartView.get image [as image] packages/docx/src/package-view.ts:443:56
 ❯ Drawing.get image [as image] packages/docx/src/inline-shape-model.ts:37:17
 ❯ packages/docx/src/inline-shape-model.test.ts:40:18

⎯⎯⎯⎯⎯⎯⎯⎯⎯⎯⎯⎯⎯⎯⎯⎯⎯⎯⎯⎯⎯⎯⎯⎯[1/1]⎯


 Test Files  1 failed (1)
      Tests  1 failed | 1 passed (2)
   Start at  22:54:53
   Duration  1.33s (transform 855ms, setup 29ms, import 1.00s, tests 237ms, environment 0ms)

