
 RUN  v4.1.11 /Users/kjopek/Workspace/poe-setup-scripts

 ❯ packages/docx/src/inline-shape-model.test.ts (1 test | 1 failed) 72ms
   × admits inline picture bytes asynchronously and retains live shape sizing through save 72ms
FAIL packages/docx/src/inline-shape-model.test.ts > admits inline picture bytes asynchronously and retains live shape sizing through save
TypeError: document.add_picture is not a function
 ❯ packages/docx/src/inline-shape-model.test.ts:14:28
     12|   const paragraph = document.add_paragraph("Coast");
     13|   const bytes = rasterPng();
     14|   const pending = document.add_picture(bytes, Inches(2));
       |                            ^
     15|   expect(pending).toBeInstanceOf(Promise);
     16|   const shape = await pending;


⎯⎯⎯⎯⎯⎯⎯ Failed Tests 1 ⎯⎯⎯⎯⎯⎯⎯

 FAIL  packages/docx/src/inline-shape-model.test.ts > admits inline picture bytes asynchronously and retains live shape sizing through save
TypeError: document.add_picture is not a function
 ❯ packages/docx/src/inline-shape-model.test.ts:14:28
     12|   const paragraph = document.add_paragraph("Coast");
     13|   const bytes = rasterPng();
     14|   const pending = document.add_picture(bytes, Inches(2));
       |                            ^
     15|   expect(pending).toBeInstanceOf(Promise);
     16|   const shape = await pending;

⎯⎯⎯⎯⎯⎯⎯⎯⎯⎯⎯⎯⎯⎯⎯⎯⎯⎯⎯⎯⎯⎯⎯⎯[1/1]⎯


 Test Files  1 failed (1)
      Tests  1 failed (1)
   Start at  22:48:37
   Duration  1.11s (transform 812ms, setup 28ms, import 952ms, tests 72ms, environment 0ms)

