TAP version 13
# Subtest: public Python document scripts through canonical memory storage
ok 1 - public Python document scripts through canonical memory storage
  ---
  duration_ms: 33766.239333
  type: 'test'
  ...
# Subtest: public Python document scripts through canonical delayed storage
ok 2 - public Python document scripts through canonical delayed storage
  ---
  duration_ms: 40428.844125
  type: 'test'
  ...
1..2
# tests 2
# suites 0
# pass 2
# fail 0
# cancelled 0
# skipped 0
# todo 0
# duration_ms 74659.416584
