
 RUN  v4.1.11 /Users/kjopek/Workspace/poe-code

 ✓ packages/safe-js/src/snapshot/guest-generator-iteration-continuations.test.ts (50 tests) 8423ms
   ✓ retains for-of progress: 'for(const value of [1,2,3]){yield val…' (async=false)  307ms
   ✓ retains for-of progress: 'const target={};for(target[yield 1] o…' (async=false)  319ms
 ✓ packages/safe-js/src/snapshot/guest-generator-nested-yields.test.ts (70 tests) 10599ms
   ✓ resumes suspension inside yield arguments: 'let count=0;function input(){count++;…' (async=false, operation='return')  406ms
 ✓ packages/safe-js/src/snapshot/guest-generator-catch-iterator.test.ts (28 tests) 7473ms
   ✓ restores catch binding and body: 'try{throw new Set([1,2])}catch([a,b])…' async=false  374ms
   ✓ restores catch binding and body: 'try{throw new Set([1,2])}catch([a,b])…' async=true  324ms
   ✓ restores catch binding and body: 'let closed=0;function* input(){try{yi…' async=false  316ms
   ✓ restores catch binding and body: 'let closed=0;function* input(){try{yi…' async=true  327ms
   ✓ restores catch binding and body: 'try{throw [1,undefined]}catch([a,b=yi…' async=false  337ms
   ✓ restores catch binding and body: 'try{throw new Set([1,undefined])}catc…' async=false  314ms
   ✓ restores catch binding and body: 'let calls=0;try{calls++;throw {a:1}}c…' async=false  316ms
   ✓ restores catch binding and body: 'let calls=0;try{calls++;throw {a:1}}c…' async=true  319ms
   ✓ restores catch binding and body: 'try{throw {a:1}}catch({a,[yield 3]:b}…' async=false  319ms
   ✓ restores catch binding and body: 'try{throw {a:1}}catch({a,[yield 3]:b}…' async=true  313ms
   ✓ restores catch binding and body: 'let calls=0;try{calls++;throw new Set…' async=false  308ms
   ✓ restores catch binding and body: 'let calls=0;try{calls++;throw new Set…' async=true  313ms
   ✓ restores catch binding and body: 'try{throw new Set([1,2])}catch([a]){t…' async=false  389ms
   ✓ restores catch binding and body: 'try{throw new Set([1,2])}catch([a]){t…' async=true  312ms
   ✓ restores catch binding and body: 'try{throw []}catch([a=yield 1,b=yield…' async=true  302ms
   ✓ restores catch binding and body: 'let read;try{throw [1]}catch([a,b=(re…' async=false  303ms
   ✓ restores catch binding and body: 'let read;try{throw [1]}catch([a,b=(re…' async=true  308ms
 ✓ packages/safe-js/src/snapshot/mixed-realm-closures.test.ts (24 tests) 7640ms
   ✓ restores the originating realm for '()=>[]'  456ms
   ✓ restores the originating realm for '()=>({})'  311ms
   ✓ restores the originating realm for '()=>/x/'  328ms
   ✓ restores the originating realm for '()=>new Map()'  320ms
   ✓ restores the originating realm for 'Function("return this")'  363ms
   ✓ restores the originating realm for '(()=>{const C=class { constructor(){r…'  341ms
   ✓ restores the originating realm for '(()=>{const C=class { constructor(){r…'  322ms
   ✓ restores the originating realm for '(()=>{const C=class { constructor(){r…'  338ms
   ✓ restores the originating realm for '(()=>{class C { value=[] };return ()=…'  359ms
   ✓ restores the originating realm for '(()=>{class C { #value={};get(){retur…'  355ms
   ✓ restores the originating realm for '(()=>{class B{};class C extends B { v…'  320ms
   ✓ restores the originating realm for '(()=>{function* f(){yield 0;while(tru…'  384ms
   ✓ restores the originating realm for '(()=>{function* f(){yield 0;while(tru…'  330ms
   ✓ restores the originating realm for '(()=>{function* f(){yield 0;while(tru…'  328ms
   ✓ restores the originating realm for '(()=>{function* f(){while(true)yield …'  452ms
   ✓ restores the originating realm for '(()=>{async function* f(){while(true)…'  365ms
   ✓ restores the originating realm for '(()=>{async function* f(){while(true)…'  311ms
   ✓ restores the originating realm for '(()=>{const c=Promise.withResolvers()…'  342ms
   ✓ restores the originating realm for '(()=>{const c=Promise.withResolvers()…'  343ms
   ✓ restores the originating realm for '(()=>{const c=Promise.withResolvers()…'  351ms
 ✓ packages/safe-js/src/snapshot/guest-generator-calls.test.ts (18 tests) 2720ms
 ✓ packages/safe-js/src/snapshot/mixed-source-closures.test.ts (16 tests) 5137ms
   ✓ preserves distinct function bodies and captured state from return ()=>1  444ms
   ✓ preserves distinct function bodies and captured state from const value=1;return ()=>value  332ms
   ✓ preserves distinct function bodies and captured state from class C { value=1 };return ()=>new C().value  342ms
   ✓ preserves distinct function bodies and captured state from function* f(){yield 0;yield 1};const g=f();g.next();return ()=>g.next().value  387ms
   ✓ preserves distinct function bodies and captured state from class C { #value=1;read(){return this.#value} };return ()=>new C().read()  363ms
   ✓ preserves distinct function bodies and captured state from const c=Promise.withResolvers();const p=(async()=>{await c.promise;return 1})();return async()=>{c.resolve();return await p}  403ms
   ✓ preserves distinct function bodies and captured state from async function* f(){yield 0;yield 1};const g=f();await g.next();return async()=>(await g.next()).value  363ms
   ✓ preserves distinct function bodies and captured state from function* f(){try {yield 0}finally {yield 1}};const g=f();g.next();return ()=>g.next().value  361ms
   ✓ preserves distinct function bodies and captured state from class Base {read(){return 1}}class Derived extends Base {read(){return super.read()}}return ()=>new Derived().read()  334ms
   ✓ preserves distinct function bodies and captured state from const value=1;const read=eval('()=>value');return ()=>read()  301ms
   ✓ preserves distinct function bodies and captured state from const read=Function('return 1');return ()=>read()  316ms
   ✓ preserves distinct function bodies and captured state from class Base {constructor(){this.value=1}}class Derived extends Base {constructor(){super()}}return ()=>new Derived().value  334ms
   ✓ reuses each restored template site with other source first  320ms
 ✓ packages/safe-js/src/snapshot/private-elements.test.ts (31 tests) 3010ms
 ✓ packages/safe-js/src/snapshot/guest-generator-array-patterns.test.ts (29 tests) 3900ms
 ✓ packages/safe-js/src/snapshot/async-function-continuations.test.ts (29 tests) 3607ms
 ✓ packages/safe-js/src/snapshot/guest-generator-delegation.test.ts (20 tests) 3086ms
 ✓ packages/safe-js/src/snapshot/guest-generator-object-patterns.test.ts (31 tests) 3516ms
 ✓ packages/safe-js/src/snapshot/internal-continuation-references.test.ts (21 tests) 2888ms
 ✓ packages/safe-js/src/snapshot/mixed-realm-values.test.ts (15 tests) 2613ms
 ✓ packages/safe-js/src/run.completed-replay.test.ts (10 tests) 2610ms
     ✓ replays 128 draws, original inputs, and completed host results  1505ms
 ✓ packages/safe-js/src/snapshot/eval-source.test.ts (18 tests) 2029ms
 ✓ packages/safe-js/src/snapshot/dynamic-import.test.ts (18 tests) 2411ms
   ✓ restores dynamic module access in a closure (already loaded=false)  389ms
   ✓ preserves host-export property cycles and reconnects only supplied capabilities  338ms
 ✓ packages/safe-js/src/snapshot/proxy.test.ts (36 tests) 2355ms
 ✓ packages/safe-js/src/snapshot/pending-promise-continuations.test.ts (16 tests) 1989ms
 ✓ packages/safe-js/src/snapshot/settled-promises.test.ts (11 tests) 1254ms
 ✓ packages/safe-js/src/snapshot/resource-declarations.test.ts (11 tests) 1367ms
 ✓ packages/safe-js/src/snapshot/completed-map-alias.test.ts (2 tests) 1180ms
     ✓ matches native before and after two completed restores: 'captured Map value alias'  538ms
     ✓ matches native before and after two completed restores: 'collection cycles, sparse metadata an…'  641ms
 ✓ packages/safe-js/src/snapshot/intrinsic-mutations.test.ts (17 tests) 1622ms
 ✓ packages/safe-js/src/snapshot/constructor-environments.test.ts (14 tests) 1500ms
 ✓ packages/safe-js/src/interp/shared-host-cross-call.test.ts (18 tests) 1137ms
 ✓ packages/safe-js/test/conformance/execute.test.ts (38 tests) 1076ms
 ✓ packages/safe-js/src/interp/globals/atomics-nonshared.test.ts (45 tests) 1196ms
 ✓ packages/safe-js/src/snapshot/promise-resolvers.test.ts (8 tests) 863ms
 ✓ packages/safe-js/src/interp/globals/shared-array-buffer.test.ts (30 tests) 1209ms
 ✓ packages/safe-js/src/snapshot/symbol-accessor-replay.test.ts (5 tests) 656ms
 ✓ packages/safe-js/src/snapshot/thenable-continuations.test.ts (10 tests) 1361ms
 ✓ packages/safe-js/src/snapshot/eval-deleted-assignment.test.ts (5 tests) 716ms
 ✓ packages/safe-js/src/snapshot/eval-call.test.ts (10 tests) 1260ms
 ✓ packages/safe-js/src/snapshot/guest-generator-declarations.test.ts (19 tests) 861ms
 ✓ packages/safe-js/src/snapshot/symbol-registry.test.ts (13 tests) 1483ms
   ✓ restores symbol registry identity: const make=Symbol.for;Symbol.for=()=>Symbol('other');const symbol=make('key');return ()=>make('key')===symbol  355ms
 ✓ packages/safe-js/src/snapshot/promise-capability-executors.test.ts (8 tests) 1044ms
 ✓ packages/safe-js/src/snapshot/dynamic-source.test.ts (18 tests) 1035ms
 ✓ packages/safe-js/src/snapshot/pending-promise-aggregates.test.ts (7 tests) 1133ms
 ✓ packages/safe-js/src/snapshot/guest-generator-dump.test.ts (7 tests) 720ms
 ✓ packages/safe-js/src/snapshot/reference-error-delivery.test.ts (10 tests) 761ms
 ✓ packages/safe-js/src/interp/shared-host-order.test.ts (6 tests) 799ms
 ✓ packages/safe-js/src/snapshot/dynamic-block-functions.test.ts (6 tests) 734ms
 ✓ packages/safe-js/src/snapshot/array-buffer-detached.test.ts (14 tests) 862ms
 ✓ packages/safe-js/src/snapshot/atomic-wait-continuation.test.ts (16 tests) 727ms
 ✓ packages/safe-js/src/snapshot/guest-generator-for-continuations.test.ts (26 tests) 642ms
 ✓ packages/safe-js/src/snapshot/eval-source-validation.test.ts (14 tests) 858ms
 ✓ packages/safe-js/src/snapshot/shadowed-array-methods.test.ts (23 tests) 885ms
 ✓ packages/safe-js/src/snapshot/guest-generator-pattern-defaults.test.ts (18 tests) 563ms
 ✓ packages/safe-js/src/snapshot/guest-generator-for-in.test.ts (35 tests) 857ms
 ✓ packages/safe-js/test/conformance/prototype-setter-function-name.test.ts (12 tests) 856ms
   ✓ preserves dynamic prototype closures, source and authority through repeated replay  532ms
 ✓ packages/safe-js/src/snapshot/restore.test.ts (82 tests) 758ms
     ✓ restores thousands of parent scopes without using the host call stack  607ms
 ✓ packages/safe-js/test/conformance/eval-deleted-var.test.ts (5 tests) 626ms
   ✓ keeps a deleted eval binding absent across repeated suspension and replay  461ms
 ✓ packages/safe-js/src/snapshot/buffer-prototype-replay.test.ts (9 tests) 1013ms
 ✓ packages/safe-js/test/conformance/bigint-pattern-key.test.ts (8 tests) 668ms
   ✓ preserves dynamic source keys and host isolation through repeated replay  429ms
 ✓ packages/safe-js/src/snapshot/guest-generator-pattern-sources.test.ts (19 tests) 766ms
 ✓ packages/safe-js/src/snapshot/class-constructor.test.ts (11 tests) 987ms
 ✓ packages/safe-js/src/snapshot/guest-generator-switch.test.ts (35 tests) 953ms
 ✓ packages/safe-js/src/snapshot/global-object.test.ts (4 tests) 787ms
   ✓ preserves global object identity and identifier storage through repeated snapshots  404ms
 ✓ packages/safe-js/src/snapshot/exception-function-hoisting.test.ts (6 tests) 888ms
 ✓ packages/safe-js/test/conformance/realm.test.ts (15 tests) 801ms
 ✓ packages/safe-js/src/snapshot/finalization-registry.test.ts (7 tests) 693ms
 ✓ packages/safe-js/src/snapshot/sloppy-let.test.ts (5 tests) 817ms
 ✓ packages/safe-js/src/snapshot/promise-callable-references.test.ts (6 tests) 674ms
   ✓ restores an aggregate callback used as a setter  315ms
 ✓ packages/safe-js/src/snapshot/mixed-realm-intrinsics.test.ts (5 tests) 982ms
   ✓ preserves distinct Number intrinsic graphs from two originating realms  345ms
 ✓ packages/safe-js/src/snapshot/dynamic-function-self-binding.test.ts (9 tests) 915ms
 ✓ packages/safe-js/src/interp/shared-host-boundary.test.ts (24 tests) 637ms
 ✓ packages/safe-js/src/snapshot/dynamic-with.test.ts (6 tests) 897ms
 ✓ packages/safe-js/test/conformance/eval-deleted-global-function.test.ts (6 tests) 734ms
   ✓ preserves recreated globals and separate eval sources through repeated replay  521ms
 ✓ packages/safe-js/src/snapshot/async-generator-validation.test.ts (13 tests) 955ms
 ✓ packages/safe-js/src/snapshot/typed-array-iterator-replay.test.ts (5 tests) 787ms
 ✓ packages/safe-js/src/snapshot/pending-promise-subclasses.test.ts (5 tests) 871ms
 ✓ packages/safe-js/src/snapshot/guest-heap-validation.test.ts (11 tests) 660ms
 ✓ packages/safe-js/src/snapshot/undefined-binding.test.ts (2 tests) 646ms
   ✓ preserves undefined lookup through repeated closure snapshots: return ()=>undefined  393ms
 ✓ packages/safe-js/src/snapshot/iterator-zip.test.ts (9 tests) 509ms
 ✓ packages/safe-js/src/snapshot/strict-destructuring-bindings.test.ts (4 tests) 618ms
 ✓ packages/safe-js/src/snapshot/async-disposable-stack.test.ts (5 tests) 624ms
 ✓ packages/safe-js/src/interp/globals/atomics-wait-async.test.ts (5 tests) 492ms
 ✓ packages/safe-js/src/snapshot/guest-generator-do-while.test.ts (36 tests) 757ms
 ✓ packages/safe-js/src/snapshot/regex-cursor-data.test.ts (53 tests) 520ms
 ✓ packages/safe-js/src/snapshot/eval-super-environment.test.ts (5 tests) 791ms
 ✓ packages/safe-js/src/snapshot/guest-generator-branches.test.ts (40 tests) 656ms
 ✓ packages/safe-js/test/conformance/corpus.test.ts (11 tests) 530ms
 ✓ packages/safe-js/src/snapshot/promise-aggregate-callbacks.test.ts (2 tests) 553ms
   ✓ restores escaped aggregate callbacks with partial results and shared called flags (properties: false)  331ms
 ✓ packages/safe-js/src/snapshot/eval-class-arguments.test.ts (4 tests) 640ms
 ✓ packages/safe-js/src/snapshot/async-function-to-string-tag.test.ts (3 tests) 479ms
 ✓ packages/safe-js/src/snapshot/pending-promise-species.test.ts (4 tests) 627ms
 ✓ packages/safe-js/src/snapshot/array-unscopables-descriptors.test.ts (3 tests) 486ms
 ✓ packages/safe-js/src/interp/shared-scope-accounting.test.ts (12 tests) 383ms
 ✓ packages/safe-js/src/snapshot/eval-catch-conflicts.test.ts (3 tests) 601ms
   ✓ preserves eval catch conflicts after generator restoration: 'e'  323ms
 ✓ packages/safe-js/src/snapshot/guest-generator-assignments.test.ts (34 tests) 541ms
 ✓ packages/safe-js/src/snapshot/eval-delete-bindings.test.ts (3 tests) 516ms
 ✓ packages/safe-js/test/conformance/result.test.ts (19 tests) 484ms
 ✓ packages/safe-js/src/snapshot/array-unscopables.test.ts (3 tests) 481ms
 ✓ packages/safe-js/src/snapshot/temporal-instant-replay.test.ts (26 tests) 393ms
 ✓ packages/safe-js/src/snapshot/async-function-validation.test.ts (5 tests) 356ms
 ✓ packages/safe-js/src/snapshot/deleted-to-string-tag.test.ts (3 tests) 473ms
 ✓ packages/safe-js/src/snapshot/duplicate-block-functions.test.ts (3 tests) 498ms
 ✓ packages/safe-js/src/snapshot/promise-to-string-tag.test.ts (3 tests) 468ms
 ✓ packages/safe-js/src/snapshot/function-restricted-accessors.test.ts (2 tests) 399ms
 ✓ packages/safe-js/src/snapshot/weak-collection-key-kinds.test.ts (2 tests) 368ms
 ✓ packages/safe-js/src/snapshot/eval-parameter-environment.test.ts (2 tests) 390ms
 ✓ packages/safe-js/src/snapshot/labeled-functions.test.ts (2 tests) 392ms
 ✓ packages/safe-js/src/snapshot/legacy-for-in-initializers.test.ts (2 tests) 376ms
 ✓ packages/safe-js/src/snapshot/for-in-sequence.test.ts (2 tests) 393ms
 ✓ packages/safe-js/src/snapshot/intl-bound-call-context.test.ts (3 tests) 249ms
 ✓ packages/safe-js/src/snapshot/eval-delete-update.test.ts (2 tests) 384ms
 ✓ packages/safe-js/src/interp/globals/atomics-wait-disposal.test.ts (5 tests) 353ms
 ✓ packages/safe-js/src/snapshot/array-shape.test.ts (19 tests) 423ms
 ✓ packages/safe-js/src/snapshot/guest-lowlevel.test.ts (7 tests) 358ms
 ✓ packages/safe-js/src/snapshot/iterator-concat.test.ts (7 tests) 431ms
 ✓ packages/safe-js/src/interp/globals/atomics-pause.test.ts (4 tests) 332ms
 ✓ packages/safe-js/src/snapshot/eval-delete-block-function.test.ts (2 tests) 374ms
 ✓ packages/safe-js/src/snapshot/array-buffer.test.ts (22 tests) 360ms
 ✓ packages/safe-js/src/snapshot/guest-generator-members.test.ts (22 tests) 367ms
 ✓ packages/safe-js/src/snapshot/catch-reference-errors.test.ts (2 tests) 372ms
 ✓ packages/safe-js/src/snapshot/global-bindings.test.ts (1 test) 317ms
   ✓ preserves writable globals captured by a closure across repeated JSON round trips  316ms
 ✓ packages/safe-js/src/snapshot/bigint.test.ts (21 tests) 327ms
 ✓ packages/safe-js/src/snapshot/guest-generator-tagged-templates.test.ts (16 tests) 320ms
 ✓ packages/safe-js/src/snapshot/guest-generator-logical-references.test.ts (18 tests) 280ms
 ✓ packages/safe-js/src/interp/shared-host-pending-prefix.test.ts (1 test) 212ms
 ✓ packages/safe-js/src/interp/atomic-wait.test.ts (9 tests) 265ms
 ✓ packages/safe-js/src/snapshot/arguments-restricted-descriptor.test.ts (1 test) 264ms
 ✓ packages/safe-js/src/snapshot/weak-reference.test.ts (20 tests) 293ms
 ✓ packages/safe-js/src/snapshot/guest-generator-objects.test.ts (16 tests) 293ms
 ✓ packages/safe-js/test/conformance/finalization-owner.test.ts (4 tests) 223ms
 ✓ packages/safe-js/src/snapshot/weak-ephemeron-qualification.test.ts (5 tests) 229ms
 ✓ packages/safe-js/src/snapshot/atomic-wait-ownership.test.ts (2 tests) 172ms
 ✓ packages/safe-js/src/snapshot/temporal-duration.test.ts (20 tests) 264ms
 ✓ packages/safe-js/src/snapshot/guest-generator-templates.test.ts (14 tests) 247ms
 ✓ packages/safe-js/src/snapshot/guest-ast-validation.test.ts (8 tests) 212ms
 ✓ packages/safe-js/src/snapshot/guest-generator-restore.test.ts (23 tests) 199ms
 ✓ packages/safe-js/src/snapshot/shared-array-buffer.test.ts (25 tests) 162ms
 ✓ packages/safe-js/src/snapshot/bound-constructor-new-target.test.ts (2 tests) 213ms
 ✓ packages/safe-js/src/snapshot/promise-aggregate-validation.test.ts (3 tests) 214ms
 ✓ packages/safe-js/src/snapshot/temporal-duration-replay.test.ts (24 tests) 143ms
 ✓ packages/safe-js/test/conformance/source-modules.test.ts (3 tests) 175ms
 ✓ packages/safe-js/src/snapshot/guest-generator-identifier-assignments.test.ts (14 tests) 150ms
 ✓ packages/safe-js/test/conformance/shared-memory.test.ts (3 tests) 136ms
 ✓ packages/safe-js/src/snapshot/reference-error-stack.test.ts (1 test) 152ms
 ✓ packages/safe-js/src/snapshot/guest-generator-for-head-scope.test.ts (5 tests) 153ms
 ✓ packages/safe-js/src/snapshot/serialize.test.ts (15 tests) 120ms
 ✓ packages/safe-js/src/snapshot/guest-dump.test.ts (1 test) 122ms
 ✓ packages/safe-js/src/snapshot/temporal-extreme-transport.test.ts (32 tests) 129ms
 ✓ packages/safe-js/src/snapshot/restore-function-kind.test.ts (20 tests) 117ms
 ✓ packages/safe-js/src/interp/shared-host-budget.test.ts (4 tests) 73ms
 ✓ packages/safe-js/src/snapshot/backing-storage-cycles.test.ts (3 tests) 108ms
 ✓ packages/safe-js/src/snapshot/async-function-live-capture.test.ts (1 test) 117ms
 ✓ packages/safe-js/src/snapshot/template-identity.test.ts (14 tests) 68ms
 ✓ packages/safe-js/src/snapshot/date-properties.test.ts (9 tests) 89ms
 ✓ packages/safe-js/src/snapshot/weak-collection.test.ts (13 tests) 107ms
 ✓ packages/safe-js/src/snapshot/atomic-wait-race.test.ts (1 test) 64ms
 ✓ packages/safe-js/src/snapshot/imported-promise-depth.test.ts (3 tests) 82ms
 ✓ packages/safe-js/src/snapshot/collection-iterators.test.ts (50 tests) 68ms
 ✓ packages/safe-js/src/snapshot/obj-002-num-integration.test.ts (8 tests) 59ms
 ✓ packages/safe-js/src/snapshot/guest-heap.test.ts (4 tests) 57ms
 ✓ packages/safe-js/src/snapshot/assignment-reference-validation.test.ts (6 tests) 59ms
 ✓ packages/safe-js/src/snapshot/symbol.test.ts (22 tests) 48ms
 ✓ packages/safe-js/test/conformance/command.test.ts (41 tests) 29ms
 ✓ packages/safe-js/src/snapshot/obj-002-validation.test.ts (17 tests) 50ms
 ✓ packages/safe-js/src/snapshot/regexp-properties.test.ts (19 tests) 43ms
 ✓ packages/safe-js/src/snapshot/with-environment.test.ts (7 tests) 41ms
 ✓ packages/safe-js/src/snapshot/collection-properties.test.ts (30 tests) 42ms
 ✓ packages/safe-js/src/snapshot/datetimeformat-requested-options.test.ts (10 tests) 28ms
 ✓ packages/safe-js/src/snapshot/temporal-instant.test.ts (18 tests) 37ms
 ✓ packages/safe-js/src/snapshot/mapped-arguments.test.ts (12 tests) 45ms
 ✓ packages/safe-js/src/snapshot/temporal-plain-year-month.test.ts (15 tests) 37ms
 ✓ packages/safe-js/src/snapshot/temporal-plain-month-day.test.ts (13 tests) 39ms
 ✓ packages/safe-js/src/snapshot/regexp-iterator-modes.test.ts (12 tests) 34ms
 ✓ packages/safe-js/src/snapshot/temporal-plain-time.test.ts (22 tests) 35ms
 ✓ packages/safe-js/src/snapshot/regexp-iterators.test.ts (7 tests) 36ms
 ✓ packages/safe-js/src/snapshot/error-data.test.ts (15 tests) 33ms
 ✓ packages/safe-js/src/snapshot/temporal-plain-date-time.test.ts (11 tests) 35ms
 ✓ packages/safe-js/src/snapshot/temporal-plain-date.test.ts (13 tests) 31ms
 ✓ packages/safe-js/src/snapshot/null-object-prototype.test.ts (12 tests) 25ms
 ✓ packages/safe-js/src/snapshot/guest-arrays.test.ts (11 tests) 28ms
 ✓ packages/safe-js/src/snapshot/temporal-zoned-date-time.test.ts (11 tests) 25ms
 ✓ packages/safe-js/test/conformance/isolate.test.ts (27 tests) 25ms
 ✓ packages/safe-js/src/interp/shared-host-callback-validation.test.ts (6 tests) 19ms
 ✓ packages/safe-js/src/snapshot/temporal-calendar-replay.test.ts (36 tests) 28ms
 ✓ packages/safe-js/src/snapshot/replay-inputs.test.ts (13 tests) 17ms
 ✓ packages/safe-js/src/snapshot/imported-promise-data.test.ts (20 tests) 22ms
 ✓ packages/safe-js/src/snapshot/backend.test.ts (11 tests) 22ms
 ✓ packages/safe-js/src/snapshot/replay-graph-extension.test.ts (5 tests) 13ms
 ✓ packages/safe-js/src/snapshot/scheduler.test.ts (14 tests) 17ms
 ✓ packages/safe-js/test/conformance/metadata.test.ts (19 tests) 21ms
 ✓ packages/safe-js/src/snapshot/symbol-replay.test.ts (16 tests) 16ms
 ✓ packages/safe-js/src/snapshot/promise-capability-properties.test.ts (7 tests) 16ms
 ✓ packages/safe-js/src/snapshot/temporal-plain-time-replay.test.ts (26 tests) 23ms
 ✓ packages/safe-js/src/snapshot/replay-data.test.ts (19 tests) 20ms
 ✓ packages/safe-js/src/snapshot/temporal-zoned-date-time-replay.test.ts (13 tests) 15ms
 ✓ packages/safe-js/src/snapshot/trusted-promise-replay.test.ts (5 tests) 12ms
 ✓ packages/safe-js/src/interp/shared-array-buffer.test.ts (18 tests) 12ms
 ✓ packages/safe-js/src/interp/shared-host-storage.test.ts (5 tests) 9ms
 ✓ packages/safe-js/src/snapshot/input-symbol-references.test.ts (9 tests) 11ms
 ✓ packages/safe-js/src/snapshot/imported-promise-schedule.test.ts (10 tests) 9ms
 ✓ packages/safe-js/src/snapshot/imported-promise-property-validation.test.ts (4 tests) 10ms
 ✓ packages/safe-js/test/conformance/discover.test.ts (8 tests) 14ms
 ✓ packages/safe-js/test/conformance/worker.test.ts (8 tests) 6ms
 ✓ packages/safe-js/src/snapshot/pending-imported-promise-validation.test.ts (5 tests) 8ms
 ✓ packages/safe-js/src/snapshot/scope-frames.test.ts (6 tests) 9ms
 ✓ packages/safe-js/src/snapshot/dump-readiness.test.ts (2 tests) 7ms
 ✓ packages/safe-js/test/conformance/report.test.ts (15 tests) 9ms
 ✓ packages/safe-js/src/snapshot/property-descriptors.test.ts (9 tests) 7ms
 ✓ packages/safe-js/src/snapshot/policy.test.ts (24 tests) 7ms
 ✓ packages/safe-js/test/conformance/import-boundary.test.ts (2 tests) 6ms
 ✓ packages/safe-js/test/conformance/accounting-mutations.test.ts (8 tests) 5ms
 ✓ packages/safe-js/src/snapshot/data-descriptor-validation.test.ts (11 tests) 8ms

 Test Files  206 passed (206)
      Tests  2801 passed (2801)
   Start at  23:13:13
   Duration  135.63s (transform 6.65s, setup 2.27s, import 95.45s, tests 153.74s, environment 15ms)

