TAP version 13
# Subtest: pptx groups retain geometry and identities through a quoted shell script and byte SDK
ok 1 - pptx groups retain geometry and identities through a quoted shell script and byte SDK
  ---
  duration_ms: 162.079959
  type: 'test'
  ...
# Subtest: pptx shapes uses quoted names and explicit units with SDK-equivalent publication
ok 2 - pptx shapes uses quoted names and explicit units with SDK-equivalent publication
  ---
  duration_ms: 49.894
  type: 'test'
  ...
# Subtest: pptx frame metadata flows through a virtual script and byte pipeline
ok 3 - pptx frame metadata flows through a virtual script and byte pipeline
  ---
  duration_ms: 46.878417
  type: 'test'
  ...
# Subtest: pptx paragraph formatting flows through a virtual script and byte pipeline
ok 4 - pptx paragraph formatting flows through a virtual script and byte pipeline
  ---
  duration_ms: 59.288958
  type: 'test'
  ...
# Subtest: pptx run font edits use scoped shell arguments and preserve unselected XML
ok 5 - pptx run font edits use scoped shell arguments and preserve unselected XML
  ---
  duration_ms: 69.171917
  type: 'test'
  ...
# Subtest: pptx run formatting validates dry runs and rejects invalid values without publication
ok 6 - pptx run formatting validates dry runs and rejects invalid values without publication
  ---
  duration_ms: 47.956166
  type: 'test'
  ...
# Subtest: pptx run formatting help works before input admission
ok 7 - pptx run formatting help works before input admission
  ---
  duration_ms: 1.129959
  type: 'test'
  ...
# Subtest: pptx layouts apply resolves omitted placeholder type and index
ok 8 - pptx layouts apply resolves omitted placeholder type and index
  ---
  duration_ms: 26.774958
  type: 'test'
  ...
# Subtest: pptx layouts apply resolves omitted placeholder index
ok 9 - pptx layouts apply resolves omitted placeholder index
  ---
  duration_ms: 23.909792
  type: 'test'
  ...
# Subtest: pptx layouts apply resolves omitted placeholder type
ok 10 - pptx layouts apply resolves omitted placeholder type
  ---
  duration_ms: 24.713875
  type: 'test'
  ...
# Subtest: pptx layouts apply keeps unmatched content and validates before publication
ok 11 - pptx layouts apply keeps unmatched content and validates before publication
  ---
  duration_ms: 50.662584
  type: 'test'
  ...
# Subtest: pptx layouts apply rejects duplicate normalized keys without creating output
ok 12 - pptx layouts apply rejects duplicate normalized keys without creating output
  ---
  duration_ms: 9.304417
  type: 'test'
  ...
# Subtest: pptx slides add inherits placeholder geometry and formatting without copying prompts
ok 13 - pptx slides add inherits placeholder geometry and formatting without copying prompts
  ---
  duration_ms: 27.582583
  type: 'test'
  ...
# Subtest: pptx shared master rename reports dependent slides and retains slide content
ok 14 - pptx shared master rename reports dependent slides and retains slide content
  ---
  duration_ms: 68.185917
  type: 'test'
  ...
# Subtest: pptx creates master content and reassigns layouts without modifying a shared theme
ok 15 - pptx creates master content and reassigns layouts without modifying a shared theme
  ---
  duration_ms: 200.238542
  type: 'test'
  ...
# Subtest: pptx master text safely encodes XML closing delimiters
ok 16 - pptx master text safely encodes XML closing delimiters
  ---
  duration_ms: 22.210167
  type: 'test'
  ...
# Subtest: pptx master geometry updates preserve unspecified coordinates and support inheritance reset
ok 17 - pptx master geometry updates preserve unspecified coordinates and support inheritance reset
  ---
  duration_ms: 71.014333
  type: 'test'
  ...
# Subtest: pptx master part selectors remain exact when another master name resembles a URI
ok 18 - pptx master part selectors remain exact when another master name resembles a URI
  ---
  duration_ms: 52.077916
  type: 'test'
  ...
# Subtest: pptx master text selects exact shape names despite numeric identities 3 / Other
ok 19 - pptx master text selects exact shape names despite numeric identities 3 / Other
  ---
  duration_ms: 54.160834
  type: 'test'
  ...
# Subtest: pptx master text selects exact shape names despite numeric identities Caption / 2
ok 20 - pptx master text selects exact shape names despite numeric identities Caption / 2
  ---
  duration_ms: 59.286
  type: 'test'
  ...
# Subtest: pptx settings edit through shell and public SDK with canvas-only defaults
ok 21 - pptx settings edit through shell and public SDK with canvas-only defaults
  ---
  duration_ms: 120.546125
  type: 'test'
  ...
# Subtest: pptx merges and splits through shell and byte SDK with matching packages
ok 22 - pptx merges and splits through shell and byte SDK with matching packages
  ---
  duration_ms: 171.208625
  type: 'test'
  ...
# Subtest: pptx split preflights every output and refuses aliases before writes
ok 23 - pptx split preflights every output and refuses aliases before writes
  ---
  duration_ms: 44.061667
  type: 'test'
  ...
# Subtest: pptx split reports completed output after conditional publication failure
ok 24 - pptx split reports completed output after conditional publication failure
  ---
  duration_ms: 49.028083
  type: 'test'
  ...
# Subtest: pptx split requires partial authorization and preserves existing output conflicts
ok 25 - pptx split requires partial authorization and preserves existing output conflicts
  ---
  duration_ms: 228.577917
  type: 'test'
  ...
# Subtest: pptx imports ordered slides through SDK and shell with isolated source bytes
ok 26 - pptx imports ordered slides through SDK and shell with isolated source bytes
  ---
  duration_ms: 181.486708
  type: 'test'
  ...
# Subtest: pptx import never overwrites an aliased source under force
ok 27 - pptx import never overwrites an aliased source under force
  ---
  duration_ms: 96.765583
  type: 'test'
  ...
# Subtest: pptx slide duplication publishes fresh identities and preserves its source
ok 28 - pptx slide duplication publishes fresh identities and preserves its source
  ---
  duration_ms: 63.59275
  type: 'test'
  ...
# Subtest: pptx slide duplication keeps dry runs and invalid selections from publishing
ok 29 - pptx slide duplication keeps dry runs and invalid selections from publishing
  ---
  duration_ms: 108.428125
  type: 'test'
  ...
# Subtest: pptx slide removal uses explicit VFS publication and matches SDK identity
ok 30 - pptx slide removal uses explicit VFS publication and matches SDK identity
  ---
  duration_ms: 147.445
  type: 'test'
  ...
# Subtest: pptx creation publishes into explicit memfs and matches the SDK package
ok 31 - pptx creation publishes into explicit memfs and matches the SDK package
  ---
  duration_ms: 36.410708
  type: 'test'
  ...
# Subtest: pptx creation protects the destination during existing
ok 32 - pptx creation protects the destination during existing
  ---
  duration_ms: 12.447625
  type: 'test'
  ...
# Subtest: pptx creation protects the destination during dry-run
ok 33 - pptx creation protects the destination during dry-run
  ---
  duration_ms: 26.026083
  type: 'test'
  ...
# Subtest: pptx creation protects the destination during unsupported
ok 34 - pptx creation protects the destination during unsupported
  ---
  duration_ms: 10.148208
  type: 'test'
  ...
# Subtest: pptx creation protects the destination during race
ok 35 - pptx creation protects the destination during race
  ---
  duration_ms: 10.952916
  type: 'test'
  ...
# Subtest: pptx creation protects the destination during symlink
ok 36 - pptx creation protects the destination during symlink
  ---
  duration_ms: 12.153625
  type: 'test'
  ...
# Subtest: pptx creation force replaces only the explicit destination and streams clean package bytes
ok 37 - pptx creation force replaces only the explicit destination and streams clean package bytes
  ---
  duration_ms: 38.413375
  type: 'test'
  ...
# Subtest: pptx slides add publishes at boundary 1 through the same SDK behavior
ok 38 - pptx slides add publishes at boundary 1 through the same SDK behavior
  ---
  duration_ms: 104.838792
  type: 'test'
  ...
# Subtest: pptx slides add publishes at boundary 2 through the same SDK behavior
ok 39 - pptx slides add publishes at boundary 2 through the same SDK behavior
  ---
  duration_ms: 74.852834
  type: 'test'
  ...
# Subtest: pptx slides add publishes at boundary 3 through the same SDK behavior
ok 40 - pptx slides add publishes at boundary 3 through the same SDK behavior
  ---
  duration_ms: 95.054667
  type: 'test'
  ...
# Subtest: pptx slides add supports in-place editing, dry runs and binary pipelines
ok 41 - pptx slides add supports in-place editing, dry runs and binary pipelines
  ---
  duration_ms: 160.001959
  type: 'test'
  ...
# Subtest: pptx slides add rejects missing placeholders and out-of-range positions without publication
ok 42 - pptx slides add rejects missing placeholders and out-of-range positions without publication
  ---
  duration_ms: 178.805
  type: 'test'
  ...
# Subtest: pptx slide mutations preserve identity through ordered JSON selection and shell publication
ok 43 - pptx slide mutations preserve identity through ordered JSON selection and shell publication
  ---
  duration_ms: 452.531458
  type: 'test'
  ...
# Subtest: pptx sections and shows preserve quoted empty names and shell pipeline bytes
ok 44 - pptx sections and shows preserve quoted empty names and shell pipeline bytes
  ---
  duration_ms: 334.385583
  type: 'test'
  ...
# Subtest: pptx images add carries explicit bytes and sizing through virtual scripts and the SDK
ok 45 - pptx images add carries explicit bytes and sizing through virtual scripts and the SDK
  ---
  duration_ms: 461.57625
  type: 'test'
  ...
# Subtest: table first-col workflow independently persists enabled and disabled values
ok 46 - table first-col workflow independently persists enabled and disabled values
  ---
  duration_ms: 173.003959
  type: 'test'
  ...
# Subtest: table first-row workflow independently persists enabled and disabled values
ok 47 - table first-row workflow independently persists enabled and disabled values
  ---
  duration_ms: 100.283959
  type: 'test'
  ...
# Subtest: table last-col workflow independently persists enabled and disabled values
ok 48 - table last-col workflow independently persists enabled and disabled values
  ---
  duration_ms: 102.326958
  type: 'test'
  ...
# Subtest: table last-row workflow independently persists enabled and disabled values
ok 49 - table last-row workflow independently persists enabled and disabled values
  ---
  duration_ms: 96.826791
  type: 'test'
  ...
# Subtest: table horz-band workflow independently persists enabled and disabled values
ok 50 - table horz-band workflow independently persists enabled and disabled values
  ---
  duration_ms: 91.316584
  type: 'test'
  ...
# Subtest: table vert-band workflow independently persists enabled and disabled values
ok 51 - table vert-band workflow independently persists enabled and disabled values
  ---
  duration_ms: 86.044
  type: 'test'
  ...
# Subtest: table column width workflow keeps neighboring cells and updates frame extent
ok 52 - table column width workflow keeps neighboring cells and updates frame extent
  ---
  duration_ms: 60.397084
  type: 'test'
  ...
# Subtest: unsupported table batch reports a usage error without publication
ok 53 - unsupported table batch reports a usage error without publication
  ---
  duration_ms: 5.986958
  type: 'test'
  ...
# Subtest: text frame autofit null workflow stores one explicit fitting mode
ok 54 - text frame autofit null workflow stores one explicit fitting mode
  ---
  duration_ms: 44.873459
  type: 'test'
  ...
# Subtest: text frame autofit none workflow stores one explicit fitting mode
ok 55 - text frame autofit none workflow stores one explicit fitting mode
  ---
  duration_ms: 45.193417
  type: 'test'
  ...
# Subtest: text frame autofit shape workflow stores one explicit fitting mode
ok 56 - text frame autofit shape workflow stores one explicit fitting mode
  ---
  duration_ms: 44.478375
  type: 'test'
  ...
# Subtest: text frame autofit text workflow stores one explicit fitting mode
ok 57 - text frame autofit text workflow stores one explicit fitting mode
  ---
  duration_ms: 47.135833
  type: 'test'
  ...
# Subtest: text frame wrap true workflow preserves margin boundary conversions
ok 58 - text frame wrap true workflow preserves margin boundary conversions
  ---
  duration_ms: 41.67325
  type: 'test'
  ...
# Subtest: text frame wrap false workflow preserves margin boundary conversions
ok 59 - text frame wrap false workflow preserves margin boundary conversions
  ---
  duration_ms: 40.242084
  type: 'test'
  ...
# Subtest: text frame wrap null workflow preserves margin boundary conversions
ok 60 - text frame wrap null workflow preserves margin boundary conversions
  ---
  duration_ms: 43.229333
  type: 'test'
  ...
# Subtest: text frame assignment replaces its paragraphs with 3 text characters
ok 61 - text frame assignment replaces its paragraphs with 3 text characters
  ---
  duration_ms: 47.507625
  type: 'test'
  ...
# Subtest: text frame assignment replaces its paragraphs with 5 text characters
ok 62 - text frame assignment replaces its paragraphs with 5 text characters
  ---
  duration_ms: 52.979333
  type: 'test'
  ...
1..62
# tests 62
# suites 0
# pass 62
# fail 0
# cancelled 0
# skipped 0
# todo 0
# duration_ms 4803.663208
