TAP version 13
# Subtest: bounded settings reject invalid options without registry work
ok 1 - bounded settings reject invalid options without registry work
  ---
  duration_ms: 1.130375
  type: 'test'
  ...
# Subtest: GNU size unit grammar distinguishes accepted and rejected spellings
ok 2 - GNU size unit grammar distinguishes accepted and rejected spellings
  ---
  duration_ms: 10.700791
  type: 'test'
  ...
# Subtest: binary input survives every chunk boundary and buffer reuse
ok 3 - binary input survives every chunk boundary and buffer reuse
  ---
  duration_ms: 109.33375
  type: 'test'
  ...
# Subtest: empty input creates no files and does not truncate existing files
ok 4 - empty input creates no files and does not truncate existing files
  ---
  duration_ms: 0.298667
  type: 'test'
  ...
# Subtest: empty input ignores output directories without weakening input alias guards
ok 5 - empty input ignores output directories without weakening input alias guards
  ---
  duration_ms: 0.88625
  type: 'test'
  ...
# Subtest: suffix exhaustion retains successful outputs and leaves next name alone
ok 6 - suffix exhaustion retains successful outputs and leaves next name alone
  ---
  duration_ms: 1.056292
  type: 'test'
  ...
# Subtest: suffix width and file limits preserve earlier files
ok 7 - suffix width and file limits preserve earlier files
  ---
  duration_ms: 5.955
  type: 'test'
  ...
# Subtest: output limit leaves completed files and the actual partial current file
ok 8 - output limit leaves completed files and the actual partial current file
  ---
  duration_ms: 0.403625
  type: 'test'
  ...
# Subtest: input and work limits preserve partial output without reading indefinitely
ok 9 - input and work limits preserve partial output without reading indefinitely
  ---
  duration_ms: 1.0045
  type: 'test'
  ...
# Subtest: argument, line-bytes window and numeric limits fail before effects
ok 10 - argument, line-bytes window and numeric limits fail before effects
  ---
  duration_ms: 0.540916
  type: 'test'
  ...
# Subtest: typed disk-full failure retains earlier files and partial overwritten file
ok 11 - typed disk-full failure retains earlier files and partial overwritten file
  ---
  duration_ms: 0.725833
  type: 'test'
  ...
# Subtest: read failure preserves current streaming bytes
ok 12 - read failure preserves current streaming bytes
  ---
  duration_ms: 0.272542
  type: 'test'
  ...
# Subtest: same input via spelling, symlink and hardlink is rejected before acquisition
ok 13 - same input via spelling, symlink and hardlink is rejected before acquisition
  ---
  duration_ms: 0.402
  type: 'test'
  ...
# Subtest: later output alias to input retains earlier completed output
ok 14 - later output alias to input retains earlier completed output
  ---
  duration_ms: 0.222667
  type: 'test'
  ...
# Subtest: output aliases earlier output cannot silently erase successful segment
ok 15 - output aliases earlier output cannot silently erase successful segment
  ---
  duration_ms: 0.194125
  type: 'test'
  ...
# Subtest: ordinary existing symlink output overwrites its distinct target
ok 16 - ordinary existing symlink output overwrites its distinct target
  ---
  duration_ms: 0.245
  type: 'test'
  ...
# Subtest: dangling output symlink preserves link and creates target
ok 17 - dangling output symlink preserves link and creates target
  ---
  duration_ms: 0.247042
  type: 'test'
  ...
# Subtest: exclusive missing-output race never truncates raced file
ok 18 - exclusive missing-output race never truncates raced file
  ---
  duration_ms: 0.163917
  type: 'test'
  ...
# Subtest: unknown identity fails closed but truthful comparison enables overwrite
ok 19 - unknown identity fails closed but truthful comparison enables overwrite
  ---
  duration_ms: 0.693042
  type: 'test'
  ...
# Subtest: readonly, missing parent, directory, invalid path and denial preserve effects
ok 20 - readonly, missing parent, directory, invalid path and denial preserve effects
  ---
  duration_ms: 0.850917
  type: 'test'
  ...
# Subtest: writeFile-only fallback has bounded per-segment publication
ok 21 - writeFile-only fallback has bounded per-segment publication
  ---
  duration_ms: 1.811792
  type: 'test'
  ...
# Subtest: readFile fallback receives and enforces byte cap
ok 22 - readFile fallback receives and enforces byte cap
  ---
  duration_ms: 0.293833
  type: 'test'
  ...
# Subtest: streaming writer applies backpressure and owns yielded buffers
ok 23 - streaming writer applies backpressure and owns yielded buffers
  ---
  duration_ms: 9.711042
  type: 'test'
  ...
# Subtest: large incoming chunk is sliced without a producer-chunk refusal
ok 24 - large incoming chunk is sliced without a producer-chunk refusal
  ---
  duration_ms: 6.878083
  type: 'test'
  ...
# Subtest: cancellation preserves exact errno-shaped reason and partial output
ok 25 - cancellation preserves exact errno-shaped reason and partial output
  ---
  duration_ms: 0.3735
  type: 'test'
  ...
# Subtest: aborted invocation never acquires input
ok 26 - aborted invocation never acquires input
  ---
  duration_ms: 0.058958
  type: 'test'
  ...
# Subtest: blocked host write aborts promptly and late rejection is observed
ok 27 - blocked host write aborts promptly and late rejection is observed
  ---
  duration_ms: 6.826417
  type: 'test'
  ...
# Subtest: cancelled write source refuses even its prefetched first chunk
ok 28 - cancelled write source refuses even its prefetched first chunk
  ---
  duration_ms: 0.546541
  type: 'test'
  ...
# Subtest: blocked iterator abort closes asynchronously without waiting forever
ok 29 - blocked iterator abort closes asynchronously without waiting forever
  ---
  duration_ms: 0.583125
  type: 'test'
  ...
# Subtest: CPU scanning yields for timer cancellation on a large line
ok 30 - CPU scanning yields for timer cancellation on a large line
  ---
  duration_ms: 3.378
  type: 'test'
  ...
# Subtest: memory: dangling stdin and writeFile fallback use exclusive resolved target
ok 31 - memory: dangling stdin and writeFile fallback use exclusive resolved target
  ---
  duration_ms: 4.334
  type: 'test'
  ...
# Subtest: memory: target insertion at exclusive write preserves raced data and aliases
ok 32 - memory: target insertion at exclusive write preserves raced data and aliases
  ---
  duration_ms: 2.662875
  type: 'test'
  ...
# Subtest: memory: alias inserted during target resolution is checked before input acquisition
ok 33 - memory: alias inserted during target resolution is checked before input acquisition
  ---
  duration_ms: 0.814375
  type: 'test'
  ...
# Subtest: memory: subsequent link to newly created target cannot erase earlier output
ok 34 - memory: subsequent link to newly created target cannot erase earlier output
  ---
  duration_ms: 0.757375
  type: 'test'
  ...
# Subtest: memory: dangling current output retains partial bytes after budget failure
ok 35 - memory: dangling current output retains partial bytes after budget failure
  ---
  duration_ms: 1.081792
  type: 'test'
  ...
# Subtest: memory: cancellation during resolved target write preserves completed and partial bytes
ok 36 - memory: cancellation during resolved target write preserves completed and partial bytes
  ---
  duration_ms: 1.700792
  type: 'test'
  ...
# Subtest: explicit-root-real: dangling stdin and writeFile fallback use exclusive resolved target
ok 37 - explicit-root-real: dangling stdin and writeFile fallback use exclusive resolved target
  ---
  duration_ms: 22.852083
  type: 'test'
  ...
# Subtest: explicit-root-real: target insertion at exclusive write preserves raced data and aliases
ok 38 - explicit-root-real: target insertion at exclusive write preserves raced data and aliases
  ---
  duration_ms: 24.9405
  type: 'test'
  ...
# Subtest: explicit-root-real: alias inserted during target resolution is checked before input acquisition
ok 39 - explicit-root-real: alias inserted during target resolution is checked before input acquisition
  ---
  duration_ms: 6.969792
  type: 'test'
  ...
# Subtest: explicit-root-real: subsequent link to newly created target cannot erase earlier output
ok 40 - explicit-root-real: subsequent link to newly created target cannot erase earlier output
  ---
  duration_ms: 7.264125
  type: 'test'
  ...
# Subtest: explicit-root-real: dangling current output retains partial bytes after budget failure
ok 41 - explicit-root-real: dangling current output retains partial bytes after budget failure
  ---
  duration_ms: 9.064
  type: 'test'
  ...
# Subtest: explicit-root-real: cancellation during resolved target write preserves completed and partial bytes
ok 42 - explicit-root-real: cancellation during resolved target write preserves completed and partial bytes
  ---
  duration_ms: 8.444042
  type: 'test'
  ...
# Subtest: dangling resolution propagates readlink/realpath errors without creation
ok 43 - dangling resolution propagates readlink/realpath errors without creation
  ---
  duration_ms: 2.2455
  type: 'test'
  ...
# Subtest: missing readlink is a narrow capability gap, not a ban on existing symlinks
ok 44 - missing readlink is a narrow capability gap, not a ban on existing symlinks
  ---
  duration_ms: 0.783917
  type: 'test'
  ...
# Subtest: opaque existing symlink identity stays unsupported, while absent targets need no invented identity
ok 45 - opaque existing symlink identity stays unsupported, while absent targets need no invented identity
  ---
  duration_ms: 0.752292
  type: 'test'
  ...
# Subtest: blocked dangling resolution forwards signal, aborts exactly and observes late rejection
ok 46 - blocked dangling resolution forwards signal, aborts exactly and observes late rejection
  ---
  duration_ms: 2.606375
  type: 'test'
  ...
# Subtest: dangling output links: pinned GNU effects on MemoryFS and rooted RealFS; Apple separate
ok 47 - dangling output links: pinned GNU effects on MemoryFS and rooted RealFS; Apple separate
  ---
  duration_ms: 357.335
  type: 'test'
  ...
# Subtest: GNU size spellings and empty-input output-directory controls
ok 48 - GNU size spellings and empty-input output-directory controls
  ---
  duration_ms: 193.327834
  type: 'test'
  ...
# Subtest: memory: opt-in Shell byte pipeline and existing-file workflow
ok 49 - memory: opt-in Shell byte pipeline and existing-file workflow
  ---
  duration_ms: 19.180458
  type: 'test'
  ...
# Subtest: explicit-root-real: opt-in Shell byte pipeline and existing-file workflow
ok 50 - explicit-root-real: opt-in Shell byte pipeline and existing-file workflow
  ---
  duration_ms: 28.4345
  type: 'test'
  ...
# Subtest: actual default registry stays 60 and split requires explicit plugin
ok 51 - actual default registry stays 60 and split requires explicit plugin
  ---
  duration_ms: 3.928083
  type: 'test'
  ...
# Subtest: plugin collision preflight and replacement use actual registry
ok 52 - plugin collision preflight and replacement use actual registry
  ---
  duration_ms: 1.094
  type: 'test'
  ...
# Subtest: shared shell pipe/output budget remains active beside VFS payload budget
ok 53 - shared shell pipe/output budget remains active beside VFS payload budget
  ---
  duration_ms: 1.637959
  type: 'test'
  ...
# Subtest: explicit-root RealFS streaming large file reassembles bytes
ok 54 - explicit-root RealFS streaming large file reassembles bytes
  ---
  duration_ms: 36.216334
  type: 'test'
  ...
# Subtest: configured S3 mock supports streamed split and known-distinct overwrite
ok 55 - configured S3 mock supports streamed split and known-distinct overwrite
  ---
  duration_ms: 13.988125
  type: 'test'
  ...
# Subtest: GNU errors: exact status/effects, separately asserted diagnostic profiles
ok 56 - GNU errors: exact status/effects, separately asserted diagnostic profiles
  ---
  duration_ms: 123.122167
  type: 'test'
  ...
# Subtest: explicit GNU versus Apple naming/profile differences remain visible
ok 57 - explicit GNU versus Apple naming/profile differences remain visible
  ---
  duration_ms: 263.875958
  type: 'test'
  ...
# Subtest: native gnu9.7-darwin: exact status/stdout/stderr/file bytes
ok 58 - native gnu9.7-darwin: exact status/stdout/stderr/file bytes
  ---
  duration_ms: 816.488541
  type: 'test'
  ...
# Subtest: native apple-bsd: exact status/stdout/stderr/file bytes
ok 59 - native apple-bsd: exact status/stdout/stderr/file bytes
  ---
  duration_ms: 333.457625
  type: 'test'
  ...
# Subtest: GNU boundary stress: complete effects under large chunks and reused windows
ok 60 - GNU boundary stress: complete effects under large chunks and reused windows
  ---
  duration_ms: 182.066208
  type: 'test'
  ...
1..60
# tests 60
# suites 0
# pass 60
# fail 0
# cancelled 0
# skipped 0
# todo 0
# duration_ms 1361.245
