
 RUN  v4.1.11 /Users/kjopek/Workspace/poe-code-language-delivery

 ✓ packages/safe-js/src/interp/globals/symbol-construction.test.ts (6 tests) 568ms
   ✓ replays a Symbol subclass without exposing host constructors  380ms
 ✓ packages/safe-js/src/interp/symbol.test.ts (41 tests) 1300ms
 ✓ packages/safe-js/src/interp/classes.test.ts (93 tests) 2509ms
 ✓ packages/safe-js/src/interp/private-class-elements.test.ts (20 tests) 628ms
 ❯ packages/safe-js/src/interp/symbol-descriptors.test.ts (26 tests | 2 failed) 678ms
     ✓ tracks changed intrinsic properties and releases their retained data 5ms
     ✓ allows guest capability properties without replacing the implementation 56ms
     ✓ matches native descriptor for length 36ms
     ✓ matches native descriptor for name 27ms
     × matches native descriptor for prototype 31ms
     ✓ matches native descriptor for for 26ms
     ✓ matches native descriptor for keyFor 23ms
     ✓ matches native descriptor for iterator 27ms
     ✓ matches native descriptor for asyncIterator 24ms
     ✓ matches native descriptor for hasInstance 26ms
     ✓ matches native descriptor for isConcatSpreadable 24ms
     ✓ matches native descriptor for match 21ms
     ✓ matches native descriptor for matchAll 26ms
     ✓ matches native descriptor for replace 32ms
     ✓ matches native descriptor for search 26ms
     ✓ matches native descriptor for species 23ms
     ✓ matches native descriptor for split 24ms
     ✓ matches native descriptor for toPrimitive 24ms
     ✓ matches native descriptor for toStringTag 22ms
     ✓ matches native descriptor for unscopables 23ms
     ✓ matches native enumeration 21ms
     ✓ matches native registry method replacement 29ms
     ✓ matches native registry method deletion 23ms
     ✓ matches native name redefinition 26ms
     ✓ matches native immutable well-known value 24ms
     × matches native immutable prototype 26ms
FAIL packages/safe-js/src/interp/symbol-descriptors.test.ts > Symbol intrinsic descriptors > matches native descriptor for prototype
AssertionError: expected { ok: true, …(3) } to match object { ok: true, …(1) }
(12 matching properties omitted from actual)

- Expected
+ Received

  {
    "ok": true,
    "returnValue": [
-     false,
+     true,
      false,
      false,
      "object",
    ],
  }

 ❯ packages/safe-js/src/interp/symbol-descriptors.test.ts:59:31
     57|   ])("matches native descriptor for %s", async (key) => {
     58|     const source = `const d=Object.getOwnPropertyDescriptor(Symbol,${J…
     59|     expect(await run(source)).toMatchObject({ ok: true, returnValue: n…
       |                               ^
     60|   });
     61|

FAIL packages/safe-js/src/interp/symbol-descriptors.test.ts > Symbol intrinsic descriptors > matches native immutable prototype
AssertionError: expected { ok: true, returnValue: {}, …(2) } to match object { ok: true, returnValue: 'TypeError' }
(12 matching properties omitted from actual)

- Expected
+ Received

  {
    "ok": true,
-   "returnValue": "TypeError",
+   "returnValue": {},
  }

 ❯ packages/safe-js/src/interp/symbol-descriptors.test.ts:76:31
     74|     ["immutable prototype", "try{Symbol.prototype={}}catch(error){retu…
     75|   ])("matches native %s", async (_name, source) => {
     76|     expect(await run(source)).toMatchObject({
       |                               ^
     77|       ok: true,
     78|       returnValue: new Function("'use strict';" + source)()

 ✓ packages/safe-js/src/interp/symbol-boxing.test.ts (11 tests) 299ms

⎯⎯⎯⎯⎯⎯⎯ Failed Tests 2 ⎯⎯⎯⎯⎯⎯⎯

 FAIL  packages/safe-js/src/interp/symbol-descriptors.test.ts > Symbol intrinsic descriptors > matches native descriptor for prototype
AssertionError: expected { ok: true, …(3) } to match object { ok: true, …(1) }
(12 matching properties omitted from actual)

- Expected
+ Received

  {
    "ok": true,
    "returnValue": [
-     false,
+     true,
      false,
      false,
      "object",
    ],
  }

 ❯ packages/safe-js/src/interp/symbol-descriptors.test.ts:59:31
     57|   ])("matches native descriptor for %s", async (key) => {
     58|     const source = `const d=Object.getOwnPropertyDescriptor(Symbol,${J…
     59|     expect(await run(source)).toMatchObject({ ok: true, returnValue: n…
       |                               ^
     60|   });
     61|

⎯⎯⎯⎯⎯⎯⎯⎯⎯⎯⎯⎯⎯⎯⎯⎯⎯⎯⎯⎯⎯⎯⎯⎯[1/2]⎯

 FAIL  packages/safe-js/src/interp/symbol-descriptors.test.ts > Symbol intrinsic descriptors > matches native immutable prototype
AssertionError: expected { ok: true, returnValue: {}, …(2) } to match object { ok: true, returnValue: 'TypeError' }
(12 matching properties omitted from actual)

- Expected
+ Received

  {
    "ok": true,
-   "returnValue": "TypeError",
+   "returnValue": {},
  }

 ❯ packages/safe-js/src/interp/symbol-descriptors.test.ts:76:31
     74|     ["immutable prototype", "try{Symbol.prototype={}}catch(error){retu…
     75|   ])("matches native %s", async (_name, source) => {
     76|     expect(await run(source)).toMatchObject({
       |                               ^
     77|       ok: true,
     78|       returnValue: new Function("'use strict';" + source)()

⎯⎯⎯⎯⎯⎯⎯⎯⎯⎯⎯⎯⎯⎯⎯⎯⎯⎯⎯⎯⎯⎯⎯⎯[2/2]⎯


 Test Files  1 failed | 5 passed (6)
      Tests  2 failed | 195 passed (197)
   Start at  11:25:12
   Duration  7.12s (transform 3.90s, setup 127ms, import 6.88s, tests 5.98s, environment 0ms)

