
> poe-code@0.0.0-dev postinstall
> node scripts/postinstall-sync-skills.mjs


node:internal/modules/run_main:123
    triggerUncaughtException(
    ^
Error [ERR_MODULE_NOT_FOUND]: Cannot find module '/private/tmp/qualify-builtins-delivery-20260914/node_modules/@poe-code/agent-defs/dist/index.js' imported from /private/tmp/qualify-builtins-delivery-20260914/packages/agent-skill-config/src/configs.ts
    at finalizeResolution (node:internal/modules/esm/resolve:275:11)
    at moduleResolve (node:internal/modules/esm/resolve:861:10)
    at defaultResolve (node:internal/modules/esm/resolve:985:11)
    at nextResolve (node:internal/modules/esm/hooks:748:28)
    at resolveBase (file:///private/tmp/qualify-builtins-delivery-20260914/node_modules/tsx/dist/register-CqMfTiWi.mjs:2:8141)
    at resolveDirectory (file:///private/tmp/qualify-builtins-delivery-20260914/node_modules/tsx/dist/register-CqMfTiWi.mjs:2:9227)
    at resolveTsPaths (file:///private/tmp/qualify-builtins-delivery-20260914/node_modules/tsx/dist/register-CqMfTiWi.mjs:2:10757)
    at async resolve2 (file:///private/tmp/qualify-builtins-delivery-20260914/node_modules/tsx/dist/register-CqMfTiWi.mjs:2:11932)
    at async nextResolve (node:internal/modules/esm/hooks:748:22)
    at async Hooks.resolve (node:internal/modules/esm/hooks:240:24) {
  code: 'ERR_MODULE_NOT_FOUND',
  url: 'file:///private/tmp/qualify-builtins-delivery-20260914/node_modules/@poe-code/agent-defs/dist/index.js'
}

Node.js v22.23.2
Warning: skill sync failed during postinstall (exit code 1).

> poe-code@0.0.0-dev prepare
> husky


added 784 packages in 6s
