
 RUN  v4.1.11 /private/tmp/qualify-builtins-delivery-20260914

 ❯ packages/safe-js/src/interp/resizable-typed-array-integrity.test.ts (12 tests | 9 failed) 410ms
   × refuses integrity changes on resizable Uint8Array views without mutation 51ms
   × refuses integrity changes on resizable Float16Array views without mutation 33ms
   × refuses integrity changes on resizable BigInt64Array views without mutation 25ms
   × refuses Proxy false success before ownKeys and descriptor traps 26ms
   × forwards refusal through an empty Proxy handler 23ms
   ✓ preserves fixed-buffer and ordinary-object integrity controls 32ms
   × keeps a rejected view extensible through shrinking and regrowing its buffer 24ms
   × preserves rejected integrity changes across pending and completed replay 94ms
   × distinguishes fixed and length-tracking views of growable shared buffers 21ms
   × uses internal buffer state without consulting guest getters or prototypes 23ms
   ✓ queries fixed typed-array integrity from indexed descriptors 30ms
   ✓ keeps empty fixed typed-array integrity queries true after freezing 28ms
FAIL packages/safe-js/src/interp/resizable-typed-array-integrity.test.ts > refuses integrity changes on resizable Uint8Array views without mutation
TypeError: Resizable ArrayBuffer requires host runtime support.
⎯⎯⎯⎯⎯⎯⎯⎯⎯⎯⎯⎯⎯⎯⎯⎯⎯⎯⎯⎯⎯⎯⎯⎯⎯⎯⎯⎯⎯⎯
Serialized Error: { span: { start: { line: 1, column: 27, offset: 26 }, end: { line: 1, column: 65, offset: 64 } } }
FAIL packages/safe-js/src/interp/resizable-typed-array-integrity.test.ts > refuses integrity changes on resizable Float16Array views without mutation
TypeError: Resizable ArrayBuffer requires host runtime support.
⎯⎯⎯⎯⎯⎯⎯⎯⎯⎯⎯⎯⎯⎯⎯⎯⎯⎯⎯⎯⎯⎯⎯⎯⎯⎯⎯⎯⎯⎯
Serialized Error: { span: { start: { line: 1, column: 27, offset: 26 }, end: { line: 1, column: 65, offset: 64 } } }
FAIL packages/safe-js/src/interp/resizable-typed-array-integrity.test.ts > refuses integrity changes on resizable BigInt64Array views without mutation
TypeError: Resizable ArrayBuffer requires host runtime support.
⎯⎯⎯⎯⎯⎯⎯⎯⎯⎯⎯⎯⎯⎯⎯⎯⎯⎯⎯⎯⎯⎯⎯⎯⎯⎯⎯⎯⎯⎯
Serialized Error: { span: { start: { line: 1, column: 27, offset: 26 }, end: { line: 1, column: 65, offset: 64 } } }
FAIL packages/safe-js/src/interp/resizable-typed-array-integrity.test.ts > refuses Proxy false success before ownKeys and descriptor traps
TypeError: Resizable ArrayBuffer requires host runtime support.
⎯⎯⎯⎯⎯⎯⎯⎯⎯⎯⎯⎯⎯⎯⎯⎯⎯⎯⎯⎯⎯⎯⎯⎯⎯⎯⎯⎯⎯⎯
Serialized Error: { span: { start: { line: 1, column: 40, offset: 39 }, end: { line: 1, column: 76, offset: 75 } } }
FAIL packages/safe-js/src/interp/resizable-typed-array-integrity.test.ts > forwards refusal through an empty Proxy handler
TypeError: Resizable ArrayBuffer requires host runtime support.
⎯⎯⎯⎯⎯⎯⎯⎯⎯⎯⎯⎯⎯⎯⎯⎯⎯⎯⎯⎯⎯⎯⎯⎯⎯⎯⎯⎯⎯⎯
Serialized Error: { span: { start: { line: 1, column: 24, offset: 23 }, end: { line: 1, column: 60, offset: 59 } } }
FAIL packages/safe-js/src/interp/resizable-typed-array-integrity.test.ts > keeps a rejected view extensible through shrinking and regrowing its buffer
TypeError: Resizable ArrayBuffer requires host runtime support.
⎯⎯⎯⎯⎯⎯⎯⎯⎯⎯⎯⎯⎯⎯⎯⎯⎯⎯⎯⎯⎯⎯⎯⎯⎯⎯⎯⎯⎯⎯
Serialized Error: { span: { start: { line: 1, column: 9, offset: 8 }, end: { line: 1, column: 46, offset: 45 } } }
FAIL packages/safe-js/src/interp/resizable-typed-array-integrity.test.ts > preserves rejected integrity changes across pending and completed replay
AssertionError: expected { …(4) } to match object { ok: true, returnValue: [ …(3) ] }
(1 matching property omitted from actual)

- Expected
+ Received

  {
-   "ok": true,
-   "returnValue": [
-     "TypeError",
-     16,
-     true,
-   ],
+   "name": "TypeError",
  }

 ❯ packages/safe-js/src/interp/resizable-typed-array-integrity.test.ts:59:27
     57|   try {
     58|     const pending = restore(JSON.parse(await dump(execution)), { sourc…
     59|     expect(await settled).toMatchObject({ ok: true, returnValue: ["Typ…
       |                           ^
     60|     expect(await run(source, { snapshot: pending })).toMatchObject({ o…
     61|     const completed = restore(JSON.parse(await dump(execution)), { sou…

FAIL packages/safe-js/src/interp/resizable-typed-array-integrity.test.ts > distinguishes fixed and length-tracking views of growable shared buffers
TypeError: Growable SharedArrayBuffer requires host runtime support.
⎯⎯⎯⎯⎯⎯⎯⎯⎯⎯⎯⎯⎯⎯⎯⎯⎯⎯⎯⎯⎯⎯⎯⎯⎯⎯⎯⎯⎯⎯
Serialized Error: { span: { start: { line: 1, column: 9, offset: 8 }, end: { line: 1, column: 52, offset: 51 } } }
FAIL packages/safe-js/src/interp/resizable-typed-array-integrity.test.ts > uses internal buffer state without consulting guest getters or prototypes
TypeError: Resizable ArrayBuffer requires host runtime support.
⎯⎯⎯⎯⎯⎯⎯⎯⎯⎯⎯⎯⎯⎯⎯⎯⎯⎯⎯⎯⎯⎯⎯⎯⎯⎯⎯⎯⎯⎯
Serialized Error: { span: { start: { line: 1, column: 44, offset: 43 }, end: { line: 1, column: 80, offset: 79 } } }
 ✓ packages/safe-js/src/interp/array-length-coercion.test.ts (8 tests) 623ms
 ✓ packages/safe-js/src/interp/methods/string-regexp-bare-interpreter.test.ts (4 tests) 113ms
 ✓ packages/safe-js/src/interp/globals/bigint-constructor.test.ts (5 tests) 397ms

⎯⎯⎯⎯⎯⎯⎯ Failed Tests 9 ⎯⎯⎯⎯⎯⎯⎯

 FAIL  packages/safe-js/src/interp/resizable-typed-array-integrity.test.ts > refuses integrity changes on resizable Uint8Array views without mutation
 FAIL  packages/safe-js/src/interp/resizable-typed-array-integrity.test.ts > refuses integrity changes on resizable Float16Array views without mutation
 FAIL  packages/safe-js/src/interp/resizable-typed-array-integrity.test.ts > refuses integrity changes on resizable BigInt64Array views without mutation
TypeError: Resizable ArrayBuffer requires host runtime support.
⎯⎯⎯⎯⎯⎯⎯⎯⎯⎯⎯⎯⎯⎯⎯⎯⎯⎯⎯⎯⎯⎯⎯⎯[1/9]⎯

 FAIL  packages/safe-js/src/interp/resizable-typed-array-integrity.test.ts > refuses Proxy false success before ownKeys and descriptor traps
TypeError: Resizable ArrayBuffer requires host runtime support.
⎯⎯⎯⎯⎯⎯⎯⎯⎯⎯⎯⎯⎯⎯⎯⎯⎯⎯⎯⎯⎯⎯⎯⎯[2/9]⎯

 FAIL  packages/safe-js/src/interp/resizable-typed-array-integrity.test.ts > forwards refusal through an empty Proxy handler
TypeError: Resizable ArrayBuffer requires host runtime support.
⎯⎯⎯⎯⎯⎯⎯⎯⎯⎯⎯⎯⎯⎯⎯⎯⎯⎯⎯⎯⎯⎯⎯⎯[3/9]⎯

 FAIL  packages/safe-js/src/interp/resizable-typed-array-integrity.test.ts > keeps a rejected view extensible through shrinking and regrowing its buffer
TypeError: Resizable ArrayBuffer requires host runtime support.
⎯⎯⎯⎯⎯⎯⎯⎯⎯⎯⎯⎯⎯⎯⎯⎯⎯⎯⎯⎯⎯⎯⎯⎯[4/9]⎯

 FAIL  packages/safe-js/src/interp/resizable-typed-array-integrity.test.ts > preserves rejected integrity changes across pending and completed replay
AssertionError: expected { …(4) } to match object { ok: true, returnValue: [ …(3) ] }
(1 matching property omitted from actual)

- Expected
+ Received

  {
-   "ok": true,
-   "returnValue": [
-     "TypeError",
-     16,
-     true,
-   ],
+   "name": "TypeError",
  }

 ❯ packages/safe-js/src/interp/resizable-typed-array-integrity.test.ts:59:27
     57|   try {
     58|     const pending = restore(JSON.parse(await dump(execution)), { sourc…
     59|     expect(await settled).toMatchObject({ ok: true, returnValue: ["Typ…
       |                           ^
     60|     expect(await run(source, { snapshot: pending })).toMatchObject({ o…
     61|     const completed = restore(JSON.parse(await dump(execution)), { sou…

⎯⎯⎯⎯⎯⎯⎯⎯⎯⎯⎯⎯⎯⎯⎯⎯⎯⎯⎯⎯⎯⎯⎯⎯[5/9]⎯

 FAIL  packages/safe-js/src/interp/resizable-typed-array-integrity.test.ts > distinguishes fixed and length-tracking views of growable shared buffers
TypeError: Growable SharedArrayBuffer requires host runtime support.
⎯⎯⎯⎯⎯⎯⎯⎯⎯⎯⎯⎯⎯⎯⎯⎯⎯⎯⎯⎯⎯⎯⎯⎯[6/9]⎯

 FAIL  packages/safe-js/src/interp/resizable-typed-array-integrity.test.ts > uses internal buffer state without consulting guest getters or prototypes
TypeError: Resizable ArrayBuffer requires host runtime support.
⎯⎯⎯⎯⎯⎯⎯⎯⎯⎯⎯⎯⎯⎯⎯⎯⎯⎯⎯⎯⎯⎯⎯⎯[7/9]⎯


 Test Files  1 failed | 3 passed (4)
      Tests  9 failed | 20 passed (29)
   Start at  19:23:38
   Duration  3.47s (transform 3.17s, setup 124ms, import 4.89s, tests 1.54s, environment 0ms)

