
 RUN  v4.1.11 /private/tmp/poe-resource-delivery

 ❯ packages/safe-js/src/interp/measure-symbol-mutation.test.ts (5 tests | 2 failed) 9ms
   × omits a symbol removed by its descriptor trap without executing getters 5ms
   ✓ captures surviving symbol data before retained callbacks mutate it 1ms
   ✓ preserves descriptor errors and leaves failed reconciliation accounting unchanged 1ms
   × still charges surviving payloads and rolls back an over-limit charge 2ms
   ✓ does not suppress native proxy invariants for a nonconfigurable symbol 0ms
FAIL packages/safe-js/src/interp/measure-symbol-mutation.test.ts > omits a symbol removed by its descriptor trap without executing getters
TypeError: Cannot use 'in' operator to search for 'value' in undefined
 ❯ visit packages/safe-js/src/interp/values.ts:953:13
    951|         usage += 1;
    952|         visit(key, depth + 1);
    953|         if ("value" in descriptor) visit(descriptor.value, depth + 1);
       |             ^
    954|         else for (const closure of retainedAccessorClosures(descriptor…
    955|       }
 ❯ measureSandboxData packages/safe-js/src/interp/values.ts:1275:31
 ❯ packages/safe-js/src/interp/measure-symbol-mutation.test.ts:18:10

FAIL packages/safe-js/src/interp/measure-symbol-mutation.test.ts > still charges surviving payloads and rolls back an over-limit charge
AssertionError: expected error to match asymmetric matcher

- Expected
+ Received

- ObjectContaining {
-   "budget": "dataSize",
-   "code": "budgetExceeded",
-   "current": 10,
-   "limit": 9,
+ TypeError {
+   "message": "Cannot use 'in' operator to search for 'value' in undefined",
  }

 ❯ packages/safe-js/src/interp/measure-symbol-mutation.test.ts:61:58
     59|   const budget = new Budget({ dataSize: 9 });
     60|   budget.reconcileDataUsage(2);
     61|   expect(() => reconcileCompiledValues(budget, [value])).toThrow(
       |                                                          ^
     62|     expect.objectContaining({ code: "budgetExceeded", budget: "dataSiz…
     63|   );


⎯⎯⎯⎯⎯⎯⎯ Failed Tests 2 ⎯⎯⎯⎯⎯⎯⎯

 FAIL  packages/safe-js/src/interp/measure-symbol-mutation.test.ts > omits a symbol removed by its descriptor trap without executing getters
TypeError: Cannot use 'in' operator to search for 'value' in undefined
 ❯ visit packages/safe-js/src/interp/values.ts:953:13
    951|         usage += 1;
    952|         visit(key, depth + 1);
    953|         if ("value" in descriptor) visit(descriptor.value, depth + 1);
       |             ^
    954|         else for (const closure of retainedAccessorClosures(descriptor…
    955|       }
 ❯ measureSandboxData packages/safe-js/src/interp/values.ts:1275:31
 ❯ packages/safe-js/src/interp/measure-symbol-mutation.test.ts:18:10

⎯⎯⎯⎯⎯⎯⎯⎯⎯⎯⎯⎯⎯⎯⎯⎯⎯⎯⎯⎯⎯⎯⎯⎯[1/2]⎯

 FAIL  packages/safe-js/src/interp/measure-symbol-mutation.test.ts > still charges surviving payloads and rolls back an over-limit charge
AssertionError: expected error to match asymmetric matcher

- Expected
+ Received

- ObjectContaining {
-   "budget": "dataSize",
-   "code": "budgetExceeded",
-   "current": 10,
-   "limit": 9,
+ TypeError {
+   "message": "Cannot use 'in' operator to search for 'value' in undefined",
  }

 ❯ packages/safe-js/src/interp/measure-symbol-mutation.test.ts:61:58
     59|   const budget = new Budget({ dataSize: 9 });
     60|   budget.reconcileDataUsage(2);
     61|   expect(() => reconcileCompiledValues(budget, [value])).toThrow(
       |                                                          ^
     62|     expect.objectContaining({ code: "budgetExceeded", budget: "dataSiz…
     63|   );

⎯⎯⎯⎯⎯⎯⎯⎯⎯⎯⎯⎯⎯⎯⎯⎯⎯⎯⎯⎯⎯⎯⎯⎯[2/2]⎯


 Test Files  1 failed (1)
      Tests  2 failed | 3 passed (5)
   Start at  17:19:37
   Duration  1.86s (transform 1.35s, setup 36ms, import 1.74s, tests 9ms, environment 0ms)

