
 RUN  v4.1.11 /private/tmp/poe-resource-delivery

 ✓ packages/safe-js/src/interp/regex/public-scan-accounting-qualification.test.ts (3 tests) 80ms
 ✓ packages/safe-js/src/interp/regex/aggregate-scan-budget.test.ts (17 tests) 147ms
 ✓ packages/safe-js/src/interp/regexp-iterator-prototype.test.ts (35 tests) 857ms
 ✓ packages/safe-js/src/interp/regexp-match-payload-realm.test.ts (11 tests) 713ms
 ✓ packages/safe-js/src/interp/regexp-properties.test.ts (17 tests) 516ms
 ✓ packages/safe-js/src/interp/regex/compile-policy.test.ts (36 tests) 520ms
 ✓ packages/safe-js/src/interp/regex/compile-ownership.test.ts (11 tests) 295ms
 ✓ packages/safe-js/src/interp/regex/compile-helper-ownership.test.ts (10 tests) 184ms
 ✓ packages/safe-js/src/interp/regexp-presence.test.ts (7 tests) 157ms
 ✓ packages/safe-js/src/interp/regex/compile-helper-policy.test.ts (20 tests) 64ms
 ✓ packages/safe-js/src/interp/regex/compile-callback-receiver.test.ts (1 test) 57ms
 ✓ packages/safe-js/src/interp/regex/compile-callback-stack.test.ts (1 test) 45ms
 ✓ packages/safe-js/src/interp/regex/compile-ingress.test.ts (3 tests) 37ms
 ✓ packages/safe-js/src/interp/regex/engine.test.ts (33 tests) 10ms
 ✓ packages/safe-js/src/interp/regex/parse.test.ts (18 tests) 7ms
 ✓ packages/safe-js/src/interp/methods/string-split.independent.test.ts (808 tests) 13587ms

 Test Files  16 passed (16)
      Tests  1031 passed (1031)
   Start at  17:15:32
   Duration  16.01s (transform 3.06s, setup 175ms, import 7.87s, tests 17.28s, environment 1ms)

