
 RUN  v4.1.11 /private/tmp/poe-resource-delivery

 ❯ packages/safe-js/src/snapshot/restore-function-kind.test.ts (20 tests | 1 failed) 104ms
     ✓ counts registered retained roots once when a restored function completes:  16ms
     ✓ counts registered retained roots once when a restored function completes: async  4ms
     ✓ coerces restored computed parameter keys:  7ms
     ✓ coerces restored computed parameter keys: async  3ms
     ✓ keeps synchronous results synchronous: function target(value) { return value + 1; } 4ms
     ✓ keeps synchronous results synchronous: const target = value => value + 1; 2ms
     ✓ keeps synchronous results synchronous: const target = function named(value) { return value + 1; }; 2ms
     ✓ preserves the identity of returned guest objects 4ms
     ✓ preserves thrown guest values and catch timing 4ms
     ✓ supports named recursion with the active caller compilation owner 6ms
     ✓ preserves constructor calls inside a running interpreter 3ms
     ✓ keeps genuine async functions promise-valued 2ms
     × runs an async function prefix before resuming its caller 12ms
     ✓ adopts a thenable into the restored async promise itself: async function target() { return { then(resolve) { resolve(7); } }; } 3ms
     ✓ adopts a thenable into the restored async promise itself: const target = async () => ({ then(resolve) { resolve(7); } }); 4ms
     ✓ adopts a thenable into the restored async promise itself: const target = async function named() { return { then(resolve) { resolve(7); } }; }; 3ms
     ✓ finishes the synchronous prefix when an async function completes without await: return marker; 5ms
     ✓ finishes the synchronous prefix when an async function completes without await: throw marker; 4ms
     ✓ adopts an async return thenable without adopting a synchronous return 4ms
     ✓ does not turn fatal recursion limits into catchable guest exceptions 8ms
FAIL packages/safe-js/src/snapshot/restore-function-kind.test.ts > restored function execution kind > runs an async function prefix before resuming its caller
AssertionError: expected { ok: true, …(3) } to match object { ok: true, returnValue: [ 7, …(1) ] }
(4 matching properties omitted from actual)

- Expected
+ Received

@@ -5,10 +5,10 @@
      [
        1,
        2,
        3,
        4,
-       "caller",
        "after",
+       "caller",
      ],
    ],
  }

 ❯ packages/safe-js/src/snapshot/restore-function-kind.test.ts:155:7
    153|         { scope: state.currentScope, budget }
    154|       )
    155|     ).toMatchObject({ ok: true, returnValue: [7, [1, 2, 3, 4, "caller"…
       |       ^
    156|   });
    157|

 ❯ packages/safe-js/src/interp/methods/string-replacement-validation.test.ts (63 tests | 1 failed) 363ms
     × matches workflow 06 replacement/control fields, not STR-01 token metadata 241ms
     ✓ retains exact native return values for 'strings/reductions/r03-replacement-ca…' 35ms
     ✓ retains exact native return values for 'strings/reductions/r04-replacement-co…' 27ms
     ✓ anchors and enumerates numeric tokens: 'no captures' 1ms
     ✓ anchors and enumerates numeric tokens: 'one capture' 0ms
     ✓ anchors and enumerates numeric tokens: 'unset capture' 0ms
     ✓ anchors and enumerates numeric tokens: 'empty capture' 0ms
     ✓ anchors and enumerates numeric tokens: 'nine captures' 0ms
     ✓ anchors and enumerates numeric tokens: 'ten captures' 1ms
     ✓ anchors and enumerates numeric tokens: 'unset tenth capture' 0ms
     ✓ anchors and enumerates numeric tokens: 'twelve captures' 0ms
     ✓ anchors and enumerates numeric tokens: 'ninety-nine captures' 2ms
     ✓ anchors and enumerates numeric tokens: 'hundredth capture is not addressable' 2ms
     ✓ uses original input, never prior output or recursively expanded token text 0ms
     ✓ anchors '$&' /'(.+)'/ -> '$1' 0ms
     ✓ anchors 'a' /'(a)'/ -> '$$1|$$&|$$`|$$\'' 0ms
     ✓ anchors 'abc' /'z'/ -> '$&|$1|$`|$\'' 0ms
     ✓ anchors 'abc' /'b'/ -> '' 0ms
     ✓ anchors 'abc' /'b'/ -> 'plain' 0ms
     ✓ anchors 'ab' /'(?:)'/ -> '<$`|$\'>' 0ms
     ✓ anchors and enumerates numeric tokens: 'no captures' 0ms
     ✓ anchors and enumerates numeric tokens: 'one capture' 0ms
     ✓ anchors and enumerates numeric tokens: 'unset capture' 0ms
     ✓ anchors and enumerates numeric tokens: 'empty capture' 0ms
     ✓ anchors and enumerates numeric tokens: 'nine captures' 0ms
     ✓ anchors and enumerates numeric tokens: 'ten captures' 0ms
     ✓ anchors and enumerates numeric tokens: 'unset tenth capture' 0ms
     ✓ anchors and enumerates numeric tokens: 'twelve captures' 0ms
     ✓ anchors and enumerates numeric tokens: 'ninety-nine captures' 4ms
     ✓ anchors and enumerates numeric tokens: 'hundredth capture is not addressable' 3ms
     ✓ uses original input, never prior output or recursively expanded token text 0ms
     ✓ anchors '$&' /'(.+)'/ -> '$1' 0ms
     ✓ anchors 'a' /'(a)'/ -> '$$1|$$&|$$`|$$\'' 0ms
     ✓ anchors 'abc' /'z'/ -> '$&|$1|$`|$\'' 0ms
     ✓ anchors 'abc' /'b'/ -> '' 0ms
     ✓ anchors 'abc' /'b'/ -> 'plain' 0ms
     ✓ anchors 'ab' /'(?:)'/ -> '<$`|$\'>' 0ms
     ✓ anchors and enumerates numeric tokens: 'no captures' 0ms
     ✓ anchors and enumerates numeric tokens: 'one capture' 0ms
     ✓ anchors and enumerates numeric tokens: 'unset capture' 0ms
     ✓ anchors and enumerates numeric tokens: 'empty capture' 0ms
     ✓ anchors and enumerates numeric tokens: 'nine captures' 0ms
     ✓ anchors and enumerates numeric tokens: 'ten captures' 0ms
     ✓ anchors and enumerates numeric tokens: 'unset tenth capture' 1ms
     ✓ anchors and enumerates numeric tokens: 'twelve captures' 0ms
     ✓ anchors and enumerates numeric tokens: 'ninety-nine captures' 2ms
     ✓ anchors and enumerates numeric tokens: 'hundredth capture is not addressable' 2ms
     ✓ uses original input, never prior output or recursively expanded token text 0ms
     ✓ anchors '$&' /'(.+)'/ -> '$1' 0ms
     ✓ anchors 'a' /'(a)'/ -> '$$1|$$&|$$`|$$\'' 0ms
     ✓ anchors 'abc' /'z'/ -> '$&|$1|$`|$\'' 0ms
     ✓ anchors 'abc' /'b'/ -> '' 0ms
     ✓ anchors 'abc' /'b'/ -> 'plain' 0ms
     ✓ anchors 'ab' /'(?:)'/ -> '<$`|$\'>' 0ms
     ✓ retains native tokens for 'aba' / 'a' 0ms
     ✓ retains native tokens for 'abc' / 'z' 0ms
     ✓ retains native tokens for 'ab' / '' 0ms
     ✓ retains native tokens for '' / '' 0ms
     ✓ retains native tokens for 'aba' / 'a' 0ms
     ✓ retains native tokens for 'abc' / 'z' 0ms
     ✓ retains native tokens for 'ab' / '' 0ms
     ✓ retains native tokens for '' / '' 0ms
   ✓ keeps callback return tokens literal on regex and literal routes 28ms
FAIL packages/safe-js/src/interp/methods/string-replacement-validation.test.ts > STR-03 independent original-source validation > matches workflow 06 replacement/control fields, not STR-01 token metadata
SandboxError: Sandbox budget exceeded for steps: 10001 > 10000.
⎯⎯⎯⎯⎯⎯⎯⎯⎯⎯⎯⎯⎯⎯⎯⎯⎯⎯⎯⎯⎯⎯⎯⎯⎯⎯⎯⎯⎯⎯
Serialized Error: { code: 'budgetExceeded', budget: 'steps', current: 10001, limit: 10000, span: { start: { line: 20, column: 13, offset: 1057 }, end: { line: 20, column: 47, offset: 1091 } } }
 ❯ packages/safe-js/src/interp/regex/sequence-accounting.test.ts (2 tests | 1 failed) 4ms
   × charges literal sequence nodes and continuations without empty generator frames 2ms
   ✓ still rejects before the final literal when useful sequence work exceeds the limit 1ms
FAIL packages/safe-js/src/interp/regex/sequence-accounting.test.ts > charges literal sequence nodes and continuations without empty generator frames
SandboxError: Sandbox budget exceeded for steps: 10 > 9.
⎯⎯⎯⎯⎯⎯⎯⎯⎯⎯⎯⎯⎯⎯⎯⎯⎯⎯⎯⎯⎯⎯⎯⎯⎯⎯⎯⎯⎯⎯
Serialized Error: { code: 'budgetExceeded', budget: 'steps', current: 10, limit: 9 }
 ❯ packages/safe-js/src/interp/globals/collection-object-model.test.ts (34 tests | 4 failed) 1276ms
   ✓ exposes Map constructor metadata 48ms
   ✓ exposes Set constructor metadata 22ms
   ✓ exposes the standard Map prototype descriptor 28ms
   ✓ exposes the standard Set prototype descriptor 28ms
   ✓ links Map instances to their public prototype 24ms
   ✓ links Set instances to their public prototype 22ms
   ✓ shares { name: 'Map', method: 'get' } prototype methods across instances 21ms
   ✓ shares { name: 'Set', method: 'add' } prototype methods across instances 16ms
   ✓ supports borrowed Map prototype methods 24ms
   ✓ supports borrowed Set prototype methods 23ms
   ✓ provides standard Map prototype descriptors and aliases 18ms
   ✓ provides standard Set prototype descriptors and aliases 19ms
   ✓ shares Set keys and values exactly 20ms
   ✓ exposes undefined metadata 30ms
   ✓ exposes undefined metadata 21ms
   ✓ exposes undefined metadata 18ms
   ✓ exposes undefined metadata 20ms
   ✓ rejects forged Map receivers for size and methods 27ms
   ✓ rejects forged Set receivers for size and methods 26ms
   ✓ honors Map prototype method replacement and deletion 22ms
   ✓ honors Set prototype method replacement and deletion 21ms
   × preserves 'Map' prototype state in 'pending' checkpoints 159ms
   × preserves 'Map' prototype state in 'completed' checkpoints 113ms
   × preserves 'Set' prototype state in 'pending' checkpoints 99ms
   × preserves 'Set' prototype state in 'completed' checkpoints 95ms
   ✓ preserves callback receivers when using shared collection methods 29ms
   ✓ observes Map iterator getters before using the intrinsic cursor 25ms
   ✓ observes Set iterator getters before using the intrinsic cursor 27ms
   ✓ honors Map iterator replacement 28ms
   ✓ honors Set iterator replacement 23ms
   ✓ tracks mutations to the Map size getter itself 60ms
   ✓ tracks mutations to the Set size getter itself 68ms
   ✓ checks inherited Map properties without invoking getters 24ms
   ✓ checks inherited Set properties without invoking getters 25ms
FAIL packages/safe-js/src/interp/globals/collection-object-model.test.ts > preserves 'Map' prototype state in 'pending' checkpoints
SnapshotValidationError: Invalid snapshot at $.bindings.prototype.size: must be a data property; snapshot data must not have accessors
⎯⎯⎯⎯⎯⎯⎯⎯⎯⎯⎯⎯⎯⎯⎯⎯⎯⎯⎯⎯⎯⎯⎯⎯⎯⎯⎯⎯⎯⎯
Serialized Error: { code: 'invalidType', path: '$.bindings.prototype.size' }
FAIL packages/safe-js/src/interp/globals/collection-object-model.test.ts > preserves 'Map' prototype state in 'completed' checkpoints
SnapshotValidationError: Invalid snapshot at $.bindings.prototype.size: must be a data property; snapshot data must not have accessors
⎯⎯⎯⎯⎯⎯⎯⎯⎯⎯⎯⎯⎯⎯⎯⎯⎯⎯⎯⎯⎯⎯⎯⎯⎯⎯⎯⎯⎯⎯
Serialized Error: { code: 'invalidType', path: '$.bindings.prototype.size' }
FAIL packages/safe-js/src/interp/globals/collection-object-model.test.ts > preserves 'Set' prototype state in 'pending' checkpoints
SnapshotValidationError: Invalid snapshot at $.bindings.prototype.size: must be a data property; snapshot data must not have accessors
⎯⎯⎯⎯⎯⎯⎯⎯⎯⎯⎯⎯⎯⎯⎯⎯⎯⎯⎯⎯⎯⎯⎯⎯⎯⎯⎯⎯⎯⎯
Serialized Error: { code: 'invalidType', path: '$.bindings.prototype.size' }
FAIL packages/safe-js/src/interp/globals/collection-object-model.test.ts > preserves 'Set' prototype state in 'completed' checkpoints
SnapshotValidationError: Invalid snapshot at $.bindings.prototype.size: must be a data property; snapshot data must not have accessors
⎯⎯⎯⎯⎯⎯⎯⎯⎯⎯⎯⎯⎯⎯⎯⎯⎯⎯⎯⎯⎯⎯⎯⎯⎯⎯⎯⎯⎯⎯
Serialized Error: { code: 'invalidType', path: '$.bindings.prototype.size' }

⎯⎯⎯⎯⎯⎯⎯ Failed Tests 7 ⎯⎯⎯⎯⎯⎯⎯

 FAIL  packages/safe-js/src/snapshot/restore-function-kind.test.ts > restored function execution kind > runs an async function prefix before resuming its caller
AssertionError: expected { ok: true, …(3) } to match object { ok: true, returnValue: [ 7, …(1) ] }
(4 matching properties omitted from actual)

- Expected
+ Received

@@ -5,10 +5,10 @@
      [
        1,
        2,
        3,
        4,
-       "caller",
        "after",
+       "caller",
      ],
    ],
  }

 ❯ packages/safe-js/src/snapshot/restore-function-kind.test.ts:155:7
    153|         { scope: state.currentScope, budget }
    154|       )
    155|     ).toMatchObject({ ok: true, returnValue: [7, [1, 2, 3, 4, "caller"…
       |       ^
    156|   });
    157|

⎯⎯⎯⎯⎯⎯⎯⎯⎯⎯⎯⎯⎯⎯⎯⎯⎯⎯⎯⎯⎯⎯⎯⎯[1/7]⎯

 FAIL  packages/safe-js/src/interp/regex/sequence-accounting.test.ts > charges literal sequence nodes and continuations without empty generator frames
SandboxError: Sandbox budget exceeded for steps: 10 > 9.
⎯⎯⎯⎯⎯⎯⎯⎯⎯⎯⎯⎯⎯⎯⎯⎯⎯⎯⎯⎯⎯⎯⎯⎯[2/7]⎯

 FAIL  packages/safe-js/src/interp/methods/string-replacement-validation.test.ts > STR-03 independent original-source validation > matches workflow 06 replacement/control fields, not STR-01 token metadata
SandboxError: Sandbox budget exceeded for steps: 10001 > 10000.
⎯⎯⎯⎯⎯⎯⎯⎯⎯⎯⎯⎯⎯⎯⎯⎯⎯⎯⎯⎯⎯⎯⎯⎯[3/7]⎯

 FAIL  packages/safe-js/src/interp/globals/collection-object-model.test.ts > preserves 'Map' prototype state in 'pending' checkpoints
 FAIL  packages/safe-js/src/interp/globals/collection-object-model.test.ts > preserves 'Map' prototype state in 'completed' checkpoints
 FAIL  packages/safe-js/src/interp/globals/collection-object-model.test.ts > preserves 'Set' prototype state in 'pending' checkpoints
 FAIL  packages/safe-js/src/interp/globals/collection-object-model.test.ts > preserves 'Set' prototype state in 'completed' checkpoints
SnapshotValidationError: Invalid snapshot at $.bindings.prototype.size: must be a data property; snapshot data must not have accessors
⎯⎯⎯⎯⎯⎯⎯⎯⎯⎯⎯⎯⎯⎯⎯⎯⎯⎯⎯⎯⎯⎯⎯⎯[4/7]⎯


 Test Files  4 failed (4)
      Tests  7 failed | 112 passed (119)
   Start at  17:43:46
   Duration  3.93s (transform 2.84s, setup 112ms, import 4.25s, tests 1.75s, environment 0ms)

