
 RUN  v4.1.11 /private/tmp/poe-resource-delivery

 ❯ packages/safe-js/src/interp/promise-symbol-retained-accounting.test.ts (2 tests | 2 failed) 8ms
   × charges a Promise property symbol once across aliased roots 6ms
   × rolls back a failed Promise symbol charge and admits the exact boundary 1ms
FAIL packages/safe-js/src/interp/promise-symbol-retained-accounting.test.ts > charges a Promise property symbol once across aliased roots
AssertionError: expected 29 to be 42 // Object.is equality

- Expected
+ Received

- 42
+ 29

 ❯ packages/safe-js/src/interp/promise-symbol-retained-accounting.test.ts:16:41
     14|   Object.defineProperty(getPromiseProperties(promise), key, { value: 0…
     15|   const expected = baseline + 1 + 1 + "retained-key".length;
     16|   expect(measureSandboxData([promise])).toBe(expected);
       |                                         ^
     17|   expect(measureSandboxData([promise, promise, key])).toBe(expected);
     18| });

FAIL packages/safe-js/src/interp/promise-symbol-retained-accounting.test.ts > rolls back a failed Promise symbol charge and admits the exact boundary
AssertionError: expected function to throw an error, but it didn't
 ❯ packages/safe-js/src/interp/promise-symbol-retained-accounting.test.ts:27:60
     25|   const key = Symbol("abc");
     26|   Object.defineProperty(getPromiseProperties(promise), key, { value: 0…
     27|   expect(() => reconcileCompiledValues(budget, [promise])).toThrow(
       |                                                            ^
     28|     expect.objectContaining({
     29|       code: "budgetExceeded",


⎯⎯⎯⎯⎯⎯⎯ Failed Tests 2 ⎯⎯⎯⎯⎯⎯⎯

 FAIL  packages/safe-js/src/interp/promise-symbol-retained-accounting.test.ts > charges a Promise property symbol once across aliased roots
AssertionError: expected 29 to be 42 // Object.is equality

- Expected
+ Received

- 42
+ 29

 ❯ packages/safe-js/src/interp/promise-symbol-retained-accounting.test.ts:16:41
     14|   Object.defineProperty(getPromiseProperties(promise), key, { value: 0…
     15|   const expected = baseline + 1 + 1 + "retained-key".length;
     16|   expect(measureSandboxData([promise])).toBe(expected);
       |                                         ^
     17|   expect(measureSandboxData([promise, promise, key])).toBe(expected);
     18| });

⎯⎯⎯⎯⎯⎯⎯⎯⎯⎯⎯⎯⎯⎯⎯⎯⎯⎯⎯⎯⎯⎯⎯⎯[1/2]⎯

 FAIL  packages/safe-js/src/interp/promise-symbol-retained-accounting.test.ts > rolls back a failed Promise symbol charge and admits the exact boundary
AssertionError: expected function to throw an error, but it didn't
 ❯ packages/safe-js/src/interp/promise-symbol-retained-accounting.test.ts:27:60
     25|   const key = Symbol("abc");
     26|   Object.defineProperty(getPromiseProperties(promise), key, { value: 0…
     27|   expect(() => reconcileCompiledValues(budget, [promise])).toThrow(
       |                                                            ^
     28|     expect.objectContaining({
     29|       code: "budgetExceeded",

⎯⎯⎯⎯⎯⎯⎯⎯⎯⎯⎯⎯⎯⎯⎯⎯⎯⎯⎯⎯⎯⎯⎯⎯[2/2]⎯


 Test Files  1 failed (1)
      Tests  2 failed (2)
   Start at  17:17:07
   Duration  2.66s (transform 1.98s, setup 45ms, import 2.52s, tests 8ms, environment 0ms)

