
 RUN  v4.1.11 /private/tmp/poe-resource-delivery/packages/safe-python

 ❯ src/session-codec-standard-rejection.test.ts (3 tests | 3 failed) 93ms
   × standard handler rejections preserve pinned exception metadata (normal) 51ms
   × standard handler rejections preserve pinned exception metadata (cancel-return) 20ms
   × standard handler rejections preserve pinned exception metadata (cancel-throw) 22ms

⎯⎯⎯⎯⎯⎯⎯ Failed Tests 3 ⎯⎯⎯⎯⎯⎯⎯

 FAIL  src/session-codec-standard-rejection.test.ts > standard handler rejections preserve pinned exception metadata (normal)
AssertionError: expected 'strict TypeError (\'strict_errors() t…' to be 'strict TypeError (\'strict_errors() t…' // Object.is equality

- Expected
+ Received

- strict TypeError ('strict_errors() takes exactly one argument (0 given)',) None None True
+ strict TypeError ('strict_errors() takes exactly one argument (0 given)',) None None False
- strict TypeError ('strict_errors() takes exactly one argument (2 given)',) None None True
+ strict TypeError ('strict_errors() takes exactly one argument (2 given)',) None None False
- strict TypeError ('strict_errors() takes no keyword arguments',) None None True
+ strict TypeError ('strict_errors() takes no keyword arguments',) None None False
- strict TypeError ('codec must pass exception instance',) None None True
+ strict TypeError ('codec must pass exception instance',) None None False
- ignore TypeError ('ignore_errors() takes exactly one argument (0 given)',) None None True
+ ignore TypeError ('ignore_errors() takes exactly one argument (0 given)',) None None False
- ignore TypeError ('ignore_errors() takes exactly one argument (2 given)',) None None True
+ ignore TypeError ('ignore_errors() takes exactly one argument (2 given)',) None None False
- ignore TypeError ('ignore_errors() takes no keyword arguments',) None None True
+ ignore TypeError ('ignore_errors() takes no keyword arguments',) None None False
- ignore TypeError ("don't know how to handle NoneType in error callback",) None None True
+ ignore TypeError ("don't know how to handle NoneType in error callback",) None None False
- replace TypeError ('replace_errors() takes exactly one argument (0 given)',) None None True
+ replace TypeError ('replace_errors() takes exactly one argument (0 given)',) None None False
- replace TypeError ('replace_errors() takes exactly one argument (2 given)',) None None True
+ replace TypeError ('replace_errors() takes exactly one argument (2 given)',) None None False
- replace TypeError ('replace_errors() takes no keyword arguments',) None None True
+ replace TypeError ('replace_errors() takes no keyword arguments',) None None False
- replace TypeError ("don't know how to handle NoneType in error callback",) None None True
+ replace TypeError ("don't know how to handle NoneType in error callback",) None None False
- xmlcharrefreplace TypeError ('xmlcharrefreplace_errors() takes exactly one argument (0 given)',) None None True
+ xmlcharrefreplace TypeError ('xmlcharrefreplace_errors() takes exactly one argument (0 given)',) None None False
- xmlcharrefreplace TypeError ('xmlcharrefreplace_errors() takes exactly one argument (2 given)',) None None True
+ xmlcharrefreplace TypeError ('xmlcharrefreplace_errors() takes exactly one argument (2 given)',) None None False
- xmlcharrefreplace TypeError ('xmlcharrefreplace_errors() takes no keyword arguments',) None None True
+ xmlcharrefreplace TypeError ('xmlcharrefreplace_errors() takes no keyword arguments',) None None False
- xmlcharrefreplace TypeError ("don't know how to handle NoneType in error callback",) None None True
+ xmlcharrefreplace TypeError ("don't know how to handle NoneType in error callback",) None None False
- backslashreplace TypeError ('backslashreplace_errors() takes exactly one argument (0 given)',) None None True
+ backslashreplace TypeError ('backslashreplace_errors() takes exactly one argument (0 given)',) None None False
- backslashreplace TypeError ('backslashreplace_errors() takes exactly one argument (2 given)',) None None True
+ backslashreplace TypeError ('backslashreplace_errors() takes exactly one argument (2 given)',) None None False
- backslashreplace TypeError ('backslashreplace_errors() takes no keyword arguments',) None None True
+ backslashreplace TypeError ('backslashreplace_errors() takes no keyword arguments',) None None False
- backslashreplace TypeError ("don't know how to handle NoneType in error callback",) None None True
+ backslashreplace TypeError ("don't know how to handle NoneType in error callback",) None None False
- namereplace TypeError ('namereplace_errors() takes exactly one argument (0 given)',) None None True
+ namereplace TypeError ('namereplace_errors() takes exactly one argument (0 given)',) None None False
- namereplace TypeError ('namereplace_errors() takes exactly one argument (2 given)',) None None True
+ namereplace TypeError ('namereplace_errors() takes exactly one argument (2 given)',) None None False
- namereplace TypeError ('namereplace_errors() takes no keyword arguments',) None None True
+ namereplace TypeError ('namereplace_errors() takes no keyword arguments',) None None False
- namereplace TypeError ("don't know how to handle NoneType in error callback",) None None True
+ namereplace TypeError ("don't know how to handle NoneType in error callback",) None None False
- surrogatepass TypeError ('surrogatepass() takes exactly one argument (0 given)',) None None True
+ surrogatepass TypeError ('surrogatepass() takes exactly one argument (0 given)',) None None False
- surrogatepass TypeError ('surrogatepass() takes exactly one argument (2 given)',) None None True
+ surrogatepass TypeError ('surrogatepass() takes exactly one argument (2 given)',) None None False
- surrogatepass TypeError ('surrogatepass() takes no keyword arguments',) None None True
+ surrogatepass TypeError ('surrogatepass() takes no keyword arguments',) None None False
- surrogatepass TypeError ("don't know how to handle NoneType in error callback",) None None True
+ surrogatepass TypeError ("don't know how to handle NoneType in error callback",) None None False
- surrogateescape TypeError ('surrogateescape() takes exactly one argument (0 given)',) None None True
+ surrogateescape TypeError ('surrogateescape() takes exactly one argument (0 given)',) None None False
- surrogateescape TypeError ('surrogateescape() takes exactly one argument (2 given)',) None None True
+ surrogateescape TypeError ('surrogateescape() takes exactly one argument (2 given)',) None None False
- surrogateescape TypeError ('surrogateescape() takes no keyword arguments',) None None True
+ surrogateescape TypeError ('surrogateescape() takes no keyword arguments',) None None False
- surrogateescape TypeError ("don't know how to handle NoneType in error callback",) None None True
+ surrogateescape TypeError ("don't know how to handle NoneType in error callback",) None None False
- ignore object TypeError ("UnicodeError 'object' attribute is not set",) False True
+ ignore object TypeError ("UnicodeError 'object' attribute is not set",) False False
- replace object TypeError ("UnicodeError 'object' attribute must be a bytes",) False True
+ replace object TypeError ("UnicodeError 'object' attribute must be a bytes",) False False
- surrogatepass encoding TypeError ("UnicodeError 'encoding' attribute is not set",) False True
+ surrogatepass encoding TypeError ("UnicodeError 'encoding' attribute is not set",) False False
- surrogatepass encoding TypeError ("UnicodeError 'encoding' attribute must be a string",) False True
+ surrogatepass encoding TypeError ("UnicodeError 'encoding' attribute must be a string",) False False
  continue


 ❯ src/session-codec-standard-rejection.test.ts:32:18
     30|     expect(session.eval("1")).toBe(result);
     31|   }
     32|   expect(output).toBe(mode === "normal" ? reference.oracle.stdout : re…
       |                  ^
     33| });
     34|

⎯⎯⎯⎯⎯⎯⎯⎯⎯⎯⎯⎯⎯⎯⎯⎯⎯⎯⎯⎯⎯⎯⎯⎯[1/3]⎯

 FAIL  src/session-codec-standard-rejection.test.ts > standard handler rejections preserve pinned exception metadata (cancel-return)
 FAIL  src/session-codec-standard-rejection.test.ts > standard handler rejections preserve pinned exception metadata (cancel-throw)
AssertionError: expected 'strict TypeError (\'strict_errors() t…' to be 'strict TypeError (\'strict_errors() t…' // Object.is equality

- Expected
+ Received

- strict TypeError ('strict_errors() takes exactly one argument (0 given)',) None None True
+ strict TypeError ('strict_errors() takes exactly one argument (0 given)',) None None False
- strict TypeError ('strict_errors() takes exactly one argument (2 given)',) None None True
+ strict TypeError ('strict_errors() takes exactly one argument (2 given)',) None None False
- strict TypeError ('strict_errors() takes no keyword arguments',) None None True
+ strict TypeError ('strict_errors() takes no keyword arguments',) None None False
- strict TypeError ('codec must pass exception instance',) None None True
+ strict TypeError ('codec must pass exception instance',) None None False
- ignore TypeError ('ignore_errors() takes exactly one argument (0 given)',) None None True
+ ignore TypeError ('ignore_errors() takes exactly one argument (0 given)',) None None False
- ignore TypeError ('ignore_errors() takes exactly one argument (2 given)',) None None True
+ ignore TypeError ('ignore_errors() takes exactly one argument (2 given)',) None None False
- ignore TypeError ('ignore_errors() takes no keyword arguments',) None None True
+ ignore TypeError ('ignore_errors() takes no keyword arguments',) None None False
- ignore TypeError ("don't know how to handle NoneType in error callback",) None None True
+ ignore TypeError ("don't know how to handle NoneType in error callback",) None None False
- replace TypeError ('replace_errors() takes exactly one argument (0 given)',) None None True
+ replace TypeError ('replace_errors() takes exactly one argument (0 given)',) None None False
- replace TypeError ('replace_errors() takes exactly one argument (2 given)',) None None True
+ replace TypeError ('replace_errors() takes exactly one argument (2 given)',) None None False
- replace TypeError ('replace_errors() takes no keyword arguments',) None None True
+ replace TypeError ('replace_errors() takes no keyword arguments',) None None False
- replace TypeError ("don't know how to handle NoneType in error callback",) None None True
+ replace TypeError ("don't know how to handle NoneType in error callback",) None None False
- xmlcharrefreplace TypeError ('xmlcharrefreplace_errors() takes exactly one argument (0 given)',) None None True
+ xmlcharrefreplace TypeError ('xmlcharrefreplace_errors() takes exactly one argument (0 given)',) None None False
- xmlcharrefreplace TypeError ('xmlcharrefreplace_errors() takes exactly one argument (2 given)',) None None True
+ xmlcharrefreplace TypeError ('xmlcharrefreplace_errors() takes exactly one argument (2 given)',) None None False
- xmlcharrefreplace TypeError ('xmlcharrefreplace_errors() takes no keyword arguments',) None None True
+ xmlcharrefreplace TypeError ('xmlcharrefreplace_errors() takes no keyword arguments',) None None False
- xmlcharrefreplace TypeError ("don't know how to handle NoneType in error callback",) None None True
+ xmlcharrefreplace TypeError ("don't know how to handle NoneType in error callback",) None None False
- backslashreplace TypeError ('backslashreplace_errors() takes exactly one argument (0 given)',) None None True
+ backslashreplace TypeError ('backslashreplace_errors() takes exactly one argument (0 given)',) None None False
- backslashreplace TypeError ('backslashreplace_errors() takes exactly one argument (2 given)',) None None True
+ backslashreplace TypeError ('backslashreplace_errors() takes exactly one argument (2 given)',) None None False
- backslashreplace TypeError ('backslashreplace_errors() takes no keyword arguments',) None None True
+ backslashreplace TypeError ('backslashreplace_errors() takes no keyword arguments',) None None False
- backslashreplace TypeError ("don't know how to handle NoneType in error callback",) None None True
+ backslashreplace TypeError ("don't know how to handle NoneType in error callback",) None None False
- namereplace TypeError ('namereplace_errors() takes exactly one argument (0 given)',) None None True
+ namereplace TypeError ('namereplace_errors() takes exactly one argument (0 given)',) None None False
- namereplace TypeError ('namereplace_errors() takes exactly one argument (2 given)',) None None True
+ namereplace TypeError ('namereplace_errors() takes exactly one argument (2 given)',) None None False
- namereplace TypeError ('namereplace_errors() takes no keyword arguments',) None None True
+ namereplace TypeError ('namereplace_errors() takes no keyword arguments',) None None False
- namereplace TypeError ("don't know how to handle NoneType in error callback",) None None True
+ namereplace TypeError ("don't know how to handle NoneType in error callback",) None None False
- surrogatepass TypeError ('surrogatepass() takes exactly one argument (0 given)',) None None True
+ surrogatepass TypeError ('surrogatepass() takes exactly one argument (0 given)',) None None False
- surrogatepass TypeError ('surrogatepass() takes exactly one argument (2 given)',) None None True
+ surrogatepass TypeError ('surrogatepass() takes exactly one argument (2 given)',) None None False
- surrogatepass TypeError ('surrogatepass() takes no keyword arguments',) None None True
+ surrogatepass TypeError ('surrogatepass() takes no keyword arguments',) None None False
- surrogatepass TypeError ("don't know how to handle NoneType in error callback",) None None True
+ surrogatepass TypeError ("don't know how to handle NoneType in error callback",) None None False
- surrogateescape TypeError ('surrogateescape() takes exactly one argument (0 given)',) None None True
+ surrogateescape TypeError ('surrogateescape() takes exactly one argument (0 given)',) None None False
- surrogateescape TypeError ('surrogateescape() takes exactly one argument (2 given)',) None None True
+ surrogateescape TypeError ('surrogateescape() takes exactly one argument (2 given)',) None None False
- surrogateescape TypeError ('surrogateescape() takes no keyword arguments',) None None True
+ surrogateescape TypeError ('surrogateescape() takes no keyword arguments',) None None False
- surrogateescape TypeError ("don't know how to handle NoneType in error callback",) None None True
+ surrogateescape TypeError ("don't know how to handle NoneType in error callback",) None None False
- ignore object TypeError ("UnicodeError 'object' attribute is not set",) False True
+ ignore object TypeError ("UnicodeError 'object' attribute is not set",) False False
- replace object TypeError ("UnicodeError 'object' attribute must be a bytes",) False True
+ replace object TypeError ("UnicodeError 'object' attribute must be a bytes",) False False
- surrogatepass encoding TypeError ("UnicodeError 'encoding' attribute is not set",) False True
+ surrogatepass encoding TypeError ("UnicodeError 'encoding' attribute is not set",) False False
- surrogatepass encoding TypeError ("UnicodeError 'encoding' attribute must be a string",) False True
+ surrogatepass encoding TypeError ("UnicodeError 'encoding' attribute must be a string",) False False


 ❯ src/session-codec-standard-rejection.test.ts:32:18
     30|     expect(session.eval("1")).toBe(result);
     31|   }
     32|   expect(output).toBe(mode === "normal" ? reference.oracle.stdout : re…
       |                  ^
     33| });
     34|

⎯⎯⎯⎯⎯⎯⎯⎯⎯⎯⎯⎯⎯⎯⎯⎯⎯⎯⎯⎯⎯⎯⎯⎯[2/3]⎯


 Test Files  1 failed (1)
      Tests  3 failed (3)
   Start at  17:31:02
   Duration  2.45s (transform 1.78s, setup 0ms, import 2.27s, tests 93ms, environment 0ms)

