
 RUN  v4.1.11 /private/tmp/poe-resource-delivery

 ❯ packages/safe-js/src/interp/regex/aggregate-scan-budget.test.ts (0 test)
FAIL packages/safe-js/src/interp/regex/aggregate-scan-budget.test.ts
Error: Cannot find module '../intl-data/dist/numberformat-engine.js' imported from /private/tmp/poe-resource-delivery/packages/safe-js/src/interp/numberformat-portable.ts
 ❯ packages/safe-js/src/interp/numberformat-portable.ts:1:1
      1| import { NumberFormat as PortableNumberFormat } from "../intl-data/dis…
       | ^
      2| import { localeData } from "../intl-data/dist/numberformat.js";
      3| import type { SandboxValue } from "./values.js";
 ❯ packages/safe-js/src/interp/numberformat-backend.ts:2:1

⎯⎯⎯⎯⎯⎯⎯⎯⎯⎯⎯⎯⎯⎯⎯⎯⎯⎯⎯⎯⎯⎯⎯⎯⎯⎯⎯⎯⎯⎯
Serialized Error: { code: 'ERR_MODULE_NOT_FOUND' }
 ❯ packages/safe-js/src/interp/regex/public-scan-accounting-qualification.test.ts (0 test)
FAIL packages/safe-js/src/interp/regex/public-scan-accounting-qualification.test.ts
Error: Cannot find module '../intl-data/dist/numberformat-engine.js' imported from /private/tmp/poe-resource-delivery/packages/safe-js/src/interp/numberformat-portable.ts
 ❯ packages/safe-js/src/interp/numberformat-portable.ts:1:1
      1| import { NumberFormat as PortableNumberFormat } from "../intl-data/dis…
       | ^
      2| import { localeData } from "../intl-data/dist/numberformat.js";
      3| import type { SandboxValue } from "./values.js";
 ❯ packages/safe-js/src/interp/numberformat-backend.ts:2:1

⎯⎯⎯⎯⎯⎯⎯⎯⎯⎯⎯⎯⎯⎯⎯⎯⎯⎯⎯⎯⎯⎯⎯⎯⎯⎯⎯⎯⎯⎯
Serialized Error: { code: 'ERR_MODULE_NOT_FOUND' }

⎯⎯⎯⎯⎯⎯ Failed Suites 2 ⎯⎯⎯⎯⎯⎯⎯

 FAIL  packages/safe-js/src/interp/regex/aggregate-scan-budget.test.ts [ packages/safe-js/src/interp/regex/aggregate-scan-budget.test.ts ]
 FAIL  packages/safe-js/src/interp/regex/public-scan-accounting-qualification.test.ts [ packages/safe-js/src/interp/regex/public-scan-accounting-qualification.test.ts ]
Error: Cannot find module '../intl-data/dist/numberformat-engine.js' imported from /private/tmp/poe-resource-delivery/packages/safe-js/src/interp/numberformat-portable.ts
 ❯ packages/safe-js/src/interp/numberformat-portable.ts:1:1
      1| import { NumberFormat as PortableNumberFormat } from "../intl-data/dis…
       | ^
      2| import { localeData } from "../intl-data/dist/numberformat.js";
      3| import type { SandboxValue } from "./values.js";
 ❯ packages/safe-js/src/interp/numberformat-backend.ts:2:1

⎯⎯⎯⎯⎯⎯⎯⎯⎯⎯⎯⎯⎯⎯⎯⎯⎯⎯⎯⎯⎯⎯⎯⎯[1/2]⎯


 Test Files  2 failed (2)
      Tests  no tests
   Start at  17:14:55
   Duration  627ms (transform 894ms, setup 68ms, import 0ms, tests 0ms, environment 0ms)

