
 RUN  v4.1.11 /private/tmp/poe-resource-delivery

 ✓ packages/safe-js/src/interp/regex/sequence-accounting.test.ts (2 tests) 4ms
 ✓ packages/safe-js/src/interp/methods/string-replacement-validation.test.ts (63 tests) 296ms
 ✓ packages/safe-js/src/interp/regexp-iterator-prototype.test.ts (35 tests) 891ms
 ✓ packages/safe-js/src/interp/regexp-match-payload-realm.test.ts (11 tests) 709ms
 ✓ packages/safe-js/src/interp/regex/compile-policy.test.ts (36 tests) 524ms
 ✓ packages/safe-js/src/interp/regexp-properties.test.ts (17 tests) 479ms
 ✓ packages/safe-js/src/interp/regex/compile-ownership.test.ts (11 tests) 342ms
 ✓ packages/safe-js/src/interp/regex/compile-helper-ownership.test.ts (10 tests) 198ms
 ✓ packages/safe-js/src/interp/regexp-presence.test.ts (7 tests) 172ms
 ✓ packages/safe-js/src/interp/regex/aggregate-scan-budget.test.ts (17 tests) 161ms
 ✓ packages/safe-js/src/interp/regex/compile-helper-policy.test.ts (20 tests) 72ms
 ✓ packages/safe-js/src/interp/regex/public-scan-accounting-qualification.test.ts (3 tests) 104ms
 ✓ packages/safe-js/src/interp/regex/compile-callback-receiver.test.ts (1 test) 67ms
 ✓ packages/safe-js/src/interp/regex/compile-callback-stack.test.ts (1 test) 52ms
 ✓ packages/safe-js/src/interp/regex/compile-ingress.test.ts (3 tests) 47ms
 ✓ packages/safe-js/src/interp/regex/engine.test.ts (33 tests) 14ms
 ✓ packages/safe-js/src/interp/regex/parse.test.ts (18 tests) 6ms
 ✓ packages/safe-js/src/interp/methods/string-split.independent.test.ts (808 tests) 14060ms

 Test Files  18 passed (18)
      Tests  1096 passed (1096)
   Start at  17:47:40
   Duration  15.82s (transform 2.71s, setup 198ms, import 7.73s, tests 18.20s, environment 1ms)

