
 RUN  v4.1.11 /private/tmp/poe-resource-delivery

 ❯ packages/safe-js/src/interp/methods/string-split-admission.test.ts (3 tests | 1 failed) 5ms
   × rejects an oversized string split before visiting its output strings 4ms
   ✓ keeps exact-limit strings and UTF-16 empty-separator slots 1ms
   ✓ preserves trusted check suspension without truncating the split 0ms
FAIL packages/safe-js/src/interp/methods/string-split-admission.test.ts > rejects an oversized string split before visiting its output strings
AssertionError: expected [ [ ',' ], [ 'a' ], [ 'b' ], [ 'c' ] ] to deeply equal [ [ ',' ] ]

- Expected
+ Received

  [
    [
      ",",
    ],
+   [
+     "a",
+   ],
+   [
+     "b",
+   ],
+   [
+     "c",
+   ],
  ]

 ❯ packages/safe-js/src/interp/methods/string-split-admission.test.ts:12:30
     10|   );
     11|   // Separator coercion is required even when the output container is …
     12|   expect(strings.mock.calls).toEqual([[","]]);
       |                              ^
     13|   expect([...budget.retainedValues()]).toEqual([]);
     14|   expect(budget.currentDataSize).toBe(0);


⎯⎯⎯⎯⎯⎯⎯ Failed Tests 1 ⎯⎯⎯⎯⎯⎯⎯

 FAIL  packages/safe-js/src/interp/methods/string-split-admission.test.ts > rejects an oversized string split before visiting its output strings
AssertionError: expected [ [ ',' ], [ 'a' ], [ 'b' ], [ 'c' ] ] to deeply equal [ [ ',' ] ]

- Expected
+ Received

  [
    [
      ",",
    ],
+   [
+     "a",
+   ],
+   [
+     "b",
+   ],
+   [
+     "c",
+   ],
  ]

 ❯ packages/safe-js/src/interp/methods/string-split-admission.test.ts:12:30
     10|   );
     11|   // Separator coercion is required even when the output container is …
     12|   expect(strings.mock.calls).toEqual([[","]]);
       |                              ^
     13|   expect([...budget.retainedValues()]).toEqual([]);
     14|   expect(budget.currentDataSize).toBe(0);

⎯⎯⎯⎯⎯⎯⎯⎯⎯⎯⎯⎯⎯⎯⎯⎯⎯⎯⎯⎯⎯⎯⎯⎯[1/1]⎯


 Test Files  1 failed (1)
      Tests  1 failed | 2 passed (3)
   Start at  17:20:31
   Duration  1.89s (transform 1.39s, setup 34ms, import 1.79s, tests 5ms, environment 0ms)

