
 RUN  v4.1.11 /Users/kjopek/Workspace/poe-code-language-delivery

 ❯ packages/safe-js/src/interp/for-environment-lifetime.test.ts (4 tests | 4 failed) 226ms
   × separates initializer closures from test, body and increment environments 76ms
   × shares the test environment with the statement body 28ms
   × preserves loop closure environments through every generator phase (async=false) 71ms
   × preserves loop closure environments through every generator phase (async=true) 51ms
FAIL packages/safe-js/src/interp/for-environment-lifetime.test.ts > separates initializer closures from test, body and increment environments
AssertionError: expected { ok: true, …(3) } to match object { ok: true, returnValue: [ …(4) ] }
(12 matching properties omitted from actual)

- Expected
+ Received

@@ -1,15 +1,15 @@
  {
    "ok": true,
    "returnValue": [
      [
-       0,
-       0,
+       2,
+       2,
      ],
      [
-       0,
-       1,
+       2,
+       2,
        2,
      ],
      [
        0,
        1,

 ❯ packages/safe-js/src/interp/for-environment-lifetime.test.ts:17:29
     15|   const expected=[[0,0],[0,1,2],[0,1],[1,2]];
     16|   expect(runInNewContext(`(()=>{${source}})()`)).toEqual(expected);
     17|   expect(await run(source)).toMatchObject({ok:true,returnValue:expecte…
       |                             ^
     18| });
     19|

FAIL packages/safe-js/src/interp/for-environment-lifetime.test.ts > shares the test environment with the statement body
AssertionError: expected { ok: true, …(3) } to match object { ok: true, returnValue: [ …(4) ] }
(12 matching properties omitted from actual)

- Expected
+ Received

  {
    "ok": true,
    "returnValue": [
-     "outside",
+     "inside",
      "inside",
      "inside",
      "inside",
    ],
  }

 ❯ packages/safe-js/src/interp/for-environment-lifetime.test.ts:25:29
     23|       body=()=>x,run=false;
     24|     return [before(),test(),body(),after()];`;
     25|   expect(await run(source)).toMatchObject({ok:true,returnValue:["outsi…
       |                             ^
     26| });
     27|

FAIL packages/safe-js/src/interp/for-environment-lifetime.test.ts > preserves loop closure environments through every generator phase (async=false)
AssertionError: expected { value: [ [ 2, 2 ], …(3) ], …(1) } to deeply equal Object{ …(2) }

- Expected
+ Received

@@ -1,15 +1,15 @@
  {
    "done": true,
    "value": [
      [
-       0,
-       0,
+       2,
+       2,
      ],
      [
-       0,
-       1,
+       2,
+       2,
        2,
      ],
      [
        0,
        1,

 ❯ packages/safe-js/src/interp/for-environment-lifetime.test.ts:48:20
     46|     if(!next.ok)throw new Error(next.error.message);
     47|     const actual=isSandboxPromise(next.returnValue)?await next.returnV…
     48|     expect(actual).toEqual(await native.next());
       |                    ^
     49|   }
     50| });

FAIL packages/safe-js/src/interp/for-environment-lifetime.test.ts > preserves loop closure environments through every generator phase (async=true)
AssertionError: expected { value: [ [ 2, 2 ], …(3) ], …(1) } to deeply equal Object{ …(2) }

- Expected
+ Received

@@ -1,15 +1,15 @@
  {
    "done": true,
    "value": [
      [
-       0,
-       0,
+       2,
+       2,
      ],
      [
-       0,
-       1,
+       2,
+       2,
        2,
      ],
      [
        0,
        1,

 ❯ packages/safe-js/src/interp/for-environment-lifetime.test.ts:48:20
     46|     if(!next.ok)throw new Error(next.error.message);
     47|     const actual=isSandboxPromise(next.returnValue)?await next.returnV…
     48|     expect(actual).toEqual(await native.next());
       |                    ^
     49|   }
     50| });


⎯⎯⎯⎯⎯⎯⎯ Failed Tests 4 ⎯⎯⎯⎯⎯⎯⎯

 FAIL  packages/safe-js/src/interp/for-environment-lifetime.test.ts > separates initializer closures from test, body and increment environments
AssertionError: expected { ok: true, …(3) } to match object { ok: true, returnValue: [ …(4) ] }
(12 matching properties omitted from actual)

- Expected
+ Received

@@ -1,15 +1,15 @@
  {
    "ok": true,
    "returnValue": [
      [
-       0,
-       0,
+       2,
+       2,
      ],
      [
-       0,
-       1,
+       2,
+       2,
        2,
      ],
      [
        0,
        1,

 ❯ packages/safe-js/src/interp/for-environment-lifetime.test.ts:17:29
     15|   const expected=[[0,0],[0,1,2],[0,1],[1,2]];
     16|   expect(runInNewContext(`(()=>{${source}})()`)).toEqual(expected);
     17|   expect(await run(source)).toMatchObject({ok:true,returnValue:expecte…
       |                             ^
     18| });
     19|

⎯⎯⎯⎯⎯⎯⎯⎯⎯⎯⎯⎯⎯⎯⎯⎯⎯⎯⎯⎯⎯⎯⎯⎯[1/4]⎯

 FAIL  packages/safe-js/src/interp/for-environment-lifetime.test.ts > shares the test environment with the statement body
AssertionError: expected { ok: true, …(3) } to match object { ok: true, returnValue: [ …(4) ] }
(12 matching properties omitted from actual)

- Expected
+ Received

  {
    "ok": true,
    "returnValue": [
-     "outside",
+     "inside",
      "inside",
      "inside",
      "inside",
    ],
  }

 ❯ packages/safe-js/src/interp/for-environment-lifetime.test.ts:25:29
     23|       body=()=>x,run=false;
     24|     return [before(),test(),body(),after()];`;
     25|   expect(await run(source)).toMatchObject({ok:true,returnValue:["outsi…
       |                             ^
     26| });
     27|

⎯⎯⎯⎯⎯⎯⎯⎯⎯⎯⎯⎯⎯⎯⎯⎯⎯⎯⎯⎯⎯⎯⎯⎯[2/4]⎯

 FAIL  packages/safe-js/src/interp/for-environment-lifetime.test.ts > preserves loop closure environments through every generator phase (async=false)
 FAIL  packages/safe-js/src/interp/for-environment-lifetime.test.ts > preserves loop closure environments through every generator phase (async=true)
AssertionError: expected { value: [ [ 2, 2 ], …(3) ], …(1) } to deeply equal Object{ …(2) }

- Expected
+ Received

@@ -1,15 +1,15 @@
  {
    "done": true,
    "value": [
      [
-       0,
-       0,
+       2,
+       2,
      ],
      [
-       0,
-       1,
+       2,
+       2,
        2,
      ],
      [
        0,
        1,

 ❯ packages/safe-js/src/interp/for-environment-lifetime.test.ts:48:20
     46|     if(!next.ok)throw new Error(next.error.message);
     47|     const actual=isSandboxPromise(next.returnValue)?await next.returnV…
     48|     expect(actual).toEqual(await native.next());
       |                    ^
     49|   }
     50| });

⎯⎯⎯⎯⎯⎯⎯⎯⎯⎯⎯⎯⎯⎯⎯⎯⎯⎯⎯⎯⎯⎯⎯⎯[3/4]⎯


 Test Files  1 failed (1)
      Tests  4 failed (4)
   Start at  11:05:46
   Duration  2.43s (transform 1.68s, setup 41ms, import 2.08s, tests 226ms, environment 0ms)

