
 RUN  v4.1.11 /Users/kjopek/Workspace/poe-code-language-delivery

 ✓ packages/safe-js/src/lint.syntax-parity.test.ts (26 tests) 1176ms
 ✓ packages/safe-js/src/lint/function-syntax.stress.test.ts (14 tests) 1481ms
       ✓ matches native JavaScript at width 12  552ms
 ✓ packages/safe-js/src/lint/mutable-closures.stress.test.ts (25 tests) 3610ms
       ✓ matches native JavaScript at width 24  1144ms
       ✓ matches native JavaScript at width 24  724ms
       ✓ matches native JavaScript at width 24  429ms
 ✓ packages/safe-js/src/parse/keyword-methods-validation.test.ts (59 tests) 1203ms
 ✓ packages/safe-js/src/parse/keyword-methods.test.ts (75 tests) 1147ms
 ✓ packages/safe-js/src/parse/keyword-properties.test.ts (54 tests) 1110ms
 ✓ packages/safe-js/src/parse/contextual-labels.test.ts (24 tests) 784ms
 ✓ packages/safe-js/src/parse/contextual-from-validation.test.ts (59 tests) 577ms
 ✓ packages/safe-js/src/parse/let-await-yield-lookahead.test.ts (16 tests) 569ms
   ✓ retains eval early errors, source and generator state across repeated replay  555ms
 ✓ packages/safe-js/src/parse/new-tagged-template.test.ts (17 tests) 690ms
 ✓ packages/safe-js/src/parse/block-regexp-goal.test.ts (24 tests) 1160ms
   ✓ preserves regexp source and authority through repeated replay  409ms
 ✓ packages/safe-js/src/parse/template-decimal-escapes.test.ts (17 tests) 744ms
 ✓ packages/safe-js/src/parse/declaration-regexp-goal.test.ts (31 tests) 1094ms
   ✓ retains declaration source and host boundaries through replay  327ms
 ✓ packages/safe-js/src/parse/contextual-from.test.ts (45 tests) 743ms
 ✓ packages/safe-js/src/parse/literal-member-assignment-targets.test.ts (27 tests) 717ms
 ✓ packages/safe-js/src/parse/class-modifier-spellings.test.ts (16 tests) 586ms
   ✓ preserves eval errors, private closures and source across repeated replay  513ms
 ✓ packages/safe-js/src/parse/template-line-normalization.test.ts (20 tests) 696ms
 ✓ packages/safe-js/src/parse/eval-syntax-positions.test.ts (13 tests) 617ms
 ✓ packages/safe-js/src/parse/module-source-budget.test.ts (8 tests) 480ms
 ✓ packages/safe-js/src/parse/async-arrow-linebreak.test.ts (8 tests) 495ms
   ✓ preserves ReferenceError phase, ordinary arrow source and replay  468ms
 ✓ packages/safe-js/src/parse/contextual-shorthand.test.ts (6 tests) 606ms
 ✓ packages/safe-js/src/parse/parenthesized-pattern-targets.test.ts (15 tests) 546ms
   ✓ rejects before eval side effects and preserves grouped targets across replay  531ms
 ✓ packages/safe-js/src/parse/sloppy-let-statement-bodies.test.ts (20 tests) 509ms
 ✓ packages/safe-js/src/parse/contextual-of.test.ts (23 tests) 507ms
 ✓ packages/safe-js/src/parse/new-target-spelling.test.ts (12 tests) 546ms
   ✓ retains constructor new.target and eval errors through repeated replay  528ms
 ✓ packages/safe-js/src/parse/debugger-statements.test.ts (18 tests) 533ms
   ✓ preserves completion, saved source and host isolation across replay  502ms
 ✓ packages/safe-js/src/parse/optional-chain-template-early-error.test.ts (9 tests) 453ms
   ✓ rejects eval before executing any guest side effect  332ms
 ✓ packages/safe-js/src/parse/class-await-binding.test.ts (10 tests) 419ms
   ✓ retains contextual class source and identity across replay  405ms
 ✓ packages/safe-js/src/lint/function-syntax.test.ts (41 tests) 463ms
 ✓ packages/safe-js/src/parse/duplicate-prototype-setters.test.ts (21 tests) 496ms
   ✓ rejects direct, indirect and dynamic source without executing its side effects  422ms
 ✓ packages/safe-js/src/parse/contextual-arrow-parameters.test.ts (17 tests) 480ms
 ✓ packages/safe-js/src/parse/dynamic-html-comments.test.ts (10 tests) 371ms
 ✓ packages/safe-js/src/parse/lexical-statement-terminators.test.ts (10 tests) 222ms
 ✓ packages/safe-js/src/lint/known-globals-mc-001-validation.test.ts (22 tests) 364ms
 ✓ packages/safe-js/src/parse/conditional-decimal.independent.test.ts (36 tests) 314ms
 ✓ packages/safe-js/src/parse/yield-conditional-operand.test.ts (7 tests) 285ms
 ✓ packages/safe-js/src/parse/await-exponentiation.test.ts (13 tests) 256ms
 ✓ packages/safe-js/src/parse/template-regex-boundaries.test.ts (13 tests) 339ms
 ✓ packages/safe-js/src/parse/bindings.test.ts (20 tests) 240ms
 ✓ packages/safe-js/src/parse/for-of-async-lookahead.test.ts (9 tests) 203ms
 ✓ packages/safe-js/src/parse/for-of-let-lookahead.test.ts (9 tests) 235ms
 ✓ packages/safe-js/src/parse/legacy-for-in-initializers.test.ts (14 tests) 240ms
 ✓ packages/safe-js/src/parse/for-in-sequence.test.ts (10 tests) 207ms
 ✓ packages/safe-js/src/parse/static-catch-await.test.ts (14 tests) 233ms
 ✓ packages/safe-js/src/parse/assign-ids.test.ts (13 tests) 213ms
 ✓ packages/safe-js/src/parse/yield-precedence.test.ts (22 tests) 195ms
 ✓ packages/safe-js/src/lint/mutable-closures.test.ts (6 tests) 216ms
 ✓ packages/safe-js/src/parse/labeled-functions.test.ts (13 tests) 184ms
 ✓ packages/safe-js/src/parse/parse-import-meta.test.ts (14 tests) 186ms
 ✓ packages/safe-js/src/lint/eval-import-reads.test.ts (7 tests) 196ms
 ✓ packages/safe-js/src/parse/statement-body-declarations.test.ts (11 tests) 158ms
 ✓ packages/safe-js/src/lint/dynamic-import.test.ts (42 tests) 142ms
 ✓ packages/safe-js/src/parse/numeric-literals.test.ts (64 tests) 137ms
 ✓ packages/safe-js/src/parse/parser.test.ts (90 tests) 132ms
 ✓ packages/safe-js/src/lint/proxy-global.test.ts (4 tests) 116ms
 ✓ packages/safe-js/src/lint/known-globals-mc-001.test.ts (15 tests) 81ms
 ✓ packages/safe-js/src/parse/contextual-function-names.test.ts (45 tests) 143ms
 ✓ packages/safe-js/src/lint/prototype-access.test.ts (5 tests) 124ms
 ✓ packages/safe-js/src/lint/escape-globals.test.ts (6 tests) 95ms
 ✓ packages/safe-js/src/parse/lexical-host-stack.test.ts (3 tests) 75ms
 ✓ packages/safe-js/src/parse/dynamic-function.test.ts (111 tests) 109ms
 ✓ packages/safe-js/src/lint/atomics-global.test.ts (3 tests) 93ms
 ✓ packages/safe-js/src/lint/weak-collection-globals.test.ts (2 tests) 94ms
 ✓ packages/safe-js/src/parse/for-initializer-no-in.test.ts (32 tests) 90ms
 ✓ packages/safe-js/src/parse/lexical-regexp-qualification.test.ts (22 tests) 113ms
 ✓ packages/safe-js/src/lint/index.test.ts (41 tests) 80ms
 ✓ packages/safe-js/src/parse/ordinary-await.test.ts (14 tests) 72ms
 ✓ packages/safe-js/src/lint/weak-ref-global.test.ts (1 test) 62ms
 ✓ packages/safe-js/src/lint/rules/AS-frontmatter-field-unused.test.ts (6 tests) 43ms
 ✓ packages/safe-js/src/lint.test.ts (9 tests) 44ms
 ✓ packages/safe-js/src/lint/finalization-registry-global.test.ts (1 test) 72ms
 ✓ packages/safe-js/src/lint/rules/AS-large-literal.test.ts (7 tests) 45ms
 ✓ packages/safe-js/src/parse/dynamic-legacy-escapes.test.ts (32 tests) 27ms
 ✓ packages/safe-js/src/parse/classes.test.ts (37 tests) 22ms
 ✓ packages/safe-js/src/parse/dynamic-static-import.test.ts (40 tests) 33ms
 ✓ packages/safe-js/src/lint/classes.test.ts (17 tests) 27ms
 ✓ packages/safe-js/src/parse/dynamic-delete.test.ts (40 tests) 31ms
 ✓ packages/safe-js/src/parse/generator.test.ts (50 tests) 28ms
 ✓ packages/safe-js/src/parse/lexical-unicode-rendering.test.ts (7 tests) 22ms
 ✓ packages/safe-js/src/parse/hash.test.ts (33 tests) 22ms
 ✓ packages/safe-js/src/parse/escaped-keywords.test.ts (20 tests) 23ms
 ✓ packages/safe-js/src/parse/dynamic-legacy-numbers.test.ts (20 tests) 24ms
 ✓ packages/safe-js/src/parse/reserved-identifier-positions.test.ts (16 tests) 20ms
 ✓ packages/safe-js/src/parse/eval-script.test.ts (46 tests) 25ms
 ✓ packages/safe-js/src/parse/strict-restricted-targets.test.ts (4 tests) 17ms
 ✓ packages/safe-js/src/lint/rules/AS-unreachable.test.ts (20 tests) 15ms
 ✓ packages/safe-js/src/lint/rules/AS003.test.ts (21 tests) 21ms
 ✓ packages/safe-js/src/parse/bigint-literals.test.ts (18 tests) 20ms
 ✓ packages/safe-js/src/parse/private-classes.test.ts (23 tests) 20ms
 ✓ packages/safe-js/src/parse/strict-reserved-references.test.ts (16 tests) 21ms
 ✓ packages/safe-js/src/lint/rules/AS010.test.ts (13 tests) 15ms
 ✓ packages/safe-js/src/lint/rules/AS006-007.test.ts (14 tests) 14ms
 ✓ packages/safe-js/src/parse/tokenizer.test.ts (25 tests) 17ms
 ✓ packages/safe-js/src/lint/rules/AS-needless-template.test.ts (11 tests) 12ms
 ✓ packages/safe-js/src/lint/iterator-constructor.test.ts (1 test) 14ms
 ✓ packages/safe-js/src/parse/function-strict-parameters.test.ts (22 tests) 19ms
 ✓ packages/safe-js/src/lint/rules/AS-jsdoc-type.test.ts (14 tests) 14ms
 ✓ packages/safe-js/src/lint/reflect.test.ts (1 test) 13ms
 ✓ packages/safe-js/src/parse/object-rest-assignment.test.ts (14 tests) 13ms
 ✓ packages/safe-js/src/lint/rules/AS-destructure-null-default.test.ts (14 tests) 12ms
 ✓ packages/safe-js/src/lint/runtime-modules.test.ts (2 tests) 16ms
 ✓ packages/safe-js/src/lint/bigint-typed-array.test.ts (2 tests) 12ms
 ✓ packages/safe-js/src/parse/parse-export.test.ts (9 tests) 13ms
 ✓ packages/safe-js/src/parse/resource-declarations.test.ts (24 tests) 14ms
 ✓ packages/safe-js/src/lint/rules/AS009.test.ts (12 tests) 13ms
 ✓ packages/safe-js/src/parse/sloppy-let-statements.test.ts (14 tests) 21ms
 ✓ packages/safe-js/src/lint/rules/AS-floating-promise.test.ts (14 tests) 12ms
 ✓ packages/safe-js/src/lint/rules/AS-unused-import.test.ts (14 tests) 13ms
 ✓ packages/safe-js/src/parse/loop-var-conflicts.test.ts (17 tests) 15ms
 ✓ packages/safe-js/src/parse/format-error.test.ts (13 tests) 13ms
 ✓ packages/safe-js/src/lint/rules/AS-async-not-needed.test.ts (13 tests) 13ms
 ✓ packages/safe-js/src/lint/temporal.test.ts (1 test) 12ms
 ✓ packages/safe-js/src/lint/rules/AS015.test.ts (12 tests) 13ms
 ✓ packages/safe-js/src/lint/rules/AS014.test.ts (11 tests) 12ms
 ✓ packages/safe-js/src/lint/lexical-source-diagnostics.test.ts (6 tests) 14ms
 ✓ packages/safe-js/src/lint/rules/AS-missing-async.test.ts (11 tests) 11ms
 ✓ packages/safe-js/src/lint/rules/AS-mutating-frozen.test.ts (11 tests) 12ms
 ✓ packages/safe-js/src/parse/dynamic-import.test.ts (11 tests) 11ms
 ✓ packages/safe-js/src/lint/rules/AS013.test.ts (11 tests) 12ms
 ✓ packages/safe-js/src/lint/float16-array.test.ts (1 test) 11ms
 ✓ packages/safe-js/src/lint/rules/AS-unbounded-loop.test.ts (13 tests) 12ms
 ✓ packages/safe-js/src/lint/rules/AS-import-cycle.test.ts (6 tests) 8ms
 ✓ packages/safe-js/src/lint/array-buffer.test.ts (1 test) 11ms
 ✓ packages/safe-js/src/lint/rules/AS005.test.ts (13 tests) 10ms
 ✓ packages/safe-js/src/lint/eval-binding-reads.test.ts (9 tests) 11ms
 ✓ packages/safe-js/src/lint/rules/AS-export-import-meta.test.ts (6 tests) 8ms
 ✓ packages/safe-js/src/parse/template-escape-positions.test.ts (21 tests) 8ms
 ✓ packages/safe-js/src/lint/rules/AS004.test.ts (10 tests) 10ms
 ✓ packages/safe-js/src/parse/eval-source-budget.test.ts (6 tests) 8ms
 ✓ packages/safe-js/src/lint/rules/AS001.test.ts (36 tests) 9ms
 ✓ packages/safe-js/src/parse/unicode-whitespace.test.ts (20 tests) 10ms
 ✓ packages/safe-js/src/parse/parse-switch.test.ts (3 tests) 7ms
 ✓ packages/safe-js/src/lint/rules/AS-shadow-global.test.ts (7 tests) 9ms
 ✓ packages/safe-js/src/parse/unicode-line-continuations.test.ts (2 tests) 6ms
 ✓ packages/safe-js/src/parse/function-source.test.ts (3 tests) 7ms
 ✓ packages/safe-js/src/parse/unicode-line-terminators.test.ts (4 tests) 6ms
 ✓ packages/safe-js/src/parse/private-name-context.test.ts (3 tests) 4ms
 ✓ packages/safe-js/src/parse/private-identifiers.test.ts (8 tests) 5ms
 ✓ packages/safe-js/src/lint/rules/module-registry.test.ts (2 tests) 3ms
 ↓ packages/safe-js/src/parse/fuzz.test.ts (1 test | 1 skipped)

 Test Files  139 passed | 1 skipped (140)
      Tests  2537 passed | 1 skipped (2538)
   Start at  12:05:13
   Duration  38.66s (transform 3.78s, setup 1.46s, import 31.78s, tests 33.03s, environment 8ms)

