TAP version 13
# {"actualEngineLoad":"/private/tmp/safe-bash-safejs-isolated-ZicyG4/baseline/packages/safejs/src/run.ts","sha256":"92382a36b94bc5be7f8fc0372bb4b91428fd137ba86742c5d6f75865726e5512"}
# {"actualEngineLoad":"/private/tmp/safe-bash-safejs-isolated-ZicyG4/baseline/packages/safejs/src/interp/interpreter.ts","sha256":"9144707a43315e80cd75ff6dfdf650760d196c2b9fc09f5876b86ff551a3338d"}
# Subtest: preserves primitive null exactly
not ok 1 - preserves primitive null exactly
  ---
  duration_ms: 6.197083
  type: 'test'
  location: '/Users/kjopek/Workspace/safe-bash/tests/commands/safejs-stress/reason-contract.probe.mjs:31:3'
  failureType: 'testCodeFailure'
  error: 'Expected rejection'
  code: 'ERR_ASSERTION'
  name: 'AssertionError'
  operator: 'fail'
  stack: |-
    rejection (/Users/kjopek/Workspace/safe-bash/tests/commands/safejs-stress/reason-contract.probe.mjs:17:10)
    async TestContext.<anonymous> (/Users/kjopek/Workspace/safe-bash/tests/commands/safejs-stress/reason-contract.probe.mjs:32:19)
    async Test.run (node:internal/test_runner/test:1054:7)
    async startSubtestAfterBootstrap (node:internal/test_runner/harness:296:3)
  ...
# Subtest: preserves primitive false exactly
not ok 2 - preserves primitive false exactly
  ---
  duration_ms: 1.370792
  type: 'test'
  location: '/Users/kjopek/Workspace/safe-bash/tests/commands/safejs-stress/reason-contract.probe.mjs:31:3'
  failureType: 'testCodeFailure'
  error: 'Expected rejection'
  code: 'ERR_ASSERTION'
  name: 'AssertionError'
  operator: 'fail'
  stack: |-
    rejection (/Users/kjopek/Workspace/safe-bash/tests/commands/safejs-stress/reason-contract.probe.mjs:17:10)
    async TestContext.<anonymous> (/Users/kjopek/Workspace/safe-bash/tests/commands/safejs-stress/reason-contract.probe.mjs:32:19)
    async Test.run (node:internal/test_runner/test:1054:7)
    async Test.processPendingSubtests (node:internal/test_runner/test:744:7)
  ...
# Subtest: preserves primitive 0 exactly
not ok 3 - preserves primitive 0 exactly
  ---
  duration_ms: 0.88575
  type: 'test'
  location: '/Users/kjopek/Workspace/safe-bash/tests/commands/safejs-stress/reason-contract.probe.mjs:31:3'
  failureType: 'testCodeFailure'
  error: 'Expected rejection'
  code: 'ERR_ASSERTION'
  name: 'AssertionError'
  operator: 'fail'
  stack: |-
    rejection (/Users/kjopek/Workspace/safe-bash/tests/commands/safejs-stress/reason-contract.probe.mjs:17:10)
    async TestContext.<anonymous> (/Users/kjopek/Workspace/safe-bash/tests/commands/safejs-stress/reason-contract.probe.mjs:32:19)
    async Test.run (node:internal/test_runner/test:1054:7)
    async Test.processPendingSubtests (node:internal/test_runner/test:744:7)
  ...
# Subtest: preserves primitive 0 exactly
not ok 4 - preserves primitive 0 exactly
  ---
  duration_ms: 0.502042
  type: 'test'
  location: '/Users/kjopek/Workspace/safe-bash/tests/commands/safejs-stress/reason-contract.probe.mjs:31:3'
  failureType: 'testCodeFailure'
  error: 'Expected rejection'
  code: 'ERR_ASSERTION'
  name: 'AssertionError'
  operator: 'fail'
  stack: |-
    rejection (/Users/kjopek/Workspace/safe-bash/tests/commands/safejs-stress/reason-contract.probe.mjs:17:10)
    async TestContext.<anonymous> (/Users/kjopek/Workspace/safe-bash/tests/commands/safejs-stress/reason-contract.probe.mjs:32:19)
    async Test.run (node:internal/test_runner/test:1054:7)
    async Test.processPendingSubtests (node:internal/test_runner/test:744:7)
  ...
# Subtest: preserves primitive  exactly
not ok 5 - preserves primitive  exactly
  ---
  duration_ms: 0.987166
  type: 'test'
  location: '/Users/kjopek/Workspace/safe-bash/tests/commands/safejs-stress/reason-contract.probe.mjs:31:3'
  failureType: 'testCodeFailure'
  error: 'Expected rejection'
  code: 'ERR_ASSERTION'
  name: 'AssertionError'
  operator: 'fail'
  stack: |-
    rejection (/Users/kjopek/Workspace/safe-bash/tests/commands/safejs-stress/reason-contract.probe.mjs:17:10)
    async TestContext.<anonymous> (/Users/kjopek/Workspace/safe-bash/tests/commands/safejs-stress/reason-contract.probe.mjs:32:19)
    async Test.run (node:internal/test_runner/test:1054:7)
    async Test.processPendingSubtests (node:internal/test_runner/test:744:7)
  ...
# Subtest: preserves primitive custom primitive reason exactly
not ok 6 - preserves primitive custom primitive reason exactly
  ---
  duration_ms: 0.494042
  type: 'test'
  location: '/Users/kjopek/Workspace/safe-bash/tests/commands/safejs-stress/reason-contract.probe.mjs:31:3'
  failureType: 'testCodeFailure'
  error: 'Expected rejection'
  code: 'ERR_ASSERTION'
  name: 'AssertionError'
  operator: 'fail'
  stack: |-
    rejection (/Users/kjopek/Workspace/safe-bash/tests/commands/safejs-stress/reason-contract.probe.mjs:17:10)
    async TestContext.<anonymous> (/Users/kjopek/Workspace/safe-bash/tests/commands/safejs-stress/reason-contract.probe.mjs:32:19)
    async Test.run (node:internal/test_runner/test:1054:7)
    async Test.processPendingSubtests (node:internal/test_runner/test:744:7)
  ...
# Subtest: preserves primitive 7 exactly
not ok 7 - preserves primitive 7 exactly
  ---
  duration_ms: 0.438458
  type: 'test'
  location: '/Users/kjopek/Workspace/safe-bash/tests/commands/safejs-stress/reason-contract.probe.mjs:31:3'
  failureType: 'testCodeFailure'
  error: 'Expected rejection'
  code: 'ERR_ASSERTION'
  name: 'AssertionError'
  operator: 'fail'
  stack: |-
    rejection (/Users/kjopek/Workspace/safe-bash/tests/commands/safejs-stress/reason-contract.probe.mjs:17:10)
    async TestContext.<anonymous> (/Users/kjopek/Workspace/safe-bash/tests/commands/safejs-stress/reason-contract.probe.mjs:32:19)
    async Test.run (node:internal/test_runner/test:1054:7)
    async Test.processPendingSubtests (node:internal/test_runner/test:744:7)
  ...
# Subtest: preserves primitive Symbol(cancel) exactly
not ok 8 - preserves primitive Symbol(cancel) exactly
  ---
  duration_ms: 0.536916
  type: 'test'
  location: '/Users/kjopek/Workspace/safe-bash/tests/commands/safejs-stress/reason-contract.probe.mjs:31:3'
  failureType: 'testCodeFailure'
  error: 'Expected rejection'
  code: 'ERR_ASSERTION'
  name: 'AssertionError'
  operator: 'fail'
  stack: |-
    rejection (/Users/kjopek/Workspace/safe-bash/tests/commands/safejs-stress/reason-contract.probe.mjs:17:10)
    async TestContext.<anonymous> (/Users/kjopek/Workspace/safe-bash/tests/commands/safejs-stress/reason-contract.probe.mjs:32:19)
    async Test.run (node:internal/test_runner/test:1054:7)
    async Test.processPendingSubtests (node:internal/test_runner/test:744:7)
  ...
# Subtest: shapes default with untouched exact cause
not ok 9 - shapes default with untouched exact cause
  ---
  duration_ms: 2.256208
  type: 'test'
  location: '/Users/kjopek/Workspace/safe-bash/tests/commands/safejs-stress/reason-contract.probe.mjs:38:3'
  failureType: 'testCodeFailure'
  error: 'Expected rejection'
  code: 'ERR_ASSERTION'
  name: 'AssertionError'
  operator: 'fail'
  stack: |-
    rejection (/Users/kjopek/Workspace/safe-bash/tests/commands/safejs-stress/reason-contract.probe.mjs:17:10)
    async TestContext.<anonymous> (/Users/kjopek/Workspace/safe-bash/tests/commands/safejs-stress/reason-contract.probe.mjs:49:19)
    async Test.run (node:internal/test_runner/test:1054:7)
    async Test.processPendingSubtests (node:internal/test_runner/test:744:7)
  ...
# Subtest: shapes frozen-default with untouched exact cause
not ok 10 - shapes frozen-default with untouched exact cause
  ---
  duration_ms: 0.797834
  type: 'test'
  location: '/Users/kjopek/Workspace/safe-bash/tests/commands/safejs-stress/reason-contract.probe.mjs:38:3'
  failureType: 'testCodeFailure'
  error: 'Expected rejection'
  code: 'ERR_ASSERTION'
  name: 'AssertionError'
  operator: 'fail'
  stack: |-
    rejection (/Users/kjopek/Workspace/safe-bash/tests/commands/safejs-stress/reason-contract.probe.mjs:17:10)
    async TestContext.<anonymous> (/Users/kjopek/Workspace/safe-bash/tests/commands/safejs-stress/reason-contract.probe.mjs:49:19)
    async Test.run (node:internal/test_runner/test:1054:7)
    async Test.processPendingSubtests (node:internal/test_runner/test:744:7)
  ...
# Subtest: shapes custom-error with untouched exact cause
not ok 11 - shapes custom-error with untouched exact cause
  ---
  duration_ms: 0.666792
  type: 'test'
  location: '/Users/kjopek/Workspace/safe-bash/tests/commands/safejs-stress/reason-contract.probe.mjs:38:3'
  failureType: 'testCodeFailure'
  error: 'Expected rejection'
  code: 'ERR_ASSERTION'
  name: 'AssertionError'
  operator: 'fail'
  stack: |-
    rejection (/Users/kjopek/Workspace/safe-bash/tests/commands/safejs-stress/reason-contract.probe.mjs:17:10)
    async TestContext.<anonymous> (/Users/kjopek/Workspace/safe-bash/tests/commands/safejs-stress/reason-contract.probe.mjs:49:19)
    async Test.run (node:internal/test_runner/test:1054:7)
    async Test.processPendingSubtests (node:internal/test_runner/test:744:7)
  ...
# Subtest: shapes frozen-error with untouched exact cause
not ok 12 - shapes frozen-error with untouched exact cause
  ---
  duration_ms: 0.348959
  type: 'test'
  location: '/Users/kjopek/Workspace/safe-bash/tests/commands/safejs-stress/reason-contract.probe.mjs:38:3'
  failureType: 'testCodeFailure'
  error: 'Expected rejection'
  code: 'ERR_ASSERTION'
  name: 'AssertionError'
  operator: 'fail'
  stack: |-
    rejection (/Users/kjopek/Workspace/safe-bash/tests/commands/safejs-stress/reason-contract.probe.mjs:17:10)
    async TestContext.<anonymous> (/Users/kjopek/Workspace/safe-bash/tests/commands/safejs-stress/reason-contract.probe.mjs:49:19)
    async Test.run (node:internal/test_runner/test:1054:7)
    async Test.processPendingSubtests (node:internal/test_runner/test:744:7)
  ...
# Subtest: shapes frozen-record with untouched exact cause
not ok 13 - shapes frozen-record with untouched exact cause
  ---
  duration_ms: 0.334292
  type: 'test'
  location: '/Users/kjopek/Workspace/safe-bash/tests/commands/safejs-stress/reason-contract.probe.mjs:38:3'
  failureType: 'testCodeFailure'
  error: 'Expected rejection'
  code: 'ERR_ASSERTION'
  name: 'AssertionError'
  operator: 'fail'
  stack: |-
    rejection (/Users/kjopek/Workspace/safe-bash/tests/commands/safejs-stress/reason-contract.probe.mjs:17:10)
    async TestContext.<anonymous> (/Users/kjopek/Workspace/safe-bash/tests/commands/safejs-stress/reason-contract.probe.mjs:49:19)
    async Test.run (node:internal/test_runner/test:1054:7)
    async Test.processPendingSubtests (node:internal/test_runner/test:744:7)
  ...
# Subtest: shapes frozen-function with untouched exact cause
not ok 14 - shapes frozen-function with untouched exact cause
  ---
  duration_ms: 0.407083
  type: 'test'
  location: '/Users/kjopek/Workspace/safe-bash/tests/commands/safejs-stress/reason-contract.probe.mjs:38:3'
  failureType: 'testCodeFailure'
  error: 'Expected rejection'
  code: 'ERR_ASSERTION'
  name: 'AssertionError'
  operator: 'fail'
  stack: |-
    rejection (/Users/kjopek/Workspace/safe-bash/tests/commands/safejs-stress/reason-contract.probe.mjs:17:10)
    async TestContext.<anonymous> (/Users/kjopek/Workspace/safe-bash/tests/commands/safejs-stress/reason-contract.probe.mjs:49:19)
    async Test.run (node:internal/test_runner/test:1054:7)
    async Test.processPendingSubtests (node:internal/test_runner/test:744:7)
  ...
# Subtest: does not read reason getters, stringify it, or traverse its prototype
not ok 15 - does not read reason getters, stringify it, or traverse its prototype
  ---
  duration_ms: 0.433875
  type: 'test'
  location: '/Users/kjopek/Workspace/safe-bash/tests/commands/safejs-stress/reason-contract.probe.mjs:60:1'
  failureType: 'testCodeFailure'
  error: 'Expected rejection'
  code: 'ERR_ASSERTION'
  name: 'AssertionError'
  operator: 'fail'
  stack: |-
    rejection (/Users/kjopek/Workspace/safe-bash/tests/commands/safejs-stress/reason-contract.probe.mjs:17:10)
    async TestContext.<anonymous> (/Users/kjopek/Workspace/safe-bash/tests/commands/safejs-stress/reason-contract.probe.mjs:68:17)
    async Test.run (node:internal/test_runner/test:1054:7)
    async Test.processPendingSubtests (node:internal/test_runner/test:744:7)
  ...
# Subtest: does not touch own reason accessors or stack formatting hooks
not ok 16 - does not touch own reason accessors or stack formatting hooks
  ---
  duration_ms: 0.401041
  type: 'test'
  location: '/Users/kjopek/Workspace/safe-bash/tests/commands/safejs-stress/reason-contract.probe.mjs:73:1'
  failureType: 'testCodeFailure'
  error: 'prepared stack'
  code: 'ERR_TEST_FAILURE'
  stack: |-
    Function.Error.prepareStackTrace (/Users/kjopek/Workspace/safe-bash/tests/commands/safejs-stress/reason-contract.probe.mjs:83:55)
    prepareStackTraceCallback (node:internal/errors:144:29)
    new AssertionError (node:internal/assert/assertion_error:382:10)
    Function.fail (node:assert:198:15)
    rejection (/Users/kjopek/Workspace/safe-bash/tests/commands/safejs-stress/reason-contract.probe.mjs:17:10)
    async TestContext.<anonymous> (/Users/kjopek/Workspace/safe-bash/tests/commands/safejs-stress/reason-contract.probe.mjs:85:19)
    async Test.run (node:internal/test_runner/test:1054:7)
    async Test.processPendingSubtests (node:internal/test_runner/test:744:7)
  ...
# Subtest: does not inspect caller options or run setup before rejection
not ok 17 - does not inspect caller options or run setup before rejection
  ---
  duration_ms: 0.355375
  type: 'test'
  location: '/Users/kjopek/Workspace/safe-bash/tests/commands/safejs-stress/reason-contract.probe.mjs:93:1'
  failureType: 'testCodeFailure'
  error: |-
    Expected values to be strictly equal:
    + actual - expected
    
    + 'Error'
    - 'AbortError'
    
  code: 'ERR_ASSERTION'
  name: 'AssertionError'
  expected: 'AbortError'
  actual: 'Error'
  operator: 'strictEqual'
  stack: |-
    assertAbortEnvelope (/Users/kjopek/Workspace/safe-bash/tests/commands/safejs-stress/reason-contract.probe.mjs:22:10)
    TestContext.<anonymous> (/Users/kjopek/Workspace/safe-bash/tests/commands/safejs-stress/reason-contract.probe.mjs:102:3)
    async Test.run (node:internal/test_runner/test:1054:7)
    async Test.processPendingSubtests (node:internal/test_runner/test:744:7)
  ...
# Subtest: entry span stays valid for empty, multiline, and invalid source
not ok 18 - entry span stays valid for empty, multiline, and invalid source
  ---
  duration_ms: 0.670875
  type: 'test'
  location: '/Users/kjopek/Workspace/safe-bash/tests/commands/safejs-stress/reason-contract.probe.mjs:106:1'
  failureType: 'testCodeFailure'
  error: 'Expected rejection'
  code: 'ERR_ASSERTION'
  name: 'AssertionError'
  operator: 'fail'
  stack: |-
    rejection (/Users/kjopek/Workspace/safe-bash/tests/commands/safejs-stress/reason-contract.probe.mjs:17:10)
    async TestContext.<anonymous> (/Users/kjopek/Workspace/safe-bash/tests/commands/safejs-stress/reason-contract.probe.mjs:109:19)
    async Test.run (node:internal/test_runner/test:1054:7)
    async Test.processPendingSubtests (node:internal/test_runner/test:744:7)
  ...
1..18
# tests 18
# suites 0
# pass 0
# fail 18
# cancelled 0
# skipped 0
# todo 0
# duration_ms 277.935208
