TAP version 13
# {"actualEngineLoad":"/private/tmp/safe-bash-safejs-isolated-ZicyG4/patched/packages/safejs/src/run.ts","sha256":"c786130717eab346135766190f005fa025b5e290b9d5220ad913f21da304e3c1"}
# {"actualEngineLoad":"/private/tmp/safe-bash-safejs-isolated-ZicyG4/patched/packages/safejs/src/interp/interpreter.ts","sha256":"9144707a43315e80cd75ff6dfdf650760d196c2b9fc09f5876b86ff551a3338d"}
# Subtest: frozen branded closure preserves construct, static cycles and repeated identity
ok 1 - frozen branded closure preserves construct, static cycles and repeated identity
  ---
  duration_ms: 0.480791
  type: 'test'
  ...
# Subtest: retained budget graph remains live
ok 2 - retained budget graph remains live
  ---
  duration_ms: 0.143541
  type: 'test'
  ...
# Subtest: shared property and retained graph is not double charged
not ok 3 - shared property and retained graph is not double charged
  ---
  duration_ms: 1.417875
  type: 'test'
  location: '/Users/kjopek/Workspace/safe-bash/tests/commands/safejs-stress/wrapper-invariants.probe.mjs:41:1'
  failureType: 'testCodeFailure'
  error: |-
    Expected values to be strictly equal:
    
    87 !== 49
    
  code: 'ERR_ASSERTION'
  name: 'AssertionError'
  expected: 49
  actual: 87
  operator: 'strictEqual'
  stack: |-
    TestContext.<anonymous> (/Users/kjopek/Workspace/safe-bash/tests/commands/safejs-stress/wrapper-invariants.probe.mjs:45:10)
    Test.runInAsyncScope (node:async_hooks:214:14)
    Test.run (node:internal/test_runner/test:1047:25)
    Test.processPendingSubtests (node:internal/test_runner/test:744:18)
    Test.postRun (node:internal/test_runner/test:1173:19)
    Test.run (node:internal/test_runner/test:1101:12)
    async Test.processPendingSubtests (node:internal/test_runner/test:744:7)
  ...
# Subtest: own special-name data and cycles never invoke prototype setters
ok 4 - own special-name data and cycles never invoke prototype setters
  ---
  duration_ms: 0.320417
  type: 'test'
  ...
# Subtest: branded collection and regex identity survives wrapping
ok 5 - branded collection and regex identity survives wrapping
  ---
  duration_ms: 0.187584
  type: 'test'
  ...
# Subtest: pre-aborted call and construct reject exact reasons without effects
ok 6 - pre-aborted call and construct reject exact reasons without effects
  ---
  duration_ms: 0.248167
  type: 'test'
  ...
# Subtest: raw preabort preserves exact null and false reasons before host work
ok 7 - raw preabort preserves exact null and false reasons before host work
  ---
  duration_ms: 0.191292
  type: 'test'
  ...
# Subtest: signalled constructors retain internal instanceof identity and error data
ok 8 - signalled constructors retain internal instanceof identity and error data
  ---
  duration_ms: 6.312375
  type: 'test'
  ...
# Subtest: both cancellation-result forms observe immediate/delayed originals and clean listeners
ok 9 - both cancellation-result forms observe immediate/delayed originals and clean listeners
  ---
  duration_ms: 237.485083
  type: 'test'
  ...
1..9
# tests 9
# suites 0
# pass 8
# fail 1
# cancelled 0
# skipped 0
# todo 0
# duration_ms 482.446958
