
 RUN  v4.1.11 /Users/kjopek/Workspace/poe-code

 ✓ packages/package-lint/src/rules/index.test.ts (130 tests) 200ms
 ✓ scripts/bundle.test.ts (9 tests) 438ms
 ✓ packages/package-lint/src/canonical-declarations.test.ts (7 tests) 104ms
 ✓ packages/package-lint/src/native-assets.test.ts (109 tests) 290ms
 ✓ packages/package-lint/src/bundle-policy.browser.test.ts (60 tests) 24ms
 ✓ packages/package-lint/src/source-security.test.ts (78 tests) 69ms
 ✓ scripts/bundle-fs.test.ts (5 tests) 57ms
 ✓ packages/package-lint/src/source-admission.test.ts (52 tests) 73ms
 ✓ scripts/package-safe.test.ts (2 tests) 25ms
 ✓ packages/package-lint/src/runtime-files.test.ts (12 tests) 32ms
 ✓ packages/package-lint/src/model.test.ts (21 tests) 44ms
 ✓ packages/package-lint/src/installability-system.test.ts (4 tests) 22ms
 ✓ packages/package-lint/src/source-imports.test.ts (11 tests) 59ms
 ✓ packages/package-lint/src/packlist.test.ts (4 tests) 7ms
 ✓ packages/package-lint/src/bundle-policy.builtins.test.ts (51 tests) 8ms
 ✓ packages/package-lint/src/report.test.ts (1 test) 3ms

 Test Files  16 passed (16)
      Tests  556 passed (556)
   Start at  19:50:50
   Duration  5.49s (transform 1.32s, setup 396ms, import 6.18s, tests 1.46s, environment 2ms)

