
> poe-code@0.0.0-dev lint
> npm run lint:eslint && npm run lint:types && npm run lint:workflows


> poe-code@0.0.0-dev lint:eslint
> node --max-old-space-size=1024 scripts/lint-eslint.mjs


/Users/kjopek/Workspace/poe-code/docs/plans/repair-promise-symbol-admission/assert.js
   61:13  error  'Test262Error' is not defined  no-undef
   80:15  error  'Test262Error' is not defined  no-undef
   81:5   error  Unreachable code               no-unreachable
   92:13  error  'Test262Error' is not defined  no-undef
  108:13  error  'Test262Error' is not defined  no-undef
  114:15  error  'Test262Error' is not defined  no-undef
  116:5   error  Unreachable code               no-unreachable
  129:17  error  'Test262Error' is not defined  no-undef
  138:17  error  'Test262Error' is not defined  no-undef
  144:13  error  'Test262Error' is not defined  no-undef

/Users/kjopek/Workspace/poe-code/docs/plans/repair-promise-symbol-admission/object-contains-symbol-property-with-description.js
  17:1  error  'assert' is not defined  no-undef
  18:1  error  'assert' is not defined  no-undef

/Users/kjopek/Workspace/poe-code/docs/plans/repair-promise-symbol-admission/promise.js
  20:1  error  'verifyProperty' is not defined  no-undef

/Users/kjopek/Workspace/poe-code/docs/plans/repair-promise-symbol-admission/property-order.js
  14:1  error  'assert' is not defined  no-undef

/Users/kjopek/Workspace/poe-code/docs/plans/repair-promise-symbol-admission/propertyHelper.js
   46:3   error  'assert' is not defined                                       no-undef
   56:5   error  'assert' is not defined                                       no-undef
   66:3   error  'assert' is not defined                                       no-undef
   68:3   error  'assert' is not defined                                       no-undef
   74:3   error  'assert' is not defined                                       no-undef
   82:5   error  'assert' is not defined                                       no-undef
  128:5   error  'assert' is not defined                                       no-undef
  143:17  error  'Test262Error' is not defined                                 no-undef
  191:17  error  'Test262Error' is not defined                                 no-undef
  232:3   error  'assert' is not defined                                       no-undef
  307:3   error  'assert' is not defined                                       no-undef
  339:7   error  'assert' is not defined                                       no-undef
  354:7   error  'assert' is not defined                                       no-undef
  387:10  error  'verifyEqualTo' is defined but never used                     no-unused-vars
  389:15  error  'Test262Error' is not defined                                 no-undef
  397:10  error  'verifyWritable' is defined but never used                    no-unused-vars
  399:5   error  'assert' is not defined                                       no-undef
  403:15  error  'Test262Error' is not defined                                 no-undef
  410:10  error  'verifyNotWritable' is defined but never used                 no-unused-vars
  410:51  error  'value' is defined but never used                             no-unused-vars
  412:5   error  'assert' is not defined                                       no-undef
  416:15  error  'Test262Error' is not defined                                 no-undef
  423:10  error  'verifyEnumerable' is defined but never used                  no-unused-vars
  424:3   error  'assert' is not defined                                       no-undef
  427:15  error  'Test262Error' is not defined                                 no-undef
  434:10  error  'verifyNotEnumerable' is defined but never used               no-unused-vars
  435:3   error  'assert' is not defined                                       no-undef
  438:15  error  'Test262Error' is not defined                                 no-undef
  445:10  error  'verifyConfigurable' is defined but never used                no-unused-vars
  446:3   error  'assert' is not defined                                       no-undef
  449:15  error  'Test262Error' is not defined                                 no-undef
  456:10  error  'verifyNotConfigurable' is defined but never used             no-unused-vars
  457:3   error  'assert' is not defined                                       no-undef
  460:15  error  'Test262Error' is not defined                                 no-undef
  497:10  error  'verifyPrimordialAccessorProperty' is defined but never used  no-unused-vars

/Users/kjopek/Workspace/poe-code/docs/plans/repair-promise-symbol-admission/return-on-corresponding-order.js
  47:1  error  'assert' is not defined  no-undef
  48:1  error  'assert' is not defined  no-undef
  49:1  error  'assert' is not defined  no-undef
  50:1  error  'assert' is not defined  no-undef
  51:1  error  'assert' is not defined  no-undef
  52:1  error  'assert' is not defined  no-undef
  53:1  error  'assert' is not defined  no-undef
  54:1  error  'assert' is not defined  no-undef

/Users/kjopek/Workspace/poe-code/docs/plans/repair-promise-symbol-admission/sta.js
  26:10  error  '$DONOTEVALUATE' is defined but never used  no-unused-vars

✖ 58 problems (58 errors, 0 warnings)

