TAP version 13
# Subtest: aggregate definitions are exactly the nine delivered families, each registered once
ok 1 - aggregate definitions are exactly the nine delivered families, each registered once
  ---
  duration_ms: 2.150167
  type: 'test'
  ...
# Subtest: collision with printf leaves the entire host registry untouched
ok 2 - collision with printf leaves the entire host registry untouched
  ---
  duration_ms: 0.223791
  type: 'test'
  ...
# Subtest: collision with sed leaves the entire host registry untouched
ok 3 - collision with sed leaves the entire host registry untouched
  ---
  duration_ms: 0.126375
  type: 'test'
  ...
# Subtest: collision with jq leaves the entire host registry untouched
ok 4 - collision with jq leaves the entire host registry untouched
  ---
  duration_ms: 0.065583
  type: 'test'
  ...
# Subtest: collision with rg leaves the entire host registry untouched
ok 5 - collision with rg leaves the entire host registry untouched
  ---
  duration_ms: 0.06325
  type: 'test'
  ...
# Subtest: collision with gzip leaves the entire host registry untouched
ok 6 - collision with gzip leaves the entire host registry untouched
  ---
  duration_ms: 0.053208
  type: 'test'
  ...
# Subtest: collision with patch leaves the entire host registry untouched
ok 7 - collision with patch leaves the entire host registry untouched
  ---
  duration_ms: 0.048833
  type: 'test'
  ...
# Subtest: collision with chmod leaves the entire host registry untouched
ok 8 - collision with chmod leaves the entire host registry untouched
  ---
  duration_ms: 0.201542
  type: 'test'
  ...
# Subtest: collision with stat leaves the entire host registry untouched
ok 9 - collision with stat leaves the entire host registry untouched
  ---
  duration_ms: 0.156875
  type: 'test'
  ...
# Subtest: collision with mktemp leaves the entire host registry untouched
ok 10 - collision with mktemp leaves the entire host registry untouched
  ---
  duration_ms: 0.276125
  type: 'test'
  ...
# Subtest: collision with tar leaves the entire host registry untouched
ok 11 - collision with tar leaves the entire host registry untouched
  ---
  duration_ms: 0.065208
  type: 'test'
  ...
# Subtest: collision with paste leaves the entire host registry untouched
ok 12 - collision with paste leaves the entire host registry untouched
  ---
  duration_ms: 0.047916
  type: 'test'
  ...
# Subtest: collision with comm leaves the entire host registry untouched
ok 13 - collision with comm leaves the entire host registry untouched
  ---
  duration_ms: 0.043833
  type: 'test'
  ...
# Subtest: collision with join leaves the entire host registry untouched
ok 14 - collision with join leaves the entire host registry untouched
  ---
  duration_ms: 0.041416
  type: 'test'
  ...
# Subtest: explicit replacement affects all families once and preserves unrelated commands
ok 15 - explicit replacement affects all families once and preserves unrelated commands
  ---
  duration_ms: 0.167667
  type: 'test'
  ...
# Subtest: invalid eager family limits install no commands
ok 16 - invalid eager family limits install no commands
  ---
  duration_ms: 0.041541
  type: 'test'
  ...
# Subtest: definitions fallback resolves nested argv across families without a shell
ok 17 - definitions fallback resolves nested argv across families without a shell
  ---
  duration_ms: 3.536458
  type: 'test'
  ...
# Subtest: plugin fallback resolves nested argv across families without a shell
ok 18 - plugin fallback resolves nested argv across families without a shell
  ---
  duration_ms: 0.834167
  type: 'test'
  ...
# Subtest: plugin fallback can resolve host commands outside the aggregate
ok 19 - plugin fallback can resolve host commands outside the aggregate
  ---
  duration_ms: 0.115291
  type: 'test'
  ...
# Subtest: custom fallback applies only without the shell invocation hook
ok 20 - custom fallback applies only without the shell invocation hook
  ---
  duration_ms: 2.657125
  type: 'test'
  ...
# Subtest: aggregate forwards text limits without rewriting them
ok 21 - aggregate forwards text limits without rewriting them
  ---
  duration_ms: 0.440083
  type: 'test'
  ...
# Subtest: aggregate forwards structured limits without rewriting them
ok 22 - aggregate forwards structured limits without rewriting them
  ---
  duration_ms: 0.498125
  type: 'test'
  ...
# Subtest: aggregate forwards search limits without rewriting them
ok 23 - aggregate forwards search limits without rewriting them
  ---
  duration_ms: 0.311666
  type: 'test'
  ...
# Subtest: aggregate forwards diffPatch limits without rewriting them
ok 24 - aggregate forwards diffPatch limits without rewriting them
  ---
  duration_ms: 2.076083
  type: 'test'
  ...
# Subtest: aggregate forwards metadata limits without rewriting them
ok 25 - aggregate forwards metadata limits without rewriting them
  ---
  duration_ms: 0.973583
  type: 'test'
  ...
# Subtest: aggregate forwards archive limits without rewriting them
ok 26 - aggregate forwards archive limits without rewriting them
  ---
  duration_ms: 1.480709
  type: 'test'
  ...
# Subtest: aggregate forwards tableText limits without rewriting them
ok 27 - aggregate forwards tableText limits without rewriting them
  ---
  duration_ms: 0.611625
  type: 'test'
  ...
# Subtest: search defaultInput remains an explicit family override
ok 28 - search defaultInput remains an explicit family override
  ---
  duration_ms: 0.433541
  type: 'test'
  ...
# Subtest: README aggregate example and binary pipelines use the actual shell
ok 29 - README aggregate example and binary pipelines use the actual shell
  ---
  duration_ms: 14.110042
  type: 'test'
  ...
# Subtest: aggregate tar streams binary archives through the actual VFS pipeline
ok 30 - aggregate tar streams binary archives through the actual VFS pipeline
  ---
  duration_ms: 2.627375
  type: 'test'
  ...
# Subtest: aggregate table-text composes with existing cut and virtual files
ok 31 - aggregate table-text composes with existing cut and virtual files
  ---
  duration_ms: 2.952542
  type: 'test'
  ...
1..31
# tests 31
# suites 0
# pass 31
# fail 0
# cancelled 0
# skipped 0
# todo 0
# duration_ms 232.601875
