
 RUN  v4.1.11 /Users/kjopek/Workspace/poe-code

 ❯ packages/safe-js/src/interp/methods/string-regexp-bare-interpreter.test.ts (4 tests | 1 failed) 91ms
   × splits with a regex literal when using the interpreter without installed globals 2ms
   ✓ preserves string fallback after delete RegExp.prototype[Symbol.split] 41ms
   ✓ preserves string fallback after RegExp.prototype[Symbol.split] = undefined 22ms
   ✓ respects an explicitly null regex prototype and its string conversion 25ms
FAIL packages/safe-js/src/interp/methods/string-regexp-bare-interpreter.test.ts > splits with a regex literal when using the interpreter without installed globals
TypeError: parseModule is not a function
 ❯ packages/safe-js/src/interp/methods/string-regexp-bare-interpreter.test.ts:7:18
      5|
      6| it("splits with a regex literal when using the interpreter without ins…
      7|   const parsed = parseModule("return 'abba'.split(/b+/)");
       |                  ^
      8|   expect(await interpret({ type: "BlockStatement", body: parsed.body, …
      9|     .toMatchObject({ ok: true, returnValue: ["a", "a"] });

(node:37616) Warning: The 'NO_COLOR' env is ignored due to the 'FORCE_COLOR' env being set.
(Use `node --trace-warnings ...` to show where the warning was created)
 ✓ packages/safe-js/src/interp/globals/array-from.test.ts (61 tests) 1637ms
 ✓ packages/safe-js/src/interp/interpreter.test.ts (477 tests) 1535ms
     ✓ spreads large arrays into push without leaking the host argument limit  372ms
     ✓ caps million-element for...of iteration through the step budget  834ms
 ✓ packages/safe-js/src/interp/methods/string-regexp-created-hooks.test.ts (25 tests) 480ms
 ✓ packages/safe-js/src/interp/regex/hook-cost-qualification.test.ts (18 tests) 1273ms
 ✓ packages/safe-js/src/interp/array-length-coercion.test.ts (8 tests) 507ms

⎯⎯⎯⎯⎯⎯⎯ Failed Tests 1 ⎯⎯⎯⎯⎯⎯⎯

 FAIL  packages/safe-js/src/interp/methods/string-regexp-bare-interpreter.test.ts > splits with a regex literal when using the interpreter without installed globals
TypeError: parseModule is not a function
 ❯ packages/safe-js/src/interp/methods/string-regexp-bare-interpreter.test.ts:7:18
      5|
      6| it("splits with a regex literal when using the interpreter without ins…
      7|   const parsed = parseModule("return 'abba'.split(/b+/)");
       |                  ^
      8|   expect(await interpret({ type: "BlockStatement", body: parsed.body, …
      9|     .toMatchObject({ ok: true, returnValue: ["a", "a"] });

⎯⎯⎯⎯⎯⎯⎯⎯⎯⎯⎯⎯⎯⎯⎯⎯⎯⎯⎯⎯⎯⎯⎯⎯[1/1]⎯


 Test Files  1 failed | 5 passed (6)
      Tests  1 failed | 592 passed (593)
   Start at  17:58:12
   Duration  5.82s (transform 2.86s, setup 101ms, import 5.09s, tests 5.52s, environment 0ms)

