
 RUN  v4.1.11 /Users/kjopek/Workspace/poe-code

 ❯ packages/safe-js/src/interp/methods/string-regexp-bare-interpreter.test.ts (4 tests | 1 failed) 97ms
   × splits with a regex literal when using the interpreter without installed globals 3ms
   ✓ preserves string fallback after delete RegExp.prototype[Symbol.split] 42ms
   ✓ preserves string fallback after RegExp.prototype[Symbol.split] = undefined 23ms
   ✓ respects an explicitly null regex prototype and its string conversion 29ms
FAIL packages/safe-js/src/interp/methods/string-regexp-bare-interpreter.test.ts > splits with a regex literal when using the interpreter without installed globals
ParseError: Regular expression literals are not supported at line 1, column 21.
⎯⎯⎯⎯⎯⎯⎯⎯⎯⎯⎯⎯⎯⎯⎯⎯⎯⎯⎯⎯⎯⎯⎯⎯⎯⎯⎯⎯⎯⎯
Serialized Error: { filename: '<input>', kind: 'ParseError', excerpt: '1 | return \'abba\'.split(/b+/)', caret: '  |                     ^', span: { start: { column: 21, line: 1, offset: 20 }, end: { column: 22, line: 1, offset: 21 } } }
(node:37122) Warning: The 'NO_COLOR' env is ignored due to the 'FORCE_COLOR' env being set.
(Use `node --trace-warnings ...` to show where the warning was created)
 ✓ packages/safe-js/src/interp/interpreter.test.ts (477 tests) 1638ms
     ✓ spreads large arrays into push without leaking the host argument limit  374ms
     ✓ caps million-element for...of iteration through the step budget  916ms
 ✓ packages/safe-js/src/interp/regex/hook-cost-qualification.test.ts (18 tests) 1509ms
 ✓ packages/safe-js/src/interp/methods/string-regexp-created-hooks.test.ts (25 tests) 562ms
 ✓ packages/safe-js/src/interp/globals/array-from.test.ts (61 tests) 1702ms
 ✓ packages/safe-js/src/interp/array-length-coercion.test.ts (8 tests) 556ms

⎯⎯⎯⎯⎯⎯⎯ Failed Tests 1 ⎯⎯⎯⎯⎯⎯⎯

 FAIL  packages/safe-js/src/interp/methods/string-regexp-bare-interpreter.test.ts > splits with a regex literal when using the interpreter without installed globals
ParseError: Regular expression literals are not supported at line 1, column 21.
⎯⎯⎯⎯⎯⎯⎯⎯⎯⎯⎯⎯⎯⎯⎯⎯⎯⎯⎯⎯⎯⎯⎯⎯[1/1]⎯


 Test Files  1 failed | 5 passed (6)
      Tests  1 failed | 592 passed (593)
   Start at  17:57:37
   Duration  6.80s (transform 4.24s, setup 154ms, import 6.77s, tests 6.06s, environment 0ms)

