TAP version 13
# Subtest: hidden borrowed byteOffset source Buffer=false width=1
ok 1 - hidden borrowed byteOffset source Buffer=false width=1
  ---
  duration_ms: 7.591917
  type: 'test'
  ...
# Subtest: hidden borrowed byteOffset source Buffer=false width=2
ok 2 - hidden borrowed byteOffset source Buffer=false width=2
  ---
  duration_ms: 5.995625
  type: 'test'
  ...
# Subtest: hidden borrowed byteOffset source Buffer=false width=5
ok 3 - hidden borrowed byteOffset source Buffer=false width=5
  ---
  duration_ms: 5.506666
  type: 'test'
  ...
# Subtest: hidden borrowed byteOffset source Buffer=false width=17
ok 4 - hidden borrowed byteOffset source Buffer=false width=17
  ---
  duration_ms: 5.49875
  type: 'test'
  ...
# Subtest: hidden borrowed byteOffset source Buffer=true width=1
ok 5 - hidden borrowed byteOffset source Buffer=true width=1
  ---
  duration_ms: 5.12375
  type: 'test'
  ...
# Subtest: hidden borrowed byteOffset source Buffer=true width=2
ok 6 - hidden borrowed byteOffset source Buffer=true width=2
  ---
  duration_ms: 4.831167
  type: 'test'
  ...
# Subtest: hidden borrowed byteOffset source Buffer=true width=5
ok 7 - hidden borrowed byteOffset source Buffer=true width=5
  ---
  duration_ms: 4.74875
  type: 'test'
  ...
# Subtest: hidden borrowed byteOffset source Buffer=true width=17
ok 8 - hidden borrowed byteOffset source Buffer=true width=17
  ---
  duration_ms: 4.66975
  type: 'test'
  ...
# Subtest: hidden public named VFS borrowed Buffer 
ok 9 - hidden public named VFS borrowed Buffer 
  ---
  duration_ms: 9.018917
  type: 'test'
  ...
# Subtest: hidden public named VFS borrowed Buffer -z
ok 10 - hidden public named VFS borrowed Buffer -z
  ---
  duration_ms: 5.95475
  type: 'test'
  ...
# Subtest: hidden public named VFS borrowed Buffer -n,-s
ok 11 - hidden public named VFS borrowed Buffer -n,-s
  ---
  duration_ms: 5.587792
  type: 'test'
  ...
# Subtest: hidden public named VFS borrowed Buffer -u
ok 12 - hidden public named VFS borrowed Buffer -u
  ---
  duration_ms: 5.57075
  type: 'test'
  ...
# Subtest: hidden public named VFS borrowed Buffer -o,/work/output
ok 13 - hidden public named VFS borrowed Buffer -o,/work/output
  ---
  duration_ms: 5.834417
  type: 'test'
  ...
# Subtest: hidden public stdin ownership is already protected by ShellInput
ok 14 - hidden public stdin ownership is already protected by ShellInput
  ---
  duration_ms: 0.732542
  type: 'test'
  ...
# Subtest: hidden check mode borrowed spanning Buffer remains separately measured
ok 15 - hidden check mode borrowed spanning Buffer remains separately measured
  ---
  duration_ms: 5.062084
  type: 'test'
  ...
# Subtest: hidden native byte/numeric/empty [] ff0a000ac0800a800aff
ok 16 - hidden native byte/numeric/empty [] ff0a000ac0800a800aff
  ---
  duration_ms: 4.995792
  type: 'test'
  ...
# Subtest: hidden native byte/numeric/empty ["-zru"] e99baa00f09f988000ee80800
ok 17 - hidden native byte/numeric/empty ["-zru"] e99baa00f09f988000ee80800
  ---
  duration_ms: 5.124292
  type: 'test'
  ...
# Subtest: hidden native byte/numeric/empty ["-ns"] 2d303030302066697273740a3
ok 18 - hidden native byte/numeric/empty ["-ns"] 2d303030302066697273740a3
  ---
  duration_ms: 5.463417
  type: 'test'
  ...
# Subtest: hidden native byte/numeric/empty ["-t:","-k2,2nr","-k1,1"] 7a3a320a613a320a783a31300
ok 19 - hidden native byte/numeric/empty ["-t:","-k2,2nr","-k1,1"] 7a3a320a613a320a783a31300
  ---
  duration_ms: 5.582666
  type: 'test'
  ...
# Subtest: hidden native byte/numeric/empty ["-bf","-s"] 2020610a20410a09420a20620
ok 20 - hidden native byte/numeric/empty ["-bf","-s"] 2020610a20410a09420a20620
  ---
  duration_ms: 6.216458
  type: 'test'
  ...
# Subtest: hidden native byte/numeric/empty [] 
ok 21 - hidden native byte/numeric/empty [] 
  ---
  duration_ms: 4.744208
  type: 'test'
  ...
# Subtest: hidden native byte/numeric/empty [] 0a0a
ok 22 - hidden native byte/numeric/empty [] 0a0a
  ---
  duration_ms: 5.26025
  type: 'test'
  ...
# Subtest: hidden native byte/numeric/empty ["-z"] 000000
ok 23 - hidden native byte/numeric/empty ["-z"] 000000
  ---
  duration_ms: 4.845583
  type: 'test'
  ...
# Subtest: hidden exact total-byte limit boundary excess=0
ok 24 - hidden exact total-byte limit boundary excess=0
  ---
  duration_ms: 109.116792
  type: 'test'
  ...
# Subtest: hidden exact total-byte limit boundary excess=1
not ok 25 - hidden exact total-byte limit boundary excess=1
  ---
  duration_ms: 62.723875
  type: 'test'
  location: '/private/tmp/safe-bash-sort-performance-dXHa3m/harness/independent-hidden.mjs:76:29'
  failureType: 'testCodeFailure'
  error: |-
    Expected values to be strictly equal:
    
    2 !== 1
    
  code: 'ERR_ASSERTION'
  name: 'AssertionError'
  expected: 1
  actual: 2
  operator: 'strictEqual'
  stack: |-
    TestContext.<anonymous> (file:///private/tmp/safe-bash-sort-performance-dXHa3m/harness/independent-hidden.mjs:81:23)
    async Test.run (node:internal/test_runner/test:1054:7)
    async Test.processPendingSubtests (node:internal/test_runner/test:744:7)
  ...
# Subtest: hidden source error after retained records preserves output file
ok 26 - hidden source error after retained records preserves output file
  ---
  duration_ms: 1.521709
  type: 'test'
  ...
# Subtest: hidden missing later file never publishes retained earlier records
ok 27 - hidden missing later file never publishes retained earlier records
  ---
  duration_ms: 0.61975
  type: 'test'
  ...
# Subtest: hidden pending input cancellation keeps reason and observes late rejection
ok 28 - hidden pending input cancellation keeps reason and observes late rejection
  ---
  duration_ms: 7.778459
  type: 'test'
  ...
# Subtest: hidden empty-chunk cancellation stops further pulls before publication
ok 29 - hidden empty-chunk cancellation stops further pulls before publication
  ---
  duration_ms: 0.259667
  type: 'test'
  ...
# Subtest: hidden output is owned and backpressured after all input admission
ok 30 - hidden output is owned and backpressured after all input admission
  ---
  duration_ms: 35.290542
  type: 'test'
  ...
1..30
# tests 30
# suites 0
# pass 29
# fail 1
# cancelled 0
# skipped 0
# todo 0
# duration_ms 455.187167
