[main ba051e363] fix(safe-js): explicitly admit native Promise symbol properties
 73 files changed, 4843 insertions(+), 14 deletions(-)
 create mode 100644 docs/plans/repair-promise-symbol-admission/LICENSE
 create mode 100644 docs/plans/repair-promise-symbol-admission/assert.js
 create mode 100644 docs/plans/repair-promise-symbol-admission/build-final.log
 create mode 100644 docs/plans/repair-promise-symbol-admission/build.log
 create mode 100644 docs/plans/repair-promise-symbol-admission/callable-collision.log
 create mode 100644 docs/plans/repair-promise-symbol-admission/final-acceptance.exit
 create mode 100644 docs/plans/repair-promise-symbol-admission/final-acceptance.log
 create mode 100644 docs/plans/repair-promise-symbol-admission/final-regressions.log
 create mode 100644 docs/plans/repair-promise-symbol-admission/focused-expanded.log
 create mode 100644 docs/plans/repair-promise-symbol-admission/focused-selection.json
 create mode 100644 docs/plans/repair-promise-symbol-admission/focused.log
 create mode 100644 docs/plans/repair-promise-symbol-admission/integration.exit
 create mode 100644 docs/plans/repair-promise-symbol-admission/integration.log
 create mode 100644 docs/plans/repair-promise-symbol-admission/lint-final.exit
 create mode 100644 docs/plans/repair-promise-symbol-admission/lint-final.log
 create mode 100644 docs/plans/repair-promise-symbol-admission/lint.log
 create mode 100644 docs/plans/repair-promise-symbol-admission/manual-checks.md
 create mode 100644 docs/plans/repair-promise-symbol-admission/native-nonextensible-control.log
 create mode 100644 docs/plans/repair-promise-symbol-admission/object-contains-symbol-property-with-description.js
 create mode 100644 docs/plans/repair-promise-symbol-admission/order-red.log
 create mode 100644 docs/plans/repair-promise-symbol-admission/package-test.log
 create mode 100644 docs/plans/repair-promise-symbol-admission/pending-callable.log
 create mode 100644 docs/plans/repair-promise-symbol-admission/pinned-fixtures-final.jsonl
 create mode 100644 docs/plans/repair-promise-symbol-admission/pinned-fixtures-final.log
 create mode 100644 docs/plans/repair-promise-symbol-admission/pinned-fixtures-qualified.jsonl
 create mode 100644 docs/plans/repair-promise-symbol-admission/pinned-fixtures-qualified.log
 create mode 100644 docs/plans/repair-promise-symbol-admission/pinned-fixtures-stable.jsonl
 create mode 100644 docs/plans/repair-promise-symbol-admission/pinned-fixtures-stable.log
 create mode 100644 docs/plans/repair-promise-symbol-admission/pinned-fixtures.jsonl
 create mode 100644 docs/plans/repair-promise-symbol-admission/pinned-fixtures.log
 create mode 100644 docs/plans/repair-promise-symbol-admission/primary-sources.json
 create mode 100644 docs/plans/repair-promise-symbol-admission/promise-admission-budget-red.log
 create mode 100644 docs/plans/repair-promise-symbol-admission/promise-admission-red.log
 create mode 100644 docs/plans/repair-promise-symbol-admission/promise.js
 create mode 100644 docs/plans/repair-promise-symbol-admission/property-order.js
 create mode 100644 docs/plans/repair-promise-symbol-admission/propertyHelper.js
 create mode 100644 docs/plans/repair-promise-symbol-admission/public-BUN.stderr
 create mode 100644 docs/plans/repair-promise-symbol-admission/public-BUN.stdout
 create mode 100644 docs/plans/repair-promise-symbol-admission/public-CI22.stderr
 create mode 100644 docs/plans/repair-promise-symbol-admission/public-CI22.stdout
 create mode 100644 docs/plans/repair-promise-symbol-admission/public-MIN.stderr
 create mode 100644 docs/plans/repair-promise-symbol-admission/public-MIN.stdout
 create mode 100644 docs/plans/repair-promise-symbol-admission/public-N18.stderr
 create mode 100644 docs/plans/repair-promise-symbol-admission/public-N18.stdout
 create mode 100644 docs/plans/repair-promise-symbol-admission/public-N20.stderr
 create mode 100644 docs/plans/repair-promise-symbol-admission/public-N20.stdout
 create mode 100644 docs/plans/repair-promise-symbol-admission/public-N24.stderr
 create mode 100644 docs/plans/repair-promise-symbol-admission/public-N24.stdout
 create mode 100644 docs/plans/repair-promise-symbol-admission/public-N26.stderr
 create mode 100644 docs/plans/repair-promise-symbol-admission/public-N26.stdout
 create mode 100644 docs/plans/repair-promise-symbol-admission/public-runtime-matrix.json
 create mode 100644 docs/plans/repair-promise-symbol-admission/public-smoke-command.json
 create mode 100644 docs/plans/repair-promise-symbol-admission/return-on-corresponding-order.js
 create mode 100644 docs/plans/repair-promise-symbol-admission/source-receipt.json
 create mode 100644 docs/plans/repair-promise-symbol-admission/sta.js
 create mode 100644 docs/plans/repair-promise-symbol-admission/symbol-value-green.log
 create mode 100644 docs/plans/repair-promise-symbol-admission/symbol-value-red.log
 create mode 100644 docs/plans/safejs-native-promise-symbol-boundary.md
 create mode 100644 packages/safe-js/src/interp/native-promise-admission-budgets.test.ts
 create mode 100644 packages/safe-js/src/interp/native-promise-admission.test.ts
 create mode 100644 packages/safe-js/src/interp/promise-import-properties.test.ts
 create mode 100644 packages/safe-js/src/snapshot/input-symbol-references.test.ts
