
 RUN  v4.1.11 /Users/kjopek/Workspace/poe-code-language-delivery

 ❯ packages/safe-js/src/parse/block-regexp-goal.test.ts (19 tests | 2 failed) 594ms
   ✓ recognizes a regexp statement after {} 59ms
   ✓ recognizes a regexp statement after {0;} 31ms
   ✓ recognizes a regexp statement after {{}} 28ms
   ✓ recognizes a regexp statement after 0;{} 30ms
   ✓ recognizes a regexp statement after {}{} 29ms
   ✓ recognizes a regexp statement after if(true){} 25ms
   ✓ recognizes a regexp statement after while(false){} 30ms
   ✓ recognizes a regexp statement after try{}finally{} 24ms
   × recognizes a regexp statement after switch(0){} 3ms
   ✓ preserves expression-ending braces: return ({valueOf(){return 8}})/2; 13ms
   ✓ preserves expression-ending braces: return `${{valueOf(){return 8}}/2}`; 13ms
   ✓ preserves expression-ending braces: const value=function(){} /2;return Number.isNaN(value); 14ms
   ✓ preserves expression-ending braces: const value=(()=>{})/2;return Number.isNaN(value); 13ms
   ✓ preserves expression-ending braces: const value=true?{}:{};return Number.isNaN(value/2); 14ms
   ✓ keeps the legacy expression parser's object division goal 0ms
   ✓ recognizes brace-containing regexps after blocks inside template substitutions 13ms
   ✓ preserves regexp source and authority through repeated replay 241ms
   ✓ keeps division after a method named switch 13ms
   × keeps division after a method named if 1ms
FAIL packages/safe-js/src/parse/block-regexp-goal.test.ts > recognizes a regexp statement after switch(0){}
AssertionError: expected [Function] to not throw an error but 'SyntaxError: Unexpected token \'/\' a…' was thrown

- Expected:
undefined

+ Received:
"SyntaxError: Unexpected token '/' at line 1, column 12."

 ❯ packages/safe-js/src/parse/block-regexp-goal.test.ts:9:43
      7| it.each(["{}", "{0;}", "{{}}", "0;{}", "{}{}", "if(true){}", "while(fa…
      8|   const source=prefix+'/x/.test("x");';
      9|   expect(()=>parseEvalScript(source)).not.toThrow();
       |                                           ^
     10|   expect(()=>parseEvalScript('"use strict";'+source)).not.toThrow();
     11|   expect(await run(prefix+'return /x/.test("x");')).toMatchObject({ok:…

FAIL packages/safe-js/src/parse/block-regexp-goal.test.ts > keeps division after a method named if
ParseError: Unsupported regex flag '2' at line 1, column 50.
⎯⎯⎯⎯⎯⎯⎯⎯⎯⎯⎯⎯⎯⎯⎯⎯⎯⎯⎯⎯⎯⎯⎯⎯⎯⎯⎯⎯⎯⎯
Serialized Error: { filename: '<input>', kind: 'ParseError', excerpt: '1 | const object={if(){return 8}};return object.if()/2;', caret: '  |                                                  ^', span: { start: { column: 50, line: 1, offset: 49 }, end: { column: 51, line: 1, offset: 50 } } }

⎯⎯⎯⎯⎯⎯⎯ Failed Tests 2 ⎯⎯⎯⎯⎯⎯⎯

 FAIL  packages/safe-js/src/parse/block-regexp-goal.test.ts > recognizes a regexp statement after switch(0){}
AssertionError: expected [Function] to not throw an error but 'SyntaxError: Unexpected token \'/\' a…' was thrown

- Expected:
undefined

+ Received:
"SyntaxError: Unexpected token '/' at line 1, column 12."

 ❯ packages/safe-js/src/parse/block-regexp-goal.test.ts:9:43
      7| it.each(["{}", "{0;}", "{{}}", "0;{}", "{}{}", "if(true){}", "while(fa…
      8|   const source=prefix+'/x/.test("x");';
      9|   expect(()=>parseEvalScript(source)).not.toThrow();
       |                                           ^
     10|   expect(()=>parseEvalScript('"use strict";'+source)).not.toThrow();
     11|   expect(await run(prefix+'return /x/.test("x");')).toMatchObject({ok:…

⎯⎯⎯⎯⎯⎯⎯⎯⎯⎯⎯⎯⎯⎯⎯⎯⎯⎯⎯⎯⎯⎯⎯⎯[1/2]⎯

 FAIL  packages/safe-js/src/parse/block-regexp-goal.test.ts > keeps division after a method named if
ParseError: Unsupported regex flag '2' at line 1, column 50.
⎯⎯⎯⎯⎯⎯⎯⎯⎯⎯⎯⎯⎯⎯⎯⎯⎯⎯⎯⎯⎯⎯⎯⎯[2/2]⎯


 Test Files  1 failed (1)
      Tests  2 failed | 17 passed (19)
   Start at  11:46:33
   Duration  2.31s (transform 1.29s, setup 37ms, import 1.61s, tests 594ms, environment 0ms)

