
 RUN  v4.1.11 /Users/kjopek/Workspace/poe-code-language-delivery

 ❯ packages/safe-js/src/parse/block-regexp-goal.test.ts (23 tests | 4 failed) 983ms
   ✓ recognizes a regexp statement after {} 73ms
   ✓ recognizes a regexp statement after {0;} 40ms
   ✓ recognizes a regexp statement after {{}} 37ms
   ✓ recognizes a regexp statement after 0;{} 39ms
   ✓ recognizes a regexp statement after {}{} 43ms
   ✓ recognizes a regexp statement after if(true){} 41ms
   ✓ recognizes a regexp statement after while(false){} 41ms
   ✓ recognizes a regexp statement after try{}finally{} 33ms
   ✓ recognizes a regexp statement after switch(0){} 35ms
   ✓ preserves expression-ending braces: return ({valueOf(){return 8}})/2; 27ms
   ✓ preserves expression-ending braces: return `${{valueOf(){return 8}}/2}`; 21ms
   ✓ preserves expression-ending braces: const value=function(){} /2;return Number.isNaN(value); 20ms
   ✓ preserves expression-ending braces: const value=(()=>{})/2;return Number.isNaN(value); 19ms
   ✓ preserves expression-ending braces: const value=true?{}:{};return Number.isNaN(value/2); 22ms
   ✓ keeps the legacy expression parser's object division goal 0ms
   ✓ recognizes brace-containing regexps after blocks inside template substitutions 25ms
   ✓ preserves regexp source and authority through repeated replay  350ms
   ✓ keeps division after a method named switch 19ms
   ✓ keeps division after a method named if 21ms
   × uses the statement-list goal for dynamic function bodies: return Function("{} /x/.test('x');return 7")(); 19ms
   × uses the statement-list goal for dynamic function bodies: return await (async function(){}).constructor("{} /x/.test('x');return 7")(); 19ms
   × uses the statement-list goal for dynamic function bodies: return (function*(){}).constructor("{} /x/.test('x');return 7")().next().value; 18ms
   × uses the statement-list goal for dynamic function bodies: return (await (async function*(){}).constructor("{} /x/.test('x');return 7")().next()).value; 19ms
FAIL packages/safe-js/src/parse/block-regexp-goal.test.ts > uses the statement-list goal for dynamic function bodies: return Function("{} /x/.test('x');return 7")();
SyntaxError: Unexpected token '/' at line 2, column 4.
⎯⎯⎯⎯⎯⎯⎯⎯⎯⎯⎯⎯⎯⎯⎯⎯⎯⎯⎯⎯⎯⎯⎯⎯⎯⎯⎯⎯⎯⎯
Serialized Error: { span: { start: { line: 1, column: 8, offset: 7 }, end: { line: 1, column: 45, offset: 44 } } }
FAIL packages/safe-js/src/parse/block-regexp-goal.test.ts > uses the statement-list goal for dynamic function bodies: return await (async function(){}).constructor("{} /x/.test('x');return 7")();
SyntaxError: Unexpected token '/' at line 2, column 4.
⎯⎯⎯⎯⎯⎯⎯⎯⎯⎯⎯⎯⎯⎯⎯⎯⎯⎯⎯⎯⎯⎯⎯⎯⎯⎯⎯⎯⎯⎯
Serialized Error: { span: { start: { line: 1, column: 14, offset: 13 }, end: { line: 1, column: 75, offset: 74 } } }
FAIL packages/safe-js/src/parse/block-regexp-goal.test.ts > uses the statement-list goal for dynamic function bodies: return (function*(){}).constructor("{} /x/.test('x');return 7")().next().value;
SyntaxError: Unexpected token '/' at line 2, column 4.
⎯⎯⎯⎯⎯⎯⎯⎯⎯⎯⎯⎯⎯⎯⎯⎯⎯⎯⎯⎯⎯⎯⎯⎯⎯⎯⎯⎯⎯⎯
Serialized Error: { span: { start: { line: 1, column: 8, offset: 7 }, end: { line: 1, column: 64, offset: 63 } } }
FAIL packages/safe-js/src/parse/block-regexp-goal.test.ts > uses the statement-list goal for dynamic function bodies: return (await (async function*(){}).constructor("{} /x/.test('x');return 7")().next()).value;
SyntaxError: Unexpected token '/' at line 2, column 4.
⎯⎯⎯⎯⎯⎯⎯⎯⎯⎯⎯⎯⎯⎯⎯⎯⎯⎯⎯⎯⎯⎯⎯⎯⎯⎯⎯⎯⎯⎯
Serialized Error: { span: { start: { line: 1, column: 15, offset: 14 }, end: { line: 1, column: 77, offset: 76 } } }

⎯⎯⎯⎯⎯⎯⎯ Failed Tests 4 ⎯⎯⎯⎯⎯⎯⎯

 FAIL  packages/safe-js/src/parse/block-regexp-goal.test.ts > uses the statement-list goal for dynamic function bodies: return Function("{} /x/.test('x');return 7")();
SyntaxError: Unexpected token '/' at line 2, column 4.
⎯⎯⎯⎯⎯⎯⎯⎯⎯⎯⎯⎯⎯⎯⎯⎯⎯⎯⎯⎯⎯⎯⎯⎯[1/4]⎯

 FAIL  packages/safe-js/src/parse/block-regexp-goal.test.ts > uses the statement-list goal for dynamic function bodies: return await (async function(){}).constructor("{} /x/.test('x');return 7")();
SyntaxError: Unexpected token '/' at line 2, column 4.
⎯⎯⎯⎯⎯⎯⎯⎯⎯⎯⎯⎯⎯⎯⎯⎯⎯⎯⎯⎯⎯⎯⎯⎯[2/4]⎯

 FAIL  packages/safe-js/src/parse/block-regexp-goal.test.ts > uses the statement-list goal for dynamic function bodies: return (function*(){}).constructor("{} /x/.test('x');return 7")().next().value;
SyntaxError: Unexpected token '/' at line 2, column 4.
⎯⎯⎯⎯⎯⎯⎯⎯⎯⎯⎯⎯⎯⎯⎯⎯⎯⎯⎯⎯⎯⎯⎯⎯[3/4]⎯

 FAIL  packages/safe-js/src/parse/block-regexp-goal.test.ts > uses the statement-list goal for dynamic function bodies: return (await (async function*(){}).constructor("{} /x/.test('x');return 7")().next()).value;
SyntaxError: Unexpected token '/' at line 2, column 4.
⎯⎯⎯⎯⎯⎯⎯⎯⎯⎯⎯⎯⎯⎯⎯⎯⎯⎯⎯⎯⎯⎯⎯⎯[4/4]⎯


 Test Files  1 failed (1)
      Tests  4 failed | 19 passed (23)
   Start at  11:47:17
   Duration  3.06s (transform 1.56s, setup 37ms, import 1.97s, tests 983ms, environment 0ms)

