
 RUN  v4.1.11 /Users/kjopek/Workspace/poe-code-language-delivery

 ❯ packages/safe-js/src/parse/block-regexp-goal.test.ts (24 tests | 1 failed) 926ms
   ✓ recognizes a regexp statement after {} 77ms
   ✓ recognizes a regexp statement after {0;} 41ms
   ✓ recognizes a regexp statement after {{}} 46ms
   ✓ recognizes a regexp statement after 0;{} 44ms
   ✓ recognizes a regexp statement after {}{} 44ms
   ✓ recognizes a regexp statement after if(true){} 35ms
   ✓ recognizes a regexp statement after while(false){} 43ms
   ✓ recognizes a regexp statement after try{}finally{} 42ms
   ✓ recognizes a regexp statement after switch(0){} 31ms
   ✓ preserves expression-ending braces: return ({valueOf(){return 8}})/2; 23ms
   ✓ preserves expression-ending braces: return `${{valueOf(){return 8}}/2}`; 19ms
   ✓ preserves expression-ending braces: const value=function(){} /2;return Number.isNaN(value); 17ms
   ✓ preserves expression-ending braces: const value=(()=>{})/2;return Number.isNaN(value); 16ms
   ✓ preserves expression-ending braces: const value=true?{}:{};return Number.isNaN(value/2); 19ms
   ✓ keeps the legacy expression parser's object division goal 1ms
   ✓ recognizes brace-containing regexps after blocks inside template substitutions 17ms
   ✓ preserves regexp source and authority through repeated replay 297ms
   ✓ keeps division after a method named switch 16ms
   ✓ keeps division after a method named if 19ms
   ✓ uses the statement-list goal for dynamic function bodies: return Function("{} /x/.test('x');return 7")(); 16ms
   ✓ uses the statement-list goal for dynamic function bodies: return await (async function(){}).constructor("{} /x/.test('x');return 7")(); 18ms
   ✓ uses the statement-list goal for dynamic function bodies: return (function*(){}).constructor("{} /x/.test('x');return 7")().next().value; 23ms
   ✓ uses the statement-list goal for dynamic function bodies: return (await (async function*(){}).constructor("{} /x/.test('x');return 7")().next()).value; 20ms
   × recognizes a regexp after a for-await block 1ms
FAIL packages/safe-js/src/parse/block-regexp-goal.test.ts > recognizes a regexp after a for-await block
ParseError: Unexpected token '/' at line 1, column 28.
⎯⎯⎯⎯⎯⎯⎯⎯⎯⎯⎯⎯⎯⎯⎯⎯⎯⎯⎯⎯⎯⎯⎯⎯⎯⎯⎯⎯⎯⎯
Serialized Error: { filename: '<input>', kind: 'ParseError', excerpt: '1 | for await(const x of []){} /x/.test("x");return 7;', caret: '  |                            ^', span: { start: { column: 28, line: 1, offset: 27 }, end: { column: 29, line: 1, offset: 28 } } }

⎯⎯⎯⎯⎯⎯⎯ Failed Tests 1 ⎯⎯⎯⎯⎯⎯⎯

 FAIL  packages/safe-js/src/parse/block-regexp-goal.test.ts > recognizes a regexp after a for-await block
ParseError: Unexpected token '/' at line 1, column 28.
⎯⎯⎯⎯⎯⎯⎯⎯⎯⎯⎯⎯⎯⎯⎯⎯⎯⎯⎯⎯⎯⎯⎯⎯[1/1]⎯


 Test Files  1 failed (1)
      Tests  1 failed | 23 passed (24)
   Start at  11:50:52
   Duration  3.12s (transform 1.65s, setup 49ms, import 2.06s, tests 926ms, environment 0ms)

