
 RUN  v4.1.11 /Users/kjopek/Workspace/poe-setup-scripts

 ❯ packages/docx/src/table-behavior-variants.test.ts (132 tests | 4 failed) 5106ms
     ✓ 'table alignment boundary 78' 45ms
     ✓ 'table alignment boundary 79' 39ms
     ✓ 'table alignment boundary 80' 38ms
     ✓ 'table alignment boundary 81' 39ms
     ✓ 'table alignment boundary 82' 41ms
     ✓ 'table alignment boundary 83' 39ms
     ✓ 'table alignment boundary 84' 39ms
     ✓ 'table autofit boundary 85' 38ms
     ✓ 'table autofit boundary 86' 39ms
     ✓ 'table autofit boundary 87' 39ms
     ✓ 'table autofit boundary 88' 39ms
     ✓ 'table autofit boundary 89' 38ms
     ✓ 'table autofit boundary 90' 39ms
     ✓ 'table autofit boundary 91' 38ms
     ✓ 'table autofit boundary 92' 38ms
     ✓ 'table table_direction boundary 94' 37ms
     ✓ 'table table_direction boundary 95' 37ms
     ✓ 'table table_direction boundary 96' 37ms
     ✓ 'table table_direction boundary 97' 35ms
     ✓ 'table table_direction boundary 98' 39ms
     ✓ 'table table_direction boundary 99' 39ms
     ✓ 'table table_direction boundary 100' 39ms
     ✓ 'table table_direction boundary 101' 38ms
     ✓ 'cell grid_span boundary 112' 38ms
     ✓ 'cell grid_span boundary 113' 38ms
     ✓ 'cell grid_span boundary 114' 38ms
     ✓ 'cell grid_span boundary 115' 37ms
     ✓ 'cell vertical_alignment boundary 124' 39ms
     ✓ 'cell vertical_alignment boundary 125' 37ms
     ✓ 'cell vertical_alignment boundary 126' 34ms
     ✓ 'cell vertical_alignment boundary 127' 37ms
     ✓ 'cell vertical_alignment boundary 128' 40ms
     ✓ 'cell vertical_alignment boundary 129' 39ms
     ✓ 'cell vertical_alignment boundary 130' 38ms
     ✓ 'cell vertical_alignment boundary 131' 39ms
     ✓ 'cell vertical_alignment boundary 132' 39ms
     ✓ 'cell vertical_alignment boundary 133' 39ms
     ✓ 'cell width boundary 134' 36ms
     ✓ 'cell width boundary 135' 38ms
     ✓ 'cell width boundary 136' 39ms
     ✓ 'cell width boundary 137' 38ms
     ✓ 'cell width boundary 138' 37ms
     ✓ 'cell width boundary 139' 39ms
     ✓ 'column width boundary 153' 37ms
     ✓ 'column width boundary 154' 35ms
     ✓ 'column width boundary 155' 38ms
     ✓ 'column width boundary 156' 37ms
     ✓ 'column width boundary 157' 38ms
     ✓ 'column width boundary 158' 38ms
     ✓ 'column width boundary 159' 38ms
     ✓ 'column width boundary 160' 38ms
     ✓ 'column width boundary 161' 38ms
     ✓ 'column width boundary 162' 37ms
     ✓ 'row grid_cols_after boundary 167' 37ms
     ✓ 'row grid_cols_after boundary 168' 37ms
     ✓ 'row grid_cols_after boundary 169' 39ms
     ✓ 'row grid_cols_after boundary 170' 36ms
     ✓ 'row grid_cols_before boundary 171' 39ms
     ✓ 'row grid_cols_before boundary 172' 38ms
     ✓ 'row grid_cols_before boundary 173' 38ms
     ✓ 'row grid_cols_before boundary 174' 40ms
     ✓ 'row height boundary 175' 40ms
     ✓ 'row height boundary 176' 39ms
     ✓ 'row height boundary 177' 41ms
     ✓ 'row height boundary 178' 39ms
     ✓ 'row height boundary 179' 40ms
     ✓ 'row height boundary 180' 42ms
     ✓ 'row height boundary 181' 39ms
     ✓ 'row height boundary 182' 38ms
     ✓ 'row height boundary 183' 37ms
     ✓ 'row height boundary 184' 38ms
     ✓ 'row height boundary 185' 38ms
     ✓ 'row height boundary 186' 37ms
     ✓ 'row height boundary 187' 38ms
     ✓ 'row height_rule boundary 188' 36ms
     ✓ 'row height_rule boundary 189' 37ms
     ✓ 'row height_rule boundary 190' 36ms
     ✓ 'row height_rule boundary 191' 38ms
     ✓ 'row height_rule boundary 192' 38ms
     ✓ 'row height_rule boundary 193' 39ms
     ✓ 'row height_rule boundary 194' 39ms
     ✓ 'row height_rule boundary 195' 38ms
     ✓ 'row height_rule boundary 196' 37ms
     ✓ 'row height_rule boundary 197' 39ms
     ✓ 'row height_rule boundary 198' 38ms
     ✓ 'row height_rule boundary 199' 39ms
     ✓ 'row height_rule boundary 200' 41ms
     ✓ rejects incomplete endpoint rectangle 1:0,0-1,0 48ms
     ✓ rejects incomplete endpoint rectangle 1:1,0-0,0 43ms
     ✓ rejects incomplete endpoint rectangle 2:0,2-0,1 42ms
     ✓ rejects incomplete endpoint rectangle 5:0,1-1,0 40ms
     ✓ rejects incomplete endpoint rectangle 5:1,0-2,1 40ms
     ✓ rejects incomplete endpoint rectangle 6:1,0-0,1 40ms
     ✓ rejects incomplete endpoint rectangle 6:0,1-1,2 38ms
   ✓ 'physical cell top boundary 1' 39ms
   ✓ 'physical cell top boundary 2' 38ms
   ✓ 'physical cell top boundary 3' 39ms
   ✓ 'physical cell top boundary 4' 38ms
   ✓ 'physical cell left boundary 5' 36ms
   ✓ 'physical cell left boundary 6' 39ms
   ✓ 'physical cell left boundary 7' 38ms
   ✓ 'physical cell left boundary 8' 37ms
   ✓ 'physical cell bottom boundary 9' 38ms
   ✓ 'physical cell bottom boundary 10' 38ms
   ✓ 'physical cell bottom boundary 11' 38ms
   ✓ 'physical cell bottom boundary 12' 39ms
   ✓ 'physical cell right boundary 13' 39ms
   ✓ 'physical cell right boundary 14' 38ms
   ✓ 'physical cell right boundary 15' 38ms
   ✓ 'rectangle endpoint boundary 1' 42ms
   ✓ 'rectangle endpoint boundary 2' 44ms
   ✓ 'rectangle endpoint boundary 3' 41ms
   ✓ 'rectangle endpoint boundary 4' 43ms
   ✓ 'rectangle endpoint boundary 5' 40ms
   ✓ 'rectangle endpoint boundary 6' 42ms
   ✓ 'rectangle endpoint boundary 7' 43ms
   ✓ 'rectangle endpoint boundary 8' 43ms
   ✓ 'rectangle endpoint boundary 9' 41ms
   ✓ 'rectangle endpoint boundary 10' 39ms
   × row sequence length 0 40ms
   ✓ row sequence length 1 38ms
   ✓ row sequence length 2 37ms
   ✓ row sequence length 3 39ms
   × row sequence bounds 0:0 39ms
   × row sequence bounds 0:1 37ms
   × row sequence bounds 0:-1 38ms
   ✓ row sequence bounds 1:1 36ms
   ✓ row sequence bounds 1:-2 38ms
   ✓ row sequence bounds 3:3 38ms
   ✓ row sequence bounds 3:-4 38ms
   ✓ row exclusive slice 1:3 39ms
   ✓ row exclusive slice 0:-1 38ms
FAIL packages/docx/src/table-behavior-variants.test.ts > row sequence length 0
Error: Expected a nonempty table grid.
 ❯ mergedTableGrid packages/docx/src/table-merge.ts:29:46
     27|   const grid = one(table, "tblGrid"), rows = children(table, "tr");
     28|   const columns = grid ? children(grid, "gridCol") : [];
     29|   if (!columns.length || !rows.length) throw new InvalidPackageError("…
       |                                              ^
     30|   budget.table(rows.length, columns.length);
     31|   const owners: LogicalCell[] = [], physical: PhysicalCell[][] = [], s…
 ❯ activeGrid packages/docx/src/table-model.ts:171:16
 ❯ Table.grid packages/docx/src/table-model.ts:213:12
 ❯ Proxy.get length packages/docx/src/table-model.ts:575:23
 ❯ Object.get packages/docx/src/numeric-index.ts:15:47
 ❯ packages/docx/src/table-behavior-variants.test.ts:1046:21

⎯⎯⎯⎯⎯⎯⎯⎯⎯⎯⎯⎯⎯⎯⎯⎯⎯⎯⎯⎯⎯⎯⎯⎯⎯⎯⎯⎯⎯⎯
Serialized Error: { part: undefined, location: '/', diagnosticCode: 'package-structure', code: 'invalid-package' }
FAIL packages/docx/src/table-behavior-variants.test.ts > row sequence bounds 0:0
AssertionError: expected error to be instance of RangeError

- Expected:
[Function RangeError]

+ Received:
InvalidPackageError {
  "message": "Expected a nonempty table grid.",
  "part": undefined,
  "location": "/",
  "diagnosticCode": "package-structure",
  "code": "invalid-package",
}

 ❯ packages/docx/src/table-behavior-variants.test.ts:1052:36
    1050| it.each([[0,0], [0,1], [0,-1], [1,1], [1,-2], [3,3], [3,-4]])("row seq…
    1051|   const {table} = await open(`<w:tbl>${count ? `<w:tblGrid><w:gridCol/…
    1052|   expect(() => table.rows.at(at!)).toThrow(RangeError);
       |                                    ^
    1053| });
    1054| it.each([[1,3], [0,-1]])("row exclusive slice %i:%i", async (start,end…

FAIL packages/docx/src/table-behavior-variants.test.ts > row sequence bounds 0:1
AssertionError: expected error to be instance of RangeError

- Expected:
[Function RangeError]

+ Received:
InvalidPackageError {
  "message": "Expected a nonempty table grid.",
  "part": undefined,
  "location": "/",
  "diagnosticCode": "package-structure",
  "code": "invalid-package",
}

 ❯ packages/docx/src/table-behavior-variants.test.ts:1052:36
    1050| it.each([[0,0], [0,1], [0,-1], [1,1], [1,-2], [3,3], [3,-4]])("row seq…
    1051|   const {table} = await open(`<w:tbl>${count ? `<w:tblGrid><w:gridCol/…
    1052|   expect(() => table.rows.at(at!)).toThrow(RangeError);
       |                                    ^
    1053| });
    1054| it.each([[1,3], [0,-1]])("row exclusive slice %i:%i", async (start,end…

FAIL packages/docx/src/table-behavior-variants.test.ts > row sequence bounds 0:-1
AssertionError: expected error to be instance of RangeError

- Expected:
[Function RangeError]

+ Received:
InvalidPackageError {
  "message": "Expected a nonempty table grid.",
  "part": undefined,
  "location": "/",
  "diagnosticCode": "package-structure",
  "code": "invalid-package",
}

 ❯ packages/docx/src/table-behavior-variants.test.ts:1052:36
    1050| it.each([[0,0], [0,1], [0,-1], [1,1], [1,-2], [3,3], [3,-4]])("row seq…
    1051|   const {table} = await open(`<w:tbl>${count ? `<w:tblGrid><w:gridCol/…
    1052|   expect(() => table.rows.at(at!)).toThrow(RangeError);
       |                                    ^
    1053| });
    1054| it.each([[1,3], [0,-1]])("row exclusive slice %i:%i", async (start,end…


⎯⎯⎯⎯⎯⎯⎯ Failed Tests 4 ⎯⎯⎯⎯⎯⎯⎯

 FAIL  packages/docx/src/table-behavior-variants.test.ts > row sequence length 0
Error: Expected a nonempty table grid.
 ❯ mergedTableGrid packages/docx/src/table-merge.ts:29:46
     27|   const grid = one(table, "tblGrid"), rows = children(table, "tr");
     28|   const columns = grid ? children(grid, "gridCol") : [];
     29|   if (!columns.length || !rows.length) throw new InvalidPackageError("…
       |                                              ^
     30|   budget.table(rows.length, columns.length);
     31|   const owners: LogicalCell[] = [], physical: PhysicalCell[][] = [], s…
 ❯ activeGrid packages/docx/src/table-model.ts:171:16
 ❯ Table.grid packages/docx/src/table-model.ts:213:12
 ❯ Proxy.get length packages/docx/src/table-model.ts:575:23
 ❯ Object.get packages/docx/src/numeric-index.ts:15:47
 ❯ packages/docx/src/table-behavior-variants.test.ts:1046:21

⎯⎯⎯⎯⎯⎯⎯⎯⎯⎯⎯⎯⎯⎯⎯⎯⎯⎯⎯⎯⎯⎯⎯⎯[1/4]⎯

 FAIL  packages/docx/src/table-behavior-variants.test.ts > row sequence bounds 0:0
 FAIL  packages/docx/src/table-behavior-variants.test.ts > row sequence bounds 0:1
 FAIL  packages/docx/src/table-behavior-variants.test.ts > row sequence bounds 0:-1
AssertionError: expected error to be instance of RangeError

- Expected:
[Function RangeError]

+ Received:
InvalidPackageError {
  "message": "Expected a nonempty table grid.",
  "part": undefined,
  "location": "/",
  "diagnosticCode": "package-structure",
  "code": "invalid-package",
}

 ❯ packages/docx/src/table-behavior-variants.test.ts:1052:36
    1050| it.each([[0,0], [0,1], [0,-1], [1,1], [1,-2], [3,3], [3,-4]])("row seq…
    1051|   const {table} = await open(`<w:tbl>${count ? `<w:tblGrid><w:gridCol/…
    1052|   expect(() => table.rows.at(at!)).toThrow(RangeError);
       |                                    ^
    1053| });
    1054| it.each([[1,3], [0,-1]])("row exclusive slice %i:%i", async (start,end…

⎯⎯⎯⎯⎯⎯⎯⎯⎯⎯⎯⎯⎯⎯⎯⎯⎯⎯⎯⎯⎯⎯⎯⎯[2/4]⎯


 Test Files  1 failed (1)
      Tests  4 failed | 128 passed (132)
   Start at  22:45:04
   Duration  6.16s (transform 831ms, setup 30ms, import 968ms, tests 5.11s, environment 0ms)

