
 RUN  v4.1.11 /Users/kjopek/Workspace/poe-setup-scripts

 ❯ packages/docx/src/table-behavior-variants.test.ts (195 tests | 2 failed) 7521ms
     ✓ 'table alignment boundary 78' 45ms
     ✓ 'table alignment boundary 79' 39ms
     ✓ 'table alignment boundary 80' 41ms
     ✓ 'table alignment boundary 81' 40ms
     ✓ 'table alignment boundary 82' 42ms
     ✓ 'table alignment boundary 83' 42ms
     ✓ 'table alignment boundary 84' 39ms
     ✓ 'table autofit boundary 85' 38ms
     ✓ 'table autofit boundary 86' 38ms
     ✓ 'table autofit boundary 87' 37ms
     ✓ 'table autofit boundary 88' 38ms
     ✓ 'table autofit boundary 89' 38ms
     ✓ 'table autofit boundary 90' 38ms
     ✓ 'table autofit boundary 91' 39ms
     ✓ 'table autofit boundary 92' 39ms
     ✓ 'table table_direction boundary 94' 38ms
     ✓ 'table table_direction boundary 95' 38ms
     ✓ 'table table_direction boundary 96' 35ms
     ✓ 'table table_direction boundary 97' 36ms
     ✓ 'table table_direction boundary 98' 39ms
     ✓ 'table table_direction boundary 99' 40ms
     ✓ 'table table_direction boundary 100' 38ms
     ✓ 'table table_direction boundary 101' 39ms
     ✓ 'cell grid_span boundary 112' 39ms
     ✓ 'cell grid_span boundary 113' 39ms
     ✓ 'cell grid_span boundary 114' 38ms
     ✓ 'cell grid_span boundary 115' 38ms
     ✓ 'cell vertical_alignment boundary 124' 39ms
     ✓ 'cell vertical_alignment boundary 125' 39ms
     ✓ 'cell vertical_alignment boundary 126' 38ms
     ✓ 'cell vertical_alignment boundary 127' 41ms
     ✓ 'cell vertical_alignment boundary 128' 41ms
     ✓ 'cell vertical_alignment boundary 129' 40ms
     ✓ 'cell vertical_alignment boundary 130' 39ms
     ✓ 'cell vertical_alignment boundary 131' 39ms
     ✓ 'cell vertical_alignment boundary 132' 38ms
     ✓ 'cell vertical_alignment boundary 133' 37ms
     ✓ 'cell width boundary 134' 37ms
     ✓ 'cell width boundary 135' 37ms
     ✓ 'cell width boundary 136' 38ms
     ✓ 'cell width boundary 137' 38ms
     ✓ 'cell width boundary 138' 37ms
     ✓ 'cell width boundary 139' 37ms
     ✓ 'column width boundary 153' 38ms
     ✓ 'column width boundary 154' 37ms
     ✓ 'column width boundary 155' 38ms
     ✓ 'column width boundary 156' 39ms
     ✓ 'column width boundary 157' 37ms
     ✓ 'column width boundary 158' 38ms
     ✓ 'column width boundary 159' 40ms
     ✓ 'column width boundary 160' 38ms
     ✓ 'column width boundary 161' 40ms
     ✓ 'column width boundary 162' 37ms
     ✓ 'row grid_cols_after boundary 167' 39ms
     ✓ 'row grid_cols_after boundary 168' 40ms
     ✓ 'row grid_cols_after boundary 169' 41ms
     ✓ 'row grid_cols_after boundary 170' 39ms
     ✓ 'row grid_cols_before boundary 171' 38ms
     ✓ 'row grid_cols_before boundary 172' 40ms
     ✓ 'row grid_cols_before boundary 173' 38ms
     ✓ 'row grid_cols_before boundary 174' 38ms
     ✓ 'row height boundary 175' 37ms
     ✓ 'row height boundary 176' 37ms
     ✓ 'row height boundary 177' 37ms
     ✓ 'row height boundary 178' 38ms
     ✓ 'row height boundary 179' 38ms
     ✓ 'row height boundary 180' 38ms
     ✓ 'row height boundary 181' 39ms
     ✓ 'row height boundary 182' 39ms
     ✓ 'row height boundary 183' 38ms
     ✓ 'row height boundary 184' 37ms
     ✓ 'row height boundary 185' 38ms
     ✓ 'row height boundary 186' 38ms
     ✓ 'row height boundary 187' 38ms
     ✓ 'row height_rule boundary 188' 39ms
     ✓ 'row height_rule boundary 189' 36ms
     ✓ 'row height_rule boundary 190' 39ms
     ✓ 'row height_rule boundary 191' 36ms
     ✓ 'row height_rule boundary 192' 38ms
     ✓ 'row height_rule boundary 193' 40ms
     ✓ 'row height_rule boundary 194' 40ms
     ✓ 'row height_rule boundary 195' 44ms
     ✓ 'row height_rule boundary 196' 42ms
     ✓ 'row height_rule boundary 197' 43ms
     ✓ 'row height_rule boundary 198' 38ms
     ✓ 'row height_rule boundary 199' 36ms
     ✓ 'row height_rule boundary 200' 38ms
     ✓ rejects incomplete endpoint rectangle 1:0,0-1,0 41ms
     ✓ rejects incomplete endpoint rectangle 1:1,0-0,0 40ms
     ✓ rejects incomplete endpoint rectangle 2:0,2-0,1 39ms
     ✓ rejects incomplete endpoint rectangle 5:0,1-1,0 38ms
     ✓ rejects incomplete endpoint rectangle 5:1,0-2,1 38ms
     ✓ rejects incomplete endpoint rectangle 6:1,0-0,1 40ms
     ✓ rejects incomplete endpoint rectangle 6:0,1-1,2 39ms
   ✓ 'physical cell top boundary 1' 38ms
   ✓ 'physical cell top boundary 2' 39ms
   ✓ 'physical cell top boundary 3' 38ms
   ✓ 'physical cell top boundary 4' 38ms
   ✓ 'physical cell left boundary 5' 39ms
   ✓ 'physical cell left boundary 6' 39ms
   ✓ 'physical cell left boundary 7' 38ms
   ✓ 'physical cell left boundary 8' 39ms
   ✓ 'physical cell bottom boundary 9' 37ms
   ✓ 'physical cell bottom boundary 10' 38ms
   ✓ 'physical cell bottom boundary 11' 40ms
   ✓ 'physical cell bottom boundary 12' 45ms
   ✓ 'physical cell right boundary 13' 42ms
   ✓ 'physical cell right boundary 14' 42ms
   ✓ 'physical cell right boundary 15' 44ms
   ✓ 'rectangle endpoint boundary 1' 44ms
   ✓ 'rectangle endpoint boundary 2' 41ms
   ✓ 'rectangle endpoint boundary 3' 40ms
   ✓ 'rectangle endpoint boundary 4' 39ms
   ✓ 'rectangle endpoint boundary 5' 39ms
   ✓ 'rectangle endpoint boundary 6' 38ms
   ✓ 'rectangle endpoint boundary 7' 39ms
   ✓ 'rectangle endpoint boundary 8' 40ms
   ✓ 'rectangle endpoint boundary 9' 39ms
   ✓ 'rectangle endpoint boundary 10' 39ms
   ✓ row sequence length 0 37ms
   ✓ row sequence length 1 36ms
   ✓ row sequence length 2 38ms
   ✓ row sequence length 3 38ms
   ✓ row sequence bounds 0:0 38ms
   ✓ row sequence bounds 0:1 38ms
   ✓ row sequence bounds 0:-1 38ms
   ✓ row sequence bounds 1:1 36ms
   ✓ row sequence bounds 1:-2 38ms
   ✓ row sequence bounds 3:3 38ms
   ✓ row sequence bounds 3:-4 38ms
   ✓ row exclusive slice 1:3 37ms
   ✓ row exclusive slice 0:-1 38ms
   ✓ physical offset with omitted prefix 0:0:0 38ms
   ✓ physical offset with omitted prefix 0:1:1 38ms
   ✓ physical offset with omitted prefix 2:0:2 37ms
   ✓ physical offset with omitted prefix 2:1:3 37ms
   ✓ physical offset with omitted prefix 4:2:6 38ms
   ✓ logical alias layout 0 40ms
   ✓ logical alias layout 1 39ms
   ✓ logical alias layout 2 38ms
   ✓ logical alias layout 3 38ms
   ✓ logical alias layout 4 37ms
   ✓ span growth 0:0:0:2:1 38ms
   ✓ span growth 0:0:1:1:2 39ms
   ✓ span growth 0:1:1:2:2 39ms
   ✓ span growth 1:0:0:2:2 38ms
   ✓ span growth 2:0:0:2:2 39ms
   ✓ span growth 2:1:2:1:2 39ms
   ✓ merge width presence true:true 39ms
   ✓ merge width presence false:false 38ms
   ✓ merge width presence false:true 39ms
   ✓ merge width presence true:false 38ms
   ✓ horizontal absorption 1:1:0:false 38ms
   ✓ horizontal absorption 1:1:1:false 38ms
   ✓ horizontal absorption 1:1:0:true 39ms
   ✓ horizontal absorption 2:1:0:false 37ms
   ✓ horizontal absorption 1:2:0:false 38ms
   ✓ direct cell text boundary "" 38ms
   ✓ direct cell text boundary "Harbor" 37ms
   ✓ direct cell text boundary "Harbor\nSounding" 38ms
   ✓ direct cell text boundary "Harbor" 38ms
   ✓ direct cell text boundary "Ti\tde\nReef\n" 38ms
   ✓ whole cell text assignment "Harbor" 35ms
   ✓ whole cell text assignment "Ti\tde\rReef\n" 36ms
   ✓ rejects whole cell replacement that would erase a nested table 38ms
   ✓ direct nested table count 0:false 38ms
   ✓ direct nested table count 1:false 36ms
   ✓ direct nested table count 2:false 38ms
   ✓ direct nested table count 1:true 38ms
   ✓ direct nested table count 2:true 39ms
   ✓ cell paragraph append boundary "" 37ms
   ✓ cell paragraph append boundary "<w:p/>" 37ms
   ✓ cell paragraph append boundary "<w:tbl><w:tblGrid><w:gridCol/></w:tblGrid><w:tr><w:tc><w:tcPr></w:tcPr><w:p><w:r><w:t>Nested</w:t></w:r></w:p></w:tc></w:tr></w:tbl>" 38ms
   ✓ row aliases width 1 height 1 row 0 38ms
   ✓ row aliases width 2 height 1 row 0 36ms
   ✓ row aliases width 1 height 2 row 1 37ms
   ✓ row aliases width 2 height 2 row 1 37ms
   ✓ row property container insertion boundary "" 38ms
   ✓ row property container insertion boundary "<w:tblPrEx/>" 38ms
   ✓ row property container insertion boundary "<w:tc><w:tcPr></w:tcPr><w:p/></w:tc>" 38ms
   ✓ row property container insertion boundary "<w:sdt/><w:del/><w:tc><w:tcPr></w:tcPr><w:p/></w:tc>" 38ms
   ✓ physical grid-start miss 0:3 38ms
   ✓ physical grid-start miss 1:1 38ms
   ✓ topmost row has no preceding physical row 0 36ms
   ✓ topmost row has no preceding physical row 4 35ms
   ✓ explicit span cannot swallow outside selected width 1 39ms
   ✓ explicit span cannot swallow outside selected width 3 39ms
   ✓ ordered merge blocks "<w:p/>" into "<w:p/>" 39ms
   ✓ ordered merge blocks "<w:p/>" into "<w:p><w:r/></w:p>" 39ms
   ✓ ordered merge blocks "<w:p><w:r/></w:p>" into "<w:p/>" 39ms
   × ordered merge blocks "<w:p><w:r/></w:p><w:sdt/>" into "<w:p/>" 40ms
   × ordered merge blocks "<w:p><w:r/></w:p><w:sdt/>" into "<w:tbl><w:tblGrid><w:gridCol/></w:tblGrid><w:tr><w:tc><w:tcPr></w:tcPr><w:p><w:r><w:t>Nested</w:t></w:r></w:p></w:tc></w:tr></w:tbl><w:p/>" 39ms
   ✓ keeps inherited public views and all collection owners 45ms
   ✓ adds row and column with width-bearing returned owners 41ms
   ✓ creates nested tables with a terminal paragraph and public ordered traversal 40ms
FAIL packages/docx/src/table-behavior-variants.test.ts > ordered merge blocks "<w:p><w:r/></w:p><w:sdt/>" into "<w:p/>"
AssertionError: expected [Function] to throw an error
 ❯ packages/docx/src/table-behavior-variants.test.ts:1169:56
    1167|   if(first!.includes("sdt")){
    1168|     const before=store.xml(store.mainPart).serialize();
    1169|     expect(()=>table.cell(0,0).merge(table.cell(0,1))).toThrow();
       |                                                        ^
    1170|     expect(store.xml(store.mainPart).serialize()).toEqual(before);
    1171|   }else{

FAIL packages/docx/src/table-behavior-variants.test.ts > ordered merge blocks "<w:p><w:r/></w:p><w:sdt/>" into "<w:tbl><w:tblGrid><w:gridCol/></w:tblGrid><w:tr><w:tc><w:tcPr></w:tcPr><w:p><w:r><w:t>Nested</w:t></w:r></w:p></w:tc></w:tr></w:tbl><w:p/>"
AssertionError: expected [Function] to throw an error
 ❯ packages/docx/src/table-behavior-variants.test.ts:1169:56
    1167|   if(first!.includes("sdt")){
    1168|     const before=store.xml(store.mainPart).serialize();
    1169|     expect(()=>table.cell(0,0).merge(table.cell(0,1))).toThrow();
       |                                                        ^
    1170|     expect(store.xml(store.mainPart).serialize()).toEqual(before);
    1171|   }else{


⎯⎯⎯⎯⎯⎯⎯ Failed Tests 2 ⎯⎯⎯⎯⎯⎯⎯

 FAIL  packages/docx/src/table-behavior-variants.test.ts > ordered merge blocks "<w:p><w:r/></w:p><w:sdt/>" into "<w:p/>"
 FAIL  packages/docx/src/table-behavior-variants.test.ts > ordered merge blocks "<w:p><w:r/></w:p><w:sdt/>" into "<w:tbl><w:tblGrid><w:gridCol/></w:tblGrid><w:tr><w:tc><w:tcPr></w:tcPr><w:p><w:r><w:t>Nested</w:t></w:r></w:p></w:tc></w:tr></w:tbl><w:p/>"
AssertionError: expected [Function] to throw an error
 ❯ packages/docx/src/table-behavior-variants.test.ts:1169:56
    1167|   if(first!.includes("sdt")){
    1168|     const before=store.xml(store.mainPart).serialize();
    1169|     expect(()=>table.cell(0,0).merge(table.cell(0,1))).toThrow();
       |                                                        ^
    1170|     expect(store.xml(store.mainPart).serialize()).toEqual(before);
    1171|   }else{

⎯⎯⎯⎯⎯⎯⎯⎯⎯⎯⎯⎯⎯⎯⎯⎯⎯⎯⎯⎯⎯⎯⎯⎯[1/2]⎯


 Test Files  1 failed (1)
      Tests  2 failed | 193 passed (195)
   Start at  22:48:46
   Duration  8.54s (transform 802ms, setup 27ms, import 941ms, tests 7.52s, environment 0ms)

