
 RUN  v4.1.11 /Users/kjopek/Workspace/poe-setup-scripts

 ❯ packages/docx/src/table-behavior-variants.test.ts (181 tests | 1 failed) 6945ms
     ✓ 'table alignment boundary 78' 45ms
     ✓ 'table alignment boundary 79' 39ms
     ✓ 'table alignment boundary 80' 38ms
     ✓ 'table alignment boundary 81' 39ms
     ✓ 'table alignment boundary 82' 41ms
     ✓ 'table alignment boundary 83' 40ms
     ✓ 'table alignment boundary 84' 39ms
     ✓ 'table autofit boundary 85' 39ms
     ✓ 'table autofit boundary 86' 39ms
     ✓ 'table autofit boundary 87' 38ms
     ✓ 'table autofit boundary 88' 37ms
     ✓ 'table autofit boundary 89' 39ms
     ✓ 'table autofit boundary 90' 39ms
     ✓ 'table autofit boundary 91' 39ms
     ✓ 'table autofit boundary 92' 38ms
     ✓ 'table table_direction boundary 94' 40ms
     ✓ 'table table_direction boundary 95' 39ms
     ✓ 'table table_direction boundary 96' 38ms
     ✓ 'table table_direction boundary 97' 38ms
     ✓ 'table table_direction boundary 98' 39ms
     ✓ 'table table_direction boundary 99' 39ms
     ✓ 'table table_direction boundary 100' 38ms
     ✓ 'table table_direction boundary 101' 39ms
     ✓ 'cell grid_span boundary 112' 38ms
     ✓ 'cell grid_span boundary 113' 38ms
     ✓ 'cell grid_span boundary 114' 38ms
     ✓ 'cell grid_span boundary 115' 38ms
     ✓ 'cell vertical_alignment boundary 124' 37ms
     ✓ 'cell vertical_alignment boundary 125' 35ms
     ✓ 'cell vertical_alignment boundary 126' 35ms
     ✓ 'cell vertical_alignment boundary 127' 38ms
     ✓ 'cell vertical_alignment boundary 128' 37ms
     ✓ 'cell vertical_alignment boundary 129' 38ms
     ✓ 'cell vertical_alignment boundary 130' 39ms
     ✓ 'cell vertical_alignment boundary 131' 39ms
     ✓ 'cell vertical_alignment boundary 132' 37ms
     ✓ 'cell vertical_alignment boundary 133' 35ms
     ✓ 'cell width boundary 134' 38ms
     ✓ 'cell width boundary 135' 38ms
     ✓ 'cell width boundary 136' 40ms
     ✓ 'cell width boundary 137' 37ms
     ✓ 'cell width boundary 138' 41ms
     ✓ 'cell width boundary 139' 42ms
     ✓ 'column width boundary 153' 40ms
     ✓ 'column width boundary 154' 42ms
     ✓ 'column width boundary 155' 39ms
     ✓ 'column width boundary 156' 38ms
     ✓ 'column width boundary 157' 39ms
     ✓ 'column width boundary 158' 37ms
     ✓ 'column width boundary 159' 38ms
     ✓ 'column width boundary 160' 38ms
     ✓ 'column width boundary 161' 37ms
     ✓ 'column width boundary 162' 38ms
     ✓ 'row grid_cols_after boundary 167' 38ms
     ✓ 'row grid_cols_after boundary 168' 38ms
     ✓ 'row grid_cols_after boundary 169' 38ms
     ✓ 'row grid_cols_after boundary 170' 37ms
     ✓ 'row grid_cols_before boundary 171' 37ms
     ✓ 'row grid_cols_before boundary 172' 36ms
     ✓ 'row grid_cols_before boundary 173' 38ms
     ✓ 'row grid_cols_before boundary 174' 38ms
     ✓ 'row height boundary 175' 36ms
     ✓ 'row height boundary 176' 37ms
     ✓ 'row height boundary 177' 39ms
     ✓ 'row height boundary 178' 38ms
     ✓ 'row height boundary 179' 39ms
     ✓ 'row height boundary 180' 41ms
     ✓ 'row height boundary 181' 43ms
     ✓ 'row height boundary 182' 42ms
     ✓ 'row height boundary 183' 41ms
     ✓ 'row height boundary 184' 42ms
     ✓ 'row height boundary 185' 40ms
     ✓ 'row height boundary 186' 38ms
     ✓ 'row height boundary 187' 37ms
     ✓ 'row height_rule boundary 188' 38ms
     ✓ 'row height_rule boundary 189' 35ms
     ✓ 'row height_rule boundary 190' 37ms
     ✓ 'row height_rule boundary 191' 38ms
     ✓ 'row height_rule boundary 192' 38ms
     ✓ 'row height_rule boundary 193' 37ms
     ✓ 'row height_rule boundary 194' 37ms
     ✓ 'row height_rule boundary 195' 38ms
     ✓ 'row height_rule boundary 196' 38ms
     ✓ 'row height_rule boundary 197' 39ms
     ✓ 'row height_rule boundary 198' 38ms
     ✓ 'row height_rule boundary 199' 38ms
     ✓ 'row height_rule boundary 200' 38ms
     ✓ rejects incomplete endpoint rectangle 1:0,0-1,0 40ms
     ✓ rejects incomplete endpoint rectangle 1:1,0-0,0 40ms
     ✓ rejects incomplete endpoint rectangle 2:0,2-0,1 39ms
     ✓ rejects incomplete endpoint rectangle 5:0,1-1,0 38ms
     ✓ rejects incomplete endpoint rectangle 5:1,0-2,1 40ms
     ✓ rejects incomplete endpoint rectangle 6:1,0-0,1 38ms
     ✓ rejects incomplete endpoint rectangle 6:0,1-1,2 40ms
   ✓ 'physical cell top boundary 1' 37ms
   ✓ 'physical cell top boundary 2' 38ms
   ✓ 'physical cell top boundary 3' 38ms
   ✓ 'physical cell top boundary 4' 38ms
   ✓ 'physical cell left boundary 5' 39ms
   ✓ 'physical cell left boundary 6' 37ms
   ✓ 'physical cell left boundary 7' 39ms
   ✓ 'physical cell left boundary 8' 37ms
   ✓ 'physical cell bottom boundary 9' 39ms
   ✓ 'physical cell bottom boundary 10' 37ms
   ✓ 'physical cell bottom boundary 11' 36ms
   ✓ 'physical cell bottom boundary 12' 36ms
   ✓ 'physical cell right boundary 13' 39ms
   ✓ 'physical cell right boundary 14' 39ms
   ✓ 'physical cell right boundary 15' 39ms
   ✓ 'rectangle endpoint boundary 1' 41ms
   ✓ 'rectangle endpoint boundary 2' 41ms
   ✓ 'rectangle endpoint boundary 3' 40ms
   ✓ 'rectangle endpoint boundary 4' 41ms
   ✓ 'rectangle endpoint boundary 5' 40ms
   ✓ 'rectangle endpoint boundary 6' 40ms
   ✓ 'rectangle endpoint boundary 7' 39ms
   ✓ 'rectangle endpoint boundary 8' 40ms
   ✓ 'rectangle endpoint boundary 9' 38ms
   ✓ 'rectangle endpoint boundary 10' 40ms
   ✓ row sequence length 0 37ms
   ✓ row sequence length 1 39ms
   ✓ row sequence length 2 38ms
   ✓ row sequence length 3 36ms
   ✓ row sequence bounds 0:0 37ms
   ✓ row sequence bounds 0:1 36ms
   ✓ row sequence bounds 0:-1 37ms
   ✓ row sequence bounds 1:1 36ms
   ✓ row sequence bounds 1:-2 39ms
   ✓ row sequence bounds 3:3 38ms
   ✓ row sequence bounds 3:-4 37ms
   ✓ row exclusive slice 1:3 38ms
   ✓ row exclusive slice 0:-1 37ms
   ✓ physical offset with omitted prefix 0:0:0 37ms
   ✓ physical offset with omitted prefix 0:1:1 37ms
   ✓ physical offset with omitted prefix 2:0:2 37ms
   ✓ physical offset with omitted prefix 2:1:3 38ms
   ✓ physical offset with omitted prefix 4:2:6 35ms
   ✓ logical alias layout 0 38ms
   ✓ logical alias layout 1 39ms
   ✓ logical alias layout 2 38ms
   ✓ logical alias layout 3 50ms
   ✓ logical alias layout 4 37ms
   ✓ span growth 0:0:0:2:1 38ms
   ✓ span growth 0:0:1:1:2 39ms
   ✓ span growth 0:1:1:2:2 40ms
   ✓ span growth 1:0:0:2:2 40ms
   ✓ span growth 2:0:0:2:2 39ms
   ✓ span growth 2:1:2:1:2 39ms
   ✓ merge width presence true:true 39ms
   ✓ merge width presence false:false 38ms
   ✓ merge width presence false:true 38ms
   ✓ merge width presence true:false 38ms
   ✓ horizontal absorption 1:1:0:false 39ms
   ✓ horizontal absorption 1:1:1:false 38ms
   ✓ horizontal absorption 1:1:0:true 38ms
   ✓ horizontal absorption 2:1:0:false 37ms
   ✓ horizontal absorption 1:2:0:false 39ms
   ✓ direct cell text boundary "" 38ms
   ✓ direct cell text boundary "Harbor" 37ms
   ✓ direct cell text boundary "Harbor\nSounding" 38ms
   ✓ direct cell text boundary "Harbor" 37ms
   ✓ direct cell text boundary "Ti\tde\nReef\n" 38ms
   ✓ whole cell text assignment "Harbor" 37ms
   ✓ whole cell text assignment "Ti\tde\rReef\n" 37ms
   ✓ rejects whole cell replacement that would erase a nested table 39ms
   ✓ direct nested table count 0:false 38ms
   ✓ direct nested table count 1:false 37ms
   ✓ direct nested table count 2:false 37ms
   ✓ direct nested table count 1:true 38ms
   ✓ direct nested table count 2:true 37ms
   ✓ cell paragraph append boundary "" 38ms
   ✓ cell paragraph append boundary "<w:p/>" 38ms
   ✓ cell paragraph append boundary "<w:tbl><w:tblGrid><w:gridCol/></w:tblGrid><w:tr><w:tc><w:tcPr></w:tcPr><w:p><w:r><w:t>Nested</w:t></w:r></w:p></w:tc></w:tr></w:tbl>" 36ms
   ✓ row aliases width 1 height 1 row 0 38ms
   ✓ row aliases width 2 height 1 row 0 38ms
   ✓ row aliases width 1 height 2 row 1 37ms
   ✓ row aliases width 2 height 2 row 1 38ms
   ✓ row property container insertion boundary "" 36ms
   × row property container insertion boundary "<w:tblPrEx/>" 42ms
   ✓ row property container insertion boundary "<w:tc><w:tcPr></w:tcPr><w:p/></w:tc>" 38ms
   ✓ row property container insertion boundary "<w:sdt/><w:del/><w:tc><w:tcPr></w:tcPr><w:p/></w:tc>" 38ms
FAIL packages/docx/src/table-behavior-variants.test.ts > row property container insertion boundary "<w:tblPrEx/>"
AssertionError: expected +0 to be 1 // Object.is equality

- Expected
+ Received

- 1
+ 0

 ❯ packages/docx/src/table-behavior-variants.test.ts:1142:33
    1140|   table.rows.at(0).height=Length(914400);
    1141|   const names=store.node(table.rows.at(0).ref).children.map(n=>n.local…
    1142|   expect(names.indexOf("trPr")).toBe(children.includes("tblPrEx") ? 1 …
       |                                 ^
    1143|   if(children.includes("<w:sdt")) expect(names).toEqual(["trPr","sdt",…
    1144| });


⎯⎯⎯⎯⎯⎯⎯ Failed Tests 1 ⎯⎯⎯⎯⎯⎯⎯

 FAIL  packages/docx/src/table-behavior-variants.test.ts > row property container insertion boundary "<w:tblPrEx/>"
AssertionError: expected +0 to be 1 // Object.is equality

- Expected
+ Received

- 1
+ 0

 ❯ packages/docx/src/table-behavior-variants.test.ts:1142:33
    1140|   table.rows.at(0).height=Length(914400);
    1141|   const names=store.node(table.rows.at(0).ref).children.map(n=>n.local…
    1142|   expect(names.indexOf("trPr")).toBe(children.includes("tblPrEx") ? 1 …
       |                                 ^
    1143|   if(children.includes("<w:sdt")) expect(names).toEqual(["trPr","sdt",…
    1144| });

⎯⎯⎯⎯⎯⎯⎯⎯⎯⎯⎯⎯⎯⎯⎯⎯⎯⎯⎯⎯⎯⎯⎯⎯[1/1]⎯


 Test Files  1 failed (1)
      Tests  1 failed | 180 passed (181)
   Start at  22:47:43
   Duration  7.97s (transform 801ms, setup 28ms, import 943ms, tests 6.95s, environment 0ms)

