
 RUN  v4.1.11 /Users/kjopek/Workspace/poe-setup-scripts

 ❯ packages/docx/src/table-behavior-variants.test.ts (181 tests | 2 failed) 6941ms
     ✓ 'table alignment boundary 78' 46ms
     ✓ 'table alignment boundary 79' 38ms
     ✓ 'table alignment boundary 80' 39ms
     ✓ 'table alignment boundary 81' 39ms
     ✓ 'table alignment boundary 82' 41ms
     ✓ 'table alignment boundary 83' 36ms
     ✓ 'table alignment boundary 84' 39ms
     ✓ 'table autofit boundary 85' 38ms
     ✓ 'table autofit boundary 86' 37ms
     ✓ 'table autofit boundary 87' 38ms
     ✓ 'table autofit boundary 88' 38ms
     ✓ 'table autofit boundary 89' 39ms
     ✓ 'table autofit boundary 90' 39ms
     ✓ 'table autofit boundary 91' 39ms
     ✓ 'table autofit boundary 92' 38ms
     ✓ 'table table_direction boundary 94' 37ms
     ✓ 'table table_direction boundary 95' 35ms
     ✓ 'table table_direction boundary 96' 39ms
     ✓ 'table table_direction boundary 97' 36ms
     ✓ 'table table_direction boundary 98' 40ms
     ✓ 'table table_direction boundary 99' 39ms
     ✓ 'table table_direction boundary 100' 39ms
     ✓ 'table table_direction boundary 101' 37ms
     ✓ 'cell grid_span boundary 112' 38ms
     ✓ 'cell grid_span boundary 113' 37ms
     ✓ 'cell grid_span boundary 114' 38ms
     ✓ 'cell grid_span boundary 115' 38ms
     ✓ 'cell vertical_alignment boundary 124' 35ms
     ✓ 'cell vertical_alignment boundary 125' 38ms
     ✓ 'cell vertical_alignment boundary 126' 38ms
     ✓ 'cell vertical_alignment boundary 127' 37ms
     ✓ 'cell vertical_alignment boundary 128' 38ms
     ✓ 'cell vertical_alignment boundary 129' 39ms
     ✓ 'cell vertical_alignment boundary 130' 38ms
     ✓ 'cell vertical_alignment boundary 131' 37ms
     ✓ 'cell vertical_alignment boundary 132' 38ms
     ✓ 'cell vertical_alignment boundary 133' 39ms
     ✓ 'cell width boundary 134' 37ms
     ✓ 'cell width boundary 135' 38ms
     ✓ 'cell width boundary 136' 35ms
     ✓ 'cell width boundary 137' 37ms
     ✓ 'cell width boundary 138' 36ms
     ✓ 'cell width boundary 139' 39ms
     ✓ 'column width boundary 153' 37ms
     ✓ 'column width boundary 154' 36ms
     ✓ 'column width boundary 155' 37ms
     ✓ 'column width boundary 156' 38ms
     ✓ 'column width boundary 157' 39ms
     ✓ 'column width boundary 158' 41ms
     ✓ 'column width boundary 159' 42ms
     ✓ 'column width boundary 160' 42ms
     ✓ 'column width boundary 161' 40ms
     ✓ 'column width boundary 162' 37ms
     ✓ 'row grid_cols_after boundary 167' 37ms
     ✓ 'row grid_cols_after boundary 168' 38ms
     ✓ 'row grid_cols_after boundary 169' 37ms
     ✓ 'row grid_cols_after boundary 170' 37ms
     ✓ 'row grid_cols_before boundary 171' 39ms
     ✓ 'row grid_cols_before boundary 172' 38ms
     ✓ 'row grid_cols_before boundary 173' 38ms
     ✓ 'row grid_cols_before boundary 174' 38ms
     ✓ 'row height boundary 175' 37ms
     ✓ 'row height boundary 176' 38ms
     ✓ 'row height boundary 177' 35ms
     ✓ 'row height boundary 178' 38ms
     ✓ 'row height boundary 179' 38ms
     ✓ 'row height boundary 180' 38ms
     ✓ 'row height boundary 181' 36ms
     ✓ 'row height boundary 182' 36ms
     ✓ 'row height boundary 183' 40ms
     ✓ 'row height boundary 184' 38ms
     ✓ 'row height boundary 185' 38ms
     ✓ 'row height boundary 186' 37ms
     ✓ 'row height boundary 187' 38ms
     ✓ 'row height_rule boundary 188' 39ms
     ✓ 'row height_rule boundary 189' 40ms
     ✓ 'row height_rule boundary 190' 40ms
     ✓ 'row height_rule boundary 191' 39ms
     ✓ 'row height_rule boundary 192' 37ms
     ✓ 'row height_rule boundary 193' 38ms
     ✓ 'row height_rule boundary 194' 38ms
     ✓ 'row height_rule boundary 195' 38ms
     ✓ 'row height_rule boundary 196' 38ms
     ✓ 'row height_rule boundary 197' 38ms
     ✓ 'row height_rule boundary 198' 38ms
     ✓ 'row height_rule boundary 199' 38ms
     ✓ 'row height_rule boundary 200' 39ms
     ✓ rejects incomplete endpoint rectangle 1:0,0-1,0 41ms
     ✓ rejects incomplete endpoint rectangle 1:1,0-0,0 40ms
     ✓ rejects incomplete endpoint rectangle 2:0,2-0,1 40ms
     ✓ rejects incomplete endpoint rectangle 5:0,1-1,0 40ms
     ✓ rejects incomplete endpoint rectangle 5:1,0-2,1 39ms
     ✓ rejects incomplete endpoint rectangle 6:1,0-0,1 40ms
     ✓ rejects incomplete endpoint rectangle 6:0,1-1,2 39ms
   ✓ 'physical cell top boundary 1' 39ms
   ✓ 'physical cell top boundary 2' 40ms
   ✓ 'physical cell top boundary 3' 38ms
   ✓ 'physical cell top boundary 4' 38ms
   ✓ 'physical cell left boundary 5' 39ms
   ✓ 'physical cell left boundary 6' 38ms
   ✓ 'physical cell left boundary 7' 37ms
   ✓ 'physical cell left boundary 8' 39ms
   ✓ 'physical cell bottom boundary 9' 39ms
   ✓ 'physical cell bottom boundary 10' 38ms
   ✓ 'physical cell bottom boundary 11' 38ms
   ✓ 'physical cell bottom boundary 12' 38ms
   ✓ 'physical cell right boundary 13' 37ms
   ✓ 'physical cell right boundary 14' 37ms
   ✓ 'physical cell right boundary 15' 38ms
   ✓ 'rectangle endpoint boundary 1' 40ms
   ✓ 'rectangle endpoint boundary 2' 40ms
   ✓ 'rectangle endpoint boundary 3' 39ms
   ✓ 'rectangle endpoint boundary 4' 40ms
   ✓ 'rectangle endpoint boundary 5' 40ms
   ✓ 'rectangle endpoint boundary 6' 38ms
   ✓ 'rectangle endpoint boundary 7' 37ms
   ✓ 'rectangle endpoint boundary 8' 38ms
   ✓ 'rectangle endpoint boundary 9' 41ms
   ✓ 'rectangle endpoint boundary 10' 41ms
   ✓ row sequence length 0 37ms
   ✓ row sequence length 1 39ms
   ✓ row sequence length 2 38ms
   ✓ row sequence length 3 38ms
   ✓ row sequence bounds 0:0 39ms
   ✓ row sequence bounds 0:1 37ms
   ✓ row sequence bounds 0:-1 38ms
   ✓ row sequence bounds 1:1 39ms
   ✓ row sequence bounds 1:-2 39ms
   ✓ row sequence bounds 3:3 40ms
   ✓ row sequence bounds 3:-4 38ms
   ✓ row exclusive slice 1:3 39ms
   ✓ row exclusive slice 0:-1 39ms
   ✓ physical offset with omitted prefix 0:0:0 38ms
   ✓ physical offset with omitted prefix 0:1:1 39ms
   ✓ physical offset with omitted prefix 2:0:2 37ms
   ✓ physical offset with omitted prefix 2:1:3 36ms
   ✓ physical offset with omitted prefix 4:2:6 37ms
   ✓ logical alias layout 0 39ms
   ✓ logical alias layout 1 36ms
   ✓ logical alias layout 2 38ms
   ✓ logical alias layout 3 38ms
   ✓ logical alias layout 4 36ms
   ✓ span growth 0:0:0:2:1 39ms
   ✓ span growth 0:0:1:1:2 38ms
   ✓ span growth 0:1:1:2:2 41ms
   ✓ span growth 1:0:0:2:2 40ms
   ✓ span growth 2:0:0:2:2 38ms
   ✓ span growth 2:1:2:1:2 37ms
   ✓ merge width presence true:true 38ms
   ✓ merge width presence false:false 39ms
   ✓ merge width presence false:true 38ms
   ✓ merge width presence true:false 40ms
   ✓ horizontal absorption 1:1:0:false 40ms
   ✓ horizontal absorption 1:1:1:false 41ms
   ✓ horizontal absorption 1:1:0:true 41ms
   ✓ horizontal absorption 2:1:0:false 38ms
   ✓ horizontal absorption 1:2:0:false 39ms
   ✓ direct cell text boundary "" 35ms
   ✓ direct cell text boundary "Harbor" 38ms
   ✓ direct cell text boundary "Harbor\nSounding" 37ms
   ✓ direct cell text boundary "Harbor" 36ms
   ✓ direct cell text boundary "Ti\tde\nReef\n" 38ms
   ✓ whole cell text assignment "Harbor" 37ms
   ✓ whole cell text assignment "Ti\tde\rReef\n" 39ms
   ✓ rejects whole cell replacement that would erase a nested table 38ms
   ✓ direct nested table count 0:false 37ms
   ✓ direct nested table count 1:false 37ms
   ✓ direct nested table count 2:false 37ms
   ✓ direct nested table count 1:true 37ms
   ✓ direct nested table count 2:true 39ms
   ✓ cell paragraph append boundary "" 36ms
   ✓ cell paragraph append boundary "<w:p/>" 39ms
   ✓ cell paragraph append boundary "<w:tbl><w:tblGrid><w:gridCol/></w:tblGrid><w:tr><w:tc><w:tcPr></w:tcPr><w:p><w:r><w:t>Nested</w:t></w:r></w:p></w:tc></w:tr></w:tbl>" 39ms
   ✓ row aliases width 1 height 1 row 0 37ms
   ✓ row aliases width 2 height 1 row 0 38ms
   ✓ row aliases width 1 height 2 row 1 39ms
   ✓ row aliases width 2 height 2 row 1 37ms
   ✓ row property container insertion boundary "" 40ms
   × row property container insertion boundary "<w:tblPrEx/>" 45ms
   ✓ row property container insertion boundary "<w:tc><w:tcPr></w:tcPr><w:p/></w:tc>" 41ms
   × row property container insertion boundary "<w:sdt/><w:del/><w:tc><w:tcPr></w:tcPr><w:p/></w:tc>" 42ms
FAIL packages/docx/src/table-behavior-variants.test.ts > row property container insertion boundary "<w:tblPrEx/>"
Error: Row disagrees with its logical table grid.
 ❯ mergedTableGrid packages/docx/src/table-merge.ts:59:50
     57|       cursor += span;
     58|     }
     59|     if (cursor + after !== columns.length) throw new InvalidPackageErr…
       |                                                  ^
     60|     above = next;
     61|   }
 ❯ activeGrid packages/docx/src/table-model.ts:176:16
 ❯ Table.grid packages/docx/src/table-model.ts:218:12
 ❯ Proxy.at packages/docx/src/table-model.ts:590:29
 ❯ packages/docx/src/table-behavior-variants.test.ts:1147:26

⎯⎯⎯⎯⎯⎯⎯⎯⎯⎯⎯⎯⎯⎯⎯⎯⎯⎯⎯⎯⎯⎯⎯⎯⎯⎯⎯⎯⎯⎯
Serialized Error: { part: undefined, location: '/', diagnosticCode: 'package-structure', code: 'invalid-package' }
FAIL packages/docx/src/table-behavior-variants.test.ts > row property container insertion boundary "<w:sdt/><w:del/><w:tc><w:tcPr></w:tcPr><w:p/></w:tc>"
AssertionError: expected [Function] to throw an error
 ❯ packages/docx/src/table-behavior-variants.test.ts:1142:61
    1140|   if(children.includes("<w:sdt")) {
    1141|     const before=store.xml(store.mainPart).serialize();
    1142|     expect(() => {table.rows.at(0).height=Length(914400);}).toThrow();
       |                                                             ^
    1143|     expect(store.xml(store.mainPart).serialize()).toEqual(before);
    1144|     return;


⎯⎯⎯⎯⎯⎯⎯ Failed Tests 2 ⎯⎯⎯⎯⎯⎯⎯

 FAIL  packages/docx/src/table-behavior-variants.test.ts > row property container insertion boundary "<w:tblPrEx/>"
Error: Row disagrees with its logical table grid.
 ❯ mergedTableGrid packages/docx/src/table-merge.ts:59:50
     57|       cursor += span;
     58|     }
     59|     if (cursor + after !== columns.length) throw new InvalidPackageErr…
       |                                                  ^
     60|     above = next;
     61|   }
 ❯ activeGrid packages/docx/src/table-model.ts:176:16
 ❯ Table.grid packages/docx/src/table-model.ts:218:12
 ❯ Proxy.at packages/docx/src/table-model.ts:590:29
 ❯ packages/docx/src/table-behavior-variants.test.ts:1147:26

⎯⎯⎯⎯⎯⎯⎯⎯⎯⎯⎯⎯⎯⎯⎯⎯⎯⎯⎯⎯⎯⎯⎯⎯[1/2]⎯

 FAIL  packages/docx/src/table-behavior-variants.test.ts > row property container insertion boundary "<w:sdt/><w:del/><w:tc><w:tcPr></w:tcPr><w:p/></w:tc>"
AssertionError: expected [Function] to throw an error
 ❯ packages/docx/src/table-behavior-variants.test.ts:1142:61
    1140|   if(children.includes("<w:sdt")) {
    1141|     const before=store.xml(store.mainPart).serialize();
    1142|     expect(() => {table.rows.at(0).height=Length(914400);}).toThrow();
       |                                                             ^
    1143|     expect(store.xml(store.mainPart).serialize()).toEqual(before);
    1144|     return;

⎯⎯⎯⎯⎯⎯⎯⎯⎯⎯⎯⎯⎯⎯⎯⎯⎯⎯⎯⎯⎯⎯⎯⎯[2/2]⎯


 Test Files  1 failed (1)
      Tests  2 failed | 179 passed (181)
   Start at  22:47:10
   Duration  7.97s (transform 786ms, setup 29ms, import 924ms, tests 6.94s, environment 0ms)

