TAP version 13
# Subtest: two rows differ only in declared budget and expectations
ok 1 - two rows differ only in declared budget and expectations
  ---
  duration_ms: 11.824625
  type: 'test'
  ...
# Subtest: pure arithmetic establishes singleton fit and fourth-filter failure
ok 2 - pure arithmetic establishes singleton fit and fourth-filter failure
  ---
  duration_ms: 0.0565
  type: 'test'
  ...
# Subtest: exact recorded helper transformations preserve all other bytes
ok 3 - exact recorded helper transformations preserve all other bytes
  ---
  duration_ms: 2.659625
  type: 'test'
  ...
# Subtest: T-DP-cumulative: real fixture telemetry with synthetic Shell reply; negative controls
ok 4 - T-DP-cumulative: real fixture telemetry with synthetic Shell reply; negative controls
  ---
  duration_ms: 3.057541
  type: 'test'
  ...
# Subtest: T-sort-many: real fixture telemetry with synthetic Shell reply; negative controls
ok 5 - T-sort-many: real fixture telemetry with synthetic Shell reply; negative controls
  ---
  duration_ms: 2.079292
  type: 'test'
  ...
# Subtest: bounded diagnostic grammar rejects unrelated, wrong-budget and status-only surrogates
ok 6 - bounded diagnostic grammar rejects unrelated, wrong-budget and status-only surrogates
  ---
  duration_ms: 2.0515
  type: 'test'
  ...
# Subtest: review-pending proposal cannot execute; invalid proof coefficients reject
ok 7 - review-pending proposal cannot execute; invalid proof coefficients reject
  ---
  duration_ms: 3.280375
  type: 'test'
  ...
1..7
# tests 7
# suites 0
# pass 7
# fail 0
# cancelled 0
# skipped 0
# todo 0
# duration_ms 70.521875
