
 RUN  v4.1.11 /Users/kjopek/Workspace/poe-code

 ❯ packages/safe-js/src/snapshot/adversarial-entrypoints.test.ts (31 tests | 4 failed) 204ms
     ✓ rejects restore, inspection, migration and execution before host effects 5ms
     ✓ rejects restore, inspection, migration and execution before host effects 1ms
     ✓ rejects restore, inspection, migration and execution before host effects 3ms
     ✓ rejects restore, inspection, migration and execution before host effects 1ms
     ✓ rejects restore, inspection, migration and execution before host effects 1ms
     ✓ rejects restore, inspection, migration and execution before host effects 2ms
     ✓ rejects restore, inspection, migration and execution before host effects 0ms
     ✓ rejects restore, inspection, migration and execution before host effects 2ms
     ✓ rejects restore, inspection, migration and execution before host effects 1ms
     ✓ rejects restore, inspection, migration and execution before host effects 15ms
     × rejects restore, inspection, migration and execution before host effects 2ms
   ✓ accepts the neighboring valid record and invokes only its explicit authority 47ms
   × rejects external snapshot accessors before invoking them: version 1ms
   × rejects external snapshot accessors before invoking them: bindings 1ms
   × rejects external snapshot accessors before invoking them: nested 0ms
   ✓ accepts explicit version 1 legacy scalar records 0ms
   ✓ accepts explicit version 2 legacy scalar records 0ms
   ✓ accepts the documented resume semantics jobs-v6 0ms
   ✓ accepts the documented resume semantics jobs-v7 0ms
   ✓ accepts the documented resume semantics jobs-v8 0ms
   ✓ accepts the documented resume semantics jobs-v9 0ms
   ✓ gives actionable unsupported-resume diagnostics for jobs-v1 0ms
   ✓ gives actionable unsupported-resume diagnostics for jobs-v5 0ms
   ✓ gives actionable unsupported-resume diagnostics for jobs-v999 0ms
   ✓ preserves current public snapshot graph identity on replay 116ms
   ✓ rejects malformed replay atoms without capability lookup: {"root":{},"nodes":[]} 0ms
   ✓ rejects malformed replay atoms without capability lookup: {"root":{"tag":"forged"},"nodes":[]} 0ms
   ✓ rejects malformed replay atoms without capability lookup: {"root":{"tag":"ref","id":99},"nodes":[]} 0ms
   ✓ rejects malformed replay atoms without capability lookup: {"root":{"tag":"number","value":"invalid"},"nodes":[]} 0ms
   ✓ rejects malformed replay atoms without capability lookup: {"root":{"tag":"capability","id":""},"nodes":[]} 0ms
   ✓ rejects malformed replay atoms without capability lookup: {"root":{"tag":"promise-capability","id":7},"nodes":[]} 0ms
FAIL packages/safe-js/src/snapshot/adversarial-entrypoints.test.ts > public malformed snapshot: foreign prototype > rejects restore, inspection, migration and execution before host effects
AssertionError: expected [Function] to throw an error
 ❯ packages/safe-js/src/snapshot/adversarial-entrypoints.test.ts:32:49
     30|     mutate(snapshot);
     31|     const effect = vi.fn(() => 7);
     32|     expect(() => restore(snapshot, { source })).toThrow();
       |                                                 ^
     33|     expect(() => inspectSnapshotMigration(snapshot, { source })).toThr…
     34|     expect(() => migrateSnapshot(snapshot, { source, targetSource: "re…

FAIL packages/safe-js/src/snapshot/adversarial-entrypoints.test.ts > rejects external snapshot accessors before invoking them: version
AssertionError: expected "vi.fn()" to not be called at all, but actually been called 1 times

Received:

  1st vi.fn() call:

    Array []


Number of calls: 1

 ❯ packages/safe-js/src/snapshot/adversarial-entrypoints.test.ts:56:22
     54|   Object.defineProperty(target, field, { enumerable: true, get: getter…
     55|   expect(() => restore(snapshot, { source })).toThrow();
     56|   expect(getter).not.toHaveBeenCalled();
       |                      ^
     57| });
     58|

FAIL packages/safe-js/src/snapshot/adversarial-entrypoints.test.ts > rejects external snapshot accessors before invoking them: bindings
AssertionError: expected "vi.fn()" to not be called at all, but actually been called 1 times

Received:

  1st vi.fn() call:

    Array []


Number of calls: 1

 ❯ packages/safe-js/src/snapshot/adversarial-entrypoints.test.ts:56:22
     54|   Object.defineProperty(target, field, { enumerable: true, get: getter…
     55|   expect(() => restore(snapshot, { source })).toThrow();
     56|   expect(getter).not.toHaveBeenCalled();
       |                      ^
     57| });
     58|

FAIL packages/safe-js/src/snapshot/adversarial-entrypoints.test.ts > rejects external snapshot accessors before invoking them: nested
AssertionError: expected "vi.fn()" to not be called at all, but actually been called 1 times

Received:

  1st vi.fn() call:

    Array []


Number of calls: 1

 ❯ packages/safe-js/src/snapshot/adversarial-entrypoints.test.ts:56:22
     54|   Object.defineProperty(target, field, { enumerable: true, get: getter…
     55|   expect(() => restore(snapshot, { source })).toThrow();
     56|   expect(getter).not.toHaveBeenCalled();
       |                      ^
     57| });
     58|


⎯⎯⎯⎯⎯⎯⎯ Failed Tests 4 ⎯⎯⎯⎯⎯⎯⎯

 FAIL  packages/safe-js/src/snapshot/adversarial-entrypoints.test.ts > public malformed snapshot: foreign prototype > rejects restore, inspection, migration and execution before host effects
AssertionError: expected [Function] to throw an error
 ❯ packages/safe-js/src/snapshot/adversarial-entrypoints.test.ts:32:49
     30|     mutate(snapshot);
     31|     const effect = vi.fn(() => 7);
     32|     expect(() => restore(snapshot, { source })).toThrow();
       |                                                 ^
     33|     expect(() => inspectSnapshotMigration(snapshot, { source })).toThr…
     34|     expect(() => migrateSnapshot(snapshot, { source, targetSource: "re…

⎯⎯⎯⎯⎯⎯⎯⎯⎯⎯⎯⎯⎯⎯⎯⎯⎯⎯⎯⎯⎯⎯⎯⎯[1/4]⎯

 FAIL  packages/safe-js/src/snapshot/adversarial-entrypoints.test.ts > rejects external snapshot accessors before invoking them: version
 FAIL  packages/safe-js/src/snapshot/adversarial-entrypoints.test.ts > rejects external snapshot accessors before invoking them: bindings
 FAIL  packages/safe-js/src/snapshot/adversarial-entrypoints.test.ts > rejects external snapshot accessors before invoking them: nested
AssertionError: expected "vi.fn()" to not be called at all, but actually been called 1 times

Received:

  1st vi.fn() call:

    Array []


Number of calls: 1

 ❯ packages/safe-js/src/snapshot/adversarial-entrypoints.test.ts:56:22
     54|   Object.defineProperty(target, field, { enumerable: true, get: getter…
     55|   expect(() => restore(snapshot, { source })).toThrow();
     56|   expect(getter).not.toHaveBeenCalled();
       |                      ^
     57| });
     58|

⎯⎯⎯⎯⎯⎯⎯⎯⎯⎯⎯⎯⎯⎯⎯⎯⎯⎯⎯⎯⎯⎯⎯⎯[2/4]⎯


 Test Files  1 failed (1)
      Tests  4 failed | 27 passed (31)
   Start at  08:07:12
   Duration  2.17s (transform 1.47s, setup 38ms, import 1.84s, tests 204ms, environment 0ms)

