
 RUN  v4.1.11 /Users/kjopek/Workspace/poe-code

 ✓ packages/safe-js/src/snapshot/mixed-realm-closures.test.ts (24 tests) 9597ms
   ✓ restores the originating realm for '()=>[]'  566ms
   ✓ restores the originating realm for '()=>({})'  391ms
   ✓ restores the originating realm for '()=>/x/'  391ms
   ✓ restores the originating realm for '()=>new Map()'  415ms
   ✓ restores the originating realm for 'Function("return this")'  459ms
   ✓ restores the originating realm for '(()=>{const C=class { constructor(){r…'  407ms
   ✓ restores the originating realm for '(()=>{const C=class { constructor(){r…'  374ms
   ✓ restores the originating realm for '(()=>{const C=class { constructor(){r…'  404ms
   ✓ restores the originating realm for '(()=>{class C { value=[] };return ()=…'  413ms
   ✓ restores the originating realm for '(()=>{class C { #value={};get(){retur…'  413ms
   ✓ restores the originating realm for '(()=>{class B{};class C extends B { v…'  368ms
   ✓ restores the originating realm for '(()=>{function* f(){yield 0;while(tru…'  443ms
   ✓ restores the originating realm for '(()=>{function* f(){yield 0;while(tru…'  380ms
   ✓ restores the originating realm for '(()=>{function* f(){yield 0;while(tru…'  381ms
   ✓ restores the originating realm for '(()=>{function* f(){while(true)yield …'  523ms
   ✓ restores the originating realm for '(()=>{async function* f(){while(true)…'  405ms
   ✓ restores the originating realm for '(()=>{async function* f(){while(true)…'  375ms
   ✓ restores the originating realm for '(()=>{async function* f(){while(true)…'  391ms
   ✓ restores the originating realm for '(()=>{const c=Promise.withResolvers()…'  436ms
   ✓ restores the originating realm for '(()=>{const c=Promise.withResolvers()…'  440ms
   ✓ restores the originating realm for '(()=>{const c=Promise.withResolvers()…'  515ms
 ✓ packages/safe-js/src/snapshot/guest-generator-nested-yields.test.ts (70 tests) 12247ms
   ✓ resumes suspension inside yield arguments: 'const trace=[];let left={valueOf(){tr…' (async=false, operation='next')  309ms
   ✓ resumes suspension inside yield arguments: 'const trace=[];let left={valueOf(){tr…' (async=false, operation='next')  312ms
   ✓ resumes suspension inside yield arguments: 'let count=0;function input(){count++;…' (async=true, operation='return')  554ms
 ✓ packages/safe-js/src/snapshot/guest-generator-iteration-continuations.test.ts (50 tests) 11306ms
   ✓ retains for-of progress: 'for(const value of [1,2,3]){yield val…' (async=false)  329ms
   ✓ retains for-of progress: 'const callbacks=[];for(let value of […' (async=false)  359ms
   ✓ retains for-of progress: 'for(const value of [1,2]){try{continu…' (async=true)  300ms
   ✓ retains for-of progress: 'const target={};for(target[yield 1] o…' (async=false)  369ms
   ✓ retains for-of progress: 'function* inner(){yield 1;yield 2;yie…' (async=false)  308ms
   ✓ retains for-of progress: 'function* inner(){yield 1;yield 2;yie…' (async=true)  336ms
   ✓ retains for-of progress: 'for await(const value of [1,2,3])yiel…' (async=true)  346ms
 ✓ packages/safe-js/src/snapshot/guest-generator-catch-iterator.test.ts (28 tests) 9995ms
   ✓ restores catch binding and body: 'try{throw new Set([1,2])}catch([a,b])…' async=false  564ms
   ✓ restores catch binding and body: 'try{throw new Set([1,2])}catch([a,b])…' async=true  518ms
   ✓ restores catch binding and body: 'let closed=0;function* input(){try{yi…' async=false  478ms
   ✓ restores catch binding and body: 'let closed=0;function* input(){try{yi…' async=true  447ms
   ✓ restores catch binding and body: 'try{throw [1,undefined]}catch([a,b=yi…' async=false  427ms
   ✓ restores catch binding and body: 'try{throw [1,undefined]}catch([a,b=yi…' async=true  407ms
   ✓ restores catch binding and body: 'try{throw new Set([1,undefined])}catc…' async=false  414ms
   ✓ restores catch binding and body: 'try{throw new Set([1,undefined])}catc…' async=true  387ms
   ✓ restores catch binding and body: 'let calls=0;try{calls++;throw {a:1}}c…' async=false  402ms
   ✓ restores catch binding and body: 'let calls=0;try{calls++;throw {a:1}}c…' async=true  509ms
   ✓ restores catch binding and body: 'try{throw {a:1}}catch({a,[yield 3]:b}…' async=false  558ms
   ✓ restores catch binding and body: 'try{throw {a:1}}catch({a,[yield 3]:b}…' async=true  419ms
   ✓ restores catch binding and body: 'let calls=0;try{calls++;throw new Set…' async=false  366ms
   ✓ restores catch binding and body: 'let calls=0;try{calls++;throw new Set…' async=true  403ms
   ✓ restores catch binding and body: 'try{throw new Set([1,2])}catch([a]){t…' async=false  526ms
   ✓ restores catch binding and body: 'try{throw new Set([1,2])}catch([a]){t…' async=true  399ms
   ✓ restores catch binding and body: 'try{throw []}catch([a=yield 1,b=yield…' async=false  352ms
   ✓ restores catch binding and body: 'try{throw []}catch([a=yield 1,b=yield…' async=true  377ms
   ✓ restores catch binding and body: 'try{throw {}}catch({a=yield 1,b=yield…' async=false  359ms
   ✓ restores catch binding and body: 'try{throw {}}catch({a=yield 1,b=yield…' async=true  358ms
   ✓ restores catch binding and body: 'let read;try{throw [1]}catch([a,b=(re…' async=false  349ms
   ✓ restores catch binding and body: 'let read;try{throw [1]}catch([a,b=(re…' async=true  368ms
 ✓ packages/safe-js/src/migrate.test.ts (31 tests) 4565ms
 ✓ packages/safe-js/src/snapshot/mixed-source-closures.test.ts (16 tests) 6317ms
   ✓ preserves distinct function bodies and captured state from return ()=>1  520ms
   ✓ preserves distinct function bodies and captured state from const value=1;return ()=>value  411ms
   ✓ preserves distinct function bodies and captured state from class C { value=1 };return ()=>new C().value  391ms
   ✓ preserves distinct function bodies and captured state from function* f(){yield 0;yield 1};const g=f();g.next();return ()=>g.next().value  418ms
   ✓ preserves distinct function bodies and captured state from class C { #value=1;read(){return this.#value} };return ()=>new C().read()  378ms
   ✓ preserves distinct function bodies and captured state from const c=Promise.withResolvers();const p=(async()=>{await c.promise;return 1})();return async()=>{c.resolve();return await p}  424ms
   ✓ preserves distinct function bodies and captured state from async function* f(){yield 0;yield 1};const g=f();await g.next();return async()=>(await g.next()).value  379ms
   ✓ preserves distinct function bodies and captured state from function* f(){try {yield 0}finally {yield 1}};const g=f();g.next();return ()=>g.next().value  424ms
   ✓ preserves distinct function bodies and captured state from class Base {read(){return 1}}class Derived extends Base {read(){return super.read()}}return ()=>new Derived().read()  452ms
   ✓ preserves distinct function bodies and captured state from const value=1;const read=eval('()=>value');return ()=>read()  397ms
   ✓ preserves distinct function bodies and captured state from const read=Function('return 1');return ()=>read()  382ms
   ✓ preserves distinct function bodies and captured state from class Base {constructor(){this.value=1}}class Derived extends Base {constructor(){super()}}return ()=>new Derived().value  404ms
   ✓ reuses each restored template site with other source first  521ms
   ✓ reuses each restored template site with other source second  469ms
 ✓ packages/safe-js/src/snapshot/async-function-continuations.test.ts (29 tests) 4086ms
 ✓ packages/safe-js/src/external-checkpoint-validation.test.ts (14 tests) 4616ms
     ✓ captures externally and by signal while 'reduction' remains pending  441ms
     ✓ captures externally and by signal while 'callback' remains pending  749ms
     ✓ captures externally and by signal while 'retry-reissue' remains pending  673ms
     ✓ captures externally and by signal while 'retry-external' remains pending  596ms
     ✓ captures externally and by signal while 'co' remains pending  1415ms
 ✓ packages/safe-js/src/snapshot/guest-generator-array-patterns.test.ts (29 tests) 4150ms
 ✓ packages/safe-js/src/snapshot/guest-generator-calls.test.ts (18 tests) 3007ms
 ✓ packages/safe-js/src/snapshot/internal-continuation-references.test.ts (21 tests) 2902ms
 ✓ packages/safe-js/src/snapshot/private-elements.test.ts (31 tests) 3141ms
 ✓ packages/safe-js/src/snapshot/guest-generator-delegation.test.ts (20 tests) 2961ms
 ✓ packages/safe-js/src/snapshot/guest-generator-object-patterns.test.ts (31 tests) 3076ms
 ✓ packages/safe-js/src/snapshot/mixed-realm-values.test.ts (15 tests) 2223ms
 ✓ packages/safe-js/src/snapshot/dynamic-import.test.ts (18 tests) 2267ms
   ✓ restores dynamic module access in a closure (already loaded=false)  359ms
   ✓ preserves host-export property cycles and reconnects only supplied capabilities  325ms
 ✓ packages/safe-js/src/snapshot/proxy.test.ts (36 tests) 2214ms
 ✓ packages/safe-js/src/migration-file.test.ts (14 tests) 1834ms
     ✓ inspects without writes, then exclusively publishes a portable continuation  302ms
 ✓ packages/safe-js/src/snapshot/pending-promise-continuations.test.ts (16 tests) 1757ms
 ✓ packages/safe-js/src/snapshot/eval-source.test.ts (18 tests) 1889ms
 ✓ packages/safe-js/test/integration/crash-resume.test.ts (11 tests) 1563ms
 ✓ packages/safe-js/src/snapshot/intrinsic-mutations.test.ts (17 tests) 1563ms
 ✓ packages/safe-js/src/snapshot/thenable-continuations.test.ts (10 tests) 1245ms
 ✓ packages/safe-js/src/snapshot/constructor-environments.test.ts (14 tests) 1493ms
 ✓ packages/safe-js/src/snapshot/resource-declarations.test.ts (11 tests) 1243ms
 ✓ packages/safe-js/src/snapshot/eval-call.test.ts (10 tests) 1159ms
 ✓ packages/safe-js/src/snapshot/completed-map-alias.test.ts (2 tests) 999ms
     ✓ matches native before and after two completed restores: 'captured Map value alias'  436ms
     ✓ matches native before and after two completed restores: 'collection cycles, sparse metadata an…'  562ms
 ✓ packages/safe-js/src/snapshot/settled-promises.test.ts (11 tests) 1148ms
 ✓ packages/safe-js/src/snapshot/dynamic-source.test.ts (18 tests) 1126ms
 ✓ packages/safe-js/src/snapshot/symbol-registry.test.ts (13 tests) 1198ms
 ✓ packages/safe-js/src/snapshot/async-generator-validation.test.ts (13 tests) 1017ms
 ✓ packages/safe-js/src/snapshot/pending-promise-aggregates.test.ts (7 tests) 1115ms
 ✓ packages/safe-js/src/snapshot/promise-resolvers.test.ts (8 tests) 935ms
 ✓ packages/safe-js/src/snapshot/class-constructor.test.ts (11 tests) 1070ms
 ✓ packages/safe-js/test/adversarial/snapshot-mutation.test.ts (1 test) 819ms
     ✓ rejects malformed mutations with typed errors and preserves valid roundtrips  818ms
 ✓ packages/safe-js/src/snapshot/promise-capability-executors.test.ts (8 tests) 1061ms
 ✓ packages/safe-js/src/snapshot/buffer-prototype-replay.test.ts (9 tests) 831ms
 ✓ packages/safe-js/src/snapshot/eval-source-validation.test.ts (14 tests) 816ms
 ✓ packages/safe-js/src/snapshot/guest-generator-switch.test.ts (35 tests) 835ms
 ✓ packages/safe-js/src/snapshot/guest-generator-for-in.test.ts (35 tests) 875ms
 ✓ packages/safe-js/src/snapshot/shadowed-array-methods.test.ts (23 tests) 785ms
 ✓ packages/safe-js/src/snapshot/dynamic-function-self-binding.test.ts (9 tests) 742ms
 ✓ packages/safe-js/src/snapshot/dynamic-with.test.ts (6 tests) 748ms
 ✓ packages/safe-js/src/snapshot/mixed-realm-intrinsics.test.ts (5 tests) 714ms
 ✓ packages/safe-js/src/snapshot/exception-function-hoisting.test.ts (6 tests) 706ms
 ✓ packages/safe-js/src/snapshot/pending-promise-subclasses.test.ts (5 tests) 748ms
 ✓ packages/safe-js/src/snapshot/global-object.test.ts (4 tests) 657ms
   ✓ preserves global object identity and identifier storage through repeated snapshots  337ms
 ✓ packages/safe-js/src/snapshot/array-buffer-detached.test.ts (14 tests) 725ms
 ✓ packages/safe-js/src/snapshot/dynamic-block-functions.test.ts (6 tests) 729ms
 ✓ packages/safe-js/src/snapshot/eval-deleted-assignment.test.ts (5 tests) 643ms
 ✓ packages/safe-js/src/snapshot/guest-generator-dump.test.ts (7 tests) 599ms
 ✓ packages/safe-js/src/snapshot/eval-class-arguments.test.ts (4 tests) 585ms
 ✓ packages/safe-js/src/snapshot/sloppy-let.test.ts (5 tests) 586ms
 ✓ packages/safe-js/src/snapshot/guest-generator-pattern-defaults.test.ts (18 tests) 510ms
 ✓ packages/safe-js/src/snapshot/undefined-binding.test.ts (2 tests) 571ms
   ✓ preserves undefined lookup through repeated closure snapshots: return ()=>undefined  340ms
 ✓ packages/safe-js/src/snapshot/strict-destructuring-bindings.test.ts (4 tests) 472ms
 ✓ packages/safe-js/src/snapshot/eval-super-environment.test.ts (5 tests) 526ms
 ✓ packages/safe-js/src/snapshot/finalization-registry.test.ts (7 tests) 535ms
 ✓ packages/safe-js/src/snapshot/guest-generator-for-continuations.test.ts (26 tests) 470ms
 ✓ packages/safe-js/src/snapshot/symbol-accessor-replay.test.ts (5 tests) 522ms
 ✓ packages/safe-js/src/snapshot/eval-catch-conflicts.test.ts (3 tests) 452ms
 ✓ packages/safe-js/src/snapshot/atomic-wait-continuation.test.ts (16 tests) 548ms
 ✓ packages/safe-js/src/snapshot/eval-delete-bindings.test.ts (3 tests) 444ms
 ✓ packages/safe-js/src/snapshot/guest-heap-validation.test.ts (11 tests) 512ms
 ✓ packages/safe-js/src/snapshot/guest-generator-do-while.test.ts (36 tests) 420ms
 ✓ packages/safe-js/src/snapshot/guest-generator-declarations.test.ts (19 tests) 492ms
 ✓ packages/safe-js/src/snapshot/typed-array-iterator-replay.test.ts (5 tests) 489ms
 ✓ packages/safe-js/src/snapshot/reference-error-delivery.test.ts (10 tests) 529ms
 ✓ packages/safe-js/src/snapshot/guest-generator-pattern-sources.test.ts (19 tests) 480ms
 ✓ packages/safe-js/src/snapshot/restore.test.ts (82 tests) 476ms
     ✓ restores thousands of parent scopes without using the host call stack  380ms
 ✓ packages/safe-js/src/snapshot/promise-callable-references.test.ts (6 tests) 431ms
 ✓ packages/safe-js/src/snapshot/guest-generator-branches.test.ts (40 tests) 365ms
 ✓ packages/safe-js/src/snapshot/pending-promise-species.test.ts (4 tests) 377ms
 ✓ packages/safe-js/src/snapshot/async-disposable-stack.test.ts (5 tests) 385ms
 ✓ packages/safe-js/src/snapshot/duplicate-block-functions.test.ts (3 tests) 374ms
 ✓ packages/safe-js/src/snapshot/async-function-to-string-tag.test.ts (3 tests) 372ms
 ✓ packages/safe-js/src/snapshot/regex-cursor-data.test.ts (53 tests) 363ms
 ✓ packages/safe-js/src/snapshot/array-unscopables-descriptors.test.ts (3 tests) 353ms
 ✓ packages/safe-js/src/snapshot/array-unscopables.test.ts (3 tests) 394ms
 ✓ packages/safe-js/src/snapshot/adversarial-entrypoints.test.ts (47 tests) 219ms
 ✓ packages/safe-js/src/snapshot/promise-to-string-tag.test.ts (3 tests) 369ms
 ✓ packages/safe-js/src/snapshot/deleted-to-string-tag.test.ts (3 tests) 377ms
 ✓ packages/safe-js/src/snapshot/iterator-zip.test.ts (9 tests) 341ms
 ✓ packages/safe-js/src/snapshot/async-function-validation.test.ts (5 tests) 369ms
 ✓ packages/safe-js/src/snapshot/promise-aggregate-callbacks.test.ts (2 tests) 441ms
 ✓ packages/safe-js/src/snapshot/guest-generator-assignments.test.ts (34 tests) 405ms
 ✓ packages/safe-js/src/snapshot/temporal-instant-replay.test.ts (26 tests) 306ms
 ✓ packages/safe-js/src/snapshot/guest-generator-logical-references.test.ts (18 tests) 205ms
 ✓ packages/safe-js/src/snapshot/bigint.test.ts (21 tests) 279ms
 ✓ packages/safe-js/src/snapshot/eval-delete-block-function.test.ts (2 tests) 295ms
 ✓ packages/safe-js/src/snapshot/legacy-for-in-initializers.test.ts (2 tests) 341ms
 ✓ packages/safe-js/src/snapshot/for-in-sequence.test.ts (2 tests) 327ms
 ✓ packages/safe-js/src/snapshot/catch-reference-errors.test.ts (2 tests) 273ms
 ✓ packages/safe-js/src/snapshot/eval-parameter-environment.test.ts (2 tests) 267ms
 ✓ packages/safe-js/src/snapshot/iterator-concat.test.ts (7 tests) 283ms
 ✓ packages/safe-js/src/snapshot/labeled-functions.test.ts (2 tests) 266ms
 ✓ packages/safe-js/src/snapshot/weak-collection-key-kinds.test.ts (2 tests) 258ms
 ✓ packages/safe-js/src/snapshot/eval-delete-update.test.ts (2 tests) 277ms
 ✓ packages/safe-js/src/snapshot/function-restricted-accessors.test.ts (2 tests) 298ms
 ✓ packages/safe-js/src/snapshot/array-shape.test.ts (19 tests) 316ms
 ✓ packages/safe-js/src/snapshot/global-bindings.test.ts (1 test) 275ms
 ✓ packages/safe-js/src/snapshot/guest-generator-tagged-templates.test.ts (16 tests) 266ms
 ✓ packages/safe-js/src/snapshot/array-buffer.test.ts (22 tests) 236ms
 ✓ packages/safe-js/src/snapshot/guest-generator-members.test.ts (22 tests) 239ms
 ✓ packages/safe-js/src/snapshot/guest-lowlevel.test.ts (7 tests) 232ms
 ✓ packages/safe-js/src/snapshot/weak-reference.test.ts (20 tests) 196ms
 ✓ packages/safe-js/src/snapshot/arguments-restricted-descriptor.test.ts (1 test) 211ms
 ✓ packages/safe-js/test/integration/snapshot-roundtrip.test.ts (2 tests) 196ms
 ✓ packages/safe-js/src/snapshot/weak-ephemeron-qualification.test.ts (5 tests) 161ms
 ✓ packages/safe-js/src/snapshot/intl-bound-call-context.test.ts (3 tests) 157ms
 ✓ packages/safe-js/src/snapshot/guest-generator-objects.test.ts (16 tests) 176ms
 ✓ packages/safe-js/src/snapshot/guest-ast-validation.test.ts (8 tests) 146ms
 ✓ packages/safe-js/src/snapshot/guest-generator-templates.test.ts (14 tests) 152ms
 ✓ packages/safe-js/src/snapshot/temporal-duration.test.ts (20 tests) 157ms
 ✓ packages/safe-js/src/snapshot/bound-constructor-new-target.test.ts (2 tests) 129ms
 ✓ packages/safe-js/src/snapshot/realm-rollback-qualification.test.ts (3 tests) 141ms
 ✓ packages/safe-js/src/snapshot/promise-aggregate-validation.test.ts (3 tests) 117ms
 ✓ packages/safe-js/src/snapshot/guest-generator-restore.test.ts (23 tests) 119ms
 ✓ packages/safe-js/src/snapshot/atomic-wait-ownership.test.ts (2 tests) 145ms
 ✓ packages/safe-js/src/snapshot/shared-array-buffer.test.ts (25 tests) 109ms
 ✓ packages/safe-js/src/snapshot/temporal-duration-replay.test.ts (24 tests) 99ms
 ✓ packages/safe-js/src/snapshot/reference-error-stack.test.ts (1 test) 108ms
 ✓ packages/safe-js/src/snapshot/guest-generator-identifier-assignments.test.ts (14 tests) 94ms
 ✓ packages/safe-js/src/snapshot/guest-generator-for-head-scope.test.ts (5 tests) 88ms
 ✓ packages/safe-js/src/snapshot/temporal-extreme-transport.test.ts (32 tests) 182ms
 ✓ packages/safe-js/src/snapshot/serialize.test.ts (15 tests) 79ms
 ✓ packages/safe-js/src/snapshot/guest-dump.test.ts (1 test) 74ms
 ✓ packages/safe-js/src/snapshot/restore-function-kind.test.ts (20 tests) 64ms
 ✓ packages/safe-js/src/snapshot/backing-storage-cycles.test.ts (3 tests) 69ms
 ✓ packages/safe-js/src/snapshot/async-function-live-capture.test.ts (1 test) 72ms
 ✓ packages/safe-js/src/snapshot/atomic-wait-rollback.test.ts (2 tests) 59ms
 ✓ packages/safe-js/src/snapshot/weak-collection.test.ts (13 tests) 62ms
 ✓ packages/safe-js/src/snapshot/date-properties.test.ts (9 tests) 53ms
 ✓ packages/safe-js/src/restore.test.ts (36 tests) 53ms
 ✓ packages/safe-js/src/snapshot/obj-002-num-integration.test.ts (8 tests) 39ms
 ✓ packages/safe-js/src/snapshot/template-identity.test.ts (14 tests) 50ms
 ✓ packages/safe-js/src/snapshot/imported-promise-depth.test.ts (3 tests) 49ms
 ✓ packages/safe-js/src/snapshot/collection-iterators.test.ts (50 tests) 42ms
 ✓ packages/safe-js/src/snapshot/atomic-wait-race.test.ts (1 test) 39ms
 ✓ packages/safe-js/src/snapshot/assignment-reference-validation.test.ts (6 tests) 32ms
 ✓ packages/safe-js/src/snapshot/symbol.test.ts (22 tests) 28ms
 ✓ packages/safe-js/src/snapshot/obj-002-validation.test.ts (17 tests) 29ms
 ✓ packages/safe-js/src/snapshot/replay-transaction-qualification.test.ts (7 tests) 16ms
 ✓ packages/safe-js/src/snapshot/with-environment.test.ts (7 tests) 30ms
 ✓ packages/safe-js/src/snapshot/guest-heap.test.ts (4 tests) 34ms
 ✓ packages/safe-js/src/snapshot/regexp-properties.test.ts (19 tests) 26ms
 ✓ packages/safe-js/src/interp/budget.test.ts (41 tests) 27ms
 ✓ packages/safe-js/src/snapshot/mapped-arguments.test.ts (12 tests) 22ms
 ✓ packages/safe-js/src/snapshot/collection-properties.test.ts (30 tests) 26ms
 ✓ packages/safe-js/src/snapshot/imported-promise-data.test.ts (20 tests) 13ms
 ✓ packages/safe-js/src/interp/host-call-graph.test.ts (4 tests) 24ms
 ✓ packages/safe-js/src/snapshot/temporal-instant.test.ts (18 tests) 23ms
 ✓ packages/safe-js/src/snapshot/temporal-plain-year-month.test.ts (15 tests) 27ms
 ✓ packages/safe-js/src/snapshot/regexp-iterators.test.ts (7 tests) 24ms
 ✓ packages/safe-js/src/snapshot/temporal-plain-date-time.test.ts (11 tests) 31ms
 ✓ packages/safe-js/src/snapshot/temporal-plain-time.test.ts (22 tests) 33ms
 ✓ packages/safe-js/src/snapshot/temporal-plain-month-day.test.ts (13 tests) 34ms
 ✓ packages/safe-js/src/snapshot/regexp-iterator-modes.test.ts (12 tests) 30ms
 ✓ packages/safe-js/src/snapshot/temporal-plain-date.test.ts (13 tests) 39ms
 ✓ packages/safe-js/src/snapshot/error-data.test.ts (15 tests) 38ms
 ✓ packages/safe-js/src/snapshot/guest-arrays.test.ts (11 tests) 30ms
 ✓ packages/safe-js/src/snapshot/null-object-prototype.test.ts (12 tests) 31ms
 ✓ packages/safe-js/src/snapshot/temporal-zoned-date-time.test.ts (11 tests) 34ms
 ✓ packages/safe-js/src/snapshot/datetimeformat-requested-options.test.ts (10 tests) 34ms
 ✓ packages/safe-js/src/snapshot/replay-inputs.test.ts (13 tests) 19ms
 ✓ packages/safe-js/src/snapshot/temporal-calendar-replay.test.ts (36 tests) 29ms
 ✓ packages/safe-js/src/interp/host-call.test.ts (17 tests) 19ms
 ✓ packages/safe-js/src/snapshot/scheduler.test.ts (14 tests) 19ms
 ✓ packages/safe-js/src/snapshot/imported-promise-schedule.test.ts (10 tests) 9ms
 ✓ packages/safe-js/src/snapshot/replay-data.test.ts (19 tests) 15ms
 ✓ packages/safe-js/src/snapshot/symbol-replay.test.ts (16 tests) 19ms
 ✓ packages/safe-js/src/snapshot/temporal-plain-time-replay.test.ts (26 tests) 15ms
 ✓ packages/safe-js/src/snapshot/backend.test.ts (11 tests) 19ms
 ✓ packages/safe-js/src/snapshot/temporal-zoned-date-time-replay.test.ts (13 tests) 14ms
 ✓ packages/safe-js/src/snapshot/promise-capability-properties.test.ts (7 tests) 16ms
 ✓ packages/safe-js/src/snapshot/replay-graph-extension.test.ts (5 tests) 14ms
 ✓ packages/safe-js/src/snapshot/trusted-promise-replay.test.ts (5 tests) 11ms
 ✓ packages/safe-js/src/snapshot/input-symbol-references.test.ts (9 tests) 8ms
 ✓ packages/safe-js/src/interp/promise-replay.test.ts (18 tests) 11ms
 ✓ packages/safe-js/src/snapshot/pending-imported-promise-validation.test.ts (5 tests) 17ms
 ✓ packages/safe-js/src/snapshot/imported-promise-property-validation.test.ts (4 tests) 10ms
 ✓ packages/safe-js/src/interp/promise-replay-import-header.test.ts (13 tests) 12ms
 ✓ packages/safe-js/src/snapshot/dump-readiness.test.ts (2 tests) 8ms
 ✓ packages/safe-js/src/snapshot/policy.test.ts (24 tests) 9ms
 ✓ packages/safe-js/src/snapshot/scope-frames.test.ts (6 tests) 9ms
 ✓ packages/safe-js/src/snapshot/property-descriptors.test.ts (9 tests) 16ms
 ✓ packages/safe-js/src/interp/promise-replay-imports.test.ts (9 tests) 6ms
 ✓ packages/safe-js/src/snapshot/data-descriptor-validation.test.ts (11 tests) 6ms

 Test Files  188 passed (188)
      Tests  2617 passed (2617)
   Start at  08:19:08
   Duration  124.52s (transform 7.58s, setup 1.99s, import 81.99s, tests 149.58s, environment 10ms)

