
 RUN  v4.1.11 /Users/kjopek/Workspace/poe-code

 ✓ packages/safe-js/src/snapshot/mixed-realm-closures.test.ts (24 tests) 7460ms
   ✓ restores the originating realm for '()=>[]'  424ms
   ✓ restores the originating realm for '()=>({})'  305ms
   ✓ restores the originating realm for '()=>/x/'  303ms
   ✓ restores the originating realm for 'Function("return this")'  334ms
   ✓ restores the originating realm for '(()=>{const C=class { constructor(){r…'  334ms
   ✓ restores the originating realm for '(()=>{const C=class { constructor(){r…'  303ms
   ✓ restores the originating realm for '(()=>{const C=class { constructor(){r…'  307ms
   ✓ restores the originating realm for '(()=>{class C { value=[] };return ()=…'  328ms
   ✓ restores the originating realm for '(()=>{class C { #value={};get(){retur…'  334ms
   ✓ restores the originating realm for '(()=>{class B{};class C extends B { v…'  313ms
   ✓ restores the originating realm for '(()=>{function* f(){yield 0;while(tru…'  342ms
   ✓ restores the originating realm for '(()=>{function* f(){yield 0;while(tru…'  312ms
   ✓ restores the originating realm for '(()=>{function* f(){yield 0;while(tru…'  318ms
   ✓ restores the originating realm for '(()=>{function* f(){while(true)yield …'  396ms
   ✓ restores the originating realm for '(()=>{async function* f(){while(true)…'  319ms
   ✓ restores the originating realm for '(()=>{async function* f(){while(true)…'  309ms
   ✓ restores the originating realm for '(()=>{async function* f(){while(true)…'  314ms
   ✓ restores the originating realm for '(()=>{const c=Promise.withResolvers()…'  342ms
   ✓ restores the originating realm for '(()=>{const c=Promise.withResolvers()…'  340ms
   ✓ restores the originating realm for '(()=>{const c=Promise.withResolvers()…'  334ms
 ✓ packages/safe-js/src/snapshot/guest-generator-nested-yields.test.ts (70 tests) 8830ms
   ✓ resumes suspension inside yield arguments: 'let count=0;function input(){count++;…' (async=true, operation='return')  379ms
 ✓ packages/safe-js/src/snapshot/guest-generator-iteration-continuations.test.ts (50 tests) 7246ms
 ✓ packages/safe-js/src/snapshot/guest-generator-catch-iterator.test.ts (28 tests) 7172ms
   ✓ restores catch binding and body: 'try{throw new Set([1,2])}catch([a,b])…' async=false  361ms
   ✓ restores catch binding and body: 'try{throw new Set([1,2])}catch([a,b])…' async=true  317ms
   ✓ restores catch binding and body: 'let closed=0;function* input(){try{yi…' async=false  303ms
   ✓ restores catch binding and body: 'try{throw [1,undefined]}catch([a,b=yi…' async=false  313ms
   ✓ restores catch binding and body: 'let calls=0;try{calls++;throw {a:1}}c…' async=true  308ms
   ✓ restores catch binding and body: 'try{throw {a:1}}catch({a,[yield 3]:b}…' async=false  317ms
   ✓ restores catch binding and body: 'let calls=0;try{calls++;throw new Set…' async=false  320ms
   ✓ restores catch binding and body: 'let calls=0;try{calls++;throw new Set…' async=true  314ms
   ✓ restores catch binding and body: 'try{throw new Set([1,2])}catch([a]){t…' async=false  369ms
   ✓ restores catch binding and body: 'try{throw []}catch([a=yield 1,b=yield…' async=true  304ms
   ✓ restores catch binding and body: 'try{throw {}}catch({a=yield 1,b=yield…' async=false  352ms
 ✓ packages/safe-js/src/snapshot/mixed-source-closures.test.ts (16 tests) 4732ms
   ✓ preserves distinct function bodies and captured state from return ()=>1  391ms
   ✓ preserves distinct function bodies and captured state from function* f(){yield 0;yield 1};const g=f();g.next();return ()=>g.next().value  322ms
   ✓ preserves distinct function bodies and captured state from class C { #value=1;read(){return this.#value} };return ()=>new C().read()  321ms
   ✓ preserves distinct function bodies and captured state from const c=Promise.withResolvers();const p=(async()=>{await c.promise;return 1})();return async()=>{c.resolve();return await p}  343ms
   ✓ preserves distinct function bodies and captured state from async function* f(){yield 0;yield 1};const g=f();await g.next();return async()=>(await g.next()).value  305ms
   ✓ preserves distinct function bodies and captured state from function* f(){try {yield 0}finally {yield 1}};const g=f();g.next();return ()=>g.next().value  303ms
   ✓ preserves distinct function bodies and captured state from class Base {constructor(){this.value=1}}class Derived extends Base {constructor(){super()}}return ()=>new Derived().value  321ms
   ✓ reuses each restored template site with other source first  394ms
   ✓ reuses each restored template site with other source second  338ms
 ✓ packages/safe-js/src/migrate.test.ts (31 tests) 3733ms
 ✓ packages/safe-js/src/snapshot/guest-generator-array-patterns.test.ts (29 tests) 3204ms
 ✓ packages/safe-js/src/external-checkpoint-validation.test.ts (14 tests) 3339ms
     ✓ captures externally and by signal while 'reduction' remains pending  357ms
     ✓ captures externally and by signal while 'callback' remains pending  580ms
     ✓ captures externally and by signal while 'retry-reissue' remains pending  473ms
     ✓ captures externally and by signal while 'retry-external' remains pending  436ms
     ✓ captures externally and by signal while 'co' remains pending  984ms
 ✓ packages/safe-js/src/snapshot/internal-continuation-references.test.ts (21 tests) 2610ms
 ✓ packages/safe-js/src/snapshot/async-function-continuations.test.ts (29 tests) 3230ms
 ✓ packages/safe-js/src/snapshot/guest-generator-object-patterns.test.ts (31 tests) 2486ms
 ✓ packages/safe-js/src/snapshot/private-elements.test.ts (31 tests) 2575ms
 ✓ packages/safe-js/src/snapshot/dynamic-import.test.ts (18 tests) 2194ms
   ✓ restores dynamic module access in a closure (already loaded=false)  323ms
   ✓ preserves host-export property cycles and reconnects only supplied capabilities  317ms
 ✓ packages/safe-js/src/snapshot/guest-generator-delegation.test.ts (20 tests) 2549ms
 ✓ packages/safe-js/src/migration-file.test.ts (14 tests) 1891ms
     ✓ inspects without writes, then exclusively publishes a portable continuation  305ms
 ✓ packages/safe-js/src/snapshot/proxy.test.ts (36 tests) 2158ms
 ✓ packages/safe-js/src/snapshot/mixed-realm-values.test.ts (15 tests) 2475ms
 ✓ packages/safe-js/src/snapshot/guest-generator-calls.test.ts (18 tests) 2643ms
 ✓ packages/safe-js/src/snapshot/intrinsic-mutations.test.ts (17 tests) 1590ms
 ✓ packages/safe-js/src/snapshot/eval-source.test.ts (18 tests) 1837ms
 ✓ packages/safe-js/src/snapshot/resource-declarations.test.ts (11 tests) 1197ms
 ✓ packages/safe-js/src/snapshot/pending-promise-continuations.test.ts (16 tests) 1749ms
 ✓ packages/safe-js/src/snapshot/constructor-environments.test.ts (14 tests) 1388ms
 ✓ packages/safe-js/test/integration/crash-resume.test.ts (11 tests) 1597ms
 ✓ packages/safe-js/src/snapshot/settled-promises.test.ts (11 tests) 1162ms
 ✓ packages/safe-js/src/snapshot/dynamic-source.test.ts (18 tests) 1077ms
 ✓ packages/safe-js/src/snapshot/symbol-registry.test.ts (13 tests) 1123ms
 ✓ packages/safe-js/src/snapshot/thenable-continuations.test.ts (10 tests) 1220ms
 ✓ packages/safe-js/src/snapshot/eval-call.test.ts (10 tests) 1177ms
 ✓ packages/safe-js/test/adversarial/snapshot-mutation.test.ts (1 test) 825ms
     ✓ rejects malformed mutations with typed errors and preserves valid roundtrips  824ms
 ✓ packages/safe-js/src/snapshot/promise-resolvers.test.ts (8 tests) 889ms
 ✓ packages/safe-js/src/snapshot/async-generator-validation.test.ts (13 tests) 907ms
 ✓ packages/safe-js/src/snapshot/pending-promise-aggregates.test.ts (7 tests) 990ms
 ✓ packages/safe-js/src/snapshot/completed-map-alias.test.ts (2 tests) 1125ms
     ✓ matches native before and after two completed restores: 'captured Map value alias'  442ms
     ✓ matches native before and after two completed restores: 'collection cycles, sparse metadata an…'  682ms
 ✓ packages/safe-js/src/snapshot/class-constructor.test.ts (11 tests) 845ms
 ✓ packages/safe-js/src/snapshot/buffer-prototype-replay.test.ts (9 tests) 750ms
 ✓ packages/safe-js/src/snapshot/promise-capability-executors.test.ts (8 tests) 817ms
 ✓ packages/safe-js/src/snapshot/dynamic-function-self-binding.test.ts (9 tests) 656ms
 ✓ packages/safe-js/src/snapshot/dynamic-block-functions.test.ts (6 tests) 580ms
 ✓ packages/safe-js/src/snapshot/eval-source-validation.test.ts (14 tests) 733ms
 ✓ packages/safe-js/src/snapshot/array-buffer-detached.test.ts (14 tests) 592ms
 ✓ packages/safe-js/src/snapshot/shadowed-array-methods.test.ts (23 tests) 664ms
 ✓ packages/safe-js/src/snapshot/dynamic-with.test.ts (6 tests) 645ms
 ✓ packages/safe-js/src/snapshot/eval-class-arguments.test.ts (4 tests) 543ms
 ✓ packages/safe-js/src/snapshot/eval-super-environment.test.ts (5 tests) 501ms
 ✓ packages/safe-js/src/snapshot/guest-generator-dump.test.ts (7 tests) 560ms
 ✓ packages/safe-js/src/snapshot/guest-generator-for-in.test.ts (35 tests) 697ms
 ✓ packages/safe-js/src/snapshot/guest-generator-switch.test.ts (35 tests) 704ms
 ✓ packages/safe-js/src/snapshot/exception-function-hoisting.test.ts (6 tests) 634ms
 ✓ packages/safe-js/src/snapshot/pending-promise-subclasses.test.ts (5 tests) 632ms
 ✓ packages/safe-js/src/snapshot/sloppy-let.test.ts (5 tests) 542ms
 ✓ packages/safe-js/src/snapshot/global-object.test.ts (4 tests) 615ms
   ✓ preserves global object identity and identifier storage through repeated snapshots  314ms
 ✓ packages/safe-js/src/snapshot/eval-deleted-assignment.test.ts (5 tests) 568ms
 ✓ packages/safe-js/src/snapshot/mixed-realm-intrinsics.test.ts (5 tests) 635ms
 ✓ packages/safe-js/src/snapshot/symbol-accessor-replay.test.ts (5 tests) 490ms
 ✓ packages/safe-js/src/snapshot/guest-heap-validation.test.ts (11 tests) 466ms
 ✓ packages/safe-js/src/snapshot/restore.test.ts (82 tests) 430ms
     ✓ restores thousands of parent scopes without using the host call stack  342ms
 ✓ packages/safe-js/src/snapshot/atomic-wait-continuation.test.ts (16 tests) 476ms
 ✓ packages/safe-js/src/snapshot/guest-generator-declarations.test.ts (19 tests) 454ms
 ✓ packages/safe-js/src/snapshot/typed-array-iterator-replay.test.ts (5 tests) 449ms
 ✓ packages/safe-js/src/snapshot/guest-generator-for-continuations.test.ts (26 tests) 501ms
 ✓ packages/safe-js/src/snapshot/undefined-binding.test.ts (2 tests) 512ms
 ✓ packages/safe-js/src/snapshot/eval-delete-bindings.test.ts (3 tests) 472ms
 ✓ packages/safe-js/src/snapshot/eval-catch-conflicts.test.ts (3 tests) 478ms
 ✓ packages/safe-js/src/snapshot/guest-generator-pattern-defaults.test.ts (18 tests) 525ms
 ✓ packages/safe-js/src/snapshot/strict-destructuring-bindings.test.ts (4 tests) 506ms
 ✓ packages/safe-js/src/snapshot/guest-generator-do-while.test.ts (36 tests) 459ms
 ✓ packages/safe-js/src/snapshot/finalization-registry.test.ts (7 tests) 501ms
 ✓ packages/safe-js/src/snapshot/reference-error-delivery.test.ts (10 tests) 444ms
 ✓ packages/safe-js/src/snapshot/async-disposable-stack.test.ts (5 tests) 381ms
 ✓ packages/safe-js/src/snapshot/guest-generator-pattern-sources.test.ts (19 tests) 441ms
 ✓ packages/safe-js/src/snapshot/promise-callable-references.test.ts (6 tests) 392ms
 ✓ packages/safe-js/src/snapshot/regex-cursor-data.test.ts (53 tests) 341ms
 ✓ packages/safe-js/src/snapshot/duplicate-block-functions.test.ts (3 tests) 357ms
 ✓ packages/safe-js/src/snapshot/array-unscopables.test.ts (3 tests) 314ms
 ✓ packages/safe-js/src/snapshot/pending-promise-species.test.ts (4 tests) 382ms
 ✓ packages/safe-js/src/snapshot/async-function-to-string-tag.test.ts (3 tests) 345ms
 ✓ packages/safe-js/src/snapshot/deleted-to-string-tag.test.ts (3 tests) 306ms
 ✓ packages/safe-js/src/snapshot/array-unscopables-descriptors.test.ts (3 tests) 325ms
 ✓ packages/safe-js/src/snapshot/async-function-validation.test.ts (5 tests) 300ms
 ✓ packages/safe-js/src/snapshot/promise-aggregate-callbacks.test.ts (2 tests) 298ms
 ✓ packages/safe-js/src/snapshot/guest-generator-branches.test.ts (40 tests) 383ms
 ✓ packages/safe-js/src/snapshot/promise-to-string-tag.test.ts (3 tests) 309ms
 ✓ packages/safe-js/src/snapshot/function-restricted-accessors.test.ts (2 tests) 232ms
 ✓ packages/safe-js/src/snapshot/eval-parameter-environment.test.ts (2 tests) 248ms
 ✓ packages/safe-js/src/snapshot/guest-generator-assignments.test.ts (34 tests) 290ms
 ✓ packages/safe-js/src/snapshot/eval-delete-update.test.ts (2 tests) 235ms
 ✓ packages/safe-js/src/snapshot/legacy-for-in-initializers.test.ts (2 tests) 255ms
 ✓ packages/safe-js/src/snapshot/iterator-zip.test.ts (9 tests) 300ms
 ✓ packages/safe-js/src/snapshot/eval-delete-block-function.test.ts (2 tests) 259ms
 ✓ packages/safe-js/src/snapshot/temporal-instant-replay.test.ts (26 tests) 286ms
 ✓ packages/safe-js/src/snapshot/bigint.test.ts (21 tests) 270ms
 ✓ packages/safe-js/src/snapshot/array-shape.test.ts (19 tests) 226ms
 ✓ packages/safe-js/src/snapshot/for-in-sequence.test.ts (2 tests) 255ms
 ✓ packages/safe-js/src/snapshot/labeled-functions.test.ts (2 tests) 240ms
 ✓ packages/safe-js/src/snapshot/iterator-concat.test.ts (7 tests) 241ms
 ✓ packages/safe-js/src/snapshot/weak-collection-key-kinds.test.ts (2 tests) 236ms
 ✓ packages/safe-js/src/snapshot/catch-reference-errors.test.ts (2 tests) 254ms
 ✓ packages/safe-js/src/snapshot/guest-generator-tagged-templates.test.ts (16 tests) 211ms
 ✓ packages/safe-js/src/snapshot/guest-generator-members.test.ts (22 tests) 197ms
 ✓ packages/safe-js/src/snapshot/global-bindings.test.ts (1 test) 211ms
 ✓ packages/safe-js/src/snapshot/guest-lowlevel.test.ts (7 tests) 193ms
 ✓ packages/safe-js/src/snapshot/adversarial-entrypoints.test.ts (36 tests) 200ms
 ✓ packages/safe-js/src/snapshot/array-buffer.test.ts (22 tests) 206ms
 ✓ packages/safe-js/src/snapshot/weak-reference.test.ts (20 tests) 191ms
 ✓ packages/safe-js/src/snapshot/guest-generator-logical-references.test.ts (18 tests) 278ms
 ✓ packages/safe-js/src/snapshot/arguments-restricted-descriptor.test.ts (1 test) 161ms
 ✓ packages/safe-js/src/snapshot/guest-generator-objects.test.ts (16 tests) 140ms
 ✓ packages/safe-js/src/snapshot/temporal-duration.test.ts (20 tests) 135ms
 ✓ packages/safe-js/src/snapshot/guest-generator-templates.test.ts (14 tests) 136ms
 ✓ packages/safe-js/src/snapshot/guest-ast-validation.test.ts (8 tests) 139ms
 ✓ packages/safe-js/src/snapshot/weak-ephemeron-qualification.test.ts (5 tests) 146ms
 ✓ packages/safe-js/src/snapshot/intl-bound-call-context.test.ts (3 tests) 142ms
 ✓ packages/safe-js/src/snapshot/realm-rollback-qualification.test.ts (3 tests) 119ms
 ✓ packages/safe-js/src/snapshot/bound-constructor-new-target.test.ts (2 tests) 130ms
 ✓ packages/safe-js/test/integration/snapshot-roundtrip.test.ts (2 tests) 152ms
 ✓ packages/safe-js/src/snapshot/guest-generator-restore.test.ts (23 tests) 109ms
 ✓ packages/safe-js/src/snapshot/promise-aggregate-validation.test.ts (3 tests) 112ms
 ✓ packages/safe-js/src/snapshot/atomic-wait-ownership.test.ts (2 tests) 104ms
 ✓ packages/safe-js/src/snapshot/guest-generator-identifier-assignments.test.ts (14 tests) 84ms
 ✓ packages/safe-js/src/snapshot/shared-array-buffer.test.ts (25 tests) 93ms
 ✓ packages/safe-js/src/snapshot/temporal-extreme-transport.test.ts (32 tests) 69ms
 ✓ packages/safe-js/src/snapshot/reference-error-stack.test.ts (1 test) 85ms
 ✓ packages/safe-js/src/snapshot/temporal-duration-replay.test.ts (24 tests) 87ms
 ✓ packages/safe-js/src/snapshot/guest-generator-for-head-scope.test.ts (5 tests) 81ms
 ✓ packages/safe-js/src/snapshot/guest-dump.test.ts (1 test) 63ms
 ✓ packages/safe-js/src/snapshot/serialize.test.ts (15 tests) 69ms
 ✓ packages/safe-js/src/snapshot/restore-function-kind.test.ts (20 tests) 61ms
 ✓ packages/safe-js/src/snapshot/backing-storage-cycles.test.ts (3 tests) 58ms
 ✓ packages/safe-js/src/snapshot/async-function-live-capture.test.ts (1 test) 56ms
 ✓ packages/safe-js/src/snapshot/weak-collection.test.ts (13 tests) 53ms
 ✓ packages/safe-js/src/snapshot/imported-promise-depth.test.ts (3 tests) 40ms
 ✓ packages/safe-js/src/snapshot/atomic-wait-rollback.test.ts (2 tests) 54ms
 ✓ packages/safe-js/src/snapshot/date-properties.test.ts (9 tests) 48ms
 ✓ packages/safe-js/src/snapshot/template-identity.test.ts (14 tests) 42ms
 ✓ packages/safe-js/src/restore.test.ts (36 tests) 47ms
 ✓ packages/safe-js/src/snapshot/collection-iterators.test.ts (50 tests) 40ms
 ✓ packages/safe-js/src/snapshot/atomic-wait-race.test.ts (1 test) 35ms
 ✓ packages/safe-js/src/snapshot/obj-002-num-integration.test.ts (8 tests) 44ms
 ✓ packages/safe-js/src/snapshot/guest-heap.test.ts (4 tests) 31ms
 ✓ packages/safe-js/src/snapshot/assignment-reference-validation.test.ts (6 tests) 35ms
 ✓ packages/safe-js/src/snapshot/symbol.test.ts (22 tests) 34ms
 ✓ packages/safe-js/src/snapshot/obj-002-validation.test.ts (17 tests) 34ms
 ✓ packages/safe-js/src/snapshot/regexp-properties.test.ts (19 tests) 31ms
 ✓ packages/safe-js/src/snapshot/collection-properties.test.ts (30 tests) 28ms
 ✓ packages/safe-js/src/snapshot/with-environment.test.ts (7 tests) 32ms
 ✓ packages/safe-js/src/interp/budget.test.ts (41 tests) 30ms
 ✓ packages/safe-js/src/snapshot/mapped-arguments.test.ts (12 tests) 29ms
 ✓ packages/safe-js/src/snapshot/temporal-instant.test.ts (18 tests) 21ms
 ✓ packages/safe-js/src/snapshot/temporal-plain-year-month.test.ts (15 tests) 18ms
 ✓ packages/safe-js/src/snapshot/null-object-prototype.test.ts (12 tests) 16ms
 ✓ packages/safe-js/src/snapshot/regexp-iterators.test.ts (7 tests) 18ms
 ✓ packages/safe-js/src/snapshot/datetimeformat-requested-options.test.ts (10 tests) 15ms
 ✓ packages/safe-js/src/snapshot/regexp-iterator-modes.test.ts (12 tests) 17ms
 ✓ packages/safe-js/src/snapshot/temporal-plain-time.test.ts (22 tests) 18ms
 ✓ packages/safe-js/src/snapshot/error-data.test.ts (15 tests) 17ms
 ✓ packages/safe-js/src/snapshot/guest-arrays.test.ts (11 tests) 17ms
 ✓ packages/safe-js/src/snapshot/temporal-plain-date-time.test.ts (11 tests) 18ms
 ✓ packages/safe-js/src/snapshot/temporal-plain-date.test.ts (13 tests) 17ms
 ✓ packages/safe-js/src/snapshot/temporal-plain-month-day.test.ts (13 tests) 17ms
 ✓ packages/safe-js/src/snapshot/temporal-zoned-date-time.test.ts (11 tests) 15ms
 ❯ packages/safe-js/src/snapshot/replay-transaction-qualification.test.ts (6 tests | 1 failed) 16ms
   ✓ returns compile charges and imported registrations when scheduling throws after fulfilled capture 4ms
   ✓ returns compile charges and imported registrations when scheduling throws after rejected capture 1ms
   ✓ restores the exact existing Promise property table after a later error (present=false) 1ms
   ✓ restores the exact existing Promise property table after a later error (present=true) 0ms
   ✓ preserves generated cyclic graph identities and leaves the source untouched 7ms
   × does not activate an earlier pending provider after a later scheduling failure 3ms
FAIL packages/safe-js/src/snapshot/replay-transaction-qualification.test.ts > does not activate an earlier pending provider after a later scheduling failure
AssertionError: expected "vi.fn()" to not be called at all, but actually been called 1 times

Received:

  1st vi.fn() call:

    Array [
      "call",
      1,
    ]


Number of calls: 1

 ❯ packages/safe-js/src/snapshot/replay-transaction-qualification.test.ts:91:29
     89|   // Drain the finite Promise reaction chain, without timers or real w…
     90|   for (let turn = 0; turn < 8; turn++) await Promise.resolve();
     91|   expect.soft(provider).not.toHaveBeenCalled();
       |                             ^
     92|   expect.soft(settlements).toEqual([]);
     93|   for (const promise of captured) expect(importedPromiseSnapshots.has(…

AssertionError: expected [ 8, 7 ] to deeply equal []

- Expected
+ Received

- []
+ [
+   8,
+   7,
+ ]

 ❯ packages/safe-js/src/snapshot/replay-transaction-qualification.test.ts:92:28
     90|   for (let turn = 0; turn < 8; turn++) await Promise.resolve();
     91|   expect.soft(provider).not.toHaveBeenCalled();
     92|   expect.soft(settlements).toEqual([]);
       |                            ^
     93|   for (const promise of captured) expect(importedPromiseSnapshots.has(…
     94| });

 ✓ packages/safe-js/src/snapshot/temporal-calendar-replay.test.ts (36 tests) 12ms
 ✓ packages/safe-js/src/snapshot/backend.test.ts (11 tests) 9ms
 ✓ packages/safe-js/src/snapshot/symbol-replay.test.ts (16 tests) 9ms
 ✓ packages/safe-js/src/snapshot/replay-inputs.test.ts (13 tests) 13ms
 ✓ packages/safe-js/src/interp/host-call.test.ts (17 tests) 11ms
 ✓ packages/safe-js/src/snapshot/imported-promise-data.test.ts (20 tests) 11ms
 ✓ packages/safe-js/src/snapshot/scheduler.test.ts (14 tests) 10ms
 ✓ packages/safe-js/src/snapshot/replay-data.test.ts (19 tests) 10ms
 ✓ packages/safe-js/src/snapshot/temporal-plain-time-replay.test.ts (26 tests) 9ms
 ✓ packages/safe-js/src/snapshot/temporal-zoned-date-time-replay.test.ts (13 tests) 8ms
 ✓ packages/safe-js/src/snapshot/promise-capability-properties.test.ts (7 tests) 8ms
 ✓ packages/safe-js/src/snapshot/replay-graph-extension.test.ts (5 tests) 7ms
 ✓ packages/safe-js/src/interp/promise-replay.test.ts (18 tests) 6ms
 ✓ packages/safe-js/src/snapshot/trusted-promise-replay.test.ts (5 tests) 6ms
 ✓ packages/safe-js/src/snapshot/scope-frames.test.ts (6 tests) 4ms
 ✓ packages/safe-js/src/snapshot/imported-promise-property-validation.test.ts (4 tests) 5ms
 ✓ packages/safe-js/src/snapshot/input-symbol-references.test.ts (9 tests) 6ms
 ✓ packages/safe-js/src/snapshot/imported-promise-schedule.test.ts (10 tests) 5ms
 ✓ packages/safe-js/src/snapshot/policy.test.ts (24 tests) 4ms
 ✓ packages/safe-js/src/snapshot/pending-imported-promise-validation.test.ts (5 tests) 5ms
 ✓ packages/safe-js/src/snapshot/dump-readiness.test.ts (2 tests) 4ms
 ✓ packages/safe-js/src/snapshot/property-descriptors.test.ts (9 tests) 4ms
 ✓ packages/safe-js/src/snapshot/data-descriptor-validation.test.ts (11 tests) 3ms

⎯⎯⎯⎯⎯⎯⎯ Failed Tests 1 ⎯⎯⎯⎯⎯⎯⎯

 FAIL  packages/safe-js/src/snapshot/replay-transaction-qualification.test.ts > does not activate an earlier pending provider after a later scheduling failure
AssertionError: expected "vi.fn()" to not be called at all, but actually been called 1 times

Received:

  1st vi.fn() call:

    Array [
      "call",
      1,
    ]


Number of calls: 1

 ❯ packages/safe-js/src/snapshot/replay-transaction-qualification.test.ts:91:29
     89|   // Drain the finite Promise reaction chain, without timers or real w…
     90|   for (let turn = 0; turn < 8; turn++) await Promise.resolve();
     91|   expect.soft(provider).not.toHaveBeenCalled();
       |                             ^
     92|   expect.soft(settlements).toEqual([]);
     93|   for (const promise of captured) expect(importedPromiseSnapshots.has(…

⎯⎯⎯⎯⎯⎯⎯⎯⎯⎯⎯⎯⎯⎯⎯⎯⎯⎯⎯⎯⎯⎯⎯⎯[1/2]⎯

 FAIL  packages/safe-js/src/snapshot/replay-transaction-qualification.test.ts > does not activate an earlier pending provider after a later scheduling failure
AssertionError: expected [ 8, 7 ] to deeply equal []

- Expected
+ Received

- []
+ [
+   8,
+   7,
+ ]

 ❯ packages/safe-js/src/snapshot/replay-transaction-qualification.test.ts:92:28
     90|   for (let turn = 0; turn < 8; turn++) await Promise.resolve();
     91|   expect.soft(provider).not.toHaveBeenCalled();
     92|   expect.soft(settlements).toEqual([]);
       |                            ^
     93|   for (const promise of captured) expect(importedPromiseSnapshots.has(…
     94| });

⎯⎯⎯⎯⎯⎯⎯⎯⎯⎯⎯⎯⎯⎯⎯⎯⎯⎯⎯⎯⎯⎯⎯⎯[2/2]⎯


 Test Files  1 failed | 184 passed (185)
      Tests  1 failed | 2578 passed (2579)
   Start at  08:15:57
   Duration  98.91s (transform 4.59s, setup 1.28s, import 61.47s, tests 124.47s, environment 8ms)

