
 RUN  v4.1.11 /Users/kjopek/Workspace/poe-code

 ❯ packages/safe-js/src/snapshot/realm-rollback-qualification.test.ts (2 tests | 1 failed) 146ms
   ✓ preserves an existing realm when restoration rejects reuse of its intrinsic budget 95ms
   × releases partially mutated intrinsics so a failed fresh budget can retry restoration 50ms
FAIL packages/safe-js/src/snapshot/realm-rollback-qualification.test.ts > releases partially mutated intrinsics so a failed fresh budget can retry restoration
AssertionError: expected [ {} ] to deeply equal []

- Expected
+ Received

- []
+ [
+   {},
+ ]

 ❯ packages/safe-js/src/snapshot/realm-rollback-qualification.test.ts:50:42
     48|     expect(reconcile).toHaveBeenCalledOnce();
     49|     expect(Object.getOwnPropertyDescriptors(original)).toEqual(before);
     50|     expect([...budget.retainedValues()]).toEqual([]);
       |                                          ^
     51|     expect(budget.currentDataSize).toBe(0);
     52|     expect(() => restore(saved, { source, budget })).not.toThrow();


⎯⎯⎯⎯⎯⎯⎯ Failed Tests 1 ⎯⎯⎯⎯⎯⎯⎯

 FAIL  packages/safe-js/src/snapshot/realm-rollback-qualification.test.ts > releases partially mutated intrinsics so a failed fresh budget can retry restoration
AssertionError: expected [ {} ] to deeply equal []

- Expected
+ Received

- []
+ [
+   {},
+ ]

 ❯ packages/safe-js/src/snapshot/realm-rollback-qualification.test.ts:50:42
     48|     expect(reconcile).toHaveBeenCalledOnce();
     49|     expect(Object.getOwnPropertyDescriptors(original)).toEqual(before);
     50|     expect([...budget.retainedValues()]).toEqual([]);
       |                                          ^
     51|     expect(budget.currentDataSize).toBe(0);
     52|     expect(() => restore(saved, { source, budget })).not.toThrow();

⎯⎯⎯⎯⎯⎯⎯⎯⎯⎯⎯⎯⎯⎯⎯⎯⎯⎯⎯⎯⎯⎯⎯⎯[1/1]⎯


 Test Files  1 failed (1)
      Tests  1 failed | 1 passed (2)
   Start at  08:13:19
   Duration  2.45s (transform 1.75s, setup 44ms, import 2.16s, tests 146ms, environment 0ms)

