
 RUN  v4.1.11 /Users/kjopek/Workspace/poe-code

 ❯ packages/safe-js/src/snapshot/realm-rollback-qualification.test.ts (2 tests | 1 failed) 130ms
   ✓ preserves an existing realm when restoration rejects reuse of its intrinsic budget 88ms
   × releases partially mutated intrinsics so a failed fresh budget can retry restoration 41ms
FAIL packages/safe-js/src/snapshot/realm-rollback-qualification.test.ts > releases partially mutated intrinsics so a failed fresh budget can retry restoration
AssertionError: expected [ {} ] to deeply equal []

- Expected
+ Received

- []
+ [
+   {},
+ ]

 ❯ packages/safe-js/src/snapshot/realm-rollback-qualification.test.ts:50:47
     48|     expect(reconcile).toHaveBeenCalledOnce();
     49|     expect(Object.getOwnPropertyDescriptors(original)).toEqual(before);
     50|     expect.soft([...budget.retainedValues()]).toEqual([]);
       |                                               ^
     51|     expect.soft(budget.currentDataSize).toBe(0);
     52|     expect.soft(() => restore(saved, { source, budget })).not.toThrow(…

AssertionError: expected 4 to be +0 // Object.is equality

- Expected
+ Received

- 0
+ 4

 ❯ packages/safe-js/src/snapshot/realm-rollback-qualification.test.ts:51:41
     49|     expect(Object.getOwnPropertyDescriptors(original)).toEqual(before);
     50|     expect.soft([...budget.retainedValues()]).toEqual([]);
     51|     expect.soft(budget.currentDataSize).toBe(0);
       |                                         ^
     52|     expect.soft(() => restore(saved, { source, budget })).not.toThrow(…
     53|     expect(resolveIntrinsicIdentity(budget, '["Number","prototype"]'))…

AssertionError: expected [Function] to not throw an error but 'TypeError: Duplicate intrinsic identi…' was thrown

- Expected:
undefined

+ Received:
"TypeError: Duplicate intrinsic identity: [\"Object\"]"

 ❯ packages/safe-js/src/snapshot/realm-rollback-qualification.test.ts:52:63
     50|     expect.soft([...budget.retainedValues()]).toEqual([]);
     51|     expect.soft(budget.currentDataSize).toBe(0);
     52|     expect.soft(() => restore(saved, { source, budget })).not.toThrow(…
       |                                                               ^
     53|     expect(resolveIntrinsicIdentity(budget, '["Number","prototype"]'))…
     54|   } finally { reconcile.mockRestore(); }


⎯⎯⎯⎯⎯⎯⎯ Failed Tests 1 ⎯⎯⎯⎯⎯⎯⎯

 FAIL  packages/safe-js/src/snapshot/realm-rollback-qualification.test.ts > releases partially mutated intrinsics so a failed fresh budget can retry restoration
AssertionError: expected [ {} ] to deeply equal []

- Expected
+ Received

- []
+ [
+   {},
+ ]

 ❯ packages/safe-js/src/snapshot/realm-rollback-qualification.test.ts:50:47
     48|     expect(reconcile).toHaveBeenCalledOnce();
     49|     expect(Object.getOwnPropertyDescriptors(original)).toEqual(before);
     50|     expect.soft([...budget.retainedValues()]).toEqual([]);
       |                                               ^
     51|     expect.soft(budget.currentDataSize).toBe(0);
     52|     expect.soft(() => restore(saved, { source, budget })).not.toThrow(…

⎯⎯⎯⎯⎯⎯⎯⎯⎯⎯⎯⎯⎯⎯⎯⎯⎯⎯⎯⎯⎯⎯⎯⎯[1/3]⎯

 FAIL  packages/safe-js/src/snapshot/realm-rollback-qualification.test.ts > releases partially mutated intrinsics so a failed fresh budget can retry restoration
AssertionError: expected 4 to be +0 // Object.is equality

- Expected
+ Received

- 0
+ 4

 ❯ packages/safe-js/src/snapshot/realm-rollback-qualification.test.ts:51:41
     49|     expect(Object.getOwnPropertyDescriptors(original)).toEqual(before);
     50|     expect.soft([...budget.retainedValues()]).toEqual([]);
     51|     expect.soft(budget.currentDataSize).toBe(0);
       |                                         ^
     52|     expect.soft(() => restore(saved, { source, budget })).not.toThrow(…
     53|     expect(resolveIntrinsicIdentity(budget, '["Number","prototype"]'))…

⎯⎯⎯⎯⎯⎯⎯⎯⎯⎯⎯⎯⎯⎯⎯⎯⎯⎯⎯⎯⎯⎯⎯⎯[2/3]⎯

 FAIL  packages/safe-js/src/snapshot/realm-rollback-qualification.test.ts > releases partially mutated intrinsics so a failed fresh budget can retry restoration
AssertionError: expected [Function] to not throw an error but 'TypeError: Duplicate intrinsic identi…' was thrown

- Expected:
undefined

+ Received:
"TypeError: Duplicate intrinsic identity: [\"Object\"]"

 ❯ packages/safe-js/src/snapshot/realm-rollback-qualification.test.ts:52:63
     50|     expect.soft([...budget.retainedValues()]).toEqual([]);
     51|     expect.soft(budget.currentDataSize).toBe(0);
     52|     expect.soft(() => restore(saved, { source, budget })).not.toThrow(…
       |                                                               ^
     53|     expect(resolveIntrinsicIdentity(budget, '["Number","prototype"]'))…
     54|   } finally { reconcile.mockRestore(); }

⎯⎯⎯⎯⎯⎯⎯⎯⎯⎯⎯⎯⎯⎯⎯⎯⎯⎯⎯⎯⎯⎯⎯⎯[3/3]⎯


 Test Files  1 failed (1)
      Tests  1 failed | 1 passed (2)
   Start at  08:13:42
   Duration  1.90s (transform 1.32s, setup 32ms, import 1.68s, tests 130ms, environment 0ms)

