
 RUN  v4.1.11 /Users/kjopek/Workspace/poe-code

 ❯ packages/safe-js/src/snapshot/realm-rollback-qualification.test.ts (1 test | 1 failed) 84ms
   × preserves an existing realm's intrinsic identity and properties after later restore failure 83ms
FAIL packages/safe-js/src/snapshot/realm-rollback-qualification.test.ts > preserves an existing realm's intrinsic identity and properties after later restore failure
AssertionError: expected a thrown error to be Error: final reconciliation refused

- Expected
+ Received

- Error {
-   "message": "final reconciliation refused",
+ TypeError {
+   "message": "Duplicate intrinsic identity: [\"Object\"]",
  }

 ❯ packages/safe-js/src/snapshot/realm-rollback-qualification.test.ts:26:54
     24|   const reconcile = vi.spyOn(budget, "reconcileCompileData").mockImple…
     25|   try {
     26|     expect(() => restore(saved, { source, budget })).toThrow(failure);
       |                                                      ^
     27|     expect(reconcile).toHaveBeenCalledOnce();
     28|     expect.soft(resolveIntrinsicIdentity(budget, id)).toBe(prototype);


⎯⎯⎯⎯⎯⎯⎯ Failed Tests 1 ⎯⎯⎯⎯⎯⎯⎯

 FAIL  packages/safe-js/src/snapshot/realm-rollback-qualification.test.ts > preserves an existing realm's intrinsic identity and properties after later restore failure
AssertionError: expected a thrown error to be Error: final reconciliation refused

- Expected
+ Received

- Error {
-   "message": "final reconciliation refused",
+ TypeError {
+   "message": "Duplicate intrinsic identity: [\"Object\"]",
  }

 ❯ packages/safe-js/src/snapshot/realm-rollback-qualification.test.ts:26:54
     24|   const reconcile = vi.spyOn(budget, "reconcileCompileData").mockImple…
     25|   try {
     26|     expect(() => restore(saved, { source, budget })).toThrow(failure);
       |                                                      ^
     27|     expect(reconcile).toHaveBeenCalledOnce();
     28|     expect.soft(resolveIntrinsicIdentity(budget, id)).toBe(prototype);

⎯⎯⎯⎯⎯⎯⎯⎯⎯⎯⎯⎯⎯⎯⎯⎯⎯⎯⎯⎯⎯⎯⎯⎯[1/1]⎯


 Test Files  1 failed (1)
      Tests  1 failed (1)
   Start at  08:10:54
   Duration  1.91s (transform 1.39s, setup 33ms, import 1.74s, tests 84ms, environment 0ms)

