
 RUN  v4.1.11 /Users/kjopek/Workspace/poe-code

 ❯ packages/safe-js/src/snapshot/realm-rollback-qualification.test.ts (3 tests | 2 failed) 117ms
   × commits provisional restoration accounting without dropping its successful charges 3ms
   ✓ preserves an existing realm when restoration rejects reuse of its intrinsic budget 67ms
   × releases partially mutated intrinsics so a failed fresh budget can retry restoration 46ms
FAIL packages/safe-js/src/snapshot/realm-rollback-qualification.test.ts > commits provisional restoration accounting without dropping its successful charges
AssertionError: expected 3 to be 7 // Object.is equality

- Expected
+ Received

- 7
+ 3

 ❯ packages/safe-js/src/snapshot/realm-rollback-qualification.test.ts:15:34
     13|   budget.chargeDataUsage(4);
     14|   finish(true);
     15|   expect(budget.currentDataSize).toBe(7);
       |                                  ^
     16|   expect(() => budget.chargeDataUsage(4)).toThrow(expect.objectContain…
     17|   expect(() => budget.acquireCompileOwner(true).release()).not.toThrow…

FAIL packages/safe-js/src/snapshot/realm-rollback-qualification.test.ts > releases partially mutated intrinsics so a failed fresh budget can retry restoration
AssertionError: expected 4 to be +0 // Object.is equality

- Expected
+ Received

- 0
+ 4

 ❯ packages/safe-js/src/snapshot/realm-rollback-qualification.test.ts:62:41
     60|     expect(Object.getOwnPropertyDescriptors(original)).toEqual(before);
     61|     expect.soft([...budget.retainedValues()]).toEqual([]);
     62|     expect.soft(budget.currentDataSize).toBe(0);
       |                                         ^
     63|     expect.soft(() => restore(saved, { source, budget })).not.toThrow(…
     64|     expect(resolveIntrinsicIdentity(budget, '["Number","prototype"]'))…


⎯⎯⎯⎯⎯⎯⎯ Failed Tests 2 ⎯⎯⎯⎯⎯⎯⎯

 FAIL  packages/safe-js/src/snapshot/realm-rollback-qualification.test.ts > commits provisional restoration accounting without dropping its successful charges
AssertionError: expected 3 to be 7 // Object.is equality

- Expected
+ Received

- 7
+ 3

 ❯ packages/safe-js/src/snapshot/realm-rollback-qualification.test.ts:15:34
     13|   budget.chargeDataUsage(4);
     14|   finish(true);
     15|   expect(budget.currentDataSize).toBe(7);
       |                                  ^
     16|   expect(() => budget.chargeDataUsage(4)).toThrow(expect.objectContain…
     17|   expect(() => budget.acquireCompileOwner(true).release()).not.toThrow…

⎯⎯⎯⎯⎯⎯⎯⎯⎯⎯⎯⎯⎯⎯⎯⎯⎯⎯⎯⎯⎯⎯⎯⎯[1/2]⎯

 FAIL  packages/safe-js/src/snapshot/realm-rollback-qualification.test.ts > releases partially mutated intrinsics so a failed fresh budget can retry restoration
AssertionError: expected 4 to be +0 // Object.is equality

- Expected
+ Received

- 0
+ 4

 ❯ packages/safe-js/src/snapshot/realm-rollback-qualification.test.ts:62:41
     60|     expect(Object.getOwnPropertyDescriptors(original)).toEqual(before);
     61|     expect.soft([...budget.retainedValues()]).toEqual([]);
     62|     expect.soft(budget.currentDataSize).toBe(0);
       |                                         ^
     63|     expect.soft(() => restore(saved, { source, budget })).not.toThrow(…
     64|     expect(resolveIntrinsicIdentity(budget, '["Number","prototype"]'))…

⎯⎯⎯⎯⎯⎯⎯⎯⎯⎯⎯⎯⎯⎯⎯⎯⎯⎯⎯⎯⎯⎯⎯⎯[2/2]⎯


 Test Files  1 failed (1)
      Tests  2 failed | 1 passed (3)
   Start at  08:15:10
   Duration  1.82s (transform 1.28s, setup 31ms, import 1.60s, tests 117ms, environment 0ms)

