
 RUN  v4.1.11 /Users/kjopek/Workspace/poe-code

 ✓ packages/safe-js/src/snapshot/replay-transaction-qualification.test.ts (5 tests) 16ms
⎯⎯⎯⎯⎯⎯ Unhandled Errors ⎯⎯⎯⎯⎯⎯

Vitest caught 1 unhandled error during the test run.
This might cause false positive tests. Resolve unhandled errors to make sure your tests are not affected.

⎯⎯⎯⎯ Unhandled Rejection ⎯⎯⎯⎯⎯
{
  kind: 'regex',
  source: 'abc',
  flags: '',
  lastIndex: 0,
  VITEST_TEST_NAME: undefined,
  VITEST_TEST_PATH: '/Users/kjopek/Workspace/poe-code/packages/safe-js/src/snapshot/replay-transaction-qualification.test.ts',
  type: 'Unhandled Rejection',
  stacks: []
}
⎯⎯⎯⎯⎯⎯⎯⎯⎯⎯⎯⎯⎯⎯⎯⎯⎯⎯⎯⎯⎯⎯⎯⎯⎯⎯⎯⎯⎯⎯
Serialized Error: { kind: 'regex', source: 'abc', flags: '', lastIndex: +0 }
This error originated in "packages/safe-js/src/snapshot/replay-transaction-qualification.test.ts" test file. It doesn't mean the error was thrown inside the file itself, but while it was running.
⎯⎯⎯⎯⎯⎯⎯⎯⎯⎯⎯⎯⎯⎯⎯⎯⎯⎯⎯⎯⎯⎯⎯⎯⎯⎯⎯⎯⎯⎯


 Test Files  1 passed (1)
      Tests  5 passed (5)
     Errors  1 error
   Start at  08:09:36
   Duration  2.08s (transform 1.54s, setup 36ms, import 1.96s, tests 16ms, environment 0ms)

