
 RUN  v4.1.11 /Users/kjopek/Workspace/poe-code

 ❯ packages/safe-js/src/snapshot/replay-transaction-qualification.test.ts (4 tests | 1 failed) 18ms
   × returns compile charges and imported registrations when scheduling throws after capture 8ms
   ✓ restores the exact existing Promise property table after a later error (present=false) 1ms
   ✓ restores the exact existing Promise property table after a later error (present=true) 1ms
   ✓ preserves generated cyclic graph identities and leaves the source untouched 8ms
FAIL packages/safe-js/src/snapshot/replay-transaction-qualification.test.ts > returns compile charges and imported registrations when scheduling throws after capture
AssertionError: expected true to be false // Object.is equality

- Expected
+ Received

- false
+ true

 ❯ packages/safe-js/src/snapshot/replay-transaction-qualification.test.ts:29:60
     27|     expect(memo.size).toBe(0);
     28|     expect(captured).toHaveLength(1);
     29|     expect.soft(importedPromiseSnapshots.has(captured[0])).toBe(false);
       |                                                            ^
     30|     expect.soft(importedPromises.has(captured[0])).toBe(false);
     31|     expect.soft(parent.tickets.size).toBe(0);

AssertionError: expected true to be false // Object.is equality

- Expected
+ Received

- false
+ true

 ❯ packages/safe-js/src/snapshot/replay-transaction-qualification.test.ts:30:52
     28|     expect(captured).toHaveLength(1);
     29|     expect.soft(importedPromiseSnapshots.has(captured[0])).toBe(false);
     30|     expect.soft(importedPromises.has(captured[0])).toBe(false);
       |                                                    ^
     31|     expect.soft(parent.tickets.size).toBe(0);
     32|     expect.soft(budget.currentDataSize).toBe(before);

AssertionError: expected 2 to be +0 // Object.is equality

- Expected
+ Received

- 0
+ 2

 ❯ packages/safe-js/src/snapshot/replay-transaction-qualification.test.ts:31:38
     29|     expect.soft(importedPromiseSnapshots.has(captured[0])).toBe(false);
     30|     expect.soft(importedPromises.has(captured[0])).toBe(false);
     31|     expect.soft(parent.tickets.size).toBe(0);
       |                                      ^
     32|     expect.soft(budget.currentDataSize).toBe(before);
     33|   } finally { parent.dispose(); operation.release(); }

AssertionError: expected 84 to be +0 // Object.is equality

- Expected
+ Received

- 0
+ 84

 ❯ packages/safe-js/src/snapshot/replay-transaction-qualification.test.ts:32:41
     30|     expect.soft(importedPromises.has(captured[0])).toBe(false);
     31|     expect.soft(parent.tickets.size).toBe(0);
     32|     expect.soft(budget.currentDataSize).toBe(before);
       |                                         ^
     33|   } finally { parent.dispose(); operation.release(); }
     34| });


⎯⎯⎯⎯⎯⎯⎯ Failed Tests 1 ⎯⎯⎯⎯⎯⎯⎯

 FAIL  packages/safe-js/src/snapshot/replay-transaction-qualification.test.ts > returns compile charges and imported registrations when scheduling throws after capture
AssertionError: expected true to be false // Object.is equality

- Expected
+ Received

- false
+ true

 ❯ packages/safe-js/src/snapshot/replay-transaction-qualification.test.ts:29:60
     27|     expect(memo.size).toBe(0);
     28|     expect(captured).toHaveLength(1);
     29|     expect.soft(importedPromiseSnapshots.has(captured[0])).toBe(false);
       |                                                            ^
     30|     expect.soft(importedPromises.has(captured[0])).toBe(false);
     31|     expect.soft(parent.tickets.size).toBe(0);

⎯⎯⎯⎯⎯⎯⎯⎯⎯⎯⎯⎯⎯⎯⎯⎯⎯⎯⎯⎯⎯⎯⎯⎯[1/4]⎯

 FAIL  packages/safe-js/src/snapshot/replay-transaction-qualification.test.ts > returns compile charges and imported registrations when scheduling throws after capture
AssertionError: expected true to be false // Object.is equality

- Expected
+ Received

- false
+ true

 ❯ packages/safe-js/src/snapshot/replay-transaction-qualification.test.ts:30:52
     28|     expect(captured).toHaveLength(1);
     29|     expect.soft(importedPromiseSnapshots.has(captured[0])).toBe(false);
     30|     expect.soft(importedPromises.has(captured[0])).toBe(false);
       |                                                    ^
     31|     expect.soft(parent.tickets.size).toBe(0);
     32|     expect.soft(budget.currentDataSize).toBe(before);

⎯⎯⎯⎯⎯⎯⎯⎯⎯⎯⎯⎯⎯⎯⎯⎯⎯⎯⎯⎯⎯⎯⎯⎯[2/4]⎯

 FAIL  packages/safe-js/src/snapshot/replay-transaction-qualification.test.ts > returns compile charges and imported registrations when scheduling throws after capture
AssertionError: expected 2 to be +0 // Object.is equality

- Expected
+ Received

- 0
+ 2

 ❯ packages/safe-js/src/snapshot/replay-transaction-qualification.test.ts:31:38
     29|     expect.soft(importedPromiseSnapshots.has(captured[0])).toBe(false);
     30|     expect.soft(importedPromises.has(captured[0])).toBe(false);
     31|     expect.soft(parent.tickets.size).toBe(0);
       |                                      ^
     32|     expect.soft(budget.currentDataSize).toBe(before);
     33|   } finally { parent.dispose(); operation.release(); }

⎯⎯⎯⎯⎯⎯⎯⎯⎯⎯⎯⎯⎯⎯⎯⎯⎯⎯⎯⎯⎯⎯⎯⎯[3/4]⎯

 FAIL  packages/safe-js/src/snapshot/replay-transaction-qualification.test.ts > returns compile charges and imported registrations when scheduling throws after capture
AssertionError: expected 84 to be +0 // Object.is equality

- Expected
+ Received

- 0
+ 84

 ❯ packages/safe-js/src/snapshot/replay-transaction-qualification.test.ts:32:41
     30|     expect.soft(importedPromises.has(captured[0])).toBe(false);
     31|     expect.soft(parent.tickets.size).toBe(0);
     32|     expect.soft(budget.currentDataSize).toBe(before);
       |                                         ^
     33|   } finally { parent.dispose(); operation.release(); }
     34| });

⎯⎯⎯⎯⎯⎯⎯⎯⎯⎯⎯⎯⎯⎯⎯⎯⎯⎯⎯⎯⎯⎯⎯⎯[4/4]⎯


 Test Files  1 failed (1)
      Tests  1 failed | 3 passed (4)
   Start at  08:05:36
   Duration  1.83s (transform 1.35s, setup 35ms, import 1.70s, tests 18ms, environment 0ms)

