
 RUN  v4.1.11 /Users/kjopek/Workspace/poe-code

 ❯ packages/safe-js/test/async-generator-return-order.test.ts (6 tests | 1 failed) 319ms
   ✓ reads a queued return thenable between the first and second Promise reactions 100ms
   ✓ awaits a body return value exactly once 39ms
   ✓ awaits a suspended return value exactly once 43ms
   ✓ awaits a start return value exactly once 30ms
   ✓ awaits a done return value exactly once 34ms
   × awaits delegated return again when the delegate has no return method 71ms
FAIL packages/safe-js/test/async-generator-return-order.test.ts > awaits delegated return again when the delegate has no return method
AssertionError: expected { ok: true, …(3) } to match object { ok: true, …(1) }
(12 matching properties omitted from actual)

- Expected
+ Received

@@ -4,9 +4,8 @@
      "start",
      "tick 1",
      "get then",
      "tick 2",
      "get return",
-     "get then",
      "tick 3",
    ],
  }

 ❯ packages/safe-js/test/async-generator-return-order.test.ts:47:29
     45|   const AsyncFunction=Object.getPrototypeOf(async()=>undefined).constr…
     46|   expect(await new AsyncFunction(source)()).toEqual(expected);
     47|   expect(await run(source)).toMatchObject({ok:true,returnValue:expecte…
       |                             ^
     48| });
     49|


⎯⎯⎯⎯⎯⎯⎯ Failed Tests 1 ⎯⎯⎯⎯⎯⎯⎯

 FAIL  packages/safe-js/test/async-generator-return-order.test.ts > awaits delegated return again when the delegate has no return method
AssertionError: expected { ok: true, …(3) } to match object { ok: true, …(1) }
(12 matching properties omitted from actual)

- Expected
+ Received

@@ -4,9 +4,8 @@
      "start",
      "tick 1",
      "get then",
      "tick 2",
      "get return",
-     "get then",
      "tick 3",
    ],
  }

 ❯ packages/safe-js/test/async-generator-return-order.test.ts:47:29
     45|   const AsyncFunction=Object.getPrototypeOf(async()=>undefined).constr…
     46|   expect(await new AsyncFunction(source)()).toEqual(expected);
     47|   expect(await run(source)).toMatchObject({ok:true,returnValue:expecte…
       |                             ^
     48| });
     49|

⎯⎯⎯⎯⎯⎯⎯⎯⎯⎯⎯⎯⎯⎯⎯⎯⎯⎯⎯⎯⎯⎯⎯⎯[1/1]⎯


 Test Files  1 failed (1)
      Tests  1 failed | 5 passed (6)
   Start at  04:42:32
   Duration  3.52s (transform 2.35s, setup 61ms, import 3.00s, tests 319ms, environment 0ms)
