
 RUN  v4.1.11 /Users/kjopek/Workspace/poe-code

 ❯ packages/safe-js/test/promise-finally-handler-metadata.test.ts (2 tests | 1 failed) 134ms
   × exposes length-one, anonymous, nonconstructible finally handlers 101ms
   ✓ passes noncallable handlers through unchanged 32ms
FAIL packages/safe-js/test/promise-finally-handler-metadata.test.ts > exposes length-one, anonymous, nonconstructible finally handlers
AssertionError: expected { ok: true, …(3) } to match object { ok: true, …(1) }
(12 matching properties omitted from actual)

- Expected
+ Received

@@ -1,10 +1,10 @@
  {
    "ok": true,
    "returnValue": [
-     1,
-     1,
+     0,
+     0,
      "",
      "",
      true,
      true,
    ],

 ❯ packages/safe-js/test/promise-finally-handler-metadata.test.ts:13:29
     11|   const AsyncFunction=Object.getPrototypeOf(async()=>undefined).constr…
     12|   expect(await new AsyncFunction(source)()).toEqual([1,1,'','',true,tr…
     13|   expect(await run(source)).toMatchObject({ok:true,returnValue:[1,1,''…
       |                             ^
     14| });
     15|


⎯⎯⎯⎯⎯⎯⎯ Failed Tests 1 ⎯⎯⎯⎯⎯⎯⎯

 FAIL  packages/safe-js/test/promise-finally-handler-metadata.test.ts > exposes length-one, anonymous, nonconstructible finally handlers
AssertionError: expected { ok: true, …(3) } to match object { ok: true, …(1) }
(12 matching properties omitted from actual)

- Expected
+ Received

@@ -1,10 +1,10 @@
  {
    "ok": true,
    "returnValue": [
-     1,
-     1,
+     0,
+     0,
      "",
      "",
      true,
      true,
    ],

 ❯ packages/safe-js/test/promise-finally-handler-metadata.test.ts:13:29
     11|   const AsyncFunction=Object.getPrototypeOf(async()=>undefined).constr…
     12|   expect(await new AsyncFunction(source)()).toEqual([1,1,'','',true,tr…
     13|   expect(await run(source)).toMatchObject({ok:true,returnValue:[1,1,''…
       |                             ^
     14| });
     15|

⎯⎯⎯⎯⎯⎯⎯⎯⎯⎯⎯⎯⎯⎯⎯⎯⎯⎯⎯⎯⎯⎯⎯⎯[1/1]⎯


 Test Files  1 failed (1)
      Tests  1 failed | 1 passed (2)
   Start at  04:42:58
   Duration  2.64s (transform 1.86s, setup 56ms, import 2.34s, tests 134ms, environment 0ms)
