
 RUN  v4.1.11 /Users/kjopek/Workspace/poe-code

 ✓ packages/safe-js/src/snapshot/async-function-continuations.test.ts (29 tests) 4000ms
 ✓ packages/safe-js/test/async-job-order-qualification.test.ts (13 tests) 3028ms
     ✓ 'resolution is locked before a reentra…': native, original, pending restore and completed replay  373ms
     ✓ 'delegated generator return performs i…': native, original, pending restore and completed replay  330ms
 ✓ packages/safe-js/src/snapshot/thenable-continuations.test.ts (10 tests) 1667ms
   ✓ saves and resumes a live run around thenable scheduling  404ms
 ✓ packages/safe-js/src/snapshot/pending-promise-continuations.test.ts (16 tests) 2420ms
   ✓ restores a pending promise continuation: const {promise,resolve}=Promise.withResolvers();return async()=>{resolve(7);return await promise}  396ms
 ✓ packages/safe-js/src/snapshot/async-generator-validation.test.ts (13 tests) 996ms
 ✓ packages/safe-js/src/interp/globals/promise-with-resolvers.test.ts (15 tests) 785ms
 ✓ packages/safe-js/test/async-delegated-return-restore.test.ts (3 tests) 720ms
   ✓ restores a pending absent-delegate-return Await without repeating its getter  447ms
 ✓ packages/safe-js/src/interp/globals/promise-try.test.ts (16 tests) 1069ms
   ✓ replays Promise.try across pending checkpoints  301ms
 ✓ packages/safe-js/test/async-generator-return-order.test.ts (6 tests) 463ms
 ✓ packages/safe-js/test/async-lifecycle-qualification.test.ts (5 tests) 302ms
 ✓ packages/safe-js/test/async-rejection-policy-qualification.test.ts (4 tests) 137ms
 ✓ packages/safe-js/test/promise-finally-handler-metadata.test.ts (2 tests) 155ms

 Test Files  12 passed (12)
      Tests  132 passed (132)
   Start at  04:48:48
   Duration  17.56s (transform 6.73s, setup 373ms, import 16.86s, tests 15.74s, environment 1ms)
