
 RUN  v4.1.11 /Users/kjopek/Workspace/poe-code

 ❯ packages/safe-js/test/async-generator-return-order.test.ts (5 tests | 3 failed) 261ms
   × reads a queued return thenable between the first and second Promise reactions 89ms
   × awaits a body return value exactly once 43ms
   × awaits a suspended return value exactly once 41ms
   ✓ awaits a start return value exactly once 39ms
   ✓ awaits a done return value exactly once 47ms
FAIL packages/safe-js/test/async-generator-return-order.test.ts > reads a queued return thenable between the first and second Promise reactions
AssertionError: expected { ok: true, …(3) } to match object { ok: true, …(1) }
(12 matching properties omitted from actual)

- Expected
+ Received

@@ -3,7 +3,8 @@
    "returnValue": [
      "start",
      "tick 1",
      "get then",
      "tick 2",
+     "get then",
    ],
  }

 ❯ packages/safe-js/test/async-generator-return-order.test.ts:16:29
     14|   const AsyncFunction = Object.getPrototypeOf(async () => undefined).c…
     15|   expect(await new AsyncFunction(source)()).toEqual(expected);
     16|   expect(await run(source)).toMatchObject({ok:true,returnValue:expecte…
       |                             ^
     17| });
     18|

FAIL packages/safe-js/test/async-generator-return-order.test.ts > awaits a body return value exactly once
AssertionError: expected { ok: true, …(3) } to match object { ok: true, …(1) }
(12 matching properties omitted from actual)

- Expected
+ Received

  {
    "ok": true,
    "returnValue": [
-     1,
+     2,
      true,
      true,
    ],
  }

 ❯ packages/safe-js/test/async-generator-return-order.test.ts:29:29
     27|   const AsyncFunction = Object.getPrototypeOf(async () => undefined).c…
     28|   expect(await new AsyncFunction(source)()).toEqual([1,true,true]);
     29|   expect(await run(source)).toMatchObject({ok:true,returnValue:[1,true…
       |                             ^
     30| });
     31|

FAIL packages/safe-js/test/async-generator-return-order.test.ts > awaits a suspended return value exactly once
AssertionError: expected { ok: true, …(3) } to match object { ok: true, …(1) }
(12 matching properties omitted from actual)

- Expected
+ Received

  {
    "ok": true,
    "returnValue": [
-     1,
+     2,
      true,
      true,
    ],
  }

 ❯ packages/safe-js/test/async-generator-return-order.test.ts:29:29
     27|   const AsyncFunction = Object.getPrototypeOf(async () => undefined).c…
     28|   expect(await new AsyncFunction(source)()).toEqual([1,true,true]);
     29|   expect(await run(source)).toMatchObject({ok:true,returnValue:[1,true…
       |                             ^
     30| });
     31|


⎯⎯⎯⎯⎯⎯⎯ Failed Tests 3 ⎯⎯⎯⎯⎯⎯⎯

 FAIL  packages/safe-js/test/async-generator-return-order.test.ts > reads a queued return thenable between the first and second Promise reactions
AssertionError: expected { ok: true, …(3) } to match object { ok: true, …(1) }
(12 matching properties omitted from actual)

- Expected
+ Received

@@ -3,7 +3,8 @@
    "returnValue": [
      "start",
      "tick 1",
      "get then",
      "tick 2",
+     "get then",
    ],
  }

 ❯ packages/safe-js/test/async-generator-return-order.test.ts:16:29
     14|   const AsyncFunction = Object.getPrototypeOf(async () => undefined).c…
     15|   expect(await new AsyncFunction(source)()).toEqual(expected);
     16|   expect(await run(source)).toMatchObject({ok:true,returnValue:expecte…
       |                             ^
     17| });
     18|

⎯⎯⎯⎯⎯⎯⎯⎯⎯⎯⎯⎯⎯⎯⎯⎯⎯⎯⎯⎯⎯⎯⎯⎯[1/3]⎯

 FAIL  packages/safe-js/test/async-generator-return-order.test.ts > awaits a body return value exactly once
 FAIL  packages/safe-js/test/async-generator-return-order.test.ts > awaits a suspended return value exactly once
AssertionError: expected { ok: true, …(3) } to match object { ok: true, …(1) }
(12 matching properties omitted from actual)

- Expected
+ Received

  {
    "ok": true,
    "returnValue": [
-     1,
+     2,
      true,
      true,
    ],
  }

 ❯ packages/safe-js/test/async-generator-return-order.test.ts:29:29
     27|   const AsyncFunction = Object.getPrototypeOf(async () => undefined).c…
     28|   expect(await new AsyncFunction(source)()).toEqual([1,true,true]);
     29|   expect(await run(source)).toMatchObject({ok:true,returnValue:[1,true…
       |                             ^
     30| });
     31|

⎯⎯⎯⎯⎯⎯⎯⎯⎯⎯⎯⎯⎯⎯⎯⎯⎯⎯⎯⎯⎯⎯⎯⎯[2/3]⎯


 Test Files  1 failed (1)
      Tests  3 failed | 2 passed (5)
   Start at  04:40:26
   Duration  2.41s (transform 1.60s, setup 37ms, import 2.00s, tests 261ms, environment 0ms)
