
 RUN  v4.1.11 /Users/kjopek/Workspace/poe-code

 ❯ packages/safe-js/test/async-generator-return-order.test.ts (1 test | 1 failed) 113ms
   × reads a queued return thenable between the first and second Promise reactions 112ms
FAIL packages/safe-js/test/async-generator-return-order.test.ts > reads a queued return thenable between the first and second Promise reactions
AssertionError: expected { ok: true, …(3) } to match object { ok: true, …(1) }
(12 matching properties omitted from actual)

- Expected
+ Received

@@ -3,7 +3,8 @@
    "returnValue": [
      "start",
      "tick 1",
      "get then",
      "tick 2",
+     "get then",
    ],
  }

 ❯ packages/safe-js/test/async-generator-return-order.test.ts:16:29
     14|   const AsyncFunction = Object.getPrototypeOf(async () => undefined).c…
     15|   expect(await new AsyncFunction(source)()).toEqual(expected);
     16|   expect(await run(source)).toMatchObject({ok:true,returnValue:expecte…
       |                             ^
     17| });
     18|


⎯⎯⎯⎯⎯⎯⎯ Failed Tests 1 ⎯⎯⎯⎯⎯⎯⎯

 FAIL  packages/safe-js/test/async-generator-return-order.test.ts > reads a queued return thenable between the first and second Promise reactions
AssertionError: expected { ok: true, …(3) } to match object { ok: true, …(1) }
(12 matching properties omitted from actual)

- Expected
+ Received

@@ -3,7 +3,8 @@
    "returnValue": [
      "start",
      "tick 1",
      "get then",
      "tick 2",
+     "get then",
    ],
  }

 ❯ packages/safe-js/test/async-generator-return-order.test.ts:16:29
     14|   const AsyncFunction = Object.getPrototypeOf(async () => undefined).c…
     15|   expect(await new AsyncFunction(source)()).toEqual(expected);
     16|   expect(await run(source)).toMatchObject({ok:true,returnValue:expecte…
       |                             ^
     17| });
     18|

⎯⎯⎯⎯⎯⎯⎯⎯⎯⎯⎯⎯⎯⎯⎯⎯⎯⎯⎯⎯⎯⎯⎯⎯[1/1]⎯


 Test Files  1 failed (1)
      Tests  1 failed (1)
   Start at  04:39:58
   Duration  3.63s (transform 2.59s, setup 53ms, import 3.34s, tests 113ms, environment 0ms)
