
 RUN  v4.1.11 /Users/kjopek/Workspace/poe-code

(node:36146) Warning: The 'NO_COLOR' env is ignored due to the 'FORCE_COLOR' env being set.
(Use `node --trace-warnings ...` to show where the warning was created)
 ❯ packages/safe-js/src/interp/interpreter.test.ts (477 tests | 1 failed) 1543ms
       ✓ restores a counter loop without repeated or skipped iterations 21ms
       ✓ restores for...of at the current array element 6ms
       ✓ restores a while loop before the captured body 6ms
       ✓ restores a do...while loop before the captured body 4ms
       ✓ restores for...in at the current key 5ms
       ✓ restores for...in from its original key list after deletion 4ms
       ✓ restores for...of over a Map 8ms
       ✓ restores for...of over a Set 7ms
       ✓ restores the inner cursor of nested for...of loops 5ms
       ✓ restores a generic iterable cursor by consumed position 2ms
       ✓ advances a generic iterable cursor after continue 4ms
       ✓ restores for...of over a sandbox generator 5ms
       ✓ still halts an infinite loop under a small node budget 1ms
       ✓ constructs user functions with a fresh this object 1ms
       ✓ supports member callees and object return overrides 2ms
       ✓ ignores primitive constructor returns 2ms
       ✓ creates a fresh this object for every construction and supports spread arguments 2ms
       ✓ rejects arrow constructors 1ms
       ✓ rejects async function constructors 1ms
       ✓ rejects non-function constructors 0ms
       ✓ rejects object method shorthand constructors 1ms
       ✓ rejects builtin method constructors 0ms
       ✓ uses a computed member name in constructor errors 1ms
       ✓ preserves guest constructor prototypes and instanceof identity 1ms
     ✓ evaluates primitive literals and returns stats plus a snapshot 0ms
     ✓ looks up identifiers from the current scope 0ms
     ✓ reports missing identifiers without throwing 0ms
     ✓ evaluates binary expression 1 + 2 0ms
     ✓ evaluates binary expression 5 - 3 0ms
     ✓ evaluates binary expression 4 * 6 0ms
     ✓ evaluates binary expression 10 / 4 0ms
     ✓ evaluates binary expression 10 % 3 0ms
     ✓ evaluates binary expression 2 ** 10 0ms
     ✓ evaluates binary expression "a" + "b" 0ms
     ✓ evaluates binary expression "v" + 1 0ms
     ✓ evaluates binary expression 1 + "v" 0ms
     ✓ evaluates binary expression 2 < 3 0ms
     ✓ evaluates binary expression 3 < 2 0ms
     ✓ evaluates binary expression 3 < 3 0ms
     ✓ evaluates binary expression 2 <= 2 0ms
     ✓ evaluates binary expression 3 <= 2 0ms
     ✓ evaluates binary expression 3 > 2 0ms
     ✓ evaluates binary expression 2 > 3 0ms
     ✓ evaluates binary expression 3 >= 3 0ms
     ✓ evaluates binary expression 2 >= 3 0ms
     ✓ evaluates binary expression 1 === 1 0ms
     ✓ evaluates binary expression 1 === "1" 0ms
     ✓ evaluates binary expression 1 !== 2 0ms
     ✓ evaluates binary expression 1 !== 1 0ms
     ✓ evaluates binary expression 1 == 1 0ms
     ✓ evaluates binary expression 1 == "1" 0ms
     ✓ evaluates binary expression 1 != 2 0ms
     ✓ evaluates binary expression 1 != 1 0ms
     ✓ evaluates binary expression 5 & 3 0ms
     ✓ evaluates binary expression 5 | 3 0ms
     ✓ evaluates binary expression 5 ^ 3 0ms
     ✓ evaluates binary expression 1 << 3 0ms
     ✓ evaluates binary expression 16 >> 2 0ms
     ✓ evaluates binary expression -1 >>> 28 0ms
     ✓ evaluates binary expression null + 1 0ms
     ✓ evaluates coercion edge 1 === "1" 0ms
     ✓ evaluates coercion edge null == undefined 0ms
     ✓ evaluates coercion edge null === undefined 0ms
     ✓ evaluates coercion edge 0 == -0 0ms
     ✓ evaluates coercion edge 0 === -0 0ms
     ✓ evaluates coercion edge [] == false 0ms
     ✓ evaluates coercion edge [] === false 0ms
     ✓ evaluates coercion edge return ({} == {}) 0ms
     ✓ evaluates coercion edge "10" < "9" 0ms
     ✓ evaluates coercion edge 10 < 9 0ms
     ✓ evaluates coercion edge null > 0 0ms
     ✓ evaluates coercion edge null >= 0 0ms
     ✓ evaluates coercion edge undefined < 0 0ms
     ✓ evaluates coercion edge undefined > 0 0ms
     ✓ evaluates coercion edge undefined == 0 0ms
     ✓ evaluates coercion edge +"" 0ms
     ✓ evaluates coercion edge +"  " 0ms
     ✓ evaluates coercion edge +null 0ms
     ✓ evaluates coercion edge +true 0ms
     ✓ evaluates coercion edge +false 0ms
     ✓ evaluates coercion edge +[] 0ms
     ✓ evaluates coercion edge +[1] 0ms
     ✓ evaluates coercion edge [] + [] 0ms
     ✓ evaluates coercion edge return ([] + {}) 0ms
     ✓ evaluates coercion edge "5" - 2 0ms
     ✓ evaluates coercion edge "5" + 2 0ms
     ✓ evaluates coercion edge 1 / 0 0ms
     ✓ evaluates coercion edge -1 / 0 0ms
     ✓ evaluates coercion edge 0xFFFFFFFF | 0 0ms
     ✓ evaluates +"abc" as NaN 0ms
     ✓ evaluates -"abc" as NaN 0ms
     ✓ evaluates +undefined as NaN 0ms
     ✓ evaluates +[1, 2] as NaN 0ms
     ✓ evaluates 0 / 0 as NaN 0ms
     ✓ evaluates Infinity - Infinity as NaN 0ms
     ✓ evaluates NaN == NaN with global NaN 0ms
     ✓ evaluates NaN === NaN with global NaN 0ms
     ✓ preserves signed zero when calling Object.is-compatible sandbox closures 1ms
     ✓ evaluates precedence-sensitive expression edges 0ms
     ✓ evaluates undefined plus a number as NaN 0ms
     ✓ evaluates object spread literal { ...{} } 2ms
     ✓ evaluates object spread literal { ...{ a: 1 } } 0ms
     ✓ evaluates object spread literal { ...{ a: 1 }, b: 2 } 0ms
     ✓ evaluates object spread literal { a: 1, ...{ a: 2 } } 0ms
     ✓ evaluates object spread literal { ...{ a: 2 }, a: 1 } 0ms
     ✓ evaluates object spread literal { ...{ a: 1 }, ...{ a: 2 } } 1ms
     ✓ spreads array own enumerable indexes in object literals 1ms
     ✓ spreads only an object's own enumerable keys 0ms
     ✓ evaluates null object spread literal using Object.assign semantics 0ms
     ✓ evaluates undefined object spread literal using Object.assign semantics 0ms
     ✓ evaluates number object spread literal using Object.assign semantics 0ms
     ✓ evaluates string object spread literal using Object.assign semantics 0ms
     ✓ charges arrayLength budget for object spread properties 5ms
     ✓ spreads call arguments in place of positional arguments 1ms
     ✓ spreads array literals from iterable values 0ms
     ✓ clones array spread results without aliasing the source array 1ms
     ✓ rejects null array spread 0ms
     ✓ charges arrayLength budget while spreading array literals from iterables 0ms
     ✓ spreads call arguments by iteration without reading non-index getters 0ms
     ✓ preserves call argument order when positional and spread arguments are mixed 1ms
     ✓ spreads empty call argument arrays like no arguments 0ms
     ✓ rejects object spread in call arguments 0ms
     ✓ rejects number spread in call arguments 1ms
     ✓ rejects boolean spread in call arguments 0ms
     ✓ rejects null spread in call arguments 0ms
     ✓ rejects undefined spread in call arguments 0ms
     ✓ aggregates spread call arguments into receiving arrow rest parameters 0ms
     ✓ collects remaining arguments in arrow rest parameters 0ms
     ✓ collects zero remaining arguments in arrow rest parameters 0ms
     ✓ charges arrayLength budget for spread call arguments 12ms
     ✓ spreads large arrays into push without leaking the host argument limit  354ms
     ✓ assigns a new value to a let binding 1ms
     ✓ evaluates assignment expressions to the assigned value 0ms
     ✓ defines dangerous array properties without changing the array prototype 1ms
     ✓ preserves array index and length assignment semantics 1ms
     ✓ round-trips non-index array properties 1ms
     ✓ evaluates compound assignment += 1ms
     ✓ evaluates compound assignment -= 0ms
     ✓ evaluates compound assignment *= 0ms
     ✓ evaluates compound assignment /= 0ms
     ✓ evaluates compound assignment %= 0ms
     ✓ evaluates compound assignment **= 0ms
     ✓ evaluates compound assignment &= 0ms
     ✓ evaluates compound assignment |= 0ms
     ✓ evaluates compound assignment ^= 0ms
     ✓ evaluates compound assignment <<= 0ms
     ✓ evaluates compound assignment >>= 0ms
     ✓ evaluates compound assignment >>>= 0ms
     ✓ concatenates strings for += when either operand is a string 0ms
     ✓ evaluates logical compound assignment let x = null; x ??= 5 0ms
     ✓ evaluates logical compound assignment let x = 0; x ??= 5 0ms
     ✓ evaluates logical compound assignment let x = 0; x ||= 5 0ms
     ✓ evaluates logical compound assignment let x = 1; x &&= 5 0ms
     ✓ short-circuits logical compound assignment let x = 1; x ||= throwing() 0ms
     ✓ short-circuits logical compound assignment let x = 0; x &&= throwing() 0ms
     ✓ rejects assignment to a const binding with a clear sandbox error 1ms
     ✓ reports member assignment to an undeclared base as unbound for obj.x = 1 0ms
     ✓ reports member assignment to an undeclared base as unbound for arr[0] = 1 0ms
     ✓ reports compound assignment to an undeclared identifier as unbound 0ms
     ✓ evaluates destructuring variable declaration with object shorthand 1ms
     ✓ evaluates destructuring variable declaration with object rename 0ms
     ✓ evaluates destructuring variable declaration with object default missing 1ms
     ✓ evaluates destructuring variable declaration with object default undefined 0ms
     ✓ evaluates destructuring variable declaration with object default null 0ms
     ✓ evaluates destructuring variable declaration with object rest 0ms
     ✓ evaluates destructuring variable declaration with array elements 0ms
     ✓ evaluates destructuring variable declaration with array hole 0ms
     ✓ evaluates destructuring variable declaration with array rest 0ms
     ✓ evaluates destructuring variable declaration with array rest empty 0ms
     ✓ evaluates destructuring variable declaration with array default missing 0ms
     ✓ evaluates destructuring variable declaration with array default undefined 0ms
     ✓ evaluates destructuring variable declaration with array default null 0ms
     ✓ evaluates destructuring variable declaration with string iterable array pattern 0ms
     ✓ evaluates destructuring variable declaration with object rest empty 0ms
     ✓ evaluates destructuring variable declaration with default referencing prior binding 0ms
     ✓ evaluates destructuring variable declaration with let object pattern 0ms
     ✓ evaluates destructuring variable declaration with nested object pattern 0ms
     ✓ throws a TypeError-shaped sandbox error for object destructuring from null 0ms
     ✓ throws a TypeError-shaped sandbox error for object destructuring from undefined 0ms
     ✓ throws a TypeError-shaped sandbox error for nested object destructuring from null 0ms
     ✓ throws a TypeError-shaped sandbox error for array destructuring from null 0ms
     ✓ destructures caller-provided native iterables 0ms
     ✓ evaluates destructuring declaration initializers once 0ms
     ✓ evaluates destructuring declaration defaults only for undefined values 1ms
     ✓ evaluates literal-only template 0ms
     ✓ evaluates one interpolation 0ms
     ✓ evaluates multiple interpolations 0ms
     ✓ evaluates number coercion 0ms
     ✓ evaluates true coercion 0ms
     ✓ evaluates false coercion 0ms
     ✓ evaluates null coercion 0ms
     ✓ evaluates undefined coercion 0ms
     ✓ evaluates string passthrough 0ms
     ✓ evaluates nested template 0ms
     ✓ evaluates empty interpolation 0ms
     ✓ propagates throws from template literal interpolations 0ms
     ✓ throws a sandbox error when template literal concatenation exceeds the allocation budget 0ms
     ✓ evaluates String.raw tagged templates with raw quasis 2ms
     ✓ evaluates String.raw tagged templates with substitutions 2ms
     ✓ evaluates String.raw tagged templates with malformed raw escapes 2ms
     ✓ calls tagged template functions with cooked strings and interpolation values 0ms
     ✓ exposes strings.raw as a different array that survives the tag call 1ms
     ✓ throws clearly when a tagged template tag is undefined 0ms
     ✓ propagates throws from tagged template tag bodies as thrown completions 1ms
     ✓ does not call tagged template tags when an interpolation throws 1ms
     ✓ evaluates nested tagged templates inside interpolations 1ms
     ✓ honors stringLength budget for tagged template quasis 0ms
     ✓ evaluates logical expression true && true 0ms
     ✓ evaluates logical expression true && false 0ms
     ✓ evaluates logical expression false || true 0ms
     ✓ evaluates logical expression null ?? "fallback" 0ms
     ✓ evaluates logical expression undefined ?? "fallback" 0ms
     ✓ evaluates logical expression 0 ?? "fallback" 0ms
     ✓ evaluates logical expression "" ?? "fallback" 0ms
     ✓ evaluates logical expression 0 && 1 0ms
     ✓ evaluates logical expression "x" || 1 0ms
     ✓ evaluates logical expression null ?? 0 ?? 1 0ms
     ✓ short-circuits logical expression false && throwing() 0ms
     ✓ short-circuits logical expression true || throwing() 0ms
     ✓ short-circuits logical expression true || throwing() || throwing() 0ms
     ✓ evaluates conditional expression true ? 1 : 2 0ms
     ✓ evaluates conditional expression false ? 1 : 2 0ms
     ✓ evaluates conditional expression 0 ? "a" : "b" 0ms
     ✓ evaluates conditional expression "" ? "a" : "b" 0ms
     ✓ evaluates conditional expression null ? "a" : "b" 0ms
     ✓ evaluates conditional expression [] ? "a" : "b" 0ms
     ✓ does not evaluate untaken conditional expression branch true ? 1 : throwing() 0ms
     ✓ does not evaluate untaken conditional expression branch false ? throwing() : 2 0ms
     ✓ evaluates nested conditional expressions 0ms
     ✓ evaluates nested conditional expressions 0ms
     ✓ evaluates nested conditional expressions 0ms
     ✓ evaluates nested conditional expressions 0ms
     ✓ propagates throws from the chosen conditional expression branch 0ms
     ✓ throws a sandbox error when binary string concatenation exceeds the allocation budget 0ms
     ✓ evaluates unary operators used by numeric expressions 1ms
     ✓ uses valueOf before toString for unary numeric coercion 1ms
     ✓ evaluates typeof for undeclared identifiers without resolving them 0ms
     ✓ keeps normal identifier resolution semantics for other typeof operands 0ms
     ✓ unwraps return statements by evaluating their argument 0ms
     ✓ returns success without a returnValue for bare return statements 0ms
     ✓ layers provided bindings on top of the parent scope 0ms
     ✓ walks block statements until a nested return completes evaluation 0ms
     ✓ throws a sandbox error when the step budget is exceeded 0ms
     ✓ throws a sandbox error when a string literal exceeds the allocation budget 0ms
     ✓ evaluates console and JSON globals through member calls 2ms
     × evaluates regex literal separators for intercepted string methods 7ms
     ✓ rejects unbranded host regex values passed through bindings 2ms
     ✓ evaluates intercepted array members and methods through member expressions 1ms
     ✓ evaluates intercepted number methods through member expressions 0ms
     ✓ evaluates Number edge expression return (1).toString() 0ms
     ✓ evaluates Number edge expression return (255).toString(16) 0ms
     ✓ evaluates Number edge expression return (8).toString(2) 0ms
     ✓ evaluates Number edge expression return (0.1).toString() 0ms
     ✓ evaluates Number edge expression return (1).toString(36) 0ms
     ✓ evaluates Number edge expression return (-0).toString() 0ms
     ✓ evaluates Number edge expression return Infinity.toString() 0ms
     ✓ evaluates Number edge expression return (-Infinity).toString() 0ms
     ✓ evaluates Number edge expression return NaN.toString() 0ms
     ✓ evaluates Number edge expression return (1.005).toFixed(2) 0ms
     ✓ evaluates Number edge expression return (1).toFixed(100) 0ms
     ✓ evaluates Number edge expression return (1).toPrecision() 0ms
     ✓ evaluates Number edge expression return (1234.5).toPrecision(3) 0ms
     ✓ evaluates Number edge expression return (1e21).toString() 0ms
     ✓ evaluates Number edge expression return (0.0000001).toString() 0ms
     ✓ evaluates Number edge expression return (1).toExponential(2) 0ms
     ✓ throws RangeError for Number edge expression return (1).toString(0) 0ms
     ✓ throws RangeError for Number edge expression return (1).toString(1) 0ms
     ✓ throws RangeError for Number edge expression return (1).toString(37) 0ms
     ✓ evaluates optional member access for null object 0ms
     ✓ evaluates optional member access for undefined object 0ms
     ✓ evaluates optional member access for defined object 0ms
     ✓ evaluates optional member access for first nullish chain segment 0ms
     ✓ evaluates optional member access for undefined existing property 0ms
     ✓ evaluates computed optional member access for null array 0ms
     ✓ evaluates computed optional member access for undefined array 0ms
     ✓ evaluates computed optional member access for defined array 0ms
     ✓ evaluates computed optional member access for out-of-bounds array index 0ms
     ✓ does not evaluate computed optional member keys when the object is nullish 0ms
     ✓ short-circuits chained computed optional member access at the first nullish segment 0ms
     ✓ does not short-circuit computed optional member access for non-nullish falsy values 0ms
     ✓ evaluates optional calls for undefined function 0ms
     ✓ evaluates optional calls for null function 0ms
     ✓ evaluates optional calls for defined function 0ms
     ✓ evaluates optional calls for falsy number member 0ms
     ✓ evaluates optional calls for undefined method 0ms
     ✓ evaluates recursive arrow calls 1ms
     ✓ evaluates anonymous function expressions 1ms
     ✓ binds a named function expression only inside its body 1ms
     ✓ keeps a named function expression binding separate from an outer binding 2ms
     ✓ allows parameters to shadow a named function expression binding 0ms
     ✓ evaluates async anonymous function expressions 3ms
     ✓ evaluates object method shorthand closures 3ms
     ✓ evaluates computed and keyword-named shorthand methods 1ms
       ✓ returns undefined at module top level and in bare function calls 0ms
       ✓ binds member-call receivers for declarations, expressions, and shorthand methods 1ms
       ✓ captures this lexically in arrows without rebinding it 1ms
       ✓ uses undefined for detached and nested bare function calls 1ms
       ✓ preserves the receiver for optional calls and evaluates member access once 1ms
       ✓ short-circuits optional member calls without evaluating properties or arguments 0ms
       ✓ evaluates the receiver once and preserves it through parenthesized member calls 1ms
       ✓ binds this for async function forms 1ms
       ✓ supports this in assignment, compound assignment, and delete targets 2ms
       ✓ passes undefined this to array-method callbacks 1ms
       ✓ rejects declarations named this 1ms
       ✓ rejects assignment to this as an invalid assignment target 0ms
     ✓ prevents assignment to a named function expression binding 0ms
     ✓ evaluates mutually recursive arrows assigned through let declarations 2ms
     ✓ reports a clear budget cause for self-recursive arrows that exceed maxCallDepth 0ms
     ✓ does not expose host prototypes through typeof [1].entries 0ms
     ✓ does not expose host prototypes through typeof 1..valueOf 0ms
     ✓ reads own custom properties but not inherited properties from host arrays 0ms
     ✓ resolves only array and string indices plus length outside method tables 0ms
     ✓ reports unsupported member calls for [1].shuffle() 0ms
     ✓ reports unsupported member calls for "value".shuffle() 0ms
     ✓ reports unsupported member calls for 1..shuffle() 0ms
     ✓ throws TypeError for non-function calls (1)() 0ms
     ✓ throws TypeError for non-function calls null() 0ms
     ✓ throws TypeError for non-function calls undefined() 0ms
     ✓ applies arrow parameter defaults only for undefined arguments 0ms
     ✓ binds destructured parameters in sync arrow 1ms
     ✓ binds destructured parameters in async arrow 4ms
     ✓ binds destructured parameters in function expression 2ms
     ✓ binds destructured parameters in function declaration 2ms
     ✓ evaluates parameter defaults against earlier parameters 0ms
     ✓ binds parameters as reassignable let bindings 0ms
     ✓ ignores extra call arguments after evaluating them 0ms
     ✓ binds missing call arguments as undefined and fires defaults for missing parameters 0ms
     ✓ evaluates arrows that return themselves through another arrow 1ms
     ✓ evaluates top-level this inside arrows as undefined 0ms
     ✓ deep-copies sandbox-only call arguments before invoking host functions 3ms
     ✓ returns subset RangeError values for intercepted number methods with out-of-range arguments 1ms
     ✓ re-enters callback closures under the same budget for intercepted array methods 0ms
     ✓ evaluates Math globals including deterministic random when seeded 3ms
     ✓ returns a subset Promise when calling an async arrow 2ms
     ✓ supports top-level await and reports each await as a yield point 1ms
     ✓ treats await on plain values as a yield point and returns the original value 0ms
     ✓ returns subset Promises from async arrow block bodies and lets await unwrap them 1ms
     ✓ throws the rejection reason when awaiting a rejected subset Promise 1ms
     ✓ catches subset errors thrown from host closures 3ms
     ✓ binds destructured catch parameters 0ms
     ✓ evaluates destructuring assignment expressions 1ms
     ✓ returns the right-hand value from destructuring assignments 0ms
     ✓ assigns destructured values to member targets 2ms
     ✓ keeps unparenthesized object assignment invalid in statement position 0ms
     ✓ rejects uncaught host errors as subset sandbox values 1ms
     ✓ catches host promise rejections from sync closures as subset sandbox errors 3ms
     ✓ does not treat inherited interpreter fields on host rejections as internal errors 1ms
     ✓ runs finally after normal try completion without replacing the following return value 1ms
     ✓ preserves a normal try completion value while running finally 0ms
     ✓ runs finally when try throws and rethrows the original error 0ms
     ✓ runs finally when try returns and preserves the try return value 0ms
     ✓ runs finally before a return exits an enclosing while loop 0ms
     ✓ lets a return from finally override a return from try 0ms
     ✓ lets a throw from finally override a throw from try 0ms
     ✓ lets catch rethrow to an outer try 0ms
     ✓ runs finally before propagating break from try inside for...of 1ms
     ✓ runs finally before propagating continue from try inside for...of 1ms
     ✓ rejects try without catch or finally while parsing 0ms
     ✓ rejects try statements with more than one catch clause while parsing 0ms
     ✓ evaluates for...of over sandbox arrays 1ms
     ✓ evaluates for...of over strings by code point 1ms
     ✓ supports empty strings and assignment targets in for...of 1ms
     ✓ binds destructuring declarations in for...of heads 5ms
     ✓ binds nested defaults and rest values in for...of heads 1ms
     ✓ skips for...of bodies for empty arrays 0ms
     ✓ consumes break completions inside for...of 1ms
     ✓ exits for...of loops at the matching break 1ms
     ✓ consumes continue completions inside for...of 2ms
     ✓ continues for...of loops without running the rest of the body 1ms
     ✓ propagates throws from inside for...of bodies 0ms
     ✓ lets catch handle throws from inside for...of bodies 1ms
     ✓ propagates iterator next throws after yielding earlier for...of values 1ms
     ✓ returns from the enclosing arrow inside for...of bodies 0ms
     ✓ calls iterator return when return exits a for...of loop 0ms
     ✓ visits array elements pushed before a for...of iterator advances 1ms
     ✓ iterates own enumerable string keys with for...in ordering 1ms
     ✓ iterates supported for...in keys for [ 'a', undefined, 'c' ] 1ms
     ✓ iterates supported for...in keys for 'abc' 1ms
     ✓ iterates supported for...in keys for null 0ms
     ✓ iterates supported for...in keys for undefined 1ms
     ✓ iterates supported for...in keys for Map{ 'key' => 1 } 0ms
     ✓ iterates supported for...in keys for Set{ 1 } 0ms
     ✓ iterates supported for...in keys for /x/ 0ms
     ✓ iterates supported for...in keys for [Function value] 0ms
     ✓ skips array holes and length 1ms
     ✓ iterates present array indices and enumerable named properties 1ms
     ✓ does not iterate custom properties on unsupported for...in values 0ms
     ✓ does not iterate custom properties on unsupported for...in values 0ms
     ✓ does not iterate custom properties on unsupported for...in values 0ms
     ✓ does not iterate custom properties on unsupported for...in values 0ms
     ✓ snapshots for...in keys, skips deleted keys, and ignores added keys 1ms
     ✓ hoists var for...in heads to the function boundary 0ms
     ✓ assigns bare identifier for...in heads 0ms
     ✓ throws a TypeError-shaped sandbox error for for...of over null 0ms
     ✓ throws a TypeError-shaped sandbox error for for...of over undefined 0ms
     ✓ caps million-element for...of iteration through the step budget  871ms
     ✓ evaluates for loops with init, test, update, and body 1ms
     ✓ evaluates comma expressions in for loop updates 1ms
     ✓ deletes properties from sandbox objects 0ms
     ✓ continues for loops without a test until break exits 0ms
     ✓ evaluates for loops without an init 1ms
     ✓ evaluates for loops without an update 2ms
     ✓ evaluates for loops with no init, test, or update 0ms
     ✓ consumes break completions inside for bodies 0ms
     ✓ consumes continue completions inside for bodies and still evaluates the update 1ms
     ✓ exits an outer for loop with a labeled break from a nested loop 1ms
     ✓ continues an outer for loop with a labeled continue from a nested loop 1ms
     ✓ rejects duplicate active loop labels like native JavaScript 1ms
     ✓ allows any distinct adjacent label to target the same loop 1ms
     ✓ continues a loop through any distinct adjacent label on that loop 1ms
     ✓ rejects an out-of-scope labeled break while parsing like native JavaScript 1ms
     ✓ keeps unlabeled break scoped to the inner loop 1ms
     ✓ preserves a labeled break across try/finally 1ms
     ✓ preserves a labeled break across return-and-rethrow finally handling 1ms
     ✓ propagates throws from inside for bodies 0ms
     ✓ scopes variables declared in for init to the loop 1ms
     ✓ caps infinite for loops through the step budget 0ms
     ✓ evaluates while loops by re-checking the test expression each iteration 1ms
     ✓ skips while bodies when the initial test is false 0ms
     ✓ consumes break completions inside while bodies 0ms
     ✓ consumes continue completions inside while bodies 1ms
     ✓ returns from the enclosing arrow inside while bodies 0ms
     ✓ propagates throws from inside while bodies 0ms
     ✓ caps infinite while loops through the step budget 1ms
     ✓ runs do/while bodies once before a false test 0ms
     ✓ evaluates do/while counter loops by testing after each body run 1ms
     ✓ consumes break completions inside do/while bodies 0ms
     ✓ runs the do/while test after continue completions 1ms
     ✓ returns from the enclosing arrow inside do/while bodies 1ms
     ✓ propagates throws from inside do/while bodies 0ms
     ✓ caps infinite do/while loops through the step budget 1ms
     ✓ charges the step budget during do/while iterations 1ms
     ✓ coerces while (1) tests with JavaScript truthiness 0ms
     ✓ coerces while (0) tests with JavaScript truthiness 0ms
     ✓ coerces while ("") tests with JavaScript truthiness 0ms
     ✓ binds catch parameters in a dedicated catch scope 0ms
     ✓ preserves an own __proto__ key in catch object rest bindings 0ms
     ✓ evaluates a truthy if consequent return 0ms
     ✓ skips a falsy if consequent and continues 0ms
     ✓ keeps return statements after if reachable when cond is true 0ms
     ✓ keeps return statements after if reachable when cond is false 0ms
     ✓ evaluates if tests through binary expressions for x=1 0ms
     ✓ evaluates if tests through binary expressions for x=2 0ms
     ✓ evaluates an else block when the if test is falsy 0ms
     ✓ returns the first truthy branch in an else-if chain 0ms
     ✓ returns the second branch in an else-if chain when the first branch is falsy 0ms
     ✓ returns the else branch in an else-if chain when all tests are falsy 0ms
     ✓ surfaces a nested if result from inside an if block 0ms
     ✓ exits the enclosing arrow when returning inside an if block 0ms
     ✓ propagates throws from inside an if block 0ms
     ✓ returns no value for a falsy if without an alternate 0ms
     ✓ treats if (0) as falsy 1ms
     ✓ treats if ("") as falsy 0ms
     ✓ treats if (null) as falsy 0ms
     ✓ treats if (undefined) as falsy 0ms
     ✓ treats if (1) as truthy 0ms
     ✓ treats if ("x") as truthy 0ms
     ✓ treats if ({}) as truthy 0ms
     ✓ treats if ([]) as truthy 0ms
     ✓ does not charge budget for a skipped if branch 0ms
     ✓ hoists initialized function declarations within their block 1ms
     ✓ evaluates a standalone function declaration as an initialized binding 1ms
     ✓ supports recursive function declarations 1ms
     ✓ keeps function declarations scoped to their enclosing block 0ms
     ✓ supports defaults and rest parameters in function declarations 1ms
     ✓ executes async function declarations through closure machinery 1ms
     ✓ rejects function and variable redeclarations in one block 0ms
     ✓ hoists var without a temporal dead zone and escapes blocks 0ms
     ✓ stops var hoisting at nested function boundaries 0ms
     ✓ hoists var from unexecuted catch bodies without a temporal dead zone 0ms
     ✓ allows var initializers to reuse a catch parameter binding 0ms
     ✓ uses one function-scoped binding for for-var closures 1ms
     ✓ allows var redeclaration and rejects same-frame lexical collisions 1ms
     ✓ matches switch cases strictly and falls through 1ms
     ✓ uses default only after every case misses 1ms
     ✓ shares one lexical scope across unbraced switch cases 1ms
     ✓ routes break and continue through nested switches and loops 1ms
FAIL packages/safe-js/src/interp/interpreter.test.ts > interpret > evaluates regex literal separators for intercepted string methods
AssertionError: expected { ok: true, …(3) } to match object { ok: true, returnValue: [ 'a', 'a' ] }
(4 matching properties omitted from actual)

- Expected
+ Received

  {
    "ok": true,
    "returnValue": [
-     "a",
-     "a",
+     "abba",
    ],
  }

 ❯ packages/safe-js/src/interp/interpreter.test.ts:1872:5
    1870|         }
    1871|       })
    1872|     ).resolves.toMatchObject({ ok: true, returnValue: ["a", "a"] });
       |     ^
    1873|   });
    1874|

 ✓ packages/safe-js/src/interp/globals/array-from.test.ts (61 tests) 1702ms
 ✓ packages/safe-js/src/interp/array-length-coercion.test.ts (8 tests) 477ms

⎯⎯⎯⎯⎯⎯⎯ Failed Tests 1 ⎯⎯⎯⎯⎯⎯⎯

 FAIL  packages/safe-js/src/interp/interpreter.test.ts > interpret > evaluates regex literal separators for intercepted string methods
AssertionError: expected { ok: true, …(3) } to match object { ok: true, returnValue: [ 'a', 'a' ] }
(4 matching properties omitted from actual)

- Expected
+ Received

  {
    "ok": true,
    "returnValue": [
-     "a",
-     "a",
+     "abba",
    ],
  }

 ❯ packages/safe-js/src/interp/interpreter.test.ts:1872:5
    1870|         }
    1871|       })
    1872|     ).resolves.toMatchObject({ ok: true, returnValue: ["a", "a"] });
       |     ^
    1873|   });
    1874|

⎯⎯⎯⎯⎯⎯⎯⎯⎯⎯⎯⎯⎯⎯⎯⎯⎯⎯⎯⎯⎯⎯⎯⎯[1/1]⎯


 Test Files  1 failed | 2 passed (3)
      Tests  1 failed | 545 passed (546)
   Start at  17:56:50
   Duration  4.71s (transform 3.16s, setup 97ms, import 4.57s, tests 3.72s, environment 0ms)

